[0.035s][info][gc,init] Regions: 64 x 256K
[0.036s][info][gc,init] Humongous object threshold: 256K
[0.036s][info][gc,init] Max TLAB size: 256K
[0.036s][info][gc,init] GC threads: 24 parallel, 12 concurrent
[0.036s][info][gc     ] Heuristics ergonomically sets -XX:+ExplicitGCInvokesConcurrent
[0.036s][info][gc     ] Heuristics ergonomically sets -XX:+ShenandoahImplicitGCInvokesConcurrent
[0.036s][info][gc,init] Shenandoah GC mode: Snapshot-At-The-Beginning (SATB)
[0.036s][info][gc,init] Shenandoah heuristics: Adaptive
[0.040s][info][gc,ergo] Pacer for Idle. Initial: 327K, Alloc Tax Rate: 1.0x
[0.040s][info][gc,init] Initialize Shenandoah heap: 2048K initial, 2048K min, 16384K max
[0.040s][info][gc,init] Safepointing mechanism: global-page poll
[0.040s][info][gc     ] Using Shenandoah
[0.040s][info][gc,heap,coops] Heap address: 0x00000000ff000000, size: 16 MB, Compressed Oops mode: 32-bit
[0.091s][info][gc,init      ] Reference processing: parallel discovery, parallel processing
