[0.031s][info][gc,init] Regions: 64 x 256K
[0.031s][info][gc,init] Humongous object threshold: 256K
[0.031s][info][gc,init] Max TLAB size: 256K
[0.032s][info][gc,init] GC threads: 24 parallel, 12 concurrent
[0.032s][info][gc     ] Heuristics ergonomically sets -XX:+ExplicitGCInvokesConcurrent
[0.032s][info][gc     ] Heuristics ergonomically sets -XX:+ShenandoahImplicitGCInvokesConcurrent
[0.032s][info][gc,init] Shenandoah GC mode: Snapshot-At-The-Beginning (SATB)
[0.032s][info][gc,init] Shenandoah heuristics: Adaptive
[0.035s][info][gc,ergo] Pacer for Idle. Initial: 327K, Alloc Tax Rate: 1.0x
[0.035s][info][gc,init] Initialize Shenandoah heap: 2048K initial, 2048K min, 16384K max
[0.035s][info][gc,init] Safepointing mechanism: global-page poll
[0.035s][info][gc     ] Using Shenandoah
[0.035s][info][gc,heap,coops] Heap address: 0x00000000ff000000, size: 16 MB, Compressed Oops mode: 32-bit
[0.082s][info][gc,init      ] Reference processing: parallel discovery, parallel processing
[0.322s][info][gc           ] Trigger: Learning 1 of 5. Free (11264K) is below initial threshold (11468K)
[0.322s][info][gc,ergo      ] Free: 11264K, Max: 256K regular, 11264K humongous, Frag: 0% external, 0% internal; Reserve: 1024K, Max: 256K
[0.322s][info][gc,start     ] GC(0) Concurrent reset
[0.324s][info][gc,task      ] GC(0) Using 7 of 24 workers for concurrent reset
[0.324s][info][gc,ergo      ] GC(0) Pacer for Reset. Non-Taxable: 16384K
[0.324s][info][gc           ] GC(0) Concurrent reset 1.352ms
[0.324s][info][gc,start     ] GC(0) Pause Init Mark (process weakrefs)
[0.325s][info][gc,task      ] GC(0) Using 13 of 24 workers for init marking
[0.328s][info][gc,ergo      ] GC(0) Pacer for Mark. Expected Live: 1638K, Free: 11264K, Non-Taxable: 1126K, Alloc Tax Rate: 0.2x
[0.328s][info][gc           ] GC(0) Pause Init Mark (process weakrefs) 3.703ms
[0.328s][info][gc,start     ] GC(0) Concurrent marking (process weakrefs)
[0.328s][info][gc,task      ] GC(0) Using 7 of 24 workers for concurrent marking
[0.331s][info][gc           ] GC(0) Concurrent marking (process weakrefs) 3.079ms
[0.331s][info][gc,start     ] GC(0) Concurrent precleaning
[0.331s][info][gc,task      ] GC(0) Using 1 of 24 workers for concurrent preclean
[0.331s][info][gc,ergo      ] GC(0) Pacer for Precleaning. Non-Taxable: 16384K
[0.332s][info][gc           ] GC(0) Concurrent precleaning 0.564ms
[0.332s][info][gc,start     ] GC(0) Pause Final Mark (process weakrefs)
[0.332s][info][gc,task      ] GC(0) Using 13 of 24 workers for final marking
[0.333s][info][gc,ergo      ] GC(0) Adaptive CSet Selection. Target Free: 2321K, Actual Free: 12032K, Max CSet: 682K, Min Garbage: 0B
[0.333s][info][gc,ergo      ] GC(0) Collectable Garbage: 3285K (99%), Immediate: 0B (0%), CSet: 3285K (99%)
[0.334s][info][gc,ergo      ] GC(0) Pacer for Evacuation. Used CSet: 3840K, Free: 11008K, Non-Taxable: 1100K, Alloc Tax Rate: 1.1x
[0.334s][info][gc           ] GC(0) Pause Final Mark (process weakrefs) 2.191ms
[0.334s][info][gc,start     ] GC(0) Concurrent cleanup
[0.334s][info][gc           ] GC(0) Concurrent cleanup 4M->4M(4M) 0.035ms
[0.334s][info][gc,ergo      ] GC(0) Free: 11008K, Max: 256K regular, 11008K humongous, Frag: 0% external, 0% internal; Reserve: 900K, Max: 256K
[0.334s][info][gc,start     ] GC(0) Concurrent evacuation
[0.334s][info][gc,task      ] GC(0) Using 7 of 24 workers for concurrent evacuation
[0.337s][info][gc           ] GC(0) Concurrent evacuation 2.792ms
[0.337s][info][gc,start     ] GC(0) Pause Init Update Refs
[0.337s][info][gc,ergo      ] GC(0) Pacer for Update Refs. Used: 5428K, Free: 10752K, Non-Taxable: 1075K, Alloc Tax Rate: 1.1x
[0.337s][info][gc           ] GC(0) Pause Init Update Refs 0.112ms
[0.337s][info][gc,start     ] GC(0) Concurrent update references
[0.337s][info][gc,task      ] GC(0) Using 7 of 24 workers for concurrent reference update
[0.342s][info][gc           ] GC(0) Concurrent update references 4.578ms
[0.342s][info][gc,start     ] GC(0) Pause Final Update Refs
[0.342s][info][gc,task      ] GC(0) Using 13 of 24 workers for final reference update
[0.343s][info][gc           ] GC(0) Pause Final Update Refs 0.707ms
[0.343s][info][gc,start     ] GC(0) Concurrent cleanup
[0.343s][info][gc           ] GC(0) Concurrent cleanup 5M->1M(5M) 0.493ms
[0.343s][info][gc           ] GC(0) Dat log --- cycle is complete
Current gc epoch: 0
heap: ______
capacity: 5767168
used: 1626880
committed: 5767168
bytes_allocated_since_gc_start: 524288
hot_size: 33193
cold_size: 37781
num_regions: 64
hot_region_count: 2
cold_region_count: 2
histogram: Placeholder

[0.344s][info][gc           ] GC(0) Obj count ac histogram
[0.344s][info][gc           ] GC(0) 	0: 4942
[0.344s][info][gc           ] GC(0) 	1: 0
[0.344s][info][gc           ] GC(0) 	2: 0
[0.344s][info][gc           ] GC(0) 	3: 0
[0.344s][info][gc           ] GC(0) 	4: 0
[0.344s][info][gc           ] GC(0) 	5: 0
[0.344s][info][gc           ] GC(0) 	6: 0
[0.344s][info][gc           ] GC(0) 	7: 0
[0.344s][info][gc           ] GC(0) 	8: 0
[0.344s][info][gc           ] GC(0) 	9: 0
[0.344s][info][gc           ] GC(0) 	10: 0
[0.344s][info][gc           ] GC(0) 	11: 0
[0.344s][info][gc           ] GC(0) 	12: 0
[0.344s][info][gc           ] GC(0) 	13: 0
[0.344s][info][gc           ] GC(0) 	14: 3314
[0.344s][info][gc           ] GC(0) 	15: 6
[0.344s][info][gc           ] GC(0) 	16: 0
[0.344s][info][gc           ] GC(0) 	17: 0
[0.344s][info][gc           ] GC(0) 	18: 0
[0.344s][info][gc           ] GC(0) 	19: 0
[0.344s][info][gc           ] GC(0) Obj size ac histogram
[0.344s][info][gc           ] GC(0) 	0: 30095
[0.344s][info][gc           ] GC(0) 	1: 0
[0.344s][info][gc           ] GC(0) 	2: 0
[0.344s][info][gc           ] GC(0) 	3: 0
[0.344s][info][gc           ] GC(0) 	4: 0
[0.344s][info][gc           ] GC(0) 	5: 0
[0.344s][info][gc           ] GC(0) 	6: 0
[0.344s][info][gc           ] GC(0) 	7: 0
[0.344s][info][gc           ] GC(0) 	8: 0
[0.344s][info][gc           ] GC(0) 	9: 0
[0.344s][info][gc           ] GC(0) 	10: 0
[0.344s][info][gc           ] GC(0) 	11: 0
[0.344s][info][gc           ] GC(0) 	12: 0
[0.344s][info][gc           ] GC(0) 	13: 0
[0.344s][info][gc           ] GC(0) 	14: 30504
[0.344s][info][gc           ] GC(0) 	15: 42
[0.344s][info][gc           ] GC(0) 	16: 0
[0.344s][info][gc           ] GC(0) 	17: 0
[0.344s][info][gc           ] GC(0) 	18: 0
[0.344s][info][gc           ] GC(0) 	19: 0
[0.344s][info][gc,ergo      ] Free: 13771K, Max: 256K regular, 9728K humongous, Frag: 29% external, 2% internal; Reserve: 1024K, Max: 256K
[0.344s][info][gc,stats     ] 
[0.344s][info][gc,stats     ] All times are wall-clock times, except per-root-class counters, that are sum over
[0.344s][info][gc,stats     ] all workers. Dividing the <total> over the root stage time estimates parallelism.
[0.344s][info][gc,stats     ] 
[0.344s][info][gc,stats     ] Concurrent Reset                   1332 us
[0.344s][info][gc,stats     ] Pause Init Mark (G)                4031 us
[0.344s][info][gc,stats     ] Pause Init Mark (N)                3652 us
[0.344s][info][gc,stats     ]   Accumulate Stats                    5 us
[0.344s][info][gc,stats     ]   Make Parsable                      74 us
[0.344s][info][gc,stats     ]   Update Region States                1 us
[0.344s][info][gc,stats     ]   Scan Roots                       2332 us, parallelism: 1.87x
[0.344s][info][gc,stats     ]     S: <total>                     4360 us
[0.344s][info][gc,stats     ]     S: Thread Roots                3056 us, workers (us):   1, 292,   2,   2,   2,   1,   1,   2,   2, 2219, 242, 267,  24, ---, ---, ---, ---, ---, ---, ---, ---, ---, ---, ---, 
[0.344s][info][gc,stats     ]     S: Universe Roots                88 us, workers (us):  88, ---, ---, ---, ---, ---, ---, ---, ---, ---, ---, ---, ---, ---, ---, ---, ---, ---, ---, ---, ---, ---, ---, ---, 
[0.344s][info][gc,stats     ]     S: JNI Handles Roots             40 us, workers (us): ---,  40, ---, ---, ---, ---, ---, ---, ---, ---, ---, ---, ---, ---, ---, ---, ---, ---, ---, ---, ---, ---, ---, ---, 
[0.344s][info][gc,stats     ]     S: Synchronizer Roots             1 us, workers (us): ---,   1, ---, ---, ---, ---, ---, ---, ---, ---, ---, ---, ---, ---, ---, ---, ---, ---, ---, ---, ---, ---, ---, ---, 
[0.344s][info][gc,stats     ]     S: Management Roots               3 us, workers (us): ---,   3, ---, ---, ---, ---, ---, ---, ---, ---, ---, ---, ---, ---, ---, ---, ---, ---, ---, ---, ---, ---, ---, ---, 
[0.344s][info][gc,stats     ]     S: System Dict Roots            108 us, workers (us): ---, ---, 108, ---, ---, ---, ---, ---, ---, ---, ---, ---, ---, ---, ---, ---, ---, ---, ---, ---, ---, ---, ---, ---, 
[0.344s][info][gc,stats     ]     S: CLDG Roots                  1064 us, workers (us): ---, ---, ---, 102,  94, 634,  88,  76,  71, ---, ---, ---, ---, ---, ---, ---, ---, ---, ---, ---, ---, ---, ---, ---, 
[0.344s][info][gc,stats     ]     S: JVMTI Roots                    1 us, workers (us): ---,   1, ---, ---, ---, ---, ---, ---, ---, ---, ---, ---, ---, ---, ---, ---, ---, ---, ---, ---, ---, ---, ---, ---, 
[0.344s][info][gc,stats     ]   Resize TLABs                        5 us
[0.344s][info][gc,stats     ] Concurrent Marking                 3033 us
[0.344s][info][gc,stats     ] Concurrent Precleaning              545 us
[0.344s][info][gc,stats     ] Pause Final Mark (G)               2391 us
[0.344s][info][gc,stats     ] Pause Final Mark (N)               2161 us
[0.344s][info][gc,stats     ]   Finish Queues                     370 us
[0.344s][info][gc,stats     ]   Weak References                   445 us
[0.344s][info][gc,stats     ]     Process                         428 us
[0.344s][info][gc,stats     ]   System Purge                       68 us
[0.344s][info][gc,stats     ]     Weak Roots                       67 us
[0.344s][info][gc,stats     ]   Update Region States                4 us
[0.344s][info][gc,stats     ]   Retire TLABs                       35 us
[0.344s][info][gc,stats     ]   Choose Collection Set              62 us
[0.344s][info][gc,stats     ]   Rebuild Free Set                    6 us
[0.344s][info][gc,stats     ]   Initial Evacuation               1150 us, parallelism: 2.16x
[0.344s][info][gc,stats     ]     E: <total>                     2484 us
[0.344s][info][gc,stats     ]     E: Thread Roots                 964 us, workers (us):  28, 880,   1,   1,   1,   1,   1,   1,   1,   1,   1,  26,  22, ---, ---, ---, ---, ---, ---, ---, ---, ---, ---, ---, 
[0.344s][info][gc,stats     ]     E: Code Cache Roots               7 us, workers (us):   1,   1,   0,   0,   0,   0,   0,   1,   1,   0,   0,   1,   1, ---, ---, ---, ---, ---, ---, ---, ---, ---, ---, ---, 
[0.344s][info][gc,stats     ]     E: Universe Roots                77 us, workers (us):  77, ---, ---, ---, ---, ---, ---, ---, ---, ---, ---, ---, ---, ---, ---, ---, ---, ---, ---, ---, ---, ---, ---, ---, 
[0.344s][info][gc,stats     ]     E: JNI Handles Roots              2 us, workers (us): ---, ---, ---,   2, ---, ---, ---, ---, ---, ---, ---, ---, ---, ---, ---, ---, ---, ---, ---, ---, ---, ---, ---, ---, 
[0.344s][info][gc,stats     ]     E: Synchronizer Roots             1 us, workers (us): ---,   1, ---, ---, ---, ---, ---, ---, ---, ---, ---, ---, ---, ---, ---, ---, ---, ---, ---, ---, ---, ---, ---, ---, 
[0.344s][info][gc,stats     ]     E: Management Roots               3 us, workers (us): ---,   3, ---, ---, ---, ---, ---, ---, ---, ---, ---, ---, ---, ---, ---, ---, ---, ---, ---, ---, ---, ---, ---, ---, 
[0.344s][info][gc,stats     ]     E: System Dict Roots            184 us, workers (us): ---, 184, ---, ---, ---, ---, ---, ---, ---, ---, ---, ---, ---, ---, ---, ---, ---, ---, ---, ---, ---, ---, ---, ---, 
[0.344s][info][gc,stats     ]     E: CLDG Roots                  1246 us, workers (us): 127,  11, ---, ---, ---, ---, ---, ---, ---, ---, 800, 155, 152, ---, ---, ---, ---, ---, ---, ---, ---, ---, ---, ---, 
[0.344s][info][gc,stats     ]     E: JVMTI Roots                    1 us, workers (us): ---, ---,   1, ---, ---, ---, ---, ---, ---, ---, ---, ---, ---, ---, ---, ---, ---, ---, ---, ---, ---, ---, ---, ---, 
[0.344s][info][gc,stats     ] Concurrent Cleanup                    6 us
[0.345s][info][gc,stats     ] Concurrent Evacuation              2774 us
[0.345s][info][gc,stats     ] Pause Init  Update Refs (G)         446 us
[0.345s][info][gc,stats     ] Pause Init  Update Refs (N)          72 us
[0.345s][info][gc,stats     ]   Retire GCLABs                      50 us
[0.345s][info][gc,stats     ] Concurrent Update Refs             4550 us
[0.345s][info][gc,stats     ] Pause Final Update Refs (G)        1079 us
[0.345s][info][gc,stats     ] Pause Final Update Refs (N)         662 us
[0.345s][info][gc,stats     ]   Update Roots                      629 us, parallelism: 1.05x
[0.345s][info][gc,stats     ]     UR: <total>                     658 us
[0.345s][info][gc,stats     ]     UR: Thread Roots                658 us, workers (us): 581,  41,  23,   6,   2,   2,   0,   0,   0,   0,   0,   0,   0, ---, ---, ---, ---, ---, ---, ---, ---, ---, ---, ---, 
[0.345s][info][gc,stats     ]   Update Region States                3 us
[0.345s][info][gc,stats     ]   Trash Collection Set                4 us
[0.345s][info][gc,stats     ]   Rebuild Free Set                    6 us
[0.345s][info][gc,stats     ] Concurrent Cleanup                  466 us
[0.345s][info][gc,stats     ] Pacing                            11188 us
[0.345s][info][gc,stats     ] 
[0.345s][info][gc,stats     ] Allocation pacing accrued:
[0.345s][info][gc,stats     ]      11 of   310 ms (  3.6%): Finalizer
[0.345s][info][gc,stats     ]      11 of   310 ms (  3.6%): <total>
[0.345s][info][gc,stats     ]       2 of   310 ms (  0.6%): <average total>
[0.345s][info][gc,stats     ]      11 of   310 ms (  3.6%): <average non-zero>
[0.345s][info][gc,stats     ] 
[0.345s][info][gc,metaspace ] Metaspace: 5271K->5315K(1056768K)
[0.345s][info][gc,ergo      ] Pacer for Idle. Initial: 327K, Alloc Tax Rate: 1.0x
[0.428s][info][gc           ] Trigger: Learning 2 of 5. Free (11467K) is below initial threshold (11468K)
[0.428s][info][gc,ergo      ] Free: 11467K, Max: 256K regular, 9728K humongous, Frag: 14% external, 2% internal; Reserve: 1024K, Max: 256K
[0.428s][info][gc,start     ] GC(1) Concurrent reset
[0.428s][info][gc,task      ] GC(1) Using 4 of 24 workers for concurrent reset
[0.428s][info][gc,ergo      ] GC(1) Pacer for Reset. Non-Taxable: 16384K
[0.428s][info][gc           ] GC(1) Concurrent reset 0.174ms
[0.428s][info][gc,start     ] GC(1) Pause Init Mark
[0.428s][info][gc,task      ] GC(1) Using 7 of 24 workers for init marking
[0.430s][info][gc,ergo      ] GC(1) Pacer for Mark. Expected Live: 788K, Free: 11467K, Non-Taxable: 1146K, Alloc Tax Rate: 0.1x
[0.430s][info][gc           ] GC(1) Pause Init Mark 2.470ms
[0.431s][info][gc,start     ] GC(1) Concurrent marking
[0.431s][info][gc,task      ] GC(1) Using 4 of 24 workers for concurrent marking
[0.437s][info][gc           ] GC(1) Concurrent marking 6.020ms
[0.437s][info][gc,start     ] GC(1) Pause Final Mark
[0.437s][info][gc,task      ] GC(1) Using 7 of 24 workers for final marking
[0.437s][info][gc,ergo      ] GC(1) Adaptive CSet Selection. Target Free: 2321K, Actual Free: 12032K, Max CSet: 682K, Min Garbage: 0B
[0.437s][info][gc,ergo      ] GC(1) Collectable Garbage: 2610K (96%), Immediate: 0B (0%), CSet: 2610K (96%)
[0.438s][info][gc,ergo      ] GC(1) Pacer for Evacuation. Used CSet: 3124K, Free: 11034K, Non-Taxable: 1103K, Alloc Tax Rate: 1.1x
[0.438s][info][gc           ] GC(1) Pause Final Mark 1.420ms
[0.438s][info][gc,start     ] GC(1) Concurrent cleanup
[0.438s][info][gc           ] GC(1) Concurrent cleanup 4M->4M(6M) 0.033ms
[0.438s][info][gc,ergo      ] GC(1) Free: 11008K, Max: 256K regular, 9728K humongous, Frag: 12% external, 0% internal; Reserve: 989K, Max: 256K
[0.438s][info][gc,start     ] GC(1) Concurrent evacuation
[0.438s][info][gc,task      ] GC(1) Using 4 of 24 workers for concurrent evacuation
[0.442s][info][gc           ] GC(1) Concurrent evacuation 3.221ms
[0.442s][info][gc,start     ] GC(1) Pause Init Update Refs
[0.442s][info][gc,ergo      ] GC(1) Pacer for Update Refs. Used: 5215K, Free: 10778K, Non-Taxable: 1077K, Alloc Tax Rate: 1.1x
[0.442s][info][gc           ] GC(1) Pause Init Update Refs 0.137ms
[0.442s][info][gc,start     ] GC(1) Concurrent update references
[0.442s][info][gc,task      ] GC(1) Using 4 of 24 workers for concurrent reference update
[0.447s][info][gc           ] GC(1) Concurrent update references 5.430ms
[0.448s][info][gc,start     ] GC(1) Pause Final Update Refs
[0.448s][info][gc,task      ] GC(1) Using 7 of 24 workers for final reference update
[0.449s][info][gc           ] GC(1) Pause Final Update Refs 0.931ms
[0.449s][info][gc,start     ] GC(1) Concurrent cleanup
[0.449s][info][gc           ] GC(1) Concurrent cleanup 5M->2M(6M) 0.658ms
[0.450s][info][gc           ] GC(1) Dat log --- cycle is complete
Current gc epoch: 1
heap: ______
capacity: 6815744
used: 2140672
committed: 6815744
bytes_allocated_since_gc_start: 497216
hot_size: 25123
cold_size: 40683
num_regions: 64
hot_region_count: 2
cold_region_count: 4
histogram: Placeholder

[0.450s][info][gc           ] GC(1) Obj count ac histogram
[0.450s][info][gc           ] GC(1) 	0: 5629
[0.450s][info][gc           ] GC(1) 	1: 0
[0.450s][info][gc           ] GC(1) 	2: 0
[0.450s][info][gc           ] GC(1) 	3: 0
[0.450s][info][gc           ] GC(1) 	4: 0
[0.450s][info][gc           ] GC(1) 	5: 0
[0.450s][info][gc           ] GC(1) 	6: 0
[0.450s][info][gc           ] GC(1) 	7: 0
[0.450s][info][gc           ] GC(1) 	8: 0
[0.450s][info][gc           ] GC(1) 	9: 0
[0.450s][info][gc           ] GC(1) 	10: 0
[0.450s][info][gc           ] GC(1) 	11: 0
[0.450s][info][gc           ] GC(1) 	12: 0
[0.450s][info][gc           ] GC(1) 	13: 1229
[0.450s][info][gc           ] GC(1) 	14: 1583
[0.450s][info][gc           ] GC(1) 	15: 0
[0.450s][info][gc           ] GC(1) 	16: 0
[0.450s][info][gc           ] GC(1) 	17: 0
[0.450s][info][gc           ] GC(1) 	18: 0
[0.450s][info][gc           ] GC(1) 	19: 0
[0.450s][info][gc           ] GC(1) Obj size ac histogram
[0.450s][info][gc           ] GC(1) 	0: 35678
[0.450s][info][gc           ] GC(1) 	1: 0
[0.450s][info][gc           ] GC(1) 	2: 0
[0.450s][info][gc           ] GC(1) 	3: 0
[0.450s][info][gc           ] GC(1) 	4: 0
[0.450s][info][gc           ] GC(1) 	5: 0
[0.450s][info][gc           ] GC(1) 	6: 0
[0.450s][info][gc           ] GC(1) 	7: 0
[0.450s][info][gc           ] GC(1) 	8: 0
[0.450s][info][gc           ] GC(1) 	9: 0
[0.450s][info][gc           ] GC(1) 	10: 0
[0.450s][info][gc           ] GC(1) 	11: 0
[0.450s][info][gc           ] GC(1) 	12: 0
[0.450s][info][gc           ] GC(1) 	13: 9661
[0.450s][info][gc           ] GC(1) 	14: 14647
[0.450s][info][gc           ] GC(1) 	15: 0
[0.450s][info][gc           ] GC(1) 	16: 0
[0.450s][info][gc           ] GC(1) 	17: 0
[0.450s][info][gc           ] GC(1) 	18: 0
[0.450s][info][gc           ] GC(1) 	19: 0
[0.450s][info][gc,ergo      ] Free: 13269K, Max: 256K regular, 10752K humongous, Frag: 18% external, 5% internal; Reserve: 1024K, Max: 256K
[0.450s][info][gc,stats     ] 
[0.450s][info][gc,stats     ] All times are wall-clock times, except per-root-class counters, that are sum over
[0.450s][info][gc,stats     ] all workers. Dividing the <total> over the root stage time estimates parallelism.
[0.450s][info][gc,stats     ] 
[0.450s][info][gc,stats     ] Concurrent Reset                    157 us
[0.450s][info][gc,stats     ] Pause Init Mark (G)                2794 us
[0.450s][info][gc,stats     ] Pause Init Mark (N)                2426 us
[0.450s][info][gc,stats     ]   Accumulate Stats                    4 us
[0.450s][info][gc,stats     ]   Make Parsable                      38 us
[0.450s][info][gc,stats     ]   Update Region States                2 us
[0.450s][info][gc,stats     ]   Scan Roots                       2288 us, parallelism: 1.23x
[0.450s][info][gc,stats     ]     S: <total>                     2815 us
[0.450s][info][gc,stats     ]     S: Thread Roots                2210 us, workers (us):  34,   1,  16, 2121,   8,  28,   2, ---, ---, ---, ---, ---, ---, ---, ---, ---, ---, ---, ---, ---, ---, ---, ---, ---, 
[0.450s][info][gc,stats     ]     S: Universe Roots                19 us, workers (us):  19, ---, ---, ---, ---, ---, ---, ---, ---, ---, ---, ---, ---, ---, ---, ---, ---, ---, ---, ---, ---, ---, ---, ---, 
[0.450s][info][gc,stats     ]     S: JNI Handles Roots              4 us, workers (us):   4, ---, ---, ---, ---, ---, ---, ---, ---, ---, ---, ---, ---, ---, ---, ---, ---, ---, ---, ---, ---, ---, ---, ---, 
[0.450s][info][gc,stats     ]     S: Synchronizer Roots             0 us, workers (us): ---,   0, ---, ---, ---, ---, ---, ---, ---, ---, ---, ---, ---, ---, ---, ---, ---, ---, ---, ---, ---, ---, ---, ---, 
[0.450s][info][gc,stats     ]     S: Management Roots               2 us, workers (us): ---,   2, ---, ---, ---, ---, ---, ---, ---, ---, ---, ---, ---, ---, ---, ---, ---, ---, ---, ---, ---, ---, ---, ---, 
[0.450s][info][gc,stats     ]     S: System Dict Roots             49 us, workers (us): ---,  49, ---, ---, ---, ---, ---, ---, ---, ---, ---, ---, ---, ---, ---, ---, ---, ---, ---, ---, ---, ---, ---, ---, 
[0.450s][info][gc,stats     ]     S: CLDG Roots                   530 us, workers (us):  54, 456,  20, ---, ---, ---, ---, ---, ---, ---, ---, ---, ---, ---, ---, ---, ---, ---, ---, ---, ---, ---, ---, ---, 
[0.450s][info][gc,stats     ]     S: JVMTI Roots                    1 us, workers (us):   1, ---, ---, ---, ---, ---, ---, ---, ---, ---, ---, ---, ---, ---, ---, ---, ---, ---, ---, ---, ---, ---, ---, ---, 
[0.450s][info][gc,stats     ]   Resize TLABs                        6 us
[0.450s][info][gc,stats     ] Concurrent Marking                 5968 us
[0.450s][info][gc,stats     ] Pause Final Mark (G)               1602 us
[0.450s][info][gc,stats     ] Pause Final Mark (N)               1378 us
[0.450s][info][gc,stats     ]   Finish Queues                     265 us
[0.450s][info][gc,stats     ]   System Purge                       81 us
[0.450s][info][gc,stats     ]     Weak Roots                       80 us
[0.450s][info][gc,stats     ]   Update Region States                4 us
[0.450s][info][gc,stats     ]   Retire TLABs                       19 us
[0.450s][info][gc,stats     ]   Choose Collection Set              57 us
[0.450s][info][gc,stats     ]   Rebuild Free Set                    6 us
[0.450s][info][gc,stats     ]   Initial Evacuation                923 us, parallelism: 1.22x
[0.450s][info][gc,stats     ]     E: <total>                     1126 us
[0.450s][info][gc,stats     ]     E: Thread Roots                 837 us, workers (us):   0,   1,   1,   4, 783,  19,  29, ---, ---, ---, ---, ---, ---, ---, ---, ---, ---, ---, ---, ---, ---, ---, ---, ---, 
[0.450s][info][gc,stats     ]     E: Code Cache Roots               3 us, workers (us):   0,   0,   1,   0,   1,   0,   1, ---, ---, ---, ---, ---, ---, ---, ---, ---, ---, ---, ---, ---, ---, ---, ---, ---, 
[0.450s][info][gc,stats     ]     E: Universe Roots                 7 us, workers (us):   7, ---, ---, ---, ---, ---, ---, ---, ---, ---, ---, ---, ---, ---, ---, ---, ---, ---, ---, ---, ---, ---, ---, ---, 
[0.450s][info][gc,stats     ]     E: JNI Handles Roots              2 us, workers (us): ---, ---, ---,   2, ---, ---, ---, ---, ---, ---, ---, ---, ---, ---, ---, ---, ---, ---, ---, ---, ---, ---, ---, ---, 
[0.451s][info][gc,stats     ]     E: Synchronizer Roots             0 us, workers (us): ---,   0, ---, ---, ---, ---, ---, ---, ---, ---, ---, ---, ---, ---, ---, ---, ---, ---, ---, ---, ---, ---, ---, ---, 
[0.451s][info][gc,stats     ]     E: Management Roots               3 us, workers (us): ---, ---,   3, ---, ---, ---, ---, ---, ---, ---, ---, ---, ---, ---, ---, ---, ---, ---, ---, ---, ---, ---, ---, ---, 
[0.451s][info][gc,stats     ]     E: System Dict Roots             43 us, workers (us): ---,  43, ---, ---, ---, ---, ---, ---, ---, ---, ---, ---, ---, ---, ---, ---, ---, ---, ---, ---, ---, ---, ---, ---, 
[0.451s][info][gc,stats     ]     E: CLDG Roots                   230 us, workers (us): ---, 144, ---,  62, ---,  24, ---, ---, ---, ---, ---, ---, ---, ---, ---, ---, ---, ---, ---, ---, ---, ---, ---, ---, 
[0.451s][info][gc,stats     ]     E: JVMTI Roots                    1 us, workers (us): ---, ---,   1, ---, ---, ---, ---, ---, ---, ---, ---, ---, ---, ---, ---, ---, ---, ---, ---, ---, ---, ---, ---, ---, 
[0.451s][info][gc,stats     ] Concurrent Cleanup                    6 us
[0.451s][info][gc,stats     ] Concurrent Evacuation              3202 us
[0.451s][info][gc,stats     ] Pause Init  Update Refs (G)         468 us
[0.451s][info][gc,stats     ] Pause Init  Update Refs (N)          94 us
[0.451s][info][gc,stats     ]   Retire GCLABs                      69 us
[0.451s][info][gc,stats     ] Concurrent Update Refs             5401 us
[0.451s][info][gc,stats     ] Pause Final Update Refs (G)        1333 us
[0.451s][info][gc,stats     ] Pause Final Update Refs (N)         887 us
[0.451s][info][gc,stats     ]   Update Roots                      849 us, parallelism: 1.02x
[0.451s][info][gc,stats     ]     UR: <total>                     862 us
[0.451s][info][gc,stats     ]     UR: Thread Roots                862 us, workers (us): 808,  39,   7,   7,   1,   1,   0, ---, ---, ---, ---, ---, ---, ---, ---, ---, ---, ---, ---, ---, ---, ---, ---, ---, 
[0.451s][info][gc,stats     ]   Update Region States                4 us
[0.451s][info][gc,stats     ]   Trash Collection Set                6 us
[0.451s][info][gc,stats     ]   Rebuild Free Set                    7 us
[0.451s][info][gc,stats     ] Concurrent Cleanup                  611 us
[0.451s][info][gc,stats     ] 
[0.451s][info][gc,stats     ] Allocation pacing accrued:
[0.451s][info][gc,stats     ]       0 of   106 ms (  0.0%): <total>
[0.451s][info][gc,stats     ]       0 of   106 ms (  0.0%): <average total>
[0.451s][info][gc,stats     ] 
[0.451s][info][gc,metaspace ] Metaspace: 5481K->5481K(1056768K)
[0.451s][info][gc,ergo      ] Pacer for Idle. Initial: 327K, Alloc Tax Rate: 1.0x
[0.536s][info][gc           ] Trigger: Learning 3 of 5. Free (11247K) is below initial threshold (11468K)
[0.536s][info][gc,ergo      ] Free: 11247K, Max: 256K regular, 10752K humongous, Frag: 3% external, 8% internal; Reserve: 1024K, Max: 256K
[0.536s][info][gc,start     ] GC(2) Concurrent reset
[0.536s][info][gc,task      ] GC(2) Using 3 of 24 workers for concurrent reset
[0.536s][info][gc,ergo      ] GC(2) Pacer for Reset. Non-Taxable: 16384K
[0.536s][info][gc           ] GC(2) Concurrent reset 0.165ms
[0.536s][info][gc,start     ] GC(2) Pause Init Mark
[0.536s][info][gc,task      ] GC(2) Using 4 of 24 workers for init marking
[0.537s][info][gc,ergo      ] GC(2) Pacer for Mark. Expected Live: 989K, Free: 11247K, Non-Taxable: 1124K, Alloc Tax Rate: 0.1x
[0.537s][info][gc           ] GC(2) Pause Init Mark 0.864ms
[0.537s][info][gc,start     ] GC(2) Concurrent marking
[0.537s][info][gc,task      ] GC(2) Using 3 of 24 workers for concurrent marking
[0.546s][info][gc           ] GC(2) Concurrent marking 8.505ms
[0.546s][info][gc,start     ] GC(2) Pause Final Mark
[0.546s][info][gc,task      ] GC(2) Using 4 of 24 workers for final marking
[0.546s][info][gc,ergo      ] GC(2) Adaptive CSet Selection. Target Free: 2321K, Actual Free: 11776K, Max CSet: 682K, Min Garbage: 0B
[0.546s][info][gc,ergo      ] GC(2) Collectable Garbage: 2437K (95%), Immediate: 0B (0%), CSet: 2437K (95%)
[0.547s][info][gc,ergo      ] GC(2) Pacer for Evacuation. Used CSet: 3114K, Free: 10786K, Non-Taxable: 1078K, Alloc Tax Rate: 1.1x
[0.547s][info][gc           ] GC(2) Pause Final Mark 1.431ms
[0.547s][info][gc,start     ] GC(2) Concurrent cleanup
[0.547s][info][gc           ] GC(2) Concurrent cleanup 4M->4M(6M) 0.034ms
[0.547s][info][gc,ergo      ] GC(2) Free: 10786K, Max: 256K regular, 10752K humongous, Frag: 0% external, 4% internal; Reserve: 985K, Max: 256K
[0.547s][info][gc,start     ] GC(2) Concurrent evacuation
[0.547s][info][gc,task      ] GC(2) Using 3 of 24 workers for concurrent evacuation
[0.553s][info][gc           ] GC(2) Concurrent evacuation 5.299ms
[0.553s][info][gc,start     ] GC(2) Pause Init Update Refs
[0.553s][info][gc,ergo      ] GC(2) Pacer for Update Refs. Used: 5521K, Free: 10530K, Non-Taxable: 1053K, Alloc Tax Rate: 1.1x
[0.553s][info][gc           ] GC(2) Pause Init Update Refs 0.105ms
[0.553s][info][gc,start     ] GC(2) Concurrent update references
[0.553s][info][gc,task      ] GC(2) Using 3 of 24 workers for concurrent reference update
[0.561s][info][gc           ] GC(2) Concurrent update references 7.581ms
[0.561s][info][gc,start     ] GC(2) Pause Final Update Refs
[0.561s][info][gc,task      ] GC(2) Using 4 of 24 workers for final reference update
[0.561s][info][gc           ] GC(2) Pause Final Update Refs 0.472ms
[0.561s][info][gc,start     ] GC(2) Concurrent cleanup
[0.562s][info][gc           ] GC(2) Concurrent cleanup 5M->2M(7M) 0.639ms
[0.562s][info][gc           ] GC(2) Dat log --- cycle is complete
Current gc epoch: 2
heap: ______
capacity: 7340032
used: 2464888
committed: 7340032
bytes_allocated_since_gc_start: 515736
hot_size: 39100
cold_size: 47508
num_regions: 64
hot_region_count: 1
cold_region_count: 6
histogram: Placeholder

[0.562s][info][gc           ] GC(2) Obj count ac histogram
[0.562s][info][gc           ] GC(2) 	0: 6422
[0.562s][info][gc           ] GC(2) 	1: 0
[0.562s][info][gc           ] GC(2) 	2: 0
[0.562s][info][gc           ] GC(2) 	3: 0
[0.562s][info][gc           ] GC(2) 	4: 0
[0.562s][info][gc           ] GC(2) 	5: 0
[0.562s][info][gc           ] GC(2) 	6: 0
[0.562s][info][gc           ] GC(2) 	7: 0
[0.562s][info][gc           ] GC(2) 	8: 0
[0.562s][info][gc           ] GC(2) 	9: 0
[0.562s][info][gc           ] GC(2) 	10: 0
[0.562s][info][gc           ] GC(2) 	11: 0
[0.562s][info][gc           ] GC(2) 	12: 0
[0.562s][info][gc           ] GC(2) 	13: 3016
[0.562s][info][gc           ] GC(2) 	14: 1655
[0.562s][info][gc           ] GC(2) 	15: 0
[0.562s][info][gc           ] GC(2) 	16: 0
[0.562s][info][gc           ] GC(2) 	17: 0
[0.562s][info][gc           ] GC(2) 	18: 0
[0.562s][info][gc           ] GC(2) 	19: 0
[0.562s][info][gc           ] GC(2) Obj size ac histogram
[0.562s][info][gc           ] GC(2) 	0: 41421
[0.562s][info][gc           ] GC(2) 	1: 0
[0.562s][info][gc           ] GC(2) 	2: 0
[0.562s][info][gc           ] GC(2) 	3: 0
[0.562s][info][gc           ] GC(2) 	4: 0
[0.562s][info][gc           ] GC(2) 	5: 0
[0.562s][info][gc           ] GC(2) 	6: 0
[0.562s][info][gc           ] GC(2) 	7: 0
[0.562s][info][gc           ] GC(2) 	8: 0
[0.562s][info][gc           ] GC(2) 	9: 0
[0.562s][info][gc           ] GC(2) 	10: 0
[0.562s][info][gc           ] GC(2) 	11: 0
[0.562s][info][gc           ] GC(2) 	12: 0
[0.562s][info][gc           ] GC(2) 	13: 25198
[0.562s][info][gc           ] GC(2) 	14: 13347
[0.562s][info][gc           ] GC(2) 	15: 0
[0.562s][info][gc           ] GC(2) 	16: 0
[0.562s][info][gc           ] GC(2) 	17: 0
[0.562s][info][gc           ] GC(2) 	18: 0
[0.562s][info][gc           ] GC(2) 	19: 0
[0.562s][info][gc,ergo      ] Free: 12952K, Max: 256K regular, 10240K humongous, Frag: 20% external, 6% internal; Reserve: 1024K, Max: 256K
[0.563s][info][gc,stats     ] 
[0.563s][info][gc,stats     ] All times are wall-clock times, except per-root-class counters, that are sum over
[0.563s][info][gc,stats     ] all workers. Dividing the <total> over the root stage time estimates parallelism.
[0.563s][info][gc,stats     ] 
[0.563s][info][gc,stats     ] Concurrent Reset                    149 us
[0.563s][info][gc,stats     ] Pause Init Mark (G)                1218 us
[0.563s][info][gc,stats     ] Pause Init Mark (N)                 821 us
[0.563s][info][gc,stats     ]   Accumulate Stats                    4 us
[0.563s][info][gc,stats     ]   Make Parsable                      37 us
[0.563s][info][gc,stats     ]   Update Region States                2 us
[0.563s][info][gc,stats     ]   Scan Roots                        704 us, parallelism: 1.77x
[0.563s][info][gc,stats     ]     S: <total>                     1250 us
[0.563s][info][gc,stats     ]     S: Thread Roots                 673 us, workers (us):   2,  29, 595,  48, ---, ---, ---, ---, ---, ---, ---, ---, ---, ---, ---, ---, ---, ---, ---, ---, ---, ---, ---, ---, 
[0.563s][info][gc,stats     ]     S: Universe Roots                18 us, workers (us):  18, ---, ---, ---, ---, ---, ---, ---, ---, ---, ---, ---, ---, ---, ---, ---, ---, ---, ---, ---, ---, ---, ---, ---, 
[0.563s][info][gc,stats     ]     S: JNI Handles Roots              3 us, workers (us):   3, ---, ---, ---, ---, ---, ---, ---, ---, ---, ---, ---, ---, ---, ---, ---, ---, ---, ---, ---, ---, ---, ---, ---, 
[0.563s][info][gc,stats     ]     S: Synchronizer Roots             1 us, workers (us): ---,   1, ---, ---, ---, ---, ---, ---, ---, ---, ---, ---, ---, ---, ---, ---, ---, ---, ---, ---, ---, ---, ---, ---, 
[0.563s][info][gc,stats     ]     S: Management Roots               2 us, workers (us): ---,   2, ---, ---, ---, ---, ---, ---, ---, ---, ---, ---, ---, ---, ---, ---, ---, ---, ---, ---, ---, ---, ---, ---, 
[0.563s][info][gc,stats     ]     S: System Dict Roots             30 us, workers (us): ---,  30, ---, ---, ---, ---, ---, ---, ---, ---, ---, ---, ---, ---, ---, ---, ---, ---, ---, ---, ---, ---, ---, ---, 
[0.563s][info][gc,stats     ]     S: CLDG Roots                   522 us, workers (us): 487,  35, ---, ---, ---, ---, ---, ---, ---, ---, ---, ---, ---, ---, ---, ---, ---, ---, ---, ---, ---, ---, ---, ---, 
[0.563s][info][gc,stats     ]     S: JVMTI Roots                    1 us, workers (us):   1, ---, ---, ---, ---, ---, ---, ---, ---, ---, ---, ---, ---, ---, ---, ---, ---, ---, ---, ---, ---, ---, ---, ---, 
[0.563s][info][gc,stats     ]   Resize TLABs                        4 us
[0.563s][info][gc,stats     ] Concurrent Marking                 8478 us
[0.563s][info][gc,stats     ] Pause Final Mark (G)               1603 us
[0.563s][info][gc,stats     ] Pause Final Mark (N)               1389 us
[0.563s][info][gc,stats     ]   Finish Queues                     178 us
[0.563s][info][gc,stats     ]   System Purge                      108 us
[0.563s][info][gc,stats     ]     Weak Roots                      107 us
[0.563s][info][gc,stats     ]   Update Region States                4 us
[0.563s][info][gc,stats     ]   Retire TLABs                       27 us
[0.563s][info][gc,stats     ]   Choose Collection Set              61 us
[0.563s][info][gc,stats     ]   Rebuild Free Set                    6 us
[0.563s][info][gc,stats     ]   Initial Evacuation                982 us, parallelism: 1.34x
[0.563s][info][gc,stats     ]     E: <total>                     1314 us
[0.563s][info][gc,stats     ]     E: Thread Roots                 869 us, workers (us):   1,  16, 823,  29, ---, ---, ---, ---, ---, ---, ---, ---, ---, ---, ---, ---, ---, ---, ---, ---, ---, ---, ---, ---, 
[0.563s][info][gc,stats     ]     E: Code Cache Roots               2 us, workers (us):   0,   0,   1,   1, ---, ---, ---, ---, ---, ---, ---, ---, ---, ---, ---, ---, ---, ---, ---, ---, ---, ---, ---, ---, 
[0.563s][info][gc,stats     ]     E: Universe Roots                 4 us, workers (us): ---,   4, ---, ---, ---, ---, ---, ---, ---, ---, ---, ---, ---, ---, ---, ---, ---, ---, ---, ---, ---, ---, ---, ---, 
[0.563s][info][gc,stats     ]     E: JNI Handles Roots              1 us, workers (us): ---,   1, ---, ---, ---, ---, ---, ---, ---, ---, ---, ---, ---, ---, ---, ---, ---, ---, ---, ---, ---, ---, ---, ---, 
[0.563s][info][gc,stats     ]     E: Synchronizer Roots             1 us, workers (us):   1, ---, ---, ---, ---, ---, ---, ---, ---, ---, ---, ---, ---, ---, ---, ---, ---, ---, ---, ---, ---, ---, ---, ---, 
[0.563s][info][gc,stats     ]     E: Management Roots               2 us, workers (us):   2, ---, ---, ---, ---, ---, ---, ---, ---, ---, ---, ---, ---, ---, ---, ---, ---, ---, ---, ---, ---, ---, ---, ---, 
[0.563s][info][gc,stats     ]     E: System Dict Roots             24 us, workers (us):  24, ---, ---, ---, ---, ---, ---, ---, ---, ---, ---, ---, ---, ---, ---, ---, ---, ---, ---, ---, ---, ---, ---, ---, 
[0.563s][info][gc,stats     ]     E: CLDG Roots                   410 us, workers (us): 353,  57, ---, ---, ---, ---, ---, ---, ---, ---, ---, ---, ---, ---, ---, ---, ---, ---, ---, ---, ---, ---, ---, ---, 
[0.563s][info][gc,stats     ]     E: JVMTI Roots                    1 us, workers (us): ---,   1, ---, ---, ---, ---, ---, ---, ---, ---, ---, ---, ---, ---, ---, ---, ---, ---, ---, ---, ---, ---, ---, ---, 
[0.563s][info][gc,stats     ] Concurrent Cleanup                    6 us
[0.563s][info][gc,stats     ] Concurrent Evacuation              5280 us
[0.563s][info][gc,stats     ] Pause Init  Update Refs (G)         423 us
[0.563s][info][gc,stats     ] Pause Init  Update Refs (N)          62 us
[0.563s][info][gc,stats     ]   Retire GCLABs                      40 us
[0.563s][info][gc,stats     ] Concurrent Update Refs             7536 us
[0.563s][info][gc,stats     ] Pause Final Update Refs (G)         690 us
[0.563s][info][gc,stats     ] Pause Final Update Refs (N)         452 us
[0.563s][info][gc,stats     ]   Update Roots                      433 us, parallelism: 1.04x
[0.563s][info][gc,stats     ]     UR: <total>                     449 us
[0.563s][info][gc,stats     ]     UR: Thread Roots                449 us, workers (us): 402,  44,   3,   0, ---, ---, ---, ---, ---, ---, ---, ---, ---, ---, ---, ---, ---, ---, ---, ---, ---, ---, ---, ---, 
[0.563s][info][gc,stats     ]   Update Region States                2 us
[0.563s][info][gc,stats     ]   Trash Collection Set                3 us
[0.563s][info][gc,stats     ]   Rebuild Free Set                    4 us
[0.563s][info][gc,stats     ] Concurrent Cleanup                  613 us
[0.563s][info][gc,stats     ] 
[0.563s][info][gc,stats     ] Allocation pacing accrued:
[0.563s][info][gc,stats     ]       0 of   113 ms (  0.0%): <total>
[0.563s][info][gc,stats     ]       0 of   113 ms (  0.0%): <average total>
[0.563s][info][gc,stats     ] 
[0.563s][info][gc,metaspace ] Metaspace: 5607K->5959K(1056768K)
[0.563s][info][gc,ergo      ] Pacer for Idle. Initial: 327K, Alloc Tax Rate: 1.0x
[0.639s][info][gc           ] Trigger: Learning 4 of 5. Free (11451K) is below initial threshold (11468K)
[0.639s][info][gc,ergo      ] Free: 11451K, Max: 256K regular, 10240K humongous, Frag: 10% external, 8% internal; Reserve: 1024K, Max: 256K
[0.639s][info][gc,start     ] GC(3) Concurrent reset
[0.639s][info][gc,task      ] GC(3) Using 2 of 24 workers for concurrent reset
[0.639s][info][gc,ergo      ] GC(3) Pacer for Reset. Non-Taxable: 16384K
[0.639s][info][gc           ] GC(3) Concurrent reset 0.144ms
[0.639s][info][gc,start     ] GC(3) Pause Init Mark
[0.639s][info][gc,task      ] GC(3) Using 3 of 24 workers for init marking
[0.640s][info][gc,ergo      ] GC(3) Pacer for Mark. Expected Live: 1177K, Free: 11451K, Non-Taxable: 1145K, Alloc Tax Rate: 0.1x
[0.640s][info][gc           ] GC(3) Pause Init Mark 0.855ms
[0.640s][info][gc,start     ] GC(3) Concurrent marking
[0.640s][info][gc,task      ] GC(3) Using 2 of 24 workers for concurrent marking
[0.654s][info][gc           ] GC(3) Concurrent marking 14.261ms
[0.654s][info][gc,start     ] GC(3) Pause Final Mark
[0.655s][info][gc,task      ] GC(3) Using 3 of 24 workers for final marking
[0.655s][info][gc,ergo      ] GC(3) Adaptive CSet Selection. Target Free: 2321K, Actual Free: 11776K, Max CSet: 682K, Min Garbage: 0B
[0.655s][info][gc,ergo      ] GC(3) Collectable Garbage: 2191K (89%), Immediate: 0B (0%), CSet: 2191K (89%)
[0.656s][info][gc,ergo      ] GC(3) Pacer for Evacuation. Used CSet: 2781K, Free: 10909K, Non-Taxable: 1090K, Alloc Tax Rate: 1.1x
[0.656s][info][gc           ] GC(3) Pause Final Mark 1.467ms
[0.656s][info][gc,start     ] GC(3) Concurrent cleanup
[0.656s][info][gc           ] GC(3) Concurrent cleanup 4M->4M(7M) 0.038ms
[0.656s][info][gc,ergo      ] GC(3) Free: 10909K, Max: 256K regular, 10240K humongous, Frag: 5% external, 3% internal; Reserve: 916K, Max: 256K
[0.656s][info][gc,start     ] GC(3) Concurrent evacuation
[0.656s][info][gc,task      ] GC(3) Using 2 of 24 workers for concurrent evacuation
[0.658s][info][gc           ] GC(3) Concurrent evacuation 2.049ms
[0.658s][info][gc,start     ] GC(3) Pause Init Update Refs
[0.658s][info][gc,ergo      ] GC(3) Pacer for Update Refs. Used: 5223K, Free: 10869K, Non-Taxable: 1086K, Alloc Tax Rate: 1.1x
[0.658s][info][gc           ] GC(3) Pause Init Update Refs 0.061ms
[0.658s][info][gc,start     ] GC(3) Concurrent update references
[0.658s][info][gc,task      ] GC(3) Using 2 of 24 workers for concurrent reference update
[0.667s][info][gc           ] GC(3) Concurrent update references 8.639ms
[0.667s][info][gc,start     ] GC(3) Pause Final Update Refs
[0.667s][info][gc,task      ] GC(3) Using 3 of 24 workers for final reference update
[0.668s][info][gc           ] GC(3) Pause Final Update Refs 0.605ms
[0.668s][info][gc,start     ] GC(3) Concurrent cleanup
[0.668s][info][gc           ] GC(3) Concurrent cleanup 5M->2M(7M) 0.405ms
[0.668s][info][gc           ] GC(3) Dat log --- cycle is complete
Current gc epoch: 3
heap: ______
capacity: 7340032
used: 2721824
committed: 7340032
bytes_allocated_since_gc_start: 781080
hot_size: 25163
cold_size: 50291
num_regions: 64
hot_region_count: 18446744073709551615
cold_region_count: 8
histogram: Placeholder

[0.668s][info][gc           ] GC(3) Obj count ac histogram
[0.668s][info][gc           ] GC(3) 	0: 6386
[0.668s][info][gc           ] GC(3) 	1: 0
[0.668s][info][gc           ] GC(3) 	2: 0
[0.668s][info][gc           ] GC(3) 	3: 0
[0.669s][info][gc           ] GC(3) 	4: 0
[0.669s][info][gc           ] GC(3) 	5: 0
[0.669s][info][gc           ] GC(3) 	6: 0
[0.669s][info][gc           ] GC(3) 	7: 0
[0.669s][info][gc           ] GC(3) 	8: 0
[0.669s][info][gc           ] GC(3) 	9: 0
[0.669s][info][gc           ] GC(3) 	10: 0
[0.669s][info][gc           ] GC(3) 	11: 0
[0.669s][info][gc           ] GC(3) 	12: 0
[0.669s][info][gc           ] GC(3) 	13: 556
[0.669s][info][gc           ] GC(3) 	14: 2321
[0.669s][info][gc           ] GC(3) 	15: 0
[0.669s][info][gc           ] GC(3) 	16: 0
[0.669s][info][gc           ] GC(3) 	17: 0
[0.669s][info][gc           ] GC(3) 	18: 0
[0.669s][info][gc           ] GC(3) 	19: 0
[0.669s][info][gc           ] GC(3) Obj size ac histogram
[0.669s][info][gc           ] GC(3) 	0: 45518
[0.669s][info][gc           ] GC(3) 	1: 0
[0.669s][info][gc           ] GC(3) 	2: 0
[0.669s][info][gc           ] GC(3) 	3: 0
[0.669s][info][gc           ] GC(3) 	4: 0
[0.669s][info][gc           ] GC(3) 	5: 0
[0.669s][info][gc           ] GC(3) 	6: 0
[0.669s][info][gc           ] GC(3) 	7: 0
[0.669s][info][gc           ] GC(3) 	8: 0
[0.669s][info][gc           ] GC(3) 	9: 0
[0.669s][info][gc           ] GC(3) 	10: 0
[0.669s][info][gc           ] GC(3) 	11: 0
[0.669s][info][gc           ] GC(3) 	12: 0
[0.669s][info][gc           ] GC(3) 	13: 4787
[0.669s][info][gc           ] GC(3) 	14: 19578
[0.669s][info][gc           ] GC(3) 	15: 0
[0.669s][info][gc           ] GC(3) 	16: 0
[0.669s][info][gc           ] GC(3) 	17: 0
[0.669s][info][gc           ] GC(3) 	18: 0
[0.669s][info][gc           ] GC(3) 	19: 0
[0.669s][info][gc,ergo      ] Free: 12701K, Max: 256K regular, 10752K humongous, Frag: 15% external, 2% internal; Reserve: 1024K, Max: 256K
[0.669s][info][gc,stats     ] 
[0.669s][info][gc,stats     ] All times are wall-clock times, except per-root-class counters, that are sum over
[0.669s][info][gc,stats     ] all workers. Dividing the <total> over the root stage time estimates parallelism.
[0.669s][info][gc,stats     ] 
[0.669s][info][gc,stats     ] Concurrent Reset                    128 us
[0.669s][info][gc,stats     ] Pause Init Mark (G)                1217 us
[0.669s][info][gc,stats     ] Pause Init Mark (N)                 825 us
[0.669s][info][gc,stats     ]   Accumulate Stats                    3 us
[0.669s][info][gc,stats     ]   Make Parsable                      24 us
[0.669s][info][gc,stats     ]   Update Region States                1 us
[0.669s][info][gc,stats     ]   Scan Roots                        734 us, parallelism: 1.71x
[0.669s][info][gc,stats     ]     S: <total>                     1254 us
[0.669s][info][gc,stats     ]     S: Thread Roots                 565 us, workers (us):   2, 515,  48, ---, ---, ---, ---, ---, ---, ---, ---, ---, ---, ---, ---, ---, ---, ---, ---, ---, ---, ---, ---, ---, 
[0.669s][info][gc,stats     ]     S: Universe Roots                24 us, workers (us):  24, ---, ---, ---, ---, ---, ---, ---, ---, ---, ---, ---, ---, ---, ---, ---, ---, ---, ---, ---, ---, ---, ---, ---, 
[0.669s][info][gc,stats     ]     S: JNI Handles Roots              3 us, workers (us):   3, ---, ---, ---, ---, ---, ---, ---, ---, ---, ---, ---, ---, ---, ---, ---, ---, ---, ---, ---, ---, ---, ---, ---, 
[0.669s][info][gc,stats     ]     S: Synchronizer Roots             0 us, workers (us):   0, ---, ---, ---, ---, ---, ---, ---, ---, ---, ---, ---, ---, ---, ---, ---, ---, ---, ---, ---, ---, ---, ---, ---, 
[0.669s][info][gc,stats     ]     S: Management Roots               2 us, workers (us):   2, ---, ---, ---, ---, ---, ---, ---, ---, ---, ---, ---, ---, ---, ---, ---, ---, ---, ---, ---, ---, ---, ---, ---, 
[0.669s][info][gc,stats     ]     S: System Dict Roots             15 us, workers (us):  15, ---, ---, ---, ---, ---, ---, ---, ---, ---, ---, ---, ---, ---, ---, ---, ---, ---, ---, ---, ---, ---, ---, ---, 
[0.669s][info][gc,stats     ]     S: CLDG Roots                   643 us, workers (us): 643, ---, ---, ---, ---, ---, ---, ---, ---, ---, ---, ---, ---, ---, ---, ---, ---, ---, ---, ---, ---, ---, ---, ---, 
[0.669s][info][gc,stats     ]     S: JVMTI Roots                    1 us, workers (us):   1, ---, ---, ---, ---, ---, ---, ---, ---, ---, ---, ---, ---, ---, ---, ---, ---, ---, ---, ---, ---, ---, ---, ---, 
[0.669s][info][gc,stats     ]   Resize TLABs                        4 us
[0.669s][info][gc,stats     ] Concurrent Marking                14237 us
[0.669s][info][gc,stats     ] Pause Final Mark (G)               1610 us
[0.669s][info][gc,stats     ] Pause Final Mark (N)               1440 us
[0.669s][info][gc,stats     ]   Finish Queues                     180 us
[0.669s][info][gc,stats     ]   System Purge                      154 us
[0.669s][info][gc,stats     ]     Weak Roots                      153 us
[0.669s][info][gc,stats     ]   Update Region States                2 us
[0.669s][info][gc,stats     ]   Retire TLABs                       26 us
[0.669s][info][gc,stats     ]   Choose Collection Set              36 us
[0.669s][info][gc,stats     ]   Rebuild Free Set                    4 us
[0.669s][info][gc,stats     ]   Initial Evacuation               1024 us, parallelism: 0.97x
[0.669s][info][gc,stats     ]     E: <total>                      998 us
[0.669s][info][gc,stats     ]     E: Thread Roots                 750 us, workers (us):  37,   0, 712, ---, ---, ---, ---, ---, ---, ---, ---, ---, ---, ---, ---, ---, ---, ---, ---, ---, ---, ---, ---, ---, 
[0.669s][info][gc,stats     ]     E: Code Cache Roots               1 us, workers (us):   0,   0,   1, ---, ---, ---, ---, ---, ---, ---, ---, ---, ---, ---, ---, ---, ---, ---, ---, ---, ---, ---, ---, ---, 
[0.669s][info][gc,stats     ]     E: Universe Roots                 5 us, workers (us):   5, ---, ---, ---, ---, ---, ---, ---, ---, ---, ---, ---, ---, ---, ---, ---, ---, ---, ---, ---, ---, ---, ---, ---, 
[0.669s][info][gc,stats     ]     E: JNI Handles Roots              2 us, workers (us): ---,   2, ---, ---, ---, ---, ---, ---, ---, ---, ---, ---, ---, ---, ---, ---, ---, ---, ---, ---, ---, ---, ---, ---, 
[0.669s][info][gc,stats     ]     E: Synchronizer Roots             1 us, workers (us): ---,   1, ---, ---, ---, ---, ---, ---, ---, ---, ---, ---, ---, ---, ---, ---, ---, ---, ---, ---, ---, ---, ---, ---, 
[0.669s][info][gc,stats     ]     E: Management Roots               2 us, workers (us): ---,   2, ---, ---, ---, ---, ---, ---, ---, ---, ---, ---, ---, ---, ---, ---, ---, ---, ---, ---, ---, ---, ---, ---, 
[0.669s][info][gc,stats     ]     E: System Dict Roots             29 us, workers (us):  29, ---, ---, ---, ---, ---, ---, ---, ---, ---, ---, ---, ---, ---, ---, ---, ---, ---, ---, ---, ---, ---, ---, ---, 
[0.669s][info][gc,stats     ]     E: CLDG Roots                   208 us, workers (us): ---, 208, ---, ---, ---, ---, ---, ---, ---, ---, ---, ---, ---, ---, ---, ---, ---, ---, ---, ---, ---, ---, ---, ---, 
[0.669s][info][gc,stats     ]     E: JVMTI Roots                    1 us, workers (us): ---,   1, ---, ---, ---, ---, ---, ---, ---, ---, ---, ---, ---, ---, ---, ---, ---, ---, ---, ---, ---, ---, ---, ---, 
[0.670s][info][gc,stats     ] Concurrent Cleanup                    6 us
[0.670s][info][gc,stats     ] Concurrent Evacuation              2030 us
[0.670s][info][gc,stats     ] Pause Init  Update Refs (G)         312 us
[0.670s][info][gc,stats     ] Pause Init  Update Refs (N)          34 us
[0.670s][info][gc,stats     ]   Retire GCLABs                      21 us
[0.670s][info][gc,stats     ] Concurrent Update Refs             8610 us
[0.670s][info][gc,stats     ] Pause Final Update Refs (G)         868 us
[0.670s][info][gc,stats     ] Pause Final Update Refs (N)         577 us
[0.670s][info][gc,stats     ]   Update Roots                      548 us, parallelism: 0.96x
[0.670s][info][gc,stats     ]     UR: <total>                     527 us
[0.670s][info][gc,stats     ]     UR: Thread Roots                527 us, workers (us): 465,  36,  25, ---, ---, ---, ---, ---, ---, ---, ---, ---, ---, ---, ---, ---, ---, ---, ---, ---, ---, ---, ---, ---, 
[0.670s][info][gc,stats     ]   Update Region States                3 us
[0.670s][info][gc,stats     ]   Trash Collection Set                4 us
[0.670s][info][gc,stats     ]   Rebuild Free Set                    7 us
[0.670s][info][gc,stats     ] Concurrent Cleanup                  379 us
[0.670s][info][gc,stats     ] 
[0.670s][info][gc,stats     ] Allocation pacing accrued:
[0.670s][info][gc,stats     ]       0 of   106 ms (  0.0%): <total>
[0.670s][info][gc,stats     ]       0 of   106 ms (  0.0%): <average total>
[0.670s][info][gc,stats     ] 
[0.670s][info][gc,metaspace ] Metaspace: 6926K->7284K(1056768K)
[0.670s][info][gc,ergo      ] Pacer for Idle. Initial: 327K, Alloc Tax Rate: 1.0x
[0.724s][info][gc           ] Trigger: Learning 5 of 5. Free (11462K) is below initial threshold (11468K)
[0.724s][info][gc,ergo      ] Free: 11462K, Max: 256K regular, 10752K humongous, Frag: 5% external, 4% internal; Reserve: 1024K, Max: 256K
[0.724s][info][gc,start     ] GC(4) Concurrent reset
[0.724s][info][gc,task      ] GC(4) Using 2 of 24 workers for concurrent reset
[0.724s][info][gc,ergo      ] GC(4) Pacer for Reset. Non-Taxable: 16384K
[0.724s][info][gc           ] GC(4) Concurrent reset 0.161ms
[0.724s][info][gc,start     ] GC(4) Pause Init Mark
[0.724s][info][gc,task      ] GC(4) Using 2 of 24 workers for init marking
[0.726s][info][gc,ergo      ] GC(4) Pacer for Mark. Expected Live: 1245K, Free: 11462K, Non-Taxable: 1146K, Alloc Tax Rate: 0.1x
[0.726s][info][gc           ] GC(4) Pause Init Mark 1.483ms
[0.726s][info][gc,start     ] GC(4) Concurrent marking
[0.726s][info][gc,task      ] GC(4) Using 2 of 24 workers for concurrent marking
[0.735s][info][gc           ] GC(4) Concurrent marking 9.310ms
[0.735s][info][gc,start     ] GC(4) Pause Final Mark
[0.735s][info][gc,task      ] GC(4) Using 2 of 24 workers for final marking
[0.736s][info][gc,ergo      ] GC(4) Adaptive CSet Selection. Target Free: 2321K, Actual Free: 12032K, Max CSet: 682K, Min Garbage: 0B
[0.736s][info][gc,ergo      ] GC(4) Collectable Garbage: 2127K (93%), Immediate: 0B (0%), CSet: 2127K (93%)
[0.737s][info][gc,ergo      ] GC(4) Pacer for Evacuation. Used CSet: 2776K, Free: 11170K, Non-Taxable: 1117K, Alloc Tax Rate: 1.1x
[0.737s][info][gc           ] GC(4) Pause Final Mark 1.986ms
[0.737s][info][gc,start     ] GC(4) Concurrent cleanup
[0.737s][info][gc           ] GC(4) Concurrent cleanup 4M->4M(7M) 0.053ms
[0.738s][info][gc,ergo      ] GC(4) Free: 11125K, Max: 256K regular, 10752K humongous, Frag: 3% external, 1% internal; Reserve: 810K, Max: 256K
[0.738s][info][gc,start     ] GC(4) Concurrent evacuation
[0.738s][info][gc,task      ] GC(4) Using 2 of 24 workers for concurrent evacuation
[0.743s][info][gc           ] GC(4) Concurrent evacuation 5.426ms
[0.743s][info][gc,start     ] GC(4) Pause Init Update Refs
[0.743s][info][gc,ergo      ] GC(4) Pacer for Update Refs. Used: 5541K, Free: 10613K, Non-Taxable: 1061K, Alloc Tax Rate: 1.1x
[0.743s][info][gc           ] GC(4) Pause Init Update Refs 0.093ms
[0.743s][info][gc,start     ] GC(4) Concurrent update references
[0.743s][info][gc,task      ] GC(4) Using 2 of 24 workers for concurrent reference update
[0.752s][info][gc           ] GC(4) Concurrent update references 8.408ms
[0.752s][info][gc,start     ] GC(4) Pause Final Update Refs
[0.752s][info][gc,task      ] GC(4) Using 2 of 24 workers for final reference update
[0.752s][info][gc           ] GC(4) Pause Final Update Refs 0.346ms
[0.752s][info][gc,start     ] GC(4) Concurrent cleanup
[0.753s][info][gc           ] GC(4) Concurrent cleanup 5M->2M(7M) 0.396ms
[0.753s][info][gc           ] GC(4) Dat log --- cycle is complete
Current gc epoch: 4
heap: ______
capacity: 7602176
used: 3093568
committed: 7602176
bytes_allocated_since_gc_start: 1089576
hot_size: 55402
cold_size: 27563
num_regions: 64
hot_region_count: 18446744073709551615
cold_region_count: 9
histogram: Placeholder

[0.753s][info][gc           ] GC(4) Obj count ac histogram
[0.753s][info][gc           ] GC(4) 	0: 4051
[0.753s][info][gc           ] GC(4) 	1: 0
[0.753s][info][gc           ] GC(4) 	2: 0
[0.753s][info][gc           ] GC(4) 	3: 0
[0.753s][info][gc           ] GC(4) 	4: 0
[0.753s][info][gc           ] GC(4) 	5: 0
[0.753s][info][gc           ] GC(4) 	6: 0
[0.753s][info][gc           ] GC(4) 	7: 0
[0.753s][info][gc           ] GC(4) 	8: 0
[0.753s][info][gc           ] GC(4) 	9: 0
[0.753s][info][gc           ] GC(4) 	10: 0
[0.753s][info][gc           ] GC(4) 	11: 0
[0.753s][info][gc           ] GC(4) 	12: 0
[0.753s][info][gc           ] GC(4) 	13: 5654
[0.753s][info][gc           ] GC(4) 	14: 1347
[0.753s][info][gc           ] GC(4) 	15: 0
[0.753s][info][gc           ] GC(4) 	16: 0
[0.753s][info][gc           ] GC(4) 	17: 0
[0.753s][info][gc           ] GC(4) 	18: 0
[0.753s][info][gc           ] GC(4) 	19: 0
[0.753s][info][gc           ] GC(4) Obj size ac histogram
[0.753s][info][gc           ] GC(4) 	0: 27238
[0.753s][info][gc           ] GC(4) 	1: 0
[0.753s][info][gc           ] GC(4) 	2: 0
[0.753s][info][gc           ] GC(4) 	3: 0
[0.753s][info][gc           ] GC(4) 	4: 0
[0.753s][info][gc           ] GC(4) 	5: 0
[0.753s][info][gc           ] GC(4) 	6: 0
[0.753s][info][gc           ] GC(4) 	7: 0
[0.753s][info][gc           ] GC(4) 	8: 0
[0.753s][info][gc           ] GC(4) 	9: 0
[0.753s][info][gc           ] GC(4) 	10: 0
[0.753s][info][gc           ] GC(4) 	11: 0
[0.753s][info][gc           ] GC(4) 	12: 0
[0.753s][info][gc           ] GC(4) 	13: 41213
[0.753s][info][gc           ] GC(4) 	14: 13235
[0.753s][info][gc           ] GC(4) 	15: 0
[0.753s][info][gc           ] GC(4) 	16: 0
[0.753s][info][gc           ] GC(4) 	17: 0
[0.753s][info][gc           ] GC(4) 	18: 0
[0.753s][info][gc           ] GC(4) 	19: 0
[0.753s][info][gc,ergo      ] Free: 12338K, Max: 256K regular, 9984K humongous, Frag: 18% external, 3% internal; Reserve: 1024K, Max: 256K
[0.753s][info][gc,stats     ] 
[0.753s][info][gc,stats     ] All times are wall-clock times, except per-root-class counters, that are sum over
[0.753s][info][gc,stats     ] all workers. Dividing the <total> over the root stage time estimates parallelism.
[0.753s][info][gc,stats     ] 
[0.753s][info][gc,stats     ] Concurrent Reset                    145 us
[0.753s][info][gc,stats     ] Pause Init Mark (G)                1841 us
[0.753s][info][gc,stats     ] Pause Init Mark (N)                1442 us
[0.753s][info][gc,stats     ]   Accumulate Stats                    4 us
[0.753s][info][gc,stats     ]   Make Parsable                      31 us
[0.753s][info][gc,stats     ]   Update Region States                2 us
[0.753s][info][gc,stats     ]   Scan Roots                       1314 us, parallelism: 1.66x
[0.753s][info][gc,stats     ]     S: <total>                     2185 us
[0.753s][info][gc,stats     ]     S: Thread Roots                 942 us, workers (us): 940,   1, ---, ---, ---, ---, ---, ---, ---, ---, ---, ---, ---, ---, ---, ---, ---, ---, ---, ---, ---, ---, ---, ---, 
[0.754s][info][gc,stats     ]     S: Universe Roots                30 us, workers (us): ---,  30, ---, ---, ---, ---, ---, ---, ---, ---, ---, ---, ---, ---, ---, ---, ---, ---, ---, ---, ---, ---, ---, ---, 
[0.754s][info][gc,stats     ]     S: JNI Handles Roots              5 us, workers (us):   5, ---, ---, ---, ---, ---, ---, ---, ---, ---, ---, ---, ---, ---, ---, ---, ---, ---, ---, ---, ---, ---, ---, ---, 
[0.754s][info][gc,stats     ]     S: Synchronizer Roots             1 us, workers (us):   1, ---, ---, ---, ---, ---, ---, ---, ---, ---, ---, ---, ---, ---, ---, ---, ---, ---, ---, ---, ---, ---, ---, ---, 
[0.754s][info][gc,stats     ]     S: Management Roots               2 us, workers (us):   2, ---, ---, ---, ---, ---, ---, ---, ---, ---, ---, ---, ---, ---, ---, ---, ---, ---, ---, ---, ---, ---, ---, ---, 
[0.754s][info][gc,stats     ]     S: System Dict Roots             27 us, workers (us):  27, ---, ---, ---, ---, ---, ---, ---, ---, ---, ---, ---, ---, ---, ---, ---, ---, ---, ---, ---, ---, ---, ---, ---, 
[0.754s][info][gc,stats     ]     S: CLDG Roots                  1178 us, workers (us): ---, 1178, ---, ---, ---, ---, ---, ---, ---, ---, ---, ---, ---, ---, ---, ---, ---, ---, ---, ---, ---, ---, ---, ---, 
[0.754s][info][gc,stats     ]     S: JVMTI Roots                    1 us, workers (us): ---,   1, ---, ---, ---, ---, ---, ---, ---, ---, ---, ---, ---, ---, ---, ---, ---, ---, ---, ---, ---, ---, ---, ---, 
[0.754s][info][gc,stats     ]   Resize TLABs                        5 us
[0.754s][info][gc,stats     ] Concurrent Marking                 9279 us
[0.754s][info][gc,stats     ] Pause Final Mark (G)               2180 us
[0.754s][info][gc,stats     ] Pause Final Mark (N)               1949 us
[0.754s][info][gc,stats     ]   Finish Queues                      98 us
[0.754s][info][gc,stats     ]   System Purge                      156 us
[0.754s][info][gc,stats     ]     Weak Roots                      155 us
[0.754s][info][gc,stats     ]   Update Region States                3 us
[0.754s][info][gc,stats     ]   Retire TLABs                       21 us
[0.754s][info][gc,stats     ]   Choose Collection Set              51 us
[0.754s][info][gc,stats     ]   Rebuild Free Set                    6 us
[0.754s][info][gc,stats     ]   Initial Evacuation               1592 us, parallelism: 1.05x
[0.754s][info][gc,stats     ]     E: <total>                     1674 us
[0.754s][info][gc,stats     ]     E: Thread Roots                 886 us, workers (us):  37, 848, ---, ---, ---, ---, ---, ---, ---, ---, ---, ---, ---, ---, ---, ---, ---, ---, ---, ---, ---, ---, ---, ---, 
[0.754s][info][gc,stats     ]     E: Code Cache Roots               1 us, workers (us):   0,   1, ---, ---, ---, ---, ---, ---, ---, ---, ---, ---, ---, ---, ---, ---, ---, ---, ---, ---, ---, ---, ---, ---, 
[0.754s][info][gc,stats     ]     E: Universe Roots                 5 us, workers (us):   5, ---, ---, ---, ---, ---, ---, ---, ---, ---, ---, ---, ---, ---, ---, ---, ---, ---, ---, ---, ---, ---, ---, ---, 
[0.754s][info][gc,stats     ]     E: JNI Handles Roots              1 us, workers (us): ---,   1, ---, ---, ---, ---, ---, ---, ---, ---, ---, ---, ---, ---, ---, ---, ---, ---, ---, ---, ---, ---, ---, ---, 
[0.754s][info][gc,stats     ]     E: Synchronizer Roots             0 us, workers (us):   0, ---, ---, ---, ---, ---, ---, ---, ---, ---, ---, ---, ---, ---, ---, ---, ---, ---, ---, ---, ---, ---, ---, ---, 
[0.754s][info][gc,stats     ]     E: Management Roots               2 us, workers (us):   2, ---, ---, ---, ---, ---, ---, ---, ---, ---, ---, ---, ---, ---, ---, ---, ---, ---, ---, ---, ---, ---, ---, ---, 
[0.754s][info][gc,stats     ]     E: System Dict Roots             26 us, workers (us):  26, ---, ---, ---, ---, ---, ---, ---, ---, ---, ---, ---, ---, ---, ---, ---, ---, ---, ---, ---, ---, ---, ---, ---, 
[0.754s][info][gc,stats     ]     E: CLDG Roots                   751 us, workers (us): 751, ---, ---, ---, ---, ---, ---, ---, ---, ---, ---, ---, ---, ---, ---, ---, ---, ---, ---, ---, ---, ---, ---, ---, 
[0.754s][info][gc,stats     ]     E: JVMTI Roots                    0 us, workers (us): ---,   0, ---, ---, ---, ---, ---, ---, ---, ---, ---, ---, ---, ---, ---, ---, ---, ---, ---, ---, ---, ---, ---, ---, 
[0.754s][info][gc,stats     ] Concurrent Cleanup                    6 us
[0.754s][info][gc,stats     ] Concurrent Evacuation              5406 us
[0.754s][info][gc,stats     ] Pause Init  Update Refs (G)         334 us
[0.754s][info][gc,stats     ] Pause Init  Update Refs (N)          63 us
[0.754s][info][gc,stats     ]   Retire GCLABs                      47 us
[0.754s][info][gc,stats     ] Concurrent Update Refs             8379 us
[0.754s][info][gc,stats     ] Pause Final Update Refs (G)         698 us
[0.754s][info][gc,stats     ] Pause Final Update Refs (N)         307 us
[0.754s][info][gc,stats     ]   Update Roots                      278 us, parallelism: 0.89x
[0.754s][info][gc,stats     ]     UR: <total>                     246 us
[0.754s][info][gc,stats     ]     UR: Thread Roots                246 us, workers (us): 197,  50, ---, ---, ---, ---, ---, ---, ---, ---, ---, ---, ---, ---, ---, ---, ---, ---, ---, ---, ---, ---, ---, ---, 
[0.754s][info][gc,stats     ]   Update Region States                2 us
[0.754s][info][gc,stats     ]   Trash Collection Set                3 us
[0.754s][info][gc,stats     ]   Rebuild Free Set                    6 us
[0.754s][info][gc,stats     ] Concurrent Cleanup                  370 us
[0.754s][info][gc,stats     ] 
[0.754s][info][gc,stats     ] Allocation pacing accrued:
[0.754s][info][gc,stats     ]       0 of    84 ms (  0.0%): <total>
[0.754s][info][gc,stats     ]       0 of    84 ms (  0.0%): <average total>
[0.754s][info][gc,stats     ] 
[0.754s][info][gc,metaspace ] Metaspace: 7798K->8078K(1056768K)
[0.754s][info][gc,ergo      ] Pacer for Idle. Initial: 327K, Alloc Tax Rate: 1.0x
[1.279s][info][gc           ] Trigger: Free (1503K) is below minimum threshold (1638K)
[1.279s][info][gc,ergo      ] Free: 1503K, Max: 256K regular, 1280K humongous, Frag: 0% external, 26% internal; Reserve: 1024K, Max: 256K
[1.279s][info][gc,start     ] GC(5) Concurrent reset
[1.279s][info][gc,task      ] GC(5) Using 2 of 24 workers for concurrent reset
[1.279s][info][gc,ergo      ] GC(5) Pacer for Reset. Non-Taxable: 16384K
[1.279s][info][gc           ] GC(5) Concurrent reset 0.259ms
[1.280s][info][gc,start     ] GC(5) Pause Init Mark (process weakrefs)
[1.280s][info][gc,task      ] GC(5) Using 2 of 24 workers for init marking
[1.283s][info][gc,ergo      ] GC(5) Pacer for Mark. Expected Live: 1318K, Free: 1503K, Non-Taxable: 150K, Alloc Tax Rate: 1.1x
[1.283s][info][gc           ] GC(5) Pause Init Mark (process weakrefs) 3.600ms
[1.283s][info][gc,start     ] GC(5) Concurrent marking (process weakrefs)
[1.283s][info][gc,task      ] GC(5) Using 2 of 24 workers for concurrent marking
[1.302s][info][gc           ] GC(5) Concurrent marking (process weakrefs) 18.779ms
[1.302s][info][gc,start     ] GC(5) Concurrent precleaning
[1.302s][info][gc,task      ] GC(5) Using 1 of 24 workers for concurrent preclean
[1.302s][info][gc,ergo      ] GC(5) Pacer for Precleaning. Non-Taxable: 16384K
[1.303s][info][gc           ] GC(5) Concurrent precleaning 0.959ms
[1.303s][info][gc,start     ] GC(5) Pause Final Mark (process weakrefs)
[1.303s][info][gc,task      ] GC(5) Using 2 of 24 workers for final marking
[1.305s][info][gc,ergo      ] GC(5) Adaptive CSet Selection. Target Free: 2321K, Actual Free: 2048K, Max CSet: 682K, Min Garbage: 273K
[1.305s][info][gc,ergo      ] GC(5) Collectable Garbage: 9087K (84%), Immediate: 0B (0%), CSet: 9087K (84%)
[1.307s][info][gc,ergo      ] GC(5) Pacer for Evacuation. Used CSet: 9723K, Free: 1304K, Non-Taxable: 130K, Alloc Tax Rate: 18.2x
[1.307s][info][gc           ] GC(5) Pause Final Mark (process weakrefs) 3.422ms
[1.307s][info][gc,start     ] GC(5) Concurrent cleanup
[1.307s][info][gc           ] GC(5) Concurrent cleanup 13M->13M(14M) 0.052ms
[1.307s][info][gc,ergo      ] GC(5) Free: 1304K, Max: 256K regular, 1024K humongous, Frag: 0% external, 43% internal; Reserve: 849K, Max: 256K
[1.307s][info][gc,start     ] GC(5) Concurrent evacuation
[1.307s][info][gc,task      ] GC(5) Using 2 of 24 workers for concurrent evacuation
[1.310s][info][gc           ] GC(5) Concurrent evacuation 3.382ms
[1.311s][info][gc,start     ] GC(5) Pause Init Update Refs
[1.311s][info][gc,ergo      ] GC(5) Pacer for Update Refs. Used: 14772K, Free: 1304K, Non-Taxable: 130K, Alloc Tax Rate: 13.8x
[1.311s][info][gc           ] GC(5) Pause Init Update Refs 0.087ms
[1.311s][info][gc,start     ] GC(5) Concurrent update references
[1.311s][info][gc,task      ] GC(5) Using 2 of 24 workers for concurrent reference update
[1.327s][info][gc           ] GC(5) Concurrent update references 15.921ms
[1.327s][info][gc,start     ] GC(5) Pause Final Update Refs
[1.327s][info][gc,task      ] GC(5) Using 2 of 24 workers for final reference update
[1.327s][info][gc           ] GC(5) Pause Final Update Refs 0.171ms
[1.327s][info][gc,start     ] GC(5) Concurrent cleanup
[1.328s][info][gc           ] GC(5) Concurrent cleanup 14M->5M(15M) 1.426ms
[1.329s][info][gc           ] GC(5) Dat log --- cycle is complete
Current gc epoch: 5
heap: ______
capacity: 15728640
used: 5522384
committed: 15728640
bytes_allocated_since_gc_start: 646656
hot_size: 57592
cold_size: 23933
num_regions: 64
hot_region_count: 1
cold_region_count: 10
histogram: Placeholder

[1.329s][info][gc           ] GC(5) Obj count ac histogram
[1.329s][info][gc           ] GC(5) 	0: 3961
[1.329s][info][gc           ] GC(5) 	1: 0
[1.329s][info][gc           ] GC(5) 	2: 0
[1.329s][info][gc           ] GC(5) 	3: 0
[1.329s][info][gc           ] GC(5) 	4: 0
[1.329s][info][gc           ] GC(5) 	5: 0
[1.329s][info][gc           ] GC(5) 	6: 0
[1.329s][info][gc           ] GC(5) 	7: 0
[1.329s][info][gc           ] GC(5) 	8: 0
[1.329s][info][gc           ] GC(5) 	9: 0
[1.329s][info][gc           ] GC(5) 	10: 0
[1.329s][info][gc           ] GC(5) 	11: 0
[1.329s][info][gc           ] GC(5) 	12: 0
[1.329s][info][gc           ] GC(5) 	13: 191
[1.329s][info][gc           ] GC(5) 	14: 6443
[1.329s][info][gc           ] GC(5) 	15: 0
[1.329s][info][gc           ] GC(5) 	16: 0
[1.329s][info][gc           ] GC(5) 	17: 0
[1.329s][info][gc           ] GC(5) 	18: 0
[1.329s][info][gc           ] GC(5) 	19: 0
[1.329s][info][gc           ] GC(5) Obj size ac histogram
[1.329s][info][gc           ] GC(5) 	0: 23062
[1.329s][info][gc           ] GC(5) 	1: 0
[1.329s][info][gc           ] GC(5) 	2: 0
[1.329s][info][gc           ] GC(5) 	3: 0
[1.329s][info][gc           ] GC(5) 	4: 0
[1.329s][info][gc           ] GC(5) 	5: 0
[1.329s][info][gc           ] GC(5) 	6: 0
[1.329s][info][gc           ] GC(5) 	7: 0
[1.329s][info][gc           ] GC(5) 	8: 0
[1.329s][info][gc           ] GC(5) 	9: 0
[1.329s][info][gc           ] GC(5) 	10: 0
[1.329s][info][gc           ] GC(5) 	11: 0
[1.329s][info][gc           ] GC(5) 	12: 0
[1.329s][info][gc           ] GC(5) 	13: 1514
[1.329s][info][gc           ] GC(5) 	14: 54652
[1.329s][info][gc           ] GC(5) 	15: 0
[1.329s][info][gc           ] GC(5) 	16: 0
[1.329s][info][gc           ] GC(5) 	17: 0
[1.329s][info][gc           ] GC(5) 	18: 0
[1.329s][info][gc           ] GC(5) 	19: 0
[1.329s][info][gc,ergo      ] Free: 9967K, Max: 256K regular, 3328K humongous, Frag: 66% external, 7% internal; Reserve: 1024K, Max: 256K
[1.329s][info][gc,stats     ] 
[1.329s][info][gc,stats     ] All times are wall-clock times, except per-root-class counters, that are sum over
[1.329s][info][gc,stats     ] all workers. Dividing the <total> over the root stage time estimates parallelism.
[1.329s][info][gc,stats     ] 
[1.329s][info][gc,stats     ] Concurrent Reset                    228 us
[1.329s][info][gc,stats     ] Pause Init Mark (G)                4205 us
[1.329s][info][gc,stats     ] Pause Init Mark (N)                3532 us
[1.329s][info][gc,stats     ]   Accumulate Stats                    5 us
[1.329s][info][gc,stats     ]   Make Parsable                      62 us
[1.329s][info][gc,stats     ]   Update Region States                2 us
[1.329s][info][gc,stats     ]   Scan Roots                       3338 us, parallelism: 1.41x
[1.329s][info][gc,stats     ]     S: <total>                     4721 us
[1.329s][info][gc,stats     ]     S: Thread Roots                3149 us, workers (us):  93, 3056, ---, ---, ---, ---, ---, ---, ---, ---, ---, ---, ---, ---, ---, ---, ---, ---, ---, ---, ---, ---, ---, ---, 
[1.329s][info][gc,stats     ]     S: Universe Roots                24 us, workers (us):  24, ---, ---, ---, ---, ---, ---, ---, ---, ---, ---, ---, ---, ---, ---, ---, ---, ---, ---, ---, ---, ---, ---, ---, 
[1.329s][info][gc,stats     ]     S: JNI Handles Roots             28 us, workers (us):  28, ---, ---, ---, ---, ---, ---, ---, ---, ---, ---, ---, ---, ---, ---, ---, ---, ---, ---, ---, ---, ---, ---, ---, 
[1.329s][info][gc,stats     ]     S: Synchronizer Roots             1 us, workers (us): ---,   1, ---, ---, ---, ---, ---, ---, ---, ---, ---, ---, ---, ---, ---, ---, ---, ---, ---, ---, ---, ---, ---, ---, 
[1.329s][info][gc,stats     ]     S: Management Roots               3 us, workers (us): ---,   3, ---, ---, ---, ---, ---, ---, ---, ---, ---, ---, ---, ---, ---, ---, ---, ---, ---, ---, ---, ---, ---, ---, 
[1.329s][info][gc,stats     ]     S: System Dict Roots             71 us, workers (us): ---,  71, ---, ---, ---, ---, ---, ---, ---, ---, ---, ---, ---, ---, ---, ---, ---, ---, ---, ---, ---, ---, ---, ---, 
[1.329s][info][gc,stats     ]     S: CLDG Roots                  1444 us, workers (us): 1444, ---, ---, ---, ---, ---, ---, ---, ---, ---, ---, ---, ---, ---, ---, ---, ---, ---, ---, ---, ---, ---, ---, ---, 
[1.329s][info][gc,stats     ]     S: JVMTI Roots                    1 us, workers (us):   1, ---, ---, ---, ---, ---, ---, ---, ---, ---, ---, ---, ---, ---, ---, ---, ---, ---, ---, ---, ---, ---, ---, ---, 
[1.329s][info][gc,stats     ]   Resize TLABs                        6 us
[1.329s][info][gc,stats     ] Concurrent Marking                18727 us
[1.329s][info][gc,stats     ] Concurrent Precleaning              940 us
[1.329s][info][gc,stats     ] Pause Final Mark (G)               3722 us
[1.329s][info][gc,stats     ] Pause Final Mark (N)               3359 us
[1.329s][info][gc,stats     ]   Finish Queues                     107 us
[1.329s][info][gc,stats     ]   Weak References                   637 us
[1.329s][info][gc,stats     ]     Process                         627 us
[1.329s][info][gc,stats     ]   System Purge                      407 us
[1.329s][info][gc,stats     ]     Weak Roots                      406 us
[1.329s][info][gc,stats     ]   Update Region States                4 us
[1.329s][info][gc,stats     ]   Retire TLABs                       40 us
[1.329s][info][gc,stats     ]   Choose Collection Set              73 us
[1.329s][info][gc,stats     ]   Rebuild Free Set                    6 us
[1.329s][info][gc,stats     ]   Initial Evacuation               2062 us, parallelism: 0.81x
[1.329s][info][gc,stats     ]     E: <total>                     1668 us
[1.329s][info][gc,stats     ]     E: Thread Roots                 513 us, workers (us):   1, 512, ---, ---, ---, ---, ---, ---, ---, ---, ---, ---, ---, ---, ---, ---, ---, ---, ---, ---, ---, ---, ---, ---, 
[1.330s][info][gc,stats     ]     E: Code Cache Roots               1 us, workers (us):   0,   1, ---, ---, ---, ---, ---, ---, ---, ---, ---, ---, ---, ---, ---, ---, ---, ---, ---, ---, ---, ---, ---, ---, 
[1.330s][info][gc,stats     ]     E: Universe Roots                 6 us, workers (us):   6, ---, ---, ---, ---, ---, ---, ---, ---, ---, ---, ---, ---, ---, ---, ---, ---, ---, ---, ---, ---, ---, ---, ---, 
[1.330s][info][gc,stats     ]     E: JNI Handles Roots              1 us, workers (us):   1, ---, ---, ---, ---, ---, ---, ---, ---, ---, ---, ---, ---, ---, ---, ---, ---, ---, ---, ---, ---, ---, ---, ---, 
[1.330s][info][gc,stats     ]     E: Synchronizer Roots             0 us, workers (us):   0, ---, ---, ---, ---, ---, ---, ---, ---, ---, ---, ---, ---, ---, ---, ---, ---, ---, ---, ---, ---, ---, ---, ---, 
[1.330s][info][gc,stats     ]     E: Management Roots               2 us, workers (us):   2, ---, ---, ---, ---, ---, ---, ---, ---, ---, ---, ---, ---, ---, ---, ---, ---, ---, ---, ---, ---, ---, ---, ---, 
[1.330s][info][gc,stats     ]     E: System Dict Roots             32 us, workers (us): ---,  32, ---, ---, ---, ---, ---, ---, ---, ---, ---, ---, ---, ---, ---, ---, ---, ---, ---, ---, ---, ---, ---, ---, 
[1.330s][info][gc,stats     ]     E: CLDG Roots                  1113 us, workers (us): 1113, ---, ---, ---, ---, ---, ---, ---, ---, ---, ---, ---, ---, ---, ---, ---, ---, ---, ---, ---, ---, ---, ---, ---, 
[1.330s][info][gc,stats     ]     E: JVMTI Roots                    1 us, workers (us):   1, ---, ---, ---, ---, ---, ---, ---, ---, ---, ---, ---, ---, ---, ---, ---, ---, ---, ---, ---, ---, ---, ---, ---, 
[1.330s][info][gc,stats     ] Concurrent Cleanup                    6 us
[1.330s][info][gc,stats     ] Concurrent Evacuation              3363 us
[1.330s][info][gc,stats     ] Pause Init  Update Refs (G)         361 us
[1.330s][info][gc,stats     ] Pause Init  Update Refs (N)          45 us
[1.330s][info][gc,stats     ]   Retire GCLABs                      23 us
[1.330s][info][gc,stats     ] Concurrent Update Refs            15873 us
[1.330s][info][gc,stats     ] Pause Final Update Refs (G)         340 us
[1.330s][info][gc,stats     ] Pause Final Update Refs (N)         158 us
[1.330s][info][gc,stats     ]   Update Roots                      145 us, parallelism: 0.78x
[1.330s][info][gc,stats     ]     UR: <total>                     113 us
[1.330s][info][gc,stats     ]     UR: Thread Roots                113 us, workers (us):  62,  51, ---, ---, ---, ---, ---, ---, ---, ---, ---, ---, ---, ---, ---, ---, ---, ---, ---, ---, ---, ---, ---, ---, 
[1.330s][info][gc,stats     ]   Update Region States                1 us
[1.330s][info][gc,stats     ]   Trash Collection Set                2 us
[1.330s][info][gc,stats     ]   Rebuild Free Set                    2 us
[1.330s][info][gc,stats     ] Concurrent Cleanup                 1404 us
[1.330s][info][gc,stats     ] Pacing                            20823 us
[1.330s][info][gc,stats     ] 
[1.330s][info][gc,stats     ] Allocation pacing accrued:
[1.330s][info][gc,stats     ]      21 of   576 ms (  3.6%): main
[1.330s][info][gc,stats     ]      21 of   576 ms (  3.6%): <total>
[1.330s][info][gc,stats     ]       3 of   576 ms (  0.6%): <average total>
[1.330s][info][gc,stats     ]      21 of   576 ms (  3.6%): <average non-zero>
[1.330s][info][gc,stats     ] 
[1.330s][info][gc,metaspace ] Metaspace: 12569K->12569K(1060864K)
[1.330s][info][gc,ergo      ] Pacer for Idle. Initial: 327K, Alloc Tax Rate: 1.0x
[1.677s][info][gc           ] Trigger: Free (1532K) is below minimum threshold (1638K)
[1.678s][info][gc,ergo      ] Free: 1532K, Max: 256K regular, 1280K humongous, Frag: 0% external, 40% internal; Reserve: 1024K, Max: 256K
[1.678s][info][gc,start     ] GC(6) Concurrent reset
[1.678s][info][gc,task      ] GC(6) Using 2 of 24 workers for concurrent reset
[1.678s][info][gc,ergo      ] GC(6) Pacer for Reset. Non-Taxable: 16384K
[1.678s][info][gc           ] GC(6) Concurrent reset 0.208ms
[1.678s][info][gc,start     ] GC(6) Pause Init Mark
[1.678s][info][gc,task      ] GC(6) Using 2 of 24 workers for init marking
[1.679s][info][gc,ergo      ] GC(6) Pacer for Mark. Expected Live: 1761K, Free: 1532K, Non-Taxable: 153K, Alloc Tax Rate: 1.4x
[1.679s][info][gc           ] GC(6) Pause Init Mark 1.007ms
[1.679s][info][gc,start     ] GC(6) Concurrent marking
[1.679s][info][gc,task      ] GC(6) Using 2 of 24 workers for concurrent marking
[1.698s][info][gc           ] GC(6) Concurrent marking 18.597ms
[1.698s][info][gc,start     ] GC(6) Pause Final Mark
[1.698s][info][gc,task      ] GC(6) Using 2 of 24 workers for final marking
[1.698s][info][gc,ergo      ] GC(6) Adaptive CSet Selection. Target Free: 2321K, Actual Free: 2816K, Max CSet: 682K, Min Garbage: 0B
[1.698s][info][gc,ergo      ] GC(6) Collectable Garbage: 9858K (91%), Immediate: 512K (4%), CSet: 9346K (87%)
[1.699s][info][gc,ergo      ] GC(6) Pacer for Evacuation. Used CSet: 9970K, Free: 2017K, Non-Taxable: 201K, Alloc Tax Rate: 12.1x
[1.699s][info][gc           ] GC(6) Pause Final Mark 1.110ms
[1.699s][info][gc,start     ] GC(6) Concurrent cleanup
[1.699s][info][gc           ] GC(6) Concurrent cleanup 13M->13M(15M) 0.124ms
[1.699s][info][gc,ergo      ] GC(6) Free: 2017K, Max: 256K regular, 1280K humongous, Frag: 29% external, 21% internal; Reserve: 971K, Max: 256K
[1.699s][info][gc,start     ] GC(6) Concurrent evacuation
[1.699s][info][gc,task      ] GC(6) Using 2 of 24 workers for concurrent evacuation
[1.704s][info][gc           ] GC(6) Concurrent evacuation 4.483ms
[1.704s][info][gc,start     ] GC(6) Pause Init Update Refs
[1.704s][info][gc,ergo      ] GC(6) Pacer for Update Refs. Used: 14491K, Free: 1562K, Non-Taxable: 156K, Alloc Tax Rate: 11.3x
[1.704s][info][gc           ] GC(6) Pause Init Update Refs 0.070ms
[1.704s][info][gc,start     ] GC(6) Concurrent update references
[1.704s][info][gc,task      ] GC(6) Using 2 of 24 workers for concurrent reference update
[1.719s][info][gc           ] GC(6) Concurrent update references 15.327ms
[1.720s][info][gc,start     ] GC(6) Pause Final Update Refs
[1.720s][info][gc,task      ] GC(6) Using 2 of 24 workers for final reference update
[1.720s][info][gc           ] GC(6) Pause Final Update Refs 0.351ms
[1.720s][info][gc,start     ] GC(6) Concurrent cleanup
[1.721s][info][gc           ] GC(6) Concurrent cleanup 14M->4M(16M) 0.971ms
[1.721s][info][gc           ] GC(6) Dat log --- cycle is complete
Current gc epoch: 6
heap: ______
capacity: 16777216
used: 4832720
committed: 16777216
bytes_allocated_since_gc_start: 421272
hot_size: 39472
cold_size: 40479
num_regions: 64
hot_region_count: 2
cold_region_count: 13
histogram: Placeholder

[1.721s][info][gc           ] GC(6) Obj count ac histogram
[1.721s][info][gc           ] GC(6) 	0: 2927
[1.721s][info][gc           ] GC(6) 	1: 0
[1.721s][info][gc           ] GC(6) 	2: 0
[1.721s][info][gc           ] GC(6) 	3: 0
[1.721s][info][gc           ] GC(6) 	4: 0
[1.721s][info][gc           ] GC(6) 	5: 0
[1.721s][info][gc           ] GC(6) 	6: 0
[1.721s][info][gc           ] GC(6) 	7: 0
[1.721s][info][gc           ] GC(6) 	8: 0
[1.721s][info][gc           ] GC(6) 	9: 0
[1.721s][info][gc           ] GC(6) 	10: 0
[1.721s][info][gc           ] GC(6) 	11: 0
[1.721s][info][gc           ] GC(6) 	12: 0
[1.721s][info][gc           ] GC(6) 	13: 4439
[1.721s][info][gc           ] GC(6) 	14: 868
[1.721s][info][gc           ] GC(6) 	15: 0
[1.721s][info][gc           ] GC(6) 	16: 0
[1.721s][info][gc           ] GC(6) 	17: 0
[1.721s][info][gc           ] GC(6) 	18: 0
[1.721s][info][gc           ] GC(6) 	19: 0
[1.721s][info][gc           ] GC(6) Obj size ac histogram
[1.721s][info][gc           ] GC(6) 	0: 39829
[1.721s][info][gc           ] GC(6) 	1: 0
[1.721s][info][gc           ] GC(6) 	2: 0
[1.721s][info][gc           ] GC(6) 	3: 0
[1.721s][info][gc           ] GC(6) 	4: 0
[1.721s][info][gc           ] GC(6) 	5: 0
[1.721s][info][gc           ] GC(6) 	6: 0
[1.721s][info][gc           ] GC(6) 	7: 0
[1.721s][info][gc           ] GC(6) 	8: 0
[1.721s][info][gc           ] GC(6) 	9: 0
[1.721s][info][gc           ] GC(6) 	10: 0
[1.721s][info][gc           ] GC(6) 	11: 0
[1.721s][info][gc           ] GC(6) 	12: 0
[1.721s][info][gc           ] GC(6) 	13: 30764
[1.721s][info][gc           ] GC(6) 	14: 8406
[1.721s][info][gc           ] GC(6) 	15: 0
[1.721s][info][gc           ] GC(6) 	16: 0
[1.721s][info][gc           ] GC(6) 	17: 0
[1.721s][info][gc           ] GC(6) 	18: 0
[1.721s][info][gc           ] GC(6) 	19: 0
[1.721s][info][gc,ergo      ] Free: 10640K, Max: 256K regular, 3072K humongous, Frag: 70% external, 9% internal; Reserve: 1024K, Max: 256K
[1.721s][info][gc,stats     ] 
[1.721s][info][gc,stats     ] All times are wall-clock times, except per-root-class counters, that are sum over
[1.721s][info][gc,stats     ] all workers. Dividing the <total> over the root stage time estimates parallelism.
[1.721s][info][gc,stats     ] 
[1.721s][info][gc,stats     ] Concurrent Reset                    190 us
[1.721s][info][gc,stats     ] Pause Init Mark (G)                1254 us
[1.721s][info][gc,stats     ] Pause Init Mark (N)                 962 us
[1.721s][info][gc,stats     ]   Accumulate Stats                    4 us
[1.721s][info][gc,stats     ]   Make Parsable                      26 us
[1.721s][info][gc,stats     ]   Update Region States                1 us
[1.721s][info][gc,stats     ]   Scan Roots                        871 us, parallelism: 1.50x
[1.721s][info][gc,stats     ]     S: <total>                     1306 us
[1.721s][info][gc,stats     ]     S: Thread Roots                 488 us, workers (us): 487,   1, ---, ---, ---, ---, ---, ---, ---, ---, ---, ---, ---, ---, ---, ---, ---, ---, ---, ---, ---, ---, ---, ---, 
[1.721s][info][gc,stats     ]     S: Universe Roots                21 us, workers (us):  21, ---, ---, ---, ---, ---, ---, ---, ---, ---, ---, ---, ---, ---, ---, ---, ---, ---, ---, ---, ---, ---, ---, ---, 
[1.721s][info][gc,stats     ]     S: JNI Handles Roots              5 us, workers (us): ---,   5, ---, ---, ---, ---, ---, ---, ---, ---, ---, ---, ---, ---, ---, ---, ---, ---, ---, ---, ---, ---, ---, ---, 
[1.721s][info][gc,stats     ]     S: Synchronizer Roots             0 us, workers (us):   0, ---, ---, ---, ---, ---, ---, ---, ---, ---, ---, ---, ---, ---, ---, ---, ---, ---, ---, ---, ---, ---, ---, ---, 
[1.721s][info][gc,stats     ]     S: Management Roots               2 us, workers (us):   2, ---, ---, ---, ---, ---, ---, ---, ---, ---, ---, ---, ---, ---, ---, ---, ---, ---, ---, ---, ---, ---, ---, ---, 
[1.721s][info][gc,stats     ]     S: System Dict Roots             24 us, workers (us):  24, ---, ---, ---, ---, ---, ---, ---, ---, ---, ---, ---, ---, ---, ---, ---, ---, ---, ---, ---, ---, ---, ---, ---, 
[1.721s][info][gc,stats     ]     S: CLDG Roots                   765 us, workers (us): ---, 765, ---, ---, ---, ---, ---, ---, ---, ---, ---, ---, ---, ---, ---, ---, ---, ---, ---, ---, ---, ---, ---, ---, 
[1.721s][info][gc,stats     ]     S: JVMTI Roots                    1 us, workers (us): ---,   1, ---, ---, ---, ---, ---, ---, ---, ---, ---, ---, ---, ---, ---, ---, ---, ---, ---, ---, ---, ---, ---, ---, 
[1.721s][info][gc,stats     ]   Resize TLABs                        2 us
[1.721s][info][gc,stats     ] Concurrent Marking                18567 us
[1.721s][info][gc,stats     ] Pause Final Mark (G)               1293 us
[1.721s][info][gc,stats     ] Pause Final Mark (N)               1085 us
[1.721s][info][gc,stats     ]   Finish Queues                     121 us
[1.721s][info][gc,stats     ]   System Purge                      322 us
[1.721s][info][gc,stats     ]     Weak Roots                      322 us
[1.721s][info][gc,stats     ]   Update Region States                2 us
[1.721s][info][gc,stats     ]   Retire TLABs                        3 us
[1.721s][info][gc,stats     ]   Choose Collection Set              42 us
[1.721s][info][gc,stats     ]   Rebuild Free Set                    3 us
[1.721s][info][gc,stats     ]   Initial Evacuation                579 us, parallelism: 0.80x
[1.721s][info][gc,stats     ]     E: <total>                      465 us
[1.721s][info][gc,stats     ]     E: Thread Roots                 151 us, workers (us):   1, 151, ---, ---, ---, ---, ---, ---, ---, ---, ---, ---, ---, ---, ---, ---, ---, ---, ---, ---, ---, ---, ---, ---, 
[1.721s][info][gc,stats     ]     E: Code Cache Roots               1 us, workers (us):   0,   1, ---, ---, ---, ---, ---, ---, ---, ---, ---, ---, ---, ---, ---, ---, ---, ---, ---, ---, ---, ---, ---, ---, 
[1.721s][info][gc,stats     ]     E: Universe Roots                 3 us, workers (us):   3, ---, ---, ---, ---, ---, ---, ---, ---, ---, ---, ---, ---, ---, ---, ---, ---, ---, ---, ---, ---, ---, ---, ---, 
[1.721s][info][gc,stats     ]     E: JNI Handles Roots              1 us, workers (us): ---,   1, ---, ---, ---, ---, ---, ---, ---, ---, ---, ---, ---, ---, ---, ---, ---, ---, ---, ---, ---, ---, ---, ---, 
[1.721s][info][gc,stats     ]     E: Synchronizer Roots             0 us, workers (us):   0, ---, ---, ---, ---, ---, ---, ---, ---, ---, ---, ---, ---, ---, ---, ---, ---, ---, ---, ---, ---, ---, ---, ---, 
[1.721s][info][gc,stats     ]     E: Management Roots               1 us, workers (us):   1, ---, ---, ---, ---, ---, ---, ---, ---, ---, ---, ---, ---, ---, ---, ---, ---, ---, ---, ---, ---, ---, ---, ---, 
[1.721s][info][gc,stats     ]     E: System Dict Roots             64 us, workers (us):  64, ---, ---, ---, ---, ---, ---, ---, ---, ---, ---, ---, ---, ---, ---, ---, ---, ---, ---, ---, ---, ---, ---, ---, 
[1.721s][info][gc,stats     ]     E: CLDG Roots                   243 us, workers (us): 243, ---, ---, ---, ---, ---, ---, ---, ---, ---, ---, ---, ---, ---, ---, ---, ---, ---, ---, ---, ---, ---, ---, ---, 
[1.721s][info][gc,stats     ]     E: JVMTI Roots                    0 us, workers (us): ---,   0, ---, ---, ---, ---, ---, ---, ---, ---, ---, ---, ---, ---, ---, ---, ---, ---, ---, ---, ---, ---, ---, ---, 
[1.721s][info][gc,stats     ] Concurrent Cleanup                   77 us
[1.721s][info][gc,stats     ] Concurrent Evacuation              4464 us
[1.721s][info][gc,stats     ] Pause Init  Update Refs (G)         318 us
[1.721s][info][gc,stats     ] Pause Init  Update Refs (N)          46 us
[1.721s][info][gc,stats     ]   Retire GCLABs                      33 us
[1.721s][info][gc,stats     ] Concurrent Update Refs            15303 us
[1.721s][info][gc,stats     ] Pause Final Update Refs (G)         597 us
[1.721s][info][gc,stats     ] Pause Final Update Refs (N)         326 us
[1.721s][info][gc,stats     ]   Update Roots                      298 us, parallelism: 0.90x
[1.721s][info][gc,stats     ]     UR: <total>                     269 us
[1.721s][info][gc,stats     ]     UR: Thread Roots                269 us, workers (us): 225,  44, ---, ---, ---, ---, ---, ---, ---, ---, ---, ---, ---, ---, ---, ---, ---, ---, ---, ---, ---, ---, ---, ---, 
[1.721s][info][gc,stats     ]   Update Region States                2 us
[1.721s][info][gc,stats     ]   Trash Collection Set                3 us
[1.721s][info][gc,stats     ]   Rebuild Free Set                    4 us
[1.721s][info][gc,stats     ] Concurrent Cleanup                  964 us
[1.721s][info][gc,stats     ] Pacing                            23097 us
[1.721s][info][gc,stats     ] 
[1.721s][info][gc,stats     ] Allocation pacing accrued:
[1.721s][info][gc,stats     ]      23 of   391 ms (  5.9%): main
[1.721s][info][gc,stats     ]      23 of   391 ms (  5.9%): <total>
[1.721s][info][gc,stats     ]       4 of   391 ms (  1.0%): <average total>
[1.721s][info][gc,stats     ]      23 of   391 ms (  5.9%): <average non-zero>
[1.721s][info][gc,stats     ] 
[1.721s][info][gc,metaspace ] Metaspace: 12569K->12569K(1060864K)
[1.721s][info][gc,ergo      ] Pacer for Idle. Initial: 327K, Alloc Tax Rate: 1.0x
[2.105s][info][gc           ] Trigger: Free (1623K) is below minimum threshold (1638K)
[2.105s][info][gc,ergo      ] Free: 1623K, Max: 256K regular, 1024K humongous, Frag: 0% external, 36% internal; Reserve: 1024K, Max: 256K
[2.105s][info][gc,start     ] GC(7) Concurrent reset
[2.105s][info][gc,task      ] GC(7) Using 2 of 24 workers for concurrent reset
[2.105s][info][gc,ergo      ] GC(7) Pacer for Reset. Non-Taxable: 16384K
[2.105s][info][gc           ] GC(7) Concurrent reset 0.211ms
[2.105s][info][gc,start     ] GC(7) Pause Init Mark
[2.106s][info][gc,task      ] GC(7) Using 2 of 24 workers for init marking
[2.107s][info][gc,ergo      ] GC(7) Pacer for Mark. Expected Live: 2143K, Free: 1623K, Non-Taxable: 162K, Alloc Tax Rate: 1.6x
[2.107s][info][gc           ] GC(7) Pause Init Mark 1.555ms
[2.107s][info][gc,start     ] GC(7) Concurrent marking
[2.107s][info][gc,task      ] GC(7) Using 2 of 24 workers for concurrent marking
[2.123s][info][gc           ] GC(7) Concurrent marking 15.724ms
[2.123s][info][gc,start     ] GC(7) Pause Final Mark
[2.123s][info][gc,task      ] GC(7) Using 2 of 24 workers for final marking
[2.123s][info][gc,ergo      ] GC(7) Adaptive CSet Selection. Target Free: 2321K, Actual Free: 2048K, Max CSet: 682K, Min Garbage: 273K
[2.123s][info][gc,ergo      ] GC(7) Collectable Garbage: 9709K (92%), Immediate: 0B (0%), CSet: 9709K (92%)
[2.124s][info][gc,ergo      ] GC(7) Pacer for Evacuation. Used CSet: 10240K, Free: 1566K, Non-Taxable: 156K, Alloc Tax Rate: 16.0x
[2.124s][info][gc           ] GC(7) Pause Final Mark 1.015ms
[2.124s][info][gc,start     ] GC(7) Concurrent cleanup
[2.124s][info][gc           ] GC(7) Concurrent cleanup 13M->13M(16M) 0.026ms
[2.124s][info][gc,ergo      ] GC(7) Free: 1566K, Max: 256K regular, 1024K humongous, Frag: 0% external, 31% internal; Reserve: 999K, Max: 256K
[2.124s][info][gc,start     ] GC(7) Concurrent evacuation
[2.124s][info][gc,task      ] GC(7) Using 2 of 24 workers for concurrent evacuation
[2.126s][info][gc           ] GC(7) Concurrent evacuation 1.452ms
[2.126s][info][gc,start     ] GC(7) Pause Init Update Refs
[2.126s][info][gc,ergo      ] GC(7) Pacer for Update Refs. Used: 14532K, Free: 1566K, Non-Taxable: 156K, Alloc Tax Rate: 11.3x
[2.126s][info][gc           ] GC(7) Pause Init Update Refs 0.079ms
[2.126s][info][gc,start     ] GC(7) Concurrent update references
[2.126s][info][gc,task      ] GC(7) Using 2 of 24 workers for concurrent reference update
[2.138s][info][gc           ] GC(7) Concurrent update references 12.306ms
[2.139s][info][gc,start     ] GC(7) Pause Final Update Refs
[2.139s][info][gc,task      ] GC(7) Using 2 of 24 workers for final reference update
[2.139s][info][gc           ] GC(7) Pause Final Update Refs 0.158ms
[2.139s][info][gc,start     ] GC(7) Concurrent cleanup
[2.140s][info][gc           ] GC(7) Concurrent cleanup 14M->4M(16M) 1.276ms
[2.140s][info][gc           ] GC(7) Dat log --- cycle is complete
Current gc epoch: 7
heap: ______
capacity: 16777216
used: 4617512
committed: 16777216
bytes_allocated_since_gc_start: 280056
hot_size: 29792
cold_size: 38101
num_regions: 64
hot_region_count: 3
cold_region_count: 15
histogram: Placeholder

[2.140s][info][gc           ] GC(7) Obj count ac histogram
[2.140s][info][gc           ] GC(7) 	0: 2660
[2.140s][info][gc           ] GC(7) 	1: 0
[2.140s][info][gc           ] GC(7) 	2: 0
[2.140s][info][gc           ] GC(7) 	3: 0
[2.140s][info][gc           ] GC(7) 	4: 0
[2.140s][info][gc           ] GC(7) 	5: 0
[2.140s][info][gc           ] GC(7) 	6: 0
[2.140s][info][gc           ] GC(7) 	7: 0
[2.140s][info][gc           ] GC(7) 	8: 0
[2.140s][info][gc           ] GC(7) 	9: 0
[2.140s][info][gc           ] GC(7) 	10: 0
[2.140s][info][gc           ] GC(7) 	11: 0
[2.140s][info][gc           ] GC(7) 	12: 0
[2.140s][info][gc           ] GC(7) 	13: 431
[2.140s][info][gc           ] GC(7) 	14: 1017
[2.140s][info][gc           ] GC(7) 	15: 0
[2.140s][info][gc           ] GC(7) 	16: 0
[2.140s][info][gc           ] GC(7) 	17: 0
[2.140s][info][gc           ] GC(7) 	18: 0
[2.140s][info][gc           ] GC(7) 	19: 0
[2.140s][info][gc           ] GC(7) Obj size ac histogram
[2.140s][info][gc           ] GC(7) 	0: 36917
[2.140s][info][gc           ] GC(7) 	1: 0
[2.140s][info][gc           ] GC(7) 	2: 0
[2.140s][info][gc           ] GC(7) 	3: 0
[2.140s][info][gc           ] GC(7) 	4: 0
[2.140s][info][gc           ] GC(7) 	5: 0
[2.140s][info][gc           ] GC(7) 	6: 0
[2.140s][info][gc           ] GC(7) 	7: 0
[2.140s][info][gc           ] GC(7) 	8: 0
[2.140s][info][gc           ] GC(7) 	9: 0
[2.140s][info][gc           ] GC(7) 	10: 0
[2.140s][info][gc           ] GC(7) 	11: 0
[2.140s][info][gc           ] GC(7) 	12: 0
[2.140s][info][gc           ] GC(7) 	13: 19193
[2.140s][info][gc           ] GC(7) 	14: 10498
[2.140s][info][gc           ] GC(7) 	15: 0
[2.140s][info][gc           ] GC(7) 	16: 0
[2.140s][info][gc           ] GC(7) 	17: 0
[2.140s][info][gc           ] GC(7) 	18: 0
[2.140s][info][gc           ] GC(7) 	19: 0
[2.140s][info][gc,ergo      ] Free: 10850K, Max: 256K regular, 5120K humongous, Frag: 49% external, 9% internal; Reserve: 1024K, Max: 256K
[2.140s][info][gc,stats     ] 
[2.140s][info][gc,stats     ] All times are wall-clock times, except per-root-class counters, that are sum over
[2.140s][info][gc,stats     ] all workers. Dividing the <total> over the root stage time estimates parallelism.
[2.140s][info][gc,stats     ] 
[2.140s][info][gc,stats     ] Concurrent Reset                    197 us
[2.140s][info][gc,stats     ] Pause Init Mark (G)                1943 us
[2.140s][info][gc,stats     ] Pause Init Mark (N)                1525 us
[2.140s][info][gc,stats     ]   Accumulate Stats                    4 us
[2.140s][info][gc,stats     ]   Make Parsable                      22 us
[2.140s][info][gc,stats     ]   Update Region States                1 us
[2.140s][info][gc,stats     ]   Scan Roots                       1423 us, parallelism: 1.25x
[2.140s][info][gc,stats     ]     S: <total>                     1775 us
[2.140s][info][gc,stats     ]     S: Thread Roots                 479 us, workers (us):   2, 478, ---, ---, ---, ---, ---, ---, ---, ---, ---, ---, ---, ---, ---, ---, ---, ---, ---, ---, ---, ---, ---, ---, 
[2.141s][info][gc,stats     ]     S: Universe Roots                21 us, workers (us):  21, ---, ---, ---, ---, ---, ---, ---, ---, ---, ---, ---, ---, ---, ---, ---, ---, ---, ---, ---, ---, ---, ---, ---, 
[2.141s][info][gc,stats     ]     S: JNI Handles Roots              4 us, workers (us):   4, ---, ---, ---, ---, ---, ---, ---, ---, ---, ---, ---, ---, ---, ---, ---, ---, ---, ---, ---, ---, ---, ---, ---, 
[2.141s][info][gc,stats     ]     S: Synchronizer Roots             1 us, workers (us): ---,   1, ---, ---, ---, ---, ---, ---, ---, ---, ---, ---, ---, ---, ---, ---, ---, ---, ---, ---, ---, ---, ---, ---, 
[2.141s][info][gc,stats     ]     S: Management Roots               2 us, workers (us): ---,   2, ---, ---, ---, ---, ---, ---, ---, ---, ---, ---, ---, ---, ---, ---, ---, ---, ---, ---, ---, ---, ---, ---, 
[2.141s][info][gc,stats     ]     S: System Dict Roots             38 us, workers (us): ---,  38, ---, ---, ---, ---, ---, ---, ---, ---, ---, ---, ---, ---, ---, ---, ---, ---, ---, ---, ---, ---, ---, ---, 
[2.141s][info][gc,stats     ]     S: CLDG Roots                  1229 us, workers (us): 1229, ---, ---, ---, ---, ---, ---, ---, ---, ---, ---, ---, ---, ---, ---, ---, ---, ---, ---, ---, ---, ---, ---, ---, 
[2.141s][info][gc,stats     ]     S: JVMTI Roots                    1 us, workers (us):   1, ---, ---, ---, ---, ---, ---, ---, ---, ---, ---, ---, ---, ---, ---, ---, ---, ---, ---, ---, ---, ---, ---, ---, 
[2.141s][info][gc,stats     ]   Resize TLABs                        4 us
[2.141s][info][gc,stats     ] Concurrent Marking                15686 us
[2.141s][info][gc,stats     ] Pause Final Mark (G)               1140 us
[2.141s][info][gc,stats     ] Pause Final Mark (N)                985 us
[2.141s][info][gc,stats     ]   Finish Queues                     113 us
[2.141s][info][gc,stats     ]   System Purge                      267 us
[2.141s][info][gc,stats     ]     Weak Roots                      266 us
[2.141s][info][gc,stats     ]   Update Region States                3 us
[2.141s][info][gc,stats     ]   Retire TLABs                        4 us
[2.141s][info][gc,stats     ]   Choose Collection Set              51 us
[2.141s][info][gc,stats     ]   Rebuild Free Set                    4 us
[2.141s][info][gc,stats     ]   Initial Evacuation                525 us, parallelism: 0.89x
[2.141s][info][gc,stats     ]     E: <total>                      465 us
[2.141s][info][gc,stats     ]     E: Thread Roots                 222 us, workers (us):   1, 221, ---, ---, ---, ---, ---, ---, ---, ---, ---, ---, ---, ---, ---, ---, ---, ---, ---, ---, ---, ---, ---, ---, 
[2.141s][info][gc,stats     ]     E: Code Cache Roots               1 us, workers (us):   0,   1, ---, ---, ---, ---, ---, ---, ---, ---, ---, ---, ---, ---, ---, ---, ---, ---, ---, ---, ---, ---, ---, ---, 
[2.141s][info][gc,stats     ]     E: Universe Roots                 4 us, workers (us):   4, ---, ---, ---, ---, ---, ---, ---, ---, ---, ---, ---, ---, ---, ---, ---, ---, ---, ---, ---, ---, ---, ---, ---, 
[2.141s][info][gc,stats     ]     E: JNI Handles Roots              1 us, workers (us):   1, ---, ---, ---, ---, ---, ---, ---, ---, ---, ---, ---, ---, ---, ---, ---, ---, ---, ---, ---, ---, ---, ---, ---, 
[2.141s][info][gc,stats     ]     E: Synchronizer Roots             0 us, workers (us):   0, ---, ---, ---, ---, ---, ---, ---, ---, ---, ---, ---, ---, ---, ---, ---, ---, ---, ---, ---, ---, ---, ---, ---, 
[2.141s][info][gc,stats     ]     E: Management Roots               1 us, workers (us):   1, ---, ---, ---, ---, ---, ---, ---, ---, ---, ---, ---, ---, ---, ---, ---, ---, ---, ---, ---, ---, ---, ---, ---, 
[2.141s][info][gc,stats     ]     E: System Dict Roots             12 us, workers (us): ---,  12, ---, ---, ---, ---, ---, ---, ---, ---, ---, ---, ---, ---, ---, ---, ---, ---, ---, ---, ---, ---, ---, ---, 
[2.141s][info][gc,stats     ]     E: CLDG Roots                   223 us, workers (us): 223, ---, ---, ---, ---, ---, ---, ---, ---, ---, ---, ---, ---, ---, ---, ---, ---, ---, ---, ---, ---, ---, ---, ---, 
[2.141s][info][gc,stats     ]     E: JVMTI Roots                    0 us, workers (us):   0, ---, ---, ---, ---, ---, ---, ---, ---, ---, ---, ---, ---, ---, ---, ---, ---, ---, ---, ---, ---, ---, ---, ---, 
[2.141s][info][gc,stats     ] Concurrent Cleanup                    4 us
[2.141s][info][gc,stats     ] Concurrent Evacuation              1438 us
[2.141s][info][gc,stats     ] Pause Init  Update Refs (G)         360 us
[2.141s][info][gc,stats     ] Pause Init  Update Refs (N)          48 us
[2.141s][info][gc,stats     ]   Retire GCLABs                      31 us
[2.141s][info][gc,stats     ] Concurrent Update Refs            12282 us
[2.141s][info][gc,stats     ] Pause Final Update Refs (G)         430 us
[2.141s][info][gc,stats     ] Pause Final Update Refs (N)         126 us
[2.141s][info][gc,stats     ]   Update Roots                      100 us, parallelism: 0.92x
[2.141s][info][gc,stats     ]     UR: <total>                      92 us
[2.141s][info][gc,stats     ]     UR: Thread Roots                 92 us, workers (us):  69,  23, ---, ---, ---, ---, ---, ---, ---, ---, ---, ---, ---, ---, ---, ---, ---, ---, ---, ---, ---, ---, ---, ---, 
[2.141s][info][gc,stats     ]   Update Region States                2 us
[2.141s][info][gc,stats     ]   Trash Collection Set                4 us
[2.141s][info][gc,stats     ]   Rebuild Free Set                    4 us
[2.141s][info][gc,stats     ] Concurrent Cleanup                 1257 us
[2.141s][info][gc,stats     ] Pacing                            22330 us
[2.141s][info][gc,stats     ] 
[2.141s][info][gc,stats     ] Allocation pacing accrued:
[2.141s][info][gc,stats     ]      22 of   420 ms (  5.3%): main
[2.141s][info][gc,stats     ]      22 of   420 ms (  5.3%): <total>
[2.141s][info][gc,stats     ]       4 of   420 ms (  0.9%): <average total>
[2.141s][info][gc,stats     ]      22 of   420 ms (  5.3%): <average non-zero>
[2.141s][info][gc,stats     ] 
[2.141s][info][gc,metaspace ] Metaspace: 12569K->12569K(1060864K)
[2.141s][info][gc,ergo      ] Pacer for Idle. Initial: 327K, Alloc Tax Rate: 1.0x
[2.531s][info][gc           ] Trigger: Free (1634K) is below minimum threshold (1638K)
[2.531s][info][gc,ergo      ] Free: 1634K, Max: 256K regular, 768K humongous, Frag: 0% external, 41% internal; Reserve: 1024K, Max: 256K
[2.531s][info][gc,start     ] GC(8) Concurrent reset
[2.531s][info][gc,task      ] GC(8) Using 2 of 24 workers for concurrent reset
[2.531s][info][gc,ergo      ] GC(8) Pacer for Reset. Non-Taxable: 16384K
[2.531s][info][gc           ] GC(8) Concurrent reset 0.230ms
[2.531s][info][gc,start     ] GC(8) Pause Init Mark
[2.531s][info][gc,task      ] GC(8) Using 2 of 24 workers for init marking
[2.532s][info][gc,ergo      ] GC(8) Pacer for Mark. Expected Live: 2472K, Free: 1418K, Non-Taxable: 141K, Alloc Tax Rate: 2.1x
[2.533s][info][gc           ] GC(8) Pause Init Mark 1.161ms
[2.533s][info][gc,start     ] GC(8) Concurrent marking
[2.533s][info][gc,task      ] GC(8) Using 2 of 24 workers for concurrent marking
[2.550s][info][gc           ] GC(8) Concurrent marking 17.533ms
[2.550s][info][gc,start     ] GC(8) Pause Final Mark
[2.550s][info][gc,task      ] GC(8) Using 2 of 24 workers for final marking
[2.551s][info][gc,ergo      ] GC(8) Adaptive CSet Selection. Target Free: 2321K, Actual Free: 1792K, Max CSet: 682K, Min Garbage: 529K
[2.551s][info][gc,ergo      ] GC(8) Collectable Garbage: 9728K (92%), Immediate: 256K (2%), CSet: 9472K (90%)
[2.551s][info][gc,ergo      ] GC(8) Pacer for Evacuation. Used CSet: 10046K, Free: 1440K, Non-Taxable: 144K, Alloc Tax Rate: 17.0x
[2.551s][info][gc           ] GC(8) Pause Final Mark 1.188ms
[2.552s][info][gc,start     ] GC(8) Concurrent cleanup
[2.552s][info][gc           ] GC(8) Concurrent cleanup 13M->13M(16M) 0.069ms
[2.552s][info][gc,ergo      ] GC(8) Free: 1440K, Max: 256K regular, 512K humongous, Frag: 34% external, 29% internal; Reserve: 1011K, Max: 256K
[2.552s][info][gc,start     ] GC(8) Concurrent evacuation
[2.552s][info][gc,task      ] GC(8) Using 2 of 24 workers for concurrent evacuation
[2.556s][info][gc           ] GC(8) Concurrent evacuation 4.592ms
[2.557s][info][gc,start     ] GC(8) Pause Init Update Refs
[2.557s][info][gc,ergo      ] GC(8) Pacer for Update Refs. Used: 14779K, Free: 1223K, Non-Taxable: 122K, Alloc Tax Rate: 14.8x
[2.557s][info][gc           ] GC(8) Pause Init Update Refs 0.098ms
[2.557s][info][gc,start     ] GC(8) Concurrent update references
[2.557s][info][gc,task      ] GC(8) Using 2 of 24 workers for concurrent reference update
[2.568s][info][gc           ] GC(8) Concurrent update references 11.349ms
[2.568s][info][gc,start     ] GC(8) Pause Final Update Refs
[2.568s][info][gc,task      ] GC(8) Using 2 of 24 workers for final reference update
[2.569s][info][gc           ] GC(8) Pause Final Update Refs 0.496ms
[2.569s][info][gc,start     ] GC(8) Concurrent cleanup
[2.570s][info][gc           ] GC(8) Concurrent cleanup 14M->4M(16M) 1.575ms
[2.570s][info][gc           ] GC(8) Dat log --- cycle is complete
Current gc epoch: 8
heap: ______
capacity: 16777216
used: 5109056
committed: 16777216
bytes_allocated_since_gc_start: 746560
hot_size: 28427
cold_size: 44991
num_regions: 64
hot_region_count: 3
cold_region_count: 17
histogram: Placeholder

[2.570s][info][gc           ] GC(8) Obj count ac histogram
[2.570s][info][gc           ] GC(8) 	0: 4153
[2.570s][info][gc           ] GC(8) 	1: 0
[2.570s][info][gc           ] GC(8) 	2: 0
[2.570s][info][gc           ] GC(8) 	3: 0
[2.570s][info][gc           ] GC(8) 	4: 0
[2.570s][info][gc           ] GC(8) 	5: 0
[2.570s][info][gc           ] GC(8) 	6: 0
[2.570s][info][gc           ] GC(8) 	7: 0
[2.571s][info][gc           ] GC(8) 	8: 0
[2.571s][info][gc           ] GC(8) 	9: 0
[2.571s][info][gc           ] GC(8) 	10: 0
[2.571s][info][gc           ] GC(8) 	11: 0
[2.571s][info][gc           ] GC(8) 	12: 0
[2.571s][info][gc           ] GC(8) 	13: 2031
[2.571s][info][gc           ] GC(8) 	14: 1612
[2.571s][info][gc           ] GC(8) 	15: 0
[2.571s][info][gc           ] GC(8) 	16: 0
[2.571s][info][gc           ] GC(8) 	17: 0
[2.571s][info][gc           ] GC(8) 	18: 0
[2.571s][info][gc           ] GC(8) 	19: 0
[2.571s][info][gc           ] GC(8) Obj size ac histogram
[2.571s][info][gc           ] GC(8) 	0: 43920
[2.571s][info][gc           ] GC(8) 	1: 0
[2.571s][info][gc           ] GC(8) 	2: 0
[2.571s][info][gc           ] GC(8) 	3: 0
[2.571s][info][gc           ] GC(8) 	4: 0
[2.571s][info][gc           ] GC(8) 	5: 0
[2.571s][info][gc           ] GC(8) 	6: 0
[2.571s][info][gc           ] GC(8) 	7: 0
[2.571s][info][gc           ] GC(8) 	8: 0
[2.571s][info][gc           ] GC(8) 	9: 0
[2.571s][info][gc           ] GC(8) 	10: 0
[2.571s][info][gc           ] GC(8) 	11: 0
[2.571s][info][gc           ] GC(8) 	12: 0
[2.571s][info][gc           ] GC(8) 	13: 13329
[2.571s][info][gc           ] GC(8) 	14: 14953
[2.571s][info][gc           ] GC(8) 	15: 0
[2.571s][info][gc           ] GC(8) 	16: 0
[2.571s][info][gc           ] GC(8) 	17: 0
[2.571s][info][gc           ] GC(8) 	18: 0
[2.571s][info][gc           ] GC(8) 	19: 0
[2.571s][info][gc,ergo      ] Free: 10370K, Max: 256K regular, 7168K humongous, Frag: 25% external, 9% internal; Reserve: 1024K, Max: 256K
[2.571s][info][gc,stats     ] 
[2.571s][info][gc,stats     ] All times are wall-clock times, except per-root-class counters, that are sum over
[2.571s][info][gc,stats     ] all workers. Dividing the <total> over the root stage time estimates parallelism.
[2.571s][info][gc,stats     ] 
[2.571s][info][gc,stats     ] Concurrent Reset                    208 us
[2.571s][info][gc,stats     ] Pause Init Mark (G)                1643 us
[2.571s][info][gc,stats     ] Pause Init Mark (N)                1115 us
[2.571s][info][gc,stats     ]   Accumulate Stats                    5 us
[2.571s][info][gc,stats     ]   Make Parsable                      28 us
[2.571s][info][gc,stats     ]   Update Region States                2 us
[2.571s][info][gc,stats     ]   Scan Roots                        978 us, parallelism: 1.20x
[2.571s][info][gc,stats     ]     S: <total>                     1172 us
[2.571s][info][gc,stats     ]     S: Thread Roots                 264 us, workers (us):   1, 263, ---, ---, ---, ---, ---, ---, ---, ---, ---, ---, ---, ---, ---, ---, ---, ---, ---, ---, ---, ---, ---, ---, 
[2.571s][info][gc,stats     ]     S: Universe Roots                16 us, workers (us):  16, ---, ---, ---, ---, ---, ---, ---, ---, ---, ---, ---, ---, ---, ---, ---, ---, ---, ---, ---, ---, ---, ---, ---, 
[2.571s][info][gc,stats     ]     S: JNI Handles Roots              3 us, workers (us):   3, ---, ---, ---, ---, ---, ---, ---, ---, ---, ---, ---, ---, ---, ---, ---, ---, ---, ---, ---, ---, ---, ---, ---, 
[2.571s][info][gc,stats     ]     S: Synchronizer Roots             0 us, workers (us):   0, ---, ---, ---, ---, ---, ---, ---, ---, ---, ---, ---, ---, ---, ---, ---, ---, ---, ---, ---, ---, ---, ---, ---, 
[2.571s][info][gc,stats     ]     S: Management Roots               1 us, workers (us):   1, ---, ---, ---, ---, ---, ---, ---, ---, ---, ---, ---, ---, ---, ---, ---, ---, ---, ---, ---, ---, ---, ---, ---, 
[2.571s][info][gc,stats     ]     S: System Dict Roots             19 us, workers (us):  19, ---, ---, ---, ---, ---, ---, ---, ---, ---, ---, ---, ---, ---, ---, ---, ---, ---, ---, ---, ---, ---, ---, ---, 
[2.571s][info][gc,stats     ]     S: CLDG Roots                   868 us, workers (us): 868, ---, ---, ---, ---, ---, ---, ---, ---, ---, ---, ---, ---, ---, ---, ---, ---, ---, ---, ---, ---, ---, ---, ---, 
[2.571s][info][gc,stats     ]     S: JVMTI Roots                    1 us, workers (us):   1, ---, ---, ---, ---, ---, ---, ---, ---, ---, ---, ---, ---, ---, ---, ---, ---, ---, ---, ---, ---, ---, ---, ---, 
[2.571s][info][gc,stats     ]   Resize TLABs                        5 us
[2.571s][info][gc,stats     ] Concurrent Marking                17481 us
[2.571s][info][gc,stats     ] Pause Final Mark (G)               1318 us
[2.571s][info][gc,stats     ] Pause Final Mark (N)               1158 us
[2.571s][info][gc,stats     ]   Finish Queues                     100 us
[2.571s][info][gc,stats     ]   System Purge                      425 us
[2.571s][info][gc,stats     ]     Weak Roots                      424 us
[2.571s][info][gc,stats     ]   Update Region States                3 us
[2.571s][info][gc,stats     ]   Retire TLABs                        5 us
[2.571s][info][gc,stats     ]   Choose Collection Set              65 us
[2.571s][info][gc,stats     ]   Rebuild Free Set                    4 us
[2.571s][info][gc,stats     ]   Initial Evacuation                539 us, parallelism: 0.78x
[2.571s][info][gc,stats     ]     E: <total>                      421 us
[2.571s][info][gc,stats     ]     E: Thread Roots                 135 us, workers (us):   1, 134, ---, ---, ---, ---, ---, ---, ---, ---, ---, ---, ---, ---, ---, ---, ---, ---, ---, ---, ---, ---, ---, ---, 
[2.571s][info][gc,stats     ]     E: Code Cache Roots               2 us, workers (us):   0,   1, ---, ---, ---, ---, ---, ---, ---, ---, ---, ---, ---, ---, ---, ---, ---, ---, ---, ---, ---, ---, ---, ---, 
[2.571s][info][gc,stats     ]     E: Universe Roots                 5 us, workers (us):   5, ---, ---, ---, ---, ---, ---, ---, ---, ---, ---, ---, ---, ---, ---, ---, ---, ---, ---, ---, ---, ---, ---, ---, 
[2.571s][info][gc,stats     ]     E: JNI Handles Roots              1 us, workers (us):   1, ---, ---, ---, ---, ---, ---, ---, ---, ---, ---, ---, ---, ---, ---, ---, ---, ---, ---, ---, ---, ---, ---, ---, 
[2.571s][info][gc,stats     ]     E: Synchronizer Roots             0 us, workers (us):   0, ---, ---, ---, ---, ---, ---, ---, ---, ---, ---, ---, ---, ---, ---, ---, ---, ---, ---, ---, ---, ---, ---, ---, 
[2.571s][info][gc,stats     ]     E: Management Roots               2 us, workers (us):   2, ---, ---, ---, ---, ---, ---, ---, ---, ---, ---, ---, ---, ---, ---, ---, ---, ---, ---, ---, ---, ---, ---, ---, 
[2.571s][info][gc,stats     ]     E: System Dict Roots             11 us, workers (us):  11, ---, ---, ---, ---, ---, ---, ---, ---, ---, ---, ---, ---, ---, ---, ---, ---, ---, ---, ---, ---, ---, ---, ---, 
[2.571s][info][gc,stats     ]     E: CLDG Roots                   263 us, workers (us): 263, ---, ---, ---, ---, ---, ---, ---, ---, ---, ---, ---, ---, ---, ---, ---, ---, ---, ---, ---, ---, ---, ---, ---, 
[2.571s][info][gc,stats     ]     E: JVMTI Roots                    1 us, workers (us):   1, ---, ---, ---, ---, ---, ---, ---, ---, ---, ---, ---, ---, ---, ---, ---, ---, ---, ---, ---, ---, ---, ---, ---, 
[2.571s][info][gc,stats     ] Concurrent Cleanup                   43 us
[2.571s][info][gc,stats     ] Concurrent Evacuation              4573 us
[2.571s][info][gc,stats     ] Pause Init  Update Refs (G)         392 us
[2.571s][info][gc,stats     ] Pause Init  Update Refs (N)          63 us
[2.571s][info][gc,stats     ]   Retire GCLABs                      43 us
[2.571s][info][gc,stats     ] Concurrent Update Refs            11320 us
[2.572s][info][gc,stats     ] Pause Final Update Refs (G)         775 us
[2.572s][info][gc,stats     ] Pause Final Update Refs (N)         460 us
[2.572s][info][gc,stats     ]   Update Roots                      429 us, parallelism: 0.99x
[2.572s][info][gc,stats     ]     UR: <total>                     424 us
[2.572s][info][gc,stats     ]     UR: Thread Roots                424 us, workers (us): 395,  29, ---, ---, ---, ---, ---, ---, ---, ---, ---, ---, ---, ---, ---, ---, ---, ---, ---, ---, ---, ---, ---, ---, 
[2.572s][info][gc,stats     ]   Update Region States                3 us
[2.572s][info][gc,stats     ]   Trash Collection Set                7 us
[2.572s][info][gc,stats     ]   Rebuild Free Set                    5 us
[2.572s][info][gc,stats     ] Concurrent Cleanup                 1548 us
[2.572s][info][gc,stats     ] Pacing                            22058 us
[2.572s][info][gc,stats     ] 
[2.572s][info][gc,stats     ] Allocation pacing accrued:
[2.572s][info][gc,stats     ]      22 of   431 ms (  5.1%): main
[2.572s][info][gc,stats     ]      22 of   431 ms (  5.1%): <total>
[2.572s][info][gc,stats     ]       4 of   431 ms (  0.9%): <average total>
[2.572s][info][gc,stats     ]      22 of   431 ms (  5.1%): <average non-zero>
[2.572s][info][gc,stats     ] 
[2.572s][info][gc,metaspace ] Metaspace: 12569K->12569K(1060864K)
[2.572s][info][gc,ergo      ] Pacer for Idle. Initial: 327K, Alloc Tax Rate: 1.0x
[2.839s][info][gc           ] Trigger: Average GC time (39.65 ms) is above the time for allocation rate (29677 KB/s) to deplete free headroom (1142K)
[2.839s][info][gc,ergo      ] Free headroom: 1961K (free) - 819K (spike) - 0B (penalties) = 1142K
[2.839s][info][gc,ergo      ] Free: 1961K, Max: 256K regular, 1024K humongous, Frag: 0% external, 41% internal; Reserve: 1024K, Max: 256K
[2.839s][info][gc,start     ] GC(9) Concurrent reset
[2.839s][info][gc,task      ] GC(9) Using 2 of 24 workers for concurrent reset
[2.839s][info][gc,ergo      ] GC(9) Pacer for Reset. Non-Taxable: 16384K
[2.839s][info][gc           ] GC(9) Concurrent reset 0.170ms
[2.839s][info][gc,start     ] GC(9) Pause Init Mark
[2.839s][info][gc,task      ] GC(9) Using 2 of 24 workers for init marking
[2.841s][info][gc,ergo      ] GC(9) Pacer for Mark. Expected Live: 2871K, Free: 1961K, Non-Taxable: 196K, Alloc Tax Rate: 1.8x
[2.841s][info][gc           ] GC(9) Pause Init Mark 1.892ms
[2.841s][info][gc,start     ] GC(9) Concurrent marking
[2.841s][info][gc,task      ] GC(9) Using 2 of 24 workers for concurrent marking
[2.867s][info][gc           ] GC(9) Concurrent marking 25.677ms
[2.867s][info][gc,start     ] GC(9) Pause Final Mark
[2.867s][info][gc,task      ] GC(9) Using 2 of 24 workers for final marking
[2.867s][info][gc,ergo      ] GC(9) Adaptive CSet Selection. Target Free: 2321K, Actual Free: 2113K, Max CSet: 682K, Min Garbage: 208K
[2.867s][info][gc,ergo      ] GC(9) Collectable Garbage: 4777K (59%), Immediate: 66560B (0%), CSet: 4712K (58%)
[2.868s][info][gc,ergo      ] GC(9) Pacer for Evacuation. Used CSet: 5376K, Free: 1987K, Non-Taxable: 198K, Alloc Tax Rate: 6.6x
[2.868s][info][gc           ] GC(9) Pause Final Mark 1.116ms
[2.868s][info][gc,start     ] GC(9) Concurrent cleanup
[2.868s][info][gc           ] GC(9) Concurrent cleanup 13M->13M(16M) 0.054ms
[2.868s][info][gc,ergo      ] GC(9) Free: 1987K, Max: 256K regular, 1024K humongous, Frag: 20% external, 35% internal; Reserve: 999K, Max: 256K
[2.868s][info][gc,start     ] GC(9) Concurrent evacuation
[2.868s][info][gc,task      ] GC(9) Using 2 of 24 workers for concurrent evacuation
[2.872s][info][gc           ] GC(9) Concurrent evacuation 4.047ms
[2.873s][info][gc,start     ] GC(9) Pause Init Update Refs
[2.873s][info][gc,ergo      ] GC(9) Pacer for Update Refs. Used: 14477K, Free: 1780K, Non-Taxable: 178K, Alloc Tax Rate: 9.9x
[2.873s][info][gc           ] GC(9) Pause Init Update Refs 0.084ms
[2.873s][info][gc,start     ] GC(9) Concurrent update references
[2.873s][info][gc,task      ] GC(9) Using 2 of 24 workers for concurrent reference update
[2.892s][info][gc           ] GC(9) Concurrent update references 18.896ms
[2.892s][info][gc,start     ] GC(9) Pause Final Update Refs
[2.892s][info][gc,task      ] GC(9) Using 2 of 24 workers for final reference update
[2.894s][info][gc           ] GC(9) Pause Final Update Refs 2.470ms
[2.895s][info][gc,start     ] GC(9) Concurrent cleanup
[2.895s][info][gc           ] GC(9) Concurrent cleanup 14M->9M(16M) 0.807ms
[2.895s][info][gc           ] GC(9) Dat log --- cycle is complete
Current gc epoch: 9
heap: ______
capacity: 16777216
used: 9582352
committed: 16777216
bytes_allocated_since_gc_start: 514440
hot_size: 29888
cold_size: 55075
num_regions: 64
hot_region_count: 4
cold_region_count: 19
histogram: Placeholder

[2.895s][info][gc           ] GC(9) Obj count ac histogram
[2.895s][info][gc           ] GC(9) 	0: 7447
[2.895s][info][gc           ] GC(9) 	1: 0
[2.895s][info][gc           ] GC(9) 	2: 0
[2.895s][info][gc           ] GC(9) 	3: 0
[2.895s][info][gc           ] GC(9) 	4: 0
[2.895s][info][gc           ] GC(9) 	5: 0
[2.895s][info][gc           ] GC(9) 	6: 0
[2.895s][info][gc           ] GC(9) 	7: 0
[2.895s][info][gc           ] GC(9) 	8: 0
[2.895s][info][gc           ] GC(9) 	9: 0
[2.895s][info][gc           ] GC(9) 	10: 0
[2.896s][info][gc           ] GC(9) 	11: 0
[2.896s][info][gc           ] GC(9) 	12: 0
[2.896s][info][gc           ] GC(9) 	13: 1
[2.896s][info][gc           ] GC(9) 	14: 2163
[2.896s][info][gc           ] GC(9) 	15: 0
[2.896s][info][gc           ] GC(9) 	16: 0
[2.896s][info][gc           ] GC(9) 	17: 0
[2.896s][info][gc           ] GC(9) 	18: 0
[2.896s][info][gc           ] GC(9) 	19: 0
[2.896s][info][gc           ] GC(9) Obj size ac histogram
[2.896s][info][gc           ] GC(9) 	0: 51217
[2.896s][info][gc           ] GC(9) 	1: 0
[2.896s][info][gc           ] GC(9) 	2: 0
[2.896s][info][gc           ] GC(9) 	3: 0
[2.896s][info][gc           ] GC(9) 	4: 0
[2.896s][info][gc           ] GC(9) 	5: 0
[2.896s][info][gc           ] GC(9) 	6: 0
[2.896s][info][gc           ] GC(9) 	7: 0
[2.896s][info][gc           ] GC(9) 	8: 0
[2.896s][info][gc           ] GC(9) 	9: 0
[2.896s][info][gc           ] GC(9) 	10: 0
[2.896s][info][gc           ] GC(9) 	11: 0
[2.896s][info][gc           ] GC(9) 	12: 0
[2.896s][info][gc           ] GC(9) 	13: 9
[2.896s][info][gc           ] GC(9) 	14: 29614
[2.896s][info][gc           ] GC(9) 	15: 0
[2.896s][info][gc           ] GC(9) 	16: 0
[2.896s][info][gc           ] GC(9) 	17: 0
[2.896s][info][gc           ] GC(9) 	18: 0
[2.896s][info][gc           ] GC(9) 	19: 0
[2.896s][info][gc,ergo      ] Free: 6002K, Max: 256K regular, 2816K humongous, Frag: 45% external, 19% internal; Reserve: 1024K, Max: 256K
[2.896s][info][gc,stats     ] 
[2.896s][info][gc,stats     ] All times are wall-clock times, except per-root-class counters, that are sum over
[2.896s][info][gc,stats     ] all workers. Dividing the <total> over the root stage time estimates parallelism.
[2.896s][info][gc,stats     ] 
[2.896s][info][gc,stats     ] Concurrent Reset                    153 us
[2.896s][info][gc,stats     ] Pause Init Mark (G)                2296 us
[2.896s][info][gc,stats     ] Pause Init Mark (N)                1844 us
[2.896s][info][gc,stats     ]   Accumulate Stats                    5 us
[2.896s][info][gc,stats     ]   Make Parsable                      40 us
[2.896s][info][gc,stats     ]   Update Region States                2 us
[2.896s][info][gc,stats     ]   Scan Roots                       1686 us, parallelism: 1.71x
[2.896s][info][gc,stats     ]     S: <total>                     2883 us
[2.896s][info][gc,stats     ]     S: Thread Roots                1579 us, workers (us): 1519,  60, ---, ---, ---, ---, ---, ---, ---, ---, ---, ---, ---, ---, ---, ---, ---, ---, ---, ---, ---, ---, ---, ---, 
[2.896s][info][gc,stats     ]     S: Universe Roots                20 us, workers (us):  20, ---, ---, ---, ---, ---, ---, ---, ---, ---, ---, ---, ---, ---, ---, ---, ---, ---, ---, ---, ---, ---, ---, ---, 
[2.896s][info][gc,stats     ]     S: JNI Handles Roots              3 us, workers (us):   3, ---, ---, ---, ---, ---, ---, ---, ---, ---, ---, ---, ---, ---, ---, ---, ---, ---, ---, ---, ---, ---, ---, ---, 
[2.896s][info][gc,stats     ]     S: Synchronizer Roots             0 us, workers (us):   0, ---, ---, ---, ---, ---, ---, ---, ---, ---, ---, ---, ---, ---, ---, ---, ---, ---, ---, ---, ---, ---, ---, ---, 
[2.896s][info][gc,stats     ]     S: Management Roots               2 us, workers (us):   2, ---, ---, ---, ---, ---, ---, ---, ---, ---, ---, ---, ---, ---, ---, ---, ---, ---, ---, ---, ---, ---, ---, ---, 
[2.896s][info][gc,stats     ]     S: System Dict Roots             23 us, workers (us):  23, ---, ---, ---, ---, ---, ---, ---, ---, ---, ---, ---, ---, ---, ---, ---, ---, ---, ---, ---, ---, ---, ---, ---, 
[2.896s][info][gc,stats     ]     S: CLDG Roots                  1254 us, workers (us): ---, 1254, ---, ---, ---, ---, ---, ---, ---, ---, ---, ---, ---, ---, ---, ---, ---, ---, ---, ---, ---, ---, ---, ---, 
[2.896s][info][gc,stats     ]     S: JVMTI Roots                    1 us, workers (us):   1, ---, ---, ---, ---, ---, ---, ---, ---, ---, ---, ---, ---, ---, ---, ---, ---, ---, ---, ---, ---, ---, ---, ---, 
[2.896s][info][gc,stats     ]   Resize TLABs                        5 us
[2.896s][info][gc,stats     ] Concurrent Marking                25646 us
[2.896s][info][gc,stats     ] Pause Final Mark (G)               1329 us
[2.896s][info][gc,stats     ] Pause Final Mark (N)               1077 us
[2.896s][info][gc,stats     ]   Finish Queues                     109 us
[2.896s][info][gc,stats     ]   System Purge                      200 us
[2.896s][info][gc,stats     ]     Weak Roots                      199 us
[2.896s][info][gc,stats     ]   Update Region States                4 us
[2.896s][info][gc,stats     ]   Retire TLABs                        6 us
[2.896s][info][gc,stats     ]   Choose Collection Set              62 us
[2.896s][info][gc,stats     ]   Rebuild Free Set                   16 us
[2.896s][info][gc,stats     ]   Initial Evacuation                661 us, parallelism: 0.90x
[2.896s][info][gc,stats     ]     E: <total>                      592 us
[2.896s][info][gc,stats     ]     E: Thread Roots                 395 us, workers (us): 370,  25, ---, ---, ---, ---, ---, ---, ---, ---, ---, ---, ---, ---, ---, ---, ---, ---, ---, ---, ---, ---, ---, ---, 
[2.896s][info][gc,stats     ]     E: Code Cache Roots               1 us, workers (us):   0,   0, ---, ---, ---, ---, ---, ---, ---, ---, ---, ---, ---, ---, ---, ---, ---, ---, ---, ---, ---, ---, ---, ---, 
[2.896s][info][gc,stats     ]     E: Universe Roots                 3 us, workers (us):   3, ---, ---, ---, ---, ---, ---, ---, ---, ---, ---, ---, ---, ---, ---, ---, ---, ---, ---, ---, ---, ---, ---, ---, 
[2.896s][info][gc,stats     ]     E: JNI Handles Roots              1 us, workers (us):   1, ---, ---, ---, ---, ---, ---, ---, ---, ---, ---, ---, ---, ---, ---, ---, ---, ---, ---, ---, ---, ---, ---, ---, 
[2.896s][info][gc,stats     ]     E: Synchronizer Roots             0 us, workers (us):   0, ---, ---, ---, ---, ---, ---, ---, ---, ---, ---, ---, ---, ---, ---, ---, ---, ---, ---, ---, ---, ---, ---, ---, 
[2.896s][info][gc,stats     ]     E: Management Roots               1 us, workers (us):   1, ---, ---, ---, ---, ---, ---, ---, ---, ---, ---, ---, ---, ---, ---, ---, ---, ---, ---, ---, ---, ---, ---, ---, 
[2.896s][info][gc,stats     ]     E: System Dict Roots              5 us, workers (us):   5, ---, ---, ---, ---, ---, ---, ---, ---, ---, ---, ---, ---, ---, ---, ---, ---, ---, ---, ---, ---, ---, ---, ---, 
[2.896s][info][gc,stats     ]     E: CLDG Roots                   185 us, workers (us): ---, 185, ---, ---, ---, ---, ---, ---, ---, ---, ---, ---, ---, ---, ---, ---, ---, ---, ---, ---, ---, ---, ---, ---, 
[2.896s][info][gc,stats     ]     E: JVMTI Roots                    0 us, workers (us):   0, ---, ---, ---, ---, ---, ---, ---, ---, ---, ---, ---, ---, ---, ---, ---, ---, ---, ---, ---, ---, ---, ---, ---, 
[2.896s][info][gc,stats     ] Concurrent Cleanup                    6 us
[2.896s][info][gc,stats     ] Concurrent Evacuation              4027 us
[2.896s][info][gc,stats     ] Pause Init  Update Refs (G)         316 us
[2.896s][info][gc,stats     ] Pause Init  Update Refs (N)          56 us
[2.896s][info][gc,stats     ]   Retire GCLABs                      39 us
[2.897s][info][gc,stats     ] Concurrent Update Refs            18867 us
[2.897s][info][gc,stats     ] Pause Final Update Refs (G)        2862 us
[2.897s][info][gc,stats     ] Pause Final Update Refs (N)        2428 us
[2.897s][info][gc,stats     ]   Update Roots                     2393 us, parallelism: 0.97x
[2.897s][info][gc,stats     ]     UR: <total>                    2324 us
[2.897s][info][gc,stats     ]     UR: Thread Roots               2324 us, workers (us): 2301,  22, ---, ---, ---, ---, ---, ---, ---, ---, ---, ---, ---, ---, ---, ---, ---, ---, ---, ---, ---, ---, ---, ---, 
[2.897s][info][gc,stats     ]   Update Region States                3 us
[2.897s][info][gc,stats     ]   Trash Collection Set                5 us
[2.897s][info][gc,stats     ]   Rebuild Free Set                    6 us
[2.897s][info][gc,stats     ] Concurrent Cleanup                  775 us
[2.897s][info][gc,stats     ] Pacing                            22191 us
[2.897s][info][gc,stats     ] 
[2.897s][info][gc,stats     ] Allocation pacing accrued:
[2.897s][info][gc,stats     ]      22 of   325 ms (  6.8%): main
[2.897s][info][gc,stats     ]      22 of   325 ms (  6.8%): <total>
[2.897s][info][gc,stats     ]       4 of   325 ms (  1.1%): <average total>
[2.897s][info][gc,stats     ]      22 of   325 ms (  6.8%): <average non-zero>
[2.897s][info][gc,stats     ] 
[2.897s][info][gc,metaspace ] Metaspace: 12850K->12968K(1060864K)
[2.897s][info][gc,ergo      ] Pacer for Idle. Initial: 327K, Alloc Tax Rate: 1.0x
[2.992s][info][gc           ] Trigger: Average GC time (45.18 ms) is above the time for allocation rate (29652 KB/s) to deplete free headroom (1135K)
[2.992s][info][gc,ergo      ] Free headroom: 1954K (free) - 819K (spike) - 0B (penalties) = 1135K
[2.992s][info][gc,ergo      ] Free: 1954K, Max: 256K regular, 1024K humongous, Frag: 0% external, 45% internal; Reserve: 1024K, Max: 256K
[2.992s][info][gc,start     ] GC(10) Concurrent reset
[2.992s][info][gc,task      ] GC(10) Using 2 of 24 workers for concurrent reset
[2.992s][info][gc,ergo      ] GC(10) Pacer for Reset. Non-Taxable: 16384K
[2.992s][info][gc           ] GC(10) Concurrent reset 0.180ms
[2.993s][info][gc,start     ] GC(10) Pause Init Mark (process weakrefs)
[2.993s][info][gc,task      ] GC(10) Using 2 of 24 workers for init marking
[2.994s][info][gc,ergo      ] GC(10) Pacer for Mark. Expected Live: 3628K, Free: 1954K, Non-Taxable: 195K, Alloc Tax Rate: 2.3x
[2.994s][info][gc           ] GC(10) Pause Init Mark (process weakrefs) 0.971ms
[2.994s][info][gc,start     ] GC(10) Concurrent marking (process weakrefs)
[2.994s][info][gc,task      ] GC(10) Using 2 of 24 workers for concurrent marking
[3.022s][info][gc           ] GC(10) Concurrent marking (process weakrefs) 28.305ms
[3.022s][info][gc,start     ] GC(10) Concurrent precleaning
[3.022s][info][gc,task      ] GC(10) Using 1 of 24 workers for concurrent preclean
[3.022s][info][gc,ergo      ] GC(10) Pacer for Precleaning. Non-Taxable: 16384K
[3.023s][info][gc           ] GC(10) Concurrent precleaning 0.358ms
[3.023s][info][gc,start     ] GC(10) Pause Final Mark (process weakrefs)
[3.023s][info][gc,task      ] GC(10) Using 2 of 24 workers for final marking
[3.024s][info][gc,ergo      ] GC(10) Adaptive CSet Selection. Target Free: 2321K, Actual Free: 1792K, Max CSet: 682K, Min Garbage: 529K
[3.024s][info][gc,ergo      ] GC(10) Collectable Garbage: 4399K (58%), Immediate: 0B (0%), CSet: 4399K (58%)
[3.024s][info][gc,ergo      ] GC(10) Pacer for Evacuation. Used CSet: 5071K, Free: 1617K, Non-Taxable: 161K, Alloc Tax Rate: 7.7x
[3.024s][info][gc           ] GC(10) Pause Final Mark (process weakrefs) 1.477ms
[3.024s][info][gc,start     ] GC(10) Concurrent cleanup
[3.024s][info][gc           ] GC(10) Concurrent cleanup 13M->13M(16M) 0.033ms
[3.024s][info][gc,ergo      ] GC(10) Free: 1601K, Max: 256K regular, 768K humongous, Frag: 0% external, 43% internal; Reserve: 1003K, Max: 256K
[3.024s][info][gc,start     ] GC(10) Concurrent evacuation
[3.024s][info][gc,task      ] GC(10) Using 2 of 24 workers for concurrent evacuation
[3.028s][info][gc           ] GC(10) Concurrent evacuation 3.355ms
[3.028s][info][gc,start     ] GC(10) Pause Init Update Refs
[3.028s][info][gc,ergo      ] GC(10) Pacer for Update Refs. Used: 14918K, Free: 1225K, Non-Taxable: 122K, Alloc Tax Rate: 14.9x
[3.028s][info][gc           ] GC(10) Pause Init Update Refs 0.137ms
[3.028s][info][gc,start     ] GC(10) Concurrent update references
[3.028s][info][gc,task      ] GC(10) Using 2 of 24 workers for concurrent reference update
[3.042s][info][gc           ] GC(10) Concurrent update references 13.653ms
[3.042s][info][gc,start     ] GC(10) Pause Final Update Refs
[3.042s][info][gc,task      ] GC(10) Using 2 of 24 workers for final reference update
[3.043s][info][gc           ] GC(10) Pause Final Update Refs 0.384ms
[3.043s][info][gc,start     ] GC(10) Concurrent cleanup
[3.043s][info][gc           ] GC(10) Concurrent cleanup 14M->9M(16M) 0.732ms
[3.043s][info][gc           ] GC(10) Dat log --- cycle is complete
Current gc epoch: 10
heap: ______
capacity: 16777216
used: 10206688
committed: 16777216
bytes_allocated_since_gc_start: 557728
hot_size: 39876
cold_size: 46137
num_regions: 64
hot_region_count: 7
cold_region_count: 21
histogram: Placeholder

[3.043s][info][gc           ] GC(10) Obj count ac histogram
[3.043s][info][gc           ] GC(10) 	0: 6511
[3.043s][info][gc           ] GC(10) 	1: 0
[3.043s][info][gc           ] GC(10) 	2: 0
[3.043s][info][gc           ] GC(10) 	3: 0
[3.043s][info][gc           ] GC(10) 	4: 0
[3.043s][info][gc           ] GC(10) 	5: 0
[3.043s][info][gc           ] GC(10) 	6: 0
[3.043s][info][gc           ] GC(10) 	7: 0
[3.043s][info][gc           ] GC(10) 	8: 0
[3.043s][info][gc           ] GC(10) 	9: 0
[3.043s][info][gc           ] GC(10) 	10: 0
[3.043s][info][gc           ] GC(10) 	11: 0
[3.043s][info][gc           ] GC(10) 	12: 0
[3.043s][info][gc           ] GC(10) 	13: 1322
[3.043s][info][gc           ] GC(10) 	14: 1689
[3.043s][info][gc           ] GC(10) 	15: 0
[3.044s][info][gc           ] GC(10) 	16: 0
[3.044s][info][gc           ] GC(10) 	17: 0
[3.044s][info][gc           ] GC(10) 	18: 0
[3.044s][info][gc           ] GC(10) 	19: 0
[3.044s][info][gc           ] GC(10) Obj size ac histogram
[3.044s][info][gc           ] GC(10) 	0: 43312
[3.044s][info][gc           ] GC(10) 	1: 0
[3.044s][info][gc           ] GC(10) 	2: 0
[3.044s][info][gc           ] GC(10) 	3: 0
[3.044s][info][gc           ] GC(10) 	4: 0
[3.044s][info][gc           ] GC(10) 	5: 0
[3.044s][info][gc           ] GC(10) 	6: 0
[3.044s][info][gc           ] GC(10) 	7: 0
[3.044s][info][gc           ] GC(10) 	8: 0
[3.044s][info][gc           ] GC(10) 	9: 0
[3.044s][info][gc           ] GC(10) 	10: 0
[3.044s][info][gc           ] GC(10) 	11: 0
[3.044s][info][gc           ] GC(10) 	12: 0
[3.044s][info][gc           ] GC(10) 	13: 12700
[3.044s][info][gc           ] GC(10) 	14: 27067
[3.044s][info][gc           ] GC(10) 	15: 0
[3.044s][info][gc           ] GC(10) 	16: 0
[3.044s][info][gc           ] GC(10) 	17: 0
[3.044s][info][gc           ] GC(10) 	18: 0
[3.044s][info][gc           ] GC(10) 	19: 0
[3.044s][info][gc,ergo      ] Free: 5272K, Max: 256K regular, 2560K humongous, Frag: 38% external, 23% internal; Reserve: 1024K, Max: 256K
[3.044s][info][gc,stats     ] 
[3.044s][info][gc,stats     ] All times are wall-clock times, except per-root-class counters, that are sum over
[3.044s][info][gc,stats     ] all workers. Dividing the <total> over the root stage time estimates parallelism.
[3.044s][info][gc,stats     ] 
[3.044s][info][gc,stats     ] Concurrent Reset                    164 us
[3.044s][info][gc,stats     ] Pause Init Mark (G)                1409 us
[3.044s][info][gc,stats     ] Pause Init Mark (N)                 932 us
[3.044s][info][gc,stats     ]   Accumulate Stats                    5 us
[3.044s][info][gc,stats     ]   Make Parsable                      30 us
[3.044s][info][gc,stats     ]   Update Region States                2 us
[3.044s][info][gc,stats     ]   Scan Roots                        788 us, parallelism: 1.47x
[3.044s][info][gc,stats     ]     S: <total>                     1160 us
[3.044s][info][gc,stats     ]     S: Thread Roots                 705 us, workers (us):  25, 680, ---, ---, ---, ---, ---, ---, ---, ---, ---, ---, ---, ---, ---, ---, ---, ---, ---, ---, ---, ---, ---, ---, 
[3.044s][info][gc,stats     ]     S: Universe Roots                 8 us, workers (us):   8, ---, ---, ---, ---, ---, ---, ---, ---, ---, ---, ---, ---, ---, ---, ---, ---, ---, ---, ---, ---, ---, ---, ---, 
[3.044s][info][gc,stats     ]     S: JNI Handles Roots              2 us, workers (us):   2, ---, ---, ---, ---, ---, ---, ---, ---, ---, ---, ---, ---, ---, ---, ---, ---, ---, ---, ---, ---, ---, ---, ---, 
[3.044s][info][gc,stats     ]     S: Synchronizer Roots             0 us, workers (us):   0, ---, ---, ---, ---, ---, ---, ---, ---, ---, ---, ---, ---, ---, ---, ---, ---, ---, ---, ---, ---, ---, ---, ---, 
[3.044s][info][gc,stats     ]     S: Management Roots               1 us, workers (us):   1, ---, ---, ---, ---, ---, ---, ---, ---, ---, ---, ---, ---, ---, ---, ---, ---, ---, ---, ---, ---, ---, ---, ---, 
[3.044s][info][gc,stats     ]     S: System Dict Roots             10 us, workers (us):  10, ---, ---, ---, ---, ---, ---, ---, ---, ---, ---, ---, ---, ---, ---, ---, ---, ---, ---, ---, ---, ---, ---, ---, 
[3.044s][info][gc,stats     ]     S: CLDG Roots                   434 us, workers (us): 434, ---, ---, ---, ---, ---, ---, ---, ---, ---, ---, ---, ---, ---, ---, ---, ---, ---, ---, ---, ---, ---, ---, ---, 
[3.044s][info][gc,stats     ]     S: JVMTI Roots                    0 us, workers (us):   0, ---, ---, ---, ---, ---, ---, ---, ---, ---, ---, ---, ---, ---, ---, ---, ---, ---, ---, ---, ---, ---, ---, ---, 
[3.044s][info][gc,stats     ]   Resize TLABs                        4 us
[3.044s][info][gc,stats     ] Concurrent Marking                28253 us
[3.044s][info][gc,stats     ] Concurrent Precleaning              339 us
[3.044s][info][gc,stats     ] Pause Final Mark (G)               1656 us
[3.044s][info][gc,stats     ] Pause Final Mark (N)               1436 us
[3.044s][info][gc,stats     ]   Finish Queues                     100 us
[3.044s][info][gc,stats     ]   Weak References                   461 us
[3.044s][info][gc,stats     ]     Process                         452 us
[3.044s][info][gc,stats     ]   System Purge                      370 us
[3.044s][info][gc,stats     ]     Weak Roots                      369 us
[3.044s][info][gc,stats     ]   Update Region States                4 us
[3.044s][info][gc,stats     ]   Retire TLABs                       19 us
[3.044s][info][gc,stats     ]   Choose Collection Set              66 us
[3.044s][info][gc,stats     ]   Rebuild Free Set                    7 us
[3.044s][info][gc,stats     ]   Initial Evacuation                388 us, parallelism: 0.98x
[3.044s][info][gc,stats     ]     E: <total>                      378 us
[3.044s][info][gc,stats     ]     E: Thread Roots                 211 us, workers (us):  21, 191, ---, ---, ---, ---, ---, ---, ---, ---, ---, ---, ---, ---, ---, ---, ---, ---, ---, ---, ---, ---, ---, ---, 
[3.044s][info][gc,stats     ]     E: Code Cache Roots               1 us, workers (us):   0,   0, ---, ---, ---, ---, ---, ---, ---, ---, ---, ---, ---, ---, ---, ---, ---, ---, ---, ---, ---, ---, ---, ---, 
[3.044s][info][gc,stats     ]     E: Universe Roots                 7 us, workers (us):   7, ---, ---, ---, ---, ---, ---, ---, ---, ---, ---, ---, ---, ---, ---, ---, ---, ---, ---, ---, ---, ---, ---, ---, 
[3.044s][info][gc,stats     ]     E: JNI Handles Roots              1 us, workers (us):   1, ---, ---, ---, ---, ---, ---, ---, ---, ---, ---, ---, ---, ---, ---, ---, ---, ---, ---, ---, ---, ---, ---, ---, 
[3.044s][info][gc,stats     ]     E: Synchronizer Roots             0 us, workers (us):   0, ---, ---, ---, ---, ---, ---, ---, ---, ---, ---, ---, ---, ---, ---, ---, ---, ---, ---, ---, ---, ---, ---, ---, 
[3.044s][info][gc,stats     ]     E: Management Roots               1 us, workers (us):   1, ---, ---, ---, ---, ---, ---, ---, ---, ---, ---, ---, ---, ---, ---, ---, ---, ---, ---, ---, ---, ---, ---, ---, 
[3.044s][info][gc,stats     ]     E: System Dict Roots              6 us, workers (us):   6, ---, ---, ---, ---, ---, ---, ---, ---, ---, ---, ---, ---, ---, ---, ---, ---, ---, ---, ---, ---, ---, ---, ---, 
[3.044s][info][gc,stats     ]     E: CLDG Roots                   151 us, workers (us): 151, ---, ---, ---, ---, ---, ---, ---, ---, ---, ---, ---, ---, ---, ---, ---, ---, ---, ---, ---, ---, ---, ---, ---, 
[3.044s][info][gc,stats     ]     E: JVMTI Roots                    0 us, workers (us):   0, ---, ---, ---, ---, ---, ---, ---, ---, ---, ---, ---, ---, ---, ---, ---, ---, ---, ---, ---, ---, ---, ---, ---, 
[3.044s][info][gc,stats     ] Concurrent Cleanup                    9 us
[3.044s][info][gc,stats     ] Concurrent Evacuation              3337 us
[3.044s][info][gc,stats     ] Pause Init  Update Refs (G)         487 us
[3.044s][info][gc,stats     ] Pause Init  Update Refs (N)          96 us
[3.044s][info][gc,stats     ]   Retire GCLABs                      71 us
[3.044s][info][gc,stats     ] Concurrent Update Refs            13624 us
[3.044s][info][gc,stats     ] Pause Final Update Refs (G)         754 us
[3.045s][info][gc,stats     ] Pause Final Update Refs (N)         339 us
[3.045s][info][gc,stats     ]   Update Roots                      301 us, parallelism: 0.95x
[3.045s][info][gc,stats     ]     UR: <total>                     287 us
[3.045s][info][gc,stats     ]     UR: Thread Roots                287 us, workers (us): 257,  30, ---, ---, ---, ---, ---, ---, ---, ---, ---, ---, ---, ---, ---, ---, ---, ---, ---, ---, ---, ---, ---, ---, 
[3.045s][info][gc,stats     ]   Update Region States                4 us
[3.045s][info][gc,stats     ]   Trash Collection Set                7 us
[3.045s][info][gc,stats     ]   Rebuild Free Set                    7 us
[3.045s][info][gc,stats     ] Concurrent Cleanup                  705 us
[3.045s][info][gc,stats     ] Pacing                            11169 us
[3.045s][info][gc,stats     ] 
[3.045s][info][gc,stats     ] Allocation pacing accrued:
[3.045s][info][gc,stats     ]      11 of   148 ms (  7.5%): main
[3.045s][info][gc,stats     ]      11 of   148 ms (  7.5%): <total>
[3.045s][info][gc,stats     ]       2 of   148 ms (  1.3%): <average total>
[3.045s][info][gc,stats     ]      11 of   148 ms (  7.5%): <average non-zero>
[3.045s][info][gc,stats     ] 
[3.045s][info][gc,metaspace ] Metaspace: 12968K->12968K(1060864K)
[3.045s][info][gc,ergo      ] Pacer for Idle. Initial: 327K, Alloc Tax Rate: 1.0x
[3.192s][info][gc           ] Trigger: Average GC time (45.48 ms) is above the time for allocation rate (21277 KB/s) to deplete free headroom (869K)
[3.192s][info][gc,ergo      ] Free headroom: 1688K (free) - 819K (spike) - 0B (penalties) = 869K
[3.192s][info][gc,ergo      ] Free: 1688K, Max: 256K regular, 256K humongous, Frag: 50% external, 49% internal; Reserve: 1024K, Max: 256K
[3.192s][info][gc,start     ] GC(11) Concurrent reset
[3.192s][info][gc,task      ] GC(11) Using 2 of 24 workers for concurrent reset
[3.192s][info][gc,ergo      ] GC(11) Pacer for Reset. Non-Taxable: 16384K
[3.192s][info][gc           ] GC(11) Concurrent reset 0.181ms
[3.193s][info][gc,start     ] GC(11) Pause Init Mark
[3.193s][info][gc,task      ] GC(11) Using 2 of 24 workers for init marking
[3.194s][info][gc,ergo      ] GC(11) Pacer for Mark. Expected Live: 4199K, Free: 1688K, Non-Taxable: 168K, Alloc Tax Rate: 3.0x
[3.194s][info][gc           ] GC(11) Pause Init Mark 1.611ms
[3.194s][info][gc,start     ] GC(11) Concurrent marking
[3.194s][info][gc,task      ] GC(11) Using 2 of 24 workers for concurrent marking
[3.224s][info][gc           ] GC(11) Concurrent marking 30.050ms
[3.224s][info][gc,start     ] GC(11) Pause Final Mark
[3.224s][info][gc,task      ] GC(11) Using 2 of 24 workers for final marking
[3.225s][info][gc,ergo      ] GC(11) Adaptive CSet Selection. Target Free: 2321K, Actual Free: 1280K, Max CSet: 682K, Min Garbage: 1041K
[3.225s][info][gc,ergo      ] GC(11) Collectable Garbage: 3725K (51%), Immediate: 0B (0%), CSet: 3725K (51%)
[3.225s][info][gc,ergo      ] GC(11) Pacer for Evacuation. Used CSet: 4352K, Free: 1444K, Non-Taxable: 144K, Alloc Tax Rate: 7.4x
[3.226s][info][gc           ] GC(11) Pause Final Mark 1.072ms
[3.226s][info][gc,start     ] GC(11) Concurrent cleanup
[3.226s][info][gc           ] GC(11) Concurrent cleanup 13M->13M(16M) 0.066ms
[3.226s][info][gc,ergo      ] GC(11) Free: 1336K, Max: 256K regular, 256K humongous, Frag: 0% external, 56% internal; Reserve: 1003K, Max: 256K
[3.226s][info][gc,start     ] GC(11) Concurrent evacuation
[3.226s][info][gc,task      ] GC(11) Using 2 of 24 workers for concurrent evacuation
[3.229s][info][gc           ] GC(11) Concurrent evacuation 3.201ms
[3.229s][info][gc,start     ] GC(11) Pause Init Update Refs
[3.229s][info][gc,ergo      ] GC(11) Pacer for Update Refs. Used: 15000K, Free: 1336K, Non-Taxable: 133K, Alloc Tax Rate: 13.7x
[3.229s][info][gc           ] GC(11) Pause Init Update Refs 0.121ms
[3.229s][info][gc,start     ] GC(11) Concurrent update references
[3.229s][info][gc,task      ] GC(11) Using 2 of 24 workers for concurrent reference update
[3.243s][info][gc           ] Failed to allocate TLAB, 107K
[3.243s][info][gc           ] Cancelling GC: Allocation Failure
[3.243s][info][gc           ] GC(11) Concurrent update references 13.730ms
[3.243s][info][gc,ergo      ] Free: 985K, Max: 191K regular, 0B humongous, Frag: 0% external, 51% internal; Reserve: 47904B, Max: 47904B
[3.243s][info][gc,stats     ] 
[3.243s][info][gc,stats     ] All times are wall-clock times, except per-root-class counters, that are sum over
[3.243s][info][gc,stats     ] all workers. Dividing the <total> over the root stage time estimates parallelism.
[3.243s][info][gc,stats     ] 
[3.243s][info][gc,stats     ] Concurrent Reset                    162 us
[3.243s][info][gc,stats     ] Pause Init Mark (G)                2056 us
[3.243s][info][gc,stats     ] Pause Init Mark (N)                1565 us
[3.243s][info][gc,stats     ]   Accumulate Stats                    5 us
[3.243s][info][gc,stats     ]   Make Parsable                      17 us
[3.243s][info][gc,stats     ]   Update Region States                2 us
[3.243s][info][gc,stats     ]   Scan Roots                       1416 us, parallelism: 1.66x
[3.243s][info][gc,stats     ]     S: <total>                     2355 us
[3.243s][info][gc,stats     ]     S: Thread Roots                1249 us, workers (us):  49, 1200, ---, ---, ---, ---, ---, ---, ---, ---, ---, ---, ---, ---, ---, ---, ---, ---, ---, ---, ---, ---, ---, ---, 
[3.243s][info][gc,stats     ]     S: Universe Roots                13 us, workers (us):  13, ---, ---, ---, ---, ---, ---, ---, ---, ---, ---, ---, ---, ---, ---, ---, ---, ---, ---, ---, ---, ---, ---, ---, 
[3.243s][info][gc,stats     ]     S: JNI Handles Roots              2 us, workers (us):   2, ---, ---, ---, ---, ---, ---, ---, ---, ---, ---, ---, ---, ---, ---, ---, ---, ---, ---, ---, ---, ---, ---, ---, 
[3.243s][info][gc,stats     ]     S: Synchronizer Roots             0 us, workers (us):   0, ---, ---, ---, ---, ---, ---, ---, ---, ---, ---, ---, ---, ---, ---, ---, ---, ---, ---, ---, ---, ---, ---, ---, 
[3.243s][info][gc,stats     ]     S: Management Roots               1 us, workers (us):   1, ---, ---, ---, ---, ---, ---, ---, ---, ---, ---, ---, ---, ---, ---, ---, ---, ---, ---, ---, ---, ---, ---, ---, 
[3.243s][info][gc,stats     ]     S: System Dict Roots             29 us, workers (us): ---,  29, ---, ---, ---, ---, ---, ---, ---, ---, ---, ---, ---, ---, ---, ---, ---, ---, ---, ---, ---, ---, ---, ---, 
[3.243s][info][gc,stats     ]     S: CLDG Roots                  1059 us, workers (us): 1059, ---, ---, ---, ---, ---, ---, ---, ---, ---, ---, ---, ---, ---, ---, ---, ---, ---, ---, ---, ---, ---, ---, ---, 
[3.243s][info][gc,stats     ]     S: JVMTI Roots                    1 us, workers (us):   1, ---, ---, ---, ---, ---, ---, ---, ---, ---, ---, ---, ---, ---, ---, ---, ---, ---, ---, ---, ---, ---, ---, ---, 
[3.243s][info][gc,stats     ]   Resize TLABs                        6 us
[3.243s][info][gc,stats     ] Concurrent Marking                30002 us
[3.243s][info][gc,stats     ] Pause Final Mark (G)               1285 us
[3.243s][info][gc,stats     ] Pause Final Mark (N)               1031 us
[3.243s][info][gc,stats     ]   Finish Queues                     111 us
[3.243s][info][gc,stats     ]   System Purge                      271 us
[3.243s][info][gc,stats     ]     Weak Roots                      271 us
[3.243s][info][gc,stats     ]   Update Region States                3 us
[3.243s][info][gc,stats     ]   Retire TLABs                       19 us
[3.243s][info][gc,stats     ]   Choose Collection Set              63 us
[3.243s][info][gc,stats     ]   Rebuild Free Set                    7 us
[3.243s][info][gc,stats     ]   Initial Evacuation                534 us, parallelism: 0.86x
[3.243s][info][gc,stats     ]     E: <total>                      460 us
[3.243s][info][gc,stats     ]     E: Thread Roots                 286 us, workers (us): 267,  19, ---, ---, ---, ---, ---, ---, ---, ---, ---, ---, ---, ---, ---, ---, ---, ---, ---, ---, ---, ---, ---, ---, 
[3.243s][info][gc,stats     ]     E: Code Cache Roots               1 us, workers (us):   1,   0, ---, ---, ---, ---, ---, ---, ---, ---, ---, ---, ---, ---, ---, ---, ---, ---, ---, ---, ---, ---, ---, ---, 
[3.243s][info][gc,stats     ]     E: Universe Roots                 5 us, workers (us):   5, ---, ---, ---, ---, ---, ---, ---, ---, ---, ---, ---, ---, ---, ---, ---, ---, ---, ---, ---, ---, ---, ---, ---, 
[3.243s][info][gc,stats     ]     E: JNI Handles Roots              1 us, workers (us):   1, ---, ---, ---, ---, ---, ---, ---, ---, ---, ---, ---, ---, ---, ---, ---, ---, ---, ---, ---, ---, ---, ---, ---, 
[3.243s][info][gc,stats     ]     E: Synchronizer Roots             0 us, workers (us):   0, ---, ---, ---, ---, ---, ---, ---, ---, ---, ---, ---, ---, ---, ---, ---, ---, ---, ---, ---, ---, ---, ---, ---, 
[3.243s][info][gc,stats     ]     E: Management Roots               2 us, workers (us):   2, ---, ---, ---, ---, ---, ---, ---, ---, ---, ---, ---, ---, ---, ---, ---, ---, ---, ---, ---, ---, ---, ---, ---, 
[3.243s][info][gc,stats     ]     E: System Dict Roots             22 us, workers (us):  22, ---, ---, ---, ---, ---, ---, ---, ---, ---, ---, ---, ---, ---, ---, ---, ---, ---, ---, ---, ---, ---, ---, ---, 
[3.243s][info][gc,stats     ]     E: CLDG Roots                   142 us, workers (us): ---, 142, ---, ---, ---, ---, ---, ---, ---, ---, ---, ---, ---, ---, ---, ---, ---, ---, ---, ---, ---, ---, ---, ---, 
[3.243s][info][gc,stats     ]     E: JVMTI Roots                    1 us, workers (us):   1, ---, ---, ---, ---, ---, ---, ---, ---, ---, ---, ---, ---, ---, ---, ---, ---, ---, ---, ---, ---, ---, ---, ---, 
[3.243s][info][gc,stats     ] Concurrent Cleanup                    6 us
[3.243s][info][gc,stats     ] Concurrent Evacuation              3186 us
[3.243s][info][gc,stats     ] Pause Init  Update Refs (G)         437 us
[3.243s][info][gc,stats     ] Pause Init  Update Refs (N)          80 us
[3.243s][info][gc,stats     ]   Retire GCLABs                      56 us
[3.243s][info][gc,stats     ] Concurrent Update Refs            13705 us
[3.243s][info][gc,stats     ] Pacing                            22237 us
[3.243s][info][gc,stats     ] 
[3.243s][info][gc,stats     ] Allocation pacing accrued:
[3.243s][info][gc,stats     ]      22 of   199 ms ( 11.2%): main
[3.243s][info][gc,stats     ]      22 of   199 ms ( 11.2%): <total>
[3.243s][info][gc,stats     ]       4 of   199 ms (  1.9%): <average total>
[3.243s][info][gc,stats     ]      22 of   199 ms ( 11.2%): <average non-zero>
[3.243s][info][gc,stats     ] 
[3.243s][info][gc,metaspace ] Metaspace: 13126K->13126K(1060864K)
[3.243s][info][gc,ergo      ] Pacer for Idle. Initial: 327K, Alloc Tax Rate: 1.0x
[3.245s][info][gc           ] Trigger: Handle Allocation Failure
[3.245s][info][gc,ergo      ] Free: 985K, Max: 191K regular, 0B humongous, Frag: 0% external, 51% internal; Reserve: 47904B, Max: 47904B
[3.245s][info][gc,start     ] GC(12) Pause Degenerated GC (Update Refs)
[3.245s][info][gc,task      ] GC(12) Using 13 of 24 workers for stw degenerated gc
[3.249s][info][gc,ergo      ] GC(12) Good progress for free space: 4360K, need 163K
[3.249s][info][gc,ergo      ] GC(12) Good progress for used space: 4352K, need 256K
[3.249s][info][gc           ] GC(12) Pause Degenerated GC (Update Refs) 14M->10M(16M) 4.253ms
[3.249s][info][gc,ergo      ] Free: 4360K, Max: 256K regular, 1792K humongous, Frag: 47% external, 22% internal; Reserve: 1024K, Max: 256K
[3.249s][info][gc,stats     ] 
[3.249s][info][gc,stats     ] All times are wall-clock times, except per-root-class counters, that are sum over
[3.249s][info][gc,stats     ] all workers. Dividing the <total> over the root stage time estimates parallelism.
[3.249s][info][gc,stats     ] 
[3.249s][info][gc,stats     ]   Finish Work                      3144 us
[3.249s][info][gc,stats     ]   Update Region States                3 us
[3.249s][info][gc,stats     ]   Trash Collection Set                4 us
[3.249s][info][gc,stats     ]   Rebuild Free Set                    6 us
[3.249s][info][gc,stats     ] Pause Degenerated GC (G)           4593 us
[3.249s][info][gc,stats     ] Pause Degenerated GC (N)           4211 us
[3.249s][info][gc,stats     ]   Degen Update Roots                350 us, parallelism: 2.23x
[3.249s][info][gc,stats     ]     DU: <total>                     782 us
[3.249s][info][gc,stats     ]     DU: Thread Roots                258 us, workers (us):   5, 177,   2,  20,   1,   1,   2,   3,  22,   1,   1,  23,   2, ---, ---, ---, ---, ---, ---, ---, ---, ---, ---, ---, 
[3.249s][info][gc,stats     ]     DU: Code Cache Roots              5 us, workers (us):   1,   1,   1,   1,   0,   0,   0,   0,   0,   0,   0,   1,   0, ---, ---, ---, ---, ---, ---, ---, ---, ---, ---, ---, 
[3.249s][info][gc,stats     ]     DU: Universe Roots                9 us, workers (us):   9, ---, ---, ---, ---, ---, ---, ---, ---, ---, ---, ---, ---, ---, ---, ---, ---, ---, ---, ---, ---, ---, ---, ---, 
[3.249s][info][gc,stats     ]     DU: JNI Handles Roots             4 us, workers (us): ---,   4, ---, ---, ---, ---, ---, ---, ---, ---, ---, ---, ---, ---, ---, ---, ---, ---, ---, ---, ---, ---, ---, ---, 
[3.249s][info][gc,stats     ]     DU: Synchronizer Roots            0 us, workers (us):   0, ---, ---, ---, ---, ---, ---, ---, ---, ---, ---, ---, ---, ---, ---, ---, ---, ---, ---, ---, ---, ---, ---, ---, 
[3.249s][info][gc,stats     ]     DU: Management Roots              2 us, workers (us):   2, ---, ---, ---, ---, ---, ---, ---, ---, ---, ---, ---, ---, ---, ---, ---, ---, ---, ---, ---, ---, ---, ---, ---, 
[3.249s][info][gc,stats     ]     DU: System Dict Roots            15 us, workers (us):  15, ---, ---, ---, ---, ---, ---, ---, ---, ---, ---, ---, ---, ---, ---, ---, ---, ---, ---, ---, ---, ---, ---, ---, 
[3.249s][info][gc,stats     ]     DU: CLDG Roots                  487 us, workers (us): ---, ---, ---, ---, 183,  44,  41, ---, ---, 128,  45, ---,  46, ---, ---, ---, ---, ---, ---, ---, ---, ---, ---, ---, 
[3.249s][info][gc,stats     ]     DU: JVMTI Roots                   1 us, workers (us): ---, ---,   1, ---, ---, ---, ---, ---, ---, ---, ---, ---, ---, ---, ---, ---, ---, ---, ---, ---, ---, ---, ---, ---, 
[3.249s][info][gc,stats     ] 
[3.249s][info][gc,stats     ] Allocation pacing accrued:
[3.249s][info][gc,stats     ]       0 of     6 ms (  0.0%): <total>
[3.249s][info][gc,stats     ]       0 of     6 ms (  0.0%): <average total>
[3.249s][info][gc,stats     ] 
[3.249s][info][gc,metaspace ] Metaspace: 13126K->13126K(1060864K)
[3.249s][info][gc,ergo      ] Pacer for Idle. Initial: 327K, Alloc Tax Rate: 1.0x
[3.282s][info][gc           ] Trigger: Average GC time (45.48 ms) is above the time for allocation rate (23339 KB/s) to deplete free headroom (1027K)
[3.282s][info][gc,ergo      ] Free headroom: 3484K (free) - 819K (spike) - 1638K (penalties) = 1027K
[3.282s][info][gc,ergo      ] Free: 3484K, Max: 256K regular, 1792K humongous, Frag: 23% external, 28% internal; Reserve: 1024K, Max: 256K
[3.282s][info][gc,start     ] GC(13) Concurrent reset
[3.282s][info][gc,task      ] GC(13) Using 2 of 24 workers for concurrent reset
[3.282s][info][gc,ergo      ] GC(13) Pacer for Reset. Non-Taxable: 16384K
[3.282s][info][gc           ] GC(13) Concurrent reset 0.182ms
[3.283s][info][gc,start     ] GC(13) Pause Init Mark
[3.283s][info][gc,task      ] GC(13) Using 2 of 24 workers for init marking
[3.284s][info][gc,ergo      ] GC(13) Pacer for Mark. Expected Live: 4863K, Free: 3484K, Non-Taxable: 348K, Alloc Tax Rate: 1.7x
[3.284s][info][gc           ] GC(13) Pause Init Mark 1.677ms
[3.284s][info][gc,start     ] GC(13) Concurrent marking
[3.284s][info][gc,task      ] GC(13) Using 2 of 24 workers for concurrent marking
[3.314s][info][gc           ] GC(13) Concurrent marking 29.150ms
[3.314s][info][gc,start     ] GC(13) Pause Final Mark
[3.314s][info][gc,task      ] GC(13) Using 2 of 24 workers for final marking
[3.314s][info][gc,ergo      ] GC(13) Adaptive CSet Selection. Target Free: 2321K, Actual Free: 2816K, Max CSet: 682K, Min Garbage: 0B
[3.314s][info][gc,ergo      ] GC(13) Collectable Garbage: 2444K (46%), Immediate: 0B (0%), CSet: 2444K (46%)
[3.315s][info][gc,ergo      ] GC(13) Pacer for Evacuation. Used CSet: 3072K, Free: 2993K, Non-Taxable: 299K, Alloc Tax Rate: 2.5x
[3.315s][info][gc           ] GC(13) Pause Final Mark 1.004ms
[3.315s][info][gc,start     ] GC(13) Concurrent cleanup
[3.315s][info][gc           ] GC(13) Concurrent cleanup 12M->12M(16M) 0.024ms
[3.315s][info][gc,ergo      ] GC(13) Free: 2906K, Max: 256K regular, 1792K humongous, Frag: 0% external, 33% internal; Reserve: 1017K, Max: 256K
[3.315s][info][gc,start     ] GC(13) Concurrent evacuation
[3.315s][info][gc,task      ] GC(13) Using 2 of 24 workers for concurrent evacuation
[3.321s][info][gc           ] GC(13) Concurrent evacuation 5.814ms
[3.321s][info][gc,start     ] GC(13) Pause Init Update Refs
[3.321s][info][gc,ergo      ] GC(13) Pacer for Update Refs. Used: 13222K, Free: 2906K, Non-Taxable: 290K, Alloc Tax Rate: 5.6x
[3.321s][info][gc           ] GC(13) Pause Init Update Refs 0.092ms
[3.321s][info][gc,start     ] GC(13) Concurrent update references
[3.321s][info][gc,task      ] GC(13) Using 2 of 24 workers for concurrent reference update
[3.341s][info][gc           ] GC(13) Concurrent update references 19.533ms
[3.341s][info][gc,start     ] GC(13) Pause Final Update Refs
[3.341s][info][gc,task      ] GC(13) Using 2 of 24 workers for final reference update
[3.342s][info][gc           ] GC(13) Pause Final Update Refs 0.880ms
[3.342s][info][gc,start     ] GC(13) Concurrent cleanup
[3.342s][info][gc           ] GC(13) Concurrent cleanup 13M->10M(16M) 0.381ms
[3.342s][info][gc           ] GC(13) Dat log --- cycle is complete
Current gc epoch: 11
heap: ______
capacity: 16777216
used: 10739168
committed: 16777216
bytes_allocated_since_gc_start: 938072
hot_size: 42391
cold_size: 118146
num_regions: 64
hot_region_count: 6
cold_region_count: 26
histogram: Placeholder

[3.342s][info][gc           ] GC(13) Obj count ac histogram
[3.342s][info][gc           ] GC(13) 	0: 17097
[3.342s][info][gc           ] GC(13) 	1: 0
[3.342s][info][gc           ] GC(13) 	2: 0
[3.342s][info][gc           ] GC(13) 	3: 0
[3.342s][info][gc           ] GC(13) 	4: 0
[3.342s][info][gc           ] GC(13) 	5: 0
[3.342s][info][gc           ] GC(13) 	6: 0
[3.342s][info][gc           ] GC(13) 	7: 0
[3.342s][info][gc           ] GC(13) 	8: 0
[3.342s][info][gc           ] GC(13) 	9: 0
[3.342s][info][gc           ] GC(13) 	10: 0
[3.342s][info][gc           ] GC(13) 	11: 0
[3.342s][info][gc           ] GC(13) 	12: 0
[3.342s][info][gc           ] GC(13) 	13: 2238
[3.342s][info][gc           ] GC(13) 	14: 1465
[3.343s][info][gc           ] GC(13) 	15: 0
[3.343s][info][gc           ] GC(13) 	16: 0
[3.343s][info][gc           ] GC(13) 	17: 0
[3.343s][info][gc           ] GC(13) 	18: 0
[3.343s][info][gc           ] GC(13) 	19: 0
[3.343s][info][gc           ] GC(13) Obj size ac histogram
[3.343s][info][gc           ] GC(13) 	0: 110453
[3.343s][info][gc           ] GC(13) 	1: 0
[3.343s][info][gc           ] GC(13) 	2: 0
[3.343s][info][gc           ] GC(13) 	3: 0
[3.343s][info][gc           ] GC(13) 	4: 0
[3.343s][info][gc           ] GC(13) 	5: 0
[3.343s][info][gc           ] GC(13) 	6: 0
[3.343s][info][gc           ] GC(13) 	7: 0
[3.343s][info][gc           ] GC(13) 	8: 0
[3.343s][info][gc           ] GC(13) 	9: 0
[3.343s][info][gc           ] GC(13) 	10: 0
[3.343s][info][gc           ] GC(13) 	11: 0
[3.343s][info][gc           ] GC(13) 	12: 0
[3.343s][info][gc           ] GC(13) 	13: 24323
[3.343s][info][gc           ] GC(13) 	14: 17844
[3.343s][info][gc           ] GC(13) 	15: 0
[3.343s][info][gc           ] GC(13) 	16: 0
[3.343s][info][gc           ] GC(13) 	17: 0
[3.343s][info][gc           ] GC(13) 	18: 0
[3.343s][info][gc           ] GC(13) 	19: 0
[3.343s][info][gc,ergo      ] Free: 4872K, Max: 256K regular, 2304K humongous, Frag: 40% external, 20% internal; Reserve: 1024K, Max: 256K
[3.343s][info][gc,stats     ] 
[3.343s][info][gc,stats     ] All times are wall-clock times, except per-root-class counters, that are sum over
[3.343s][info][gc,stats     ] all workers. Dividing the <total> over the root stage time estimates parallelism.
[3.343s][info][gc,stats     ] 
[3.343s][info][gc,stats     ] Concurrent Reset                    175 us
[3.343s][info][gc,stats     ] Pause Init Mark (G)                2087 us
[3.343s][info][gc,stats     ] Pause Init Mark (N)                1635 us
[3.343s][info][gc,stats     ]   Accumulate Stats                    5 us
[3.343s][info][gc,stats     ]   Make Parsable                      19 us
[3.343s][info][gc,stats     ]   Update Region States                2 us
[3.343s][info][gc,stats     ]   Scan Roots                       1487 us, parallelism: 1.40x
[3.343s][info][gc,stats     ]     S: <total>                     2079 us
[3.343s][info][gc,stats     ]     S: Thread Roots                 711 us, workers (us): 710,   1, ---, ---, ---, ---, ---, ---, ---, ---, ---, ---, ---, ---, ---, ---, ---, ---, ---, ---, ---, ---, ---, ---, 
[3.343s][info][gc,stats     ]     S: Universe Roots                24 us, workers (us): ---,  24, ---, ---, ---, ---, ---, ---, ---, ---, ---, ---, ---, ---, ---, ---, ---, ---, ---, ---, ---, ---, ---, ---, 
[3.343s][info][gc,stats     ]     S: JNI Handles Roots              4 us, workers (us): ---,   4, ---, ---, ---, ---, ---, ---, ---, ---, ---, ---, ---, ---, ---, ---, ---, ---, ---, ---, ---, ---, ---, ---, 
[3.343s][info][gc,stats     ]     S: Synchronizer Roots             1 us, workers (us):   1, ---, ---, ---, ---, ---, ---, ---, ---, ---, ---, ---, ---, ---, ---, ---, ---, ---, ---, ---, ---, ---, ---, ---, 
[3.343s][info][gc,stats     ]     S: Management Roots               2 us, workers (us):   2, ---, ---, ---, ---, ---, ---, ---, ---, ---, ---, ---, ---, ---, ---, ---, ---, ---, ---, ---, ---, ---, ---, ---, 
[3.343s][info][gc,stats     ]     S: System Dict Roots             29 us, workers (us):  29, ---, ---, ---, ---, ---, ---, ---, ---, ---, ---, ---, ---, ---, ---, ---, ---, ---, ---, ---, ---, ---, ---, ---, 
[3.343s][info][gc,stats     ]     S: CLDG Roots                  1308 us, workers (us): ---, 1308, ---, ---, ---, ---, ---, ---, ---, ---, ---, ---, ---, ---, ---, ---, ---, ---, ---, ---, ---, ---, ---, ---, 
[3.343s][info][gc,stats     ]     S: JVMTI Roots                    1 us, workers (us): ---,   1, ---, ---, ---, ---, ---, ---, ---, ---, ---, ---, ---, ---, ---, ---, ---, ---, ---, ---, ---, ---, ---, ---, 
[3.343s][info][gc,stats     ]   Resize TLABs                        6 us
[3.343s][info][gc,stats     ] Concurrent Marking                29118 us
[3.343s][info][gc,stats     ] Pause Final Mark (G)               1235 us
[3.343s][info][gc,stats     ] Pause Final Mark (N)                963 us
[3.343s][info][gc,stats     ]   Finish Queues                     100 us
[3.343s][info][gc,stats     ]   System Purge                      229 us
[3.343s][info][gc,stats     ]     Weak Roots                      228 us
[3.343s][info][gc,stats     ]   Update Region States                6 us
[3.343s][info][gc,stats     ]   Retire TLABs                       20 us
[3.343s][info][gc,stats     ]   Choose Collection Set              67 us
[3.343s][info][gc,stats     ]   Rebuild Free Set                    7 us
[3.343s][info][gc,stats     ]   Initial Evacuation                512 us, parallelism: 1.04x
[3.343s][info][gc,stats     ]     E: <total>                      534 us
[3.343s][info][gc,stats     ]     E: Thread Roots                 310 us, workers (us):  30, 280, ---, ---, ---, ---, ---, ---, ---, ---, ---, ---, ---, ---, ---, ---, ---, ---, ---, ---, ---, ---, ---, ---, 
[3.343s][info][gc,stats     ]     E: Code Cache Roots               1 us, workers (us):   0,   1, ---, ---, ---, ---, ---, ---, ---, ---, ---, ---, ---, ---, ---, ---, ---, ---, ---, ---, ---, ---, ---, ---, 
[3.343s][info][gc,stats     ]     E: Universe Roots                 4 us, workers (us):   4, ---, ---, ---, ---, ---, ---, ---, ---, ---, ---, ---, ---, ---, ---, ---, ---, ---, ---, ---, ---, ---, ---, ---, 
[3.343s][info][gc,stats     ]     E: JNI Handles Roots              2 us, workers (us): ---,   2, ---, ---, ---, ---, ---, ---, ---, ---, ---, ---, ---, ---, ---, ---, ---, ---, ---, ---, ---, ---, ---, ---, 
[3.343s][info][gc,stats     ]     E: Synchronizer Roots             0 us, workers (us):   0, ---, ---, ---, ---, ---, ---, ---, ---, ---, ---, ---, ---, ---, ---, ---, ---, ---, ---, ---, ---, ---, ---, ---, 
[3.343s][info][gc,stats     ]     E: Management Roots               1 us, workers (us):   1, ---, ---, ---, ---, ---, ---, ---, ---, ---, ---, ---, ---, ---, ---, ---, ---, ---, ---, ---, ---, ---, ---, ---, 
[3.343s][info][gc,stats     ]     E: System Dict Roots              8 us, workers (us):   8, ---, ---, ---, ---, ---, ---, ---, ---, ---, ---, ---, ---, ---, ---, ---, ---, ---, ---, ---, ---, ---, ---, ---, 
[3.343s][info][gc,stats     ]     E: CLDG Roots                   207 us, workers (us): 207, ---, ---, ---, ---, ---, ---, ---, ---, ---, ---, ---, ---, ---, ---, ---, ---, ---, ---, ---, ---, ---, ---, ---, 
[3.343s][info][gc,stats     ]     E: JVMTI Roots                    1 us, workers (us): ---,   1, ---, ---, ---, ---, ---, ---, ---, ---, ---, ---, ---, ---, ---, ---, ---, ---, ---, ---, ---, ---, ---, ---, 
[3.343s][info][gc,stats     ] Concurrent Cleanup                    3 us
[3.343s][info][gc,stats     ] Concurrent Evacuation              5806 us
[3.343s][info][gc,stats     ] Pause Init  Update Refs (G)         427 us
[3.343s][info][gc,stats     ] Pause Init  Update Refs (N)          50 us
[3.343s][info][gc,stats     ]   Retire GCLABs                      30 us
[3.343s][info][gc,stats     ] Concurrent Update Refs            19510 us
[3.343s][info][gc,stats     ] Pause Final Update Refs (G)        1357 us
[3.343s][info][gc,stats     ] Pause Final Update Refs (N)         836 us
[3.343s][info][gc,stats     ]   Update Roots                      777 us, parallelism: 0.93x
[3.343s][info][gc,stats     ]     UR: <total>                     724 us
[3.343s][info][gc,stats     ]     UR: Thread Roots                724 us, workers (us): 692,  32, ---, ---, ---, ---, ---, ---, ---, ---, ---, ---, ---, ---, ---, ---, ---, ---, ---, ---, ---, ---, ---, ---, 
[3.343s][info][gc,stats     ]   Update Region States                3 us
[3.343s][info][gc,stats     ]   Trash Collection Set                4 us
[3.343s][info][gc,stats     ]   Rebuild Free Set                    7 us
[3.343s][info][gc,stats     ] Concurrent Cleanup                  347 us
[3.343s][info][gc,stats     ] Pacing                            11184 us
[3.343s][info][gc,stats     ] 
[3.343s][info][gc,stats     ] Allocation pacing accrued:
[3.343s][info][gc,stats     ]      11 of    94 ms ( 11.9%): main
[3.343s][info][gc,stats     ]      11 of    94 ms ( 11.9%): <total>
[3.343s][info][gc,stats     ]       2 of    94 ms (  2.0%): <average total>
[3.343s][info][gc,stats     ]      11 of    94 ms ( 11.9%): <average non-zero>
[3.343s][info][gc,stats     ] 
[3.343s][info][gc,metaspace ] Metaspace: 13126K->13217K(1060864K)
[3.343s][info][gc,ergo      ] Pacer for Idle. Initial: 327K, Alloc Tax Rate: 1.0x
[3.389s][info][gc           ] Trigger: Average GC time (48.89 ms) is above the time for allocation rate (22982 KB/s) to deplete free headroom (1042K)
[3.389s][info][gc,ergo      ] Free headroom: 3336K (free) - 819K (spike) - 1474K (penalties) = 1042K
[3.389s][info][gc,ergo      ] Free: 3336K, Max: 256K regular, 2048K humongous, Frag: 12% external, 27% internal; Reserve: 1024K, Max: 256K
[3.389s][info][gc,start     ] GC(14) Concurrent reset
[3.389s][info][gc,task      ] GC(14) Using 2 of 24 workers for concurrent reset
[3.389s][info][gc,ergo      ] GC(14) Pacer for Reset. Non-Taxable: 16384K
[3.389s][info][gc           ] GC(14) Concurrent reset 0.168ms
[3.389s][info][gc,start     ] GC(14) Pause Init Mark
[3.389s][info][gc,task      ] GC(14) Using 2 of 24 workers for init marking
[3.392s][info][gc,ergo      ] GC(14) Pacer for Mark. Expected Live: 5542K, Free: 3336K, Non-Taxable: 333K, Alloc Tax Rate: 2.0x
[3.392s][info][gc           ] GC(14) Pause Init Mark 2.975ms
[3.392s][info][gc,start     ] GC(14) Concurrent marking
[3.392s][info][gc,task      ] GC(14) Using 2 of 24 workers for concurrent marking
[3.423s][info][gc           ] GC(14) Concurrent marking 30.141ms
[3.423s][info][gc,start     ] GC(14) Pause Final Mark
[3.423s][info][gc,task      ] GC(14) Using 2 of 24 workers for final marking
[3.423s][info][gc,ergo      ] GC(14) Adaptive CSet Selection. Target Free: 2321K, Actual Free: 2816K, Max CSet: 682K, Min Garbage: 0B
[3.423s][info][gc,ergo      ] GC(14) Collectable Garbage: 2735K (52%), Immediate: 0B (0%), CSet: 2735K (52%)
[3.424s][info][gc,ergo      ] GC(14) Pacer for Evacuation. Used CSet: 3328K, Free: 2982K, Non-Taxable: 298K, Alloc Tax Rate: 2.7x
[3.424s][info][gc           ] GC(14) Pause Final Mark 1.222ms
[3.424s][info][gc,start     ] GC(14) Concurrent cleanup
[3.424s][info][gc           ] GC(14) Concurrent cleanup 12M->12M(16M) 0.033ms
[3.424s][info][gc,ergo      ] GC(14) Free: 2982K, Max: 256K regular, 1536K humongous, Frag: 15% external, 31% internal; Reserve: 1007K, Max: 256K
[3.424s][info][gc,start     ] GC(14) Concurrent evacuation
[3.424s][info][gc,task      ] GC(14) Using 2 of 24 workers for concurrent evacuation
[3.426s][info][gc           ] GC(14) Concurrent evacuation 2.285ms
[3.427s][info][gc,start     ] GC(14) Pause Init Update Refs
[3.427s][info][gc,ergo      ] GC(14) Pacer for Update Refs. Used: 13372K, Free: 2885K, Non-Taxable: 288K, Alloc Tax Rate: 5.7x
[3.427s][info][gc           ] GC(14) Pause Init Update Refs 0.131ms
[3.427s][info][gc,start     ] GC(14) Concurrent update references
[3.427s][info][gc,task      ] GC(14) Using 2 of 24 workers for concurrent reference update
[3.453s][info][gc           ] GC(14) Concurrent update references 26.548ms
[3.454s][info][gc,start     ] GC(14) Pause Final Update Refs
[3.454s][info][gc,task      ] GC(14) Using 2 of 24 workers for final reference update
[3.454s][info][gc           ] GC(14) Pause Final Update Refs 0.432ms
[3.454s][info][gc,start     ] GC(14) Concurrent cleanup
[3.454s][info][gc           ] GC(14) Concurrent cleanup 13M->10M(16M) 0.475ms
[3.454s][info][gc           ] GC(14) Dat log --- cycle is complete
Current gc epoch: 12
heap: ______
capacity: 16777216
used: 10809928
committed: 16777216
bytes_allocated_since_gc_start: 986216
hot_size: 20476
cold_size: 55412
num_regions: 64
hot_region_count: 7
cold_region_count: 29
histogram: Placeholder

[3.454s][info][gc           ] GC(14) Obj count ac histogram
[3.454s][info][gc           ] GC(14) 	0: 7448
[3.454s][info][gc           ] GC(14) 	1: 0
[3.455s][info][gc           ] GC(14) 	2: 0
[3.455s][info][gc           ] GC(14) 	3: 0
[3.455s][info][gc           ] GC(14) 	4: 0
[3.455s][info][gc           ] GC(14) 	5: 0
[3.455s][info][gc           ] GC(14) 	6: 0
[3.455s][info][gc           ] GC(14) 	7: 0
[3.455s][info][gc           ] GC(14) 	8: 0
[3.455s][info][gc           ] GC(14) 	9: 0
[3.455s][info][gc           ] GC(14) 	10: 0
[3.455s][info][gc           ] GC(14) 	11: 0
[3.455s][info][gc           ] GC(14) 	12: 0
[3.455s][info][gc           ] GC(14) 	13: 1153
[3.455s][info][gc           ] GC(14) 	14: 644
[3.455s][info][gc           ] GC(14) 	15: 0
[3.455s][info][gc           ] GC(14) 	16: 0
[3.455s][info][gc           ] GC(14) 	17: 0
[3.455s][info][gc           ] GC(14) 	18: 0
[3.455s][info][gc           ] GC(14) 	19: 0
[3.455s][info][gc           ] GC(14) Obj size ac histogram
[3.455s][info][gc           ] GC(14) 	0: 50768
[3.455s][info][gc           ] GC(14) 	1: 0
[3.455s][info][gc           ] GC(14) 	2: 0
[3.455s][info][gc           ] GC(14) 	3: 0
[3.455s][info][gc           ] GC(14) 	4: 0
[3.455s][info][gc           ] GC(14) 	5: 0
[3.455s][info][gc           ] GC(14) 	6: 0
[3.455s][info][gc           ] GC(14) 	7: 0
[3.455s][info][gc           ] GC(14) 	8: 0
[3.455s][info][gc           ] GC(14) 	9: 0
[3.455s][info][gc           ] GC(14) 	10: 0
[3.455s][info][gc           ] GC(14) 	11: 0
[3.455s][info][gc           ] GC(14) 	12: 0
[3.455s][info][gc           ] GC(14) 	13: 10812
[3.455s][info][gc           ] GC(14) 	14: 9607
[3.455s][info][gc           ] GC(14) 	15: 0
[3.455s][info][gc           ] GC(14) 	16: 0
[3.455s][info][gc           ] GC(14) 	17: 0
[3.455s][info][gc           ] GC(14) 	18: 0
[3.455s][info][gc           ] GC(14) 	19: 0
[3.455s][info][gc,ergo      ] Free: 4803K, Max: 256K regular, 2048K humongous, Frag: 43% external, 24% internal; Reserve: 1024K, Max: 256K
[3.455s][info][gc,stats     ] 
[3.455s][info][gc,stats     ] All times are wall-clock times, except per-root-class counters, that are sum over
[3.455s][info][gc,stats     ] all workers. Dividing the <total> over the root stage time estimates parallelism.
[3.455s][info][gc,stats     ] 
[3.455s][info][gc,stats     ] Concurrent Reset                    153 us
[3.455s][info][gc,stats     ] Pause Init Mark (G)                3357 us
[3.455s][info][gc,stats     ] Pause Init Mark (N)                2932 us
[3.455s][info][gc,stats     ]   Accumulate Stats                    5 us
[3.455s][info][gc,stats     ]   Make Parsable                      13 us
[3.455s][info][gc,stats     ]   Update Region States                2 us
[3.455s][info][gc,stats     ]   Scan Roots                       2777 us, parallelism: 1.16x
[3.455s][info][gc,stats     ]     S: <total>                     3213 us
[3.455s][info][gc,stats     ]     S: Thread Roots                2609 us, workers (us): 2577,  32, ---, ---, ---, ---, ---, ---, ---, ---, ---, ---, ---, ---, ---, ---, ---, ---, ---, ---, ---, ---, ---, ---, 
[3.455s][info][gc,stats     ]     S: Universe Roots                16 us, workers (us):  16, ---, ---, ---, ---, ---, ---, ---, ---, ---, ---, ---, ---, ---, ---, ---, ---, ---, ---, ---, ---, ---, ---, ---, 
[3.455s][info][gc,stats     ]     S: JNI Handles Roots              3 us, workers (us): ---,   3, ---, ---, ---, ---, ---, ---, ---, ---, ---, ---, ---, ---, ---, ---, ---, ---, ---, ---, ---, ---, ---, ---, 
[3.455s][info][gc,stats     ]     S: Synchronizer Roots             0 us, workers (us): ---,   0, ---, ---, ---, ---, ---, ---, ---, ---, ---, ---, ---, ---, ---, ---, ---, ---, ---, ---, ---, ---, ---, ---, 
[3.455s][info][gc,stats     ]     S: Management Roots               1 us, workers (us):   1, ---, ---, ---, ---, ---, ---, ---, ---, ---, ---, ---, ---, ---, ---, ---, ---, ---, ---, ---, ---, ---, ---, ---, 
[3.455s][info][gc,stats     ]     S: System Dict Roots             21 us, workers (us):  21, ---, ---, ---, ---, ---, ---, ---, ---, ---, ---, ---, ---, ---, ---, ---, ---, ---, ---, ---, ---, ---, ---, ---, 
[3.455s][info][gc,stats     ]     S: CLDG Roots                   562 us, workers (us): ---, 562, ---, ---, ---, ---, ---, ---, ---, ---, ---, ---, ---, ---, ---, ---, ---, ---, ---, ---, ---, ---, ---, ---, 
[3.455s][info][gc,stats     ]     S: JVMTI Roots                    0 us, workers (us): ---,   0, ---, ---, ---, ---, ---, ---, ---, ---, ---, ---, ---, ---, ---, ---, ---, ---, ---, ---, ---, ---, ---, ---, 
[3.455s][info][gc,stats     ]   Resize TLABs                        6 us
[3.455s][info][gc,stats     ] Concurrent Marking                30107 us
[3.455s][info][gc,stats     ] Pause Final Mark (G)               1348 us
[3.455s][info][gc,stats     ] Pause Final Mark (N)               1208 us
[3.455s][info][gc,stats     ]   Finish Queues                      44 us
[3.455s][info][gc,stats     ]   System Purge                      199 us
[3.455s][info][gc,stats     ]     Weak Roots                      199 us
[3.455s][info][gc,stats     ]   Update Region States                1 us
[3.455s][info][gc,stats     ]   Retire TLABs                        3 us
[3.455s][info][gc,stats     ]   Choose Collection Set              26 us
[3.455s][info][gc,stats     ]   Rebuild Free Set                    2 us
[3.455s][info][gc,stats     ]   Initial Evacuation                925 us, parallelism: 0.91x
[3.455s][info][gc,stats     ]     E: <total>                      840 us
[3.455s][info][gc,stats     ]     E: Thread Roots                 681 us, workers (us):  18, 663, ---, ---, ---, ---, ---, ---, ---, ---, ---, ---, ---, ---, ---, ---, ---, ---, ---, ---, ---, ---, ---, ---, 
[3.455s][info][gc,stats     ]     E: Code Cache Roots               1 us, workers (us):   0,   1, ---, ---, ---, ---, ---, ---, ---, ---, ---, ---, ---, ---, ---, ---, ---, ---, ---, ---, ---, ---, ---, ---, 
[3.455s][info][gc,stats     ]     E: Universe Roots                 2 us, workers (us):   2, ---, ---, ---, ---, ---, ---, ---, ---, ---, ---, ---, ---, ---, ---, ---, ---, ---, ---, ---, ---, ---, ---, ---, 
[3.455s][info][gc,stats     ]     E: JNI Handles Roots              2 us, workers (us): ---,   2, ---, ---, ---, ---, ---, ---, ---, ---, ---, ---, ---, ---, ---, ---, ---, ---, ---, ---, ---, ---, ---, ---, 
[3.455s][info][gc,stats     ]     E: Synchronizer Roots             1 us, workers (us): ---,   1, ---, ---, ---, ---, ---, ---, ---, ---, ---, ---, ---, ---, ---, ---, ---, ---, ---, ---, ---, ---, ---, ---, 
[3.455s][info][gc,stats     ]     E: Management Roots               2 us, workers (us): ---,   2, ---, ---, ---, ---, ---, ---, ---, ---, ---, ---, ---, ---, ---, ---, ---, ---, ---, ---, ---, ---, ---, ---, 
[3.455s][info][gc,stats     ]     E: System Dict Roots              6 us, workers (us):   6, ---, ---, ---, ---, ---, ---, ---, ---, ---, ---, ---, ---, ---, ---, ---, ---, ---, ---, ---, ---, ---, ---, ---, 
[3.455s][info][gc,stats     ]     E: CLDG Roots                   145 us, workers (us): 145, ---, ---, ---, ---, ---, ---, ---, ---, ---, ---, ---, ---, ---, ---, ---, ---, ---, ---, ---, ---, ---, ---, ---, 
[3.456s][info][gc,stats     ]     E: JVMTI Roots                    1 us, workers (us): ---,   1, ---, ---, ---, ---, ---, ---, ---, ---, ---, ---, ---, ---, ---, ---, ---, ---, ---, ---, ---, ---, ---, ---, 
[3.456s][info][gc,stats     ] Concurrent Cleanup                    4 us
[3.456s][info][gc,stats     ] Concurrent Evacuation              2273 us
[3.456s][info][gc,stats     ] Pause Init  Update Refs (G)         409 us
[3.456s][info][gc,stats     ] Pause Init  Update Refs (N)          89 us
[3.456s][info][gc,stats     ]   Retire GCLABs                      50 us
[3.456s][info][gc,stats     ] Concurrent Update Refs            26533 us
[3.456s][info][gc,stats     ] Pause Final Update Refs (G)         695 us
[3.456s][info][gc,stats     ] Pause Final Update Refs (N)         411 us
[3.456s][info][gc,stats     ]   Update Roots                      386 us, parallelism: 1.06x
[3.456s][info][gc,stats     ]     UR: <total>                     408 us
[3.456s][info][gc,stats     ]     UR: Thread Roots                408 us, workers (us): 364,  45, ---, ---, ---, ---, ---, ---, ---, ---, ---, ---, ---, ---, ---, ---, ---, ---, ---, ---, ---, ---, ---, ---, 
[3.456s][info][gc,stats     ]   Update Region States               11 us
[3.456s][info][gc,stats     ]   Trash Collection Set                2 us
[3.456s][info][gc,stats     ]   Rebuild Free Set                    3 us
[3.456s][info][gc,stats     ] Concurrent Cleanup                  449 us
[3.456s][info][gc,stats     ] Pacing                            21277 us
[3.456s][info][gc,stats     ] 
[3.456s][info][gc,stats     ] Allocation pacing accrued:
[3.456s][info][gc,stats     ]      21 of   112 ms ( 18.9%): main
[3.456s][info][gc,stats     ]      21 of   112 ms ( 18.9%): <total>
[3.456s][info][gc,stats     ]       4 of   112 ms (  3.2%): <average total>
[3.456s][info][gc,stats     ]      21 of   112 ms ( 18.9%): <average non-zero>
[3.456s][info][gc,stats     ] 
[3.456s][info][gc,metaspace ] Metaspace: 13256K->13256K(1060864K)
[3.456s][info][gc,ergo      ] Pacer for Idle. Initial: 327K, Alloc Tax Rate: 1.0x
[3.535s][info][gc           ] Trigger: Average GC time (55.02 ms) is above the time for allocation rate (18416 KB/s) to deplete free headroom (941K)
[3.535s][info][gc,ergo      ] Free headroom: 3071K (free) - 819K (spike) - 1310K (penalties) = 941K
[3.535s][info][gc,ergo      ] Free: 3071K, Max: 256K regular, 512K humongous, Frag: 72% external, 36% internal; Reserve: 1024K, Max: 256K
[3.535s][info][gc,start     ] GC(15) Concurrent reset
[3.535s][info][gc,task      ] GC(15) Using 2 of 24 workers for concurrent reset
[3.535s][info][gc,ergo      ] GC(15) Pacer for Reset. Non-Taxable: 16384K
[3.535s][info][gc           ] GC(15) Concurrent reset 0.164ms
[3.536s][info][gc,start     ] GC(15) Pause Init Mark (process weakrefs)
[3.536s][info][gc,task      ] GC(15) Using 2 of 24 workers for init marking
[3.538s][info][gc,ergo      ] GC(15) Pacer for Mark. Expected Live: 6222K, Free: 3071K, Non-Taxable: 307K, Alloc Tax Rate: 2.5x
[3.538s][info][gc           ] GC(15) Pause Init Mark (process weakrefs) 1.958ms
[3.538s][info][gc,start     ] GC(15) Concurrent marking (process weakrefs)
[3.538s][info][gc,task      ] GC(15) Using 2 of 24 workers for concurrent marking
[3.566s][info][gc           ] GC(15) Concurrent marking (process weakrefs) 28.517ms
[3.566s][info][gc,start     ] GC(15) Concurrent precleaning
[3.566s][info][gc,task      ] GC(15) Using 1 of 24 workers for concurrent preclean
[3.566s][info][gc,ergo      ] GC(15) Pacer for Precleaning. Non-Taxable: 16384K
[3.567s][info][gc           ] GC(15) Concurrent precleaning 1.086ms
[3.568s][info][gc,start     ] GC(15) Pause Final Mark (process weakrefs)
[3.568s][info][gc,task      ] GC(15) Using 2 of 24 workers for final marking
[3.568s][info][gc,ergo      ] GC(15) Adaptive CSet Selection. Target Free: 2321K, Actual Free: 2560K, Max CSet: 682K, Min Garbage: 0B
[3.568s][info][gc,ergo      ] GC(15) Collectable Garbage: 2601K (51%), Immediate: 0B (0%), CSet: 2601K (51%)
[3.570s][info][gc,ergo      ] GC(15) Pacer for Evacuation. Used CSet: 3267K, Free: 2694K, Non-Taxable: 269K, Alloc Tax Rate: 3.0x
[3.570s][info][gc           ] GC(15) Pause Final Mark (process weakrefs) 2.372ms
[3.570s][info][gc,start     ] GC(15) Concurrent cleanup
[3.570s][info][gc           ] GC(15) Concurrent cleanup 12M->12M(16M) 0.053ms
[3.570s][info][gc,ergo      ] GC(15) Free: 2694K, Max: 256K regular, 512K humongous, Frag: 67% external, 34% internal; Reserve: 1011K, Max: 256K
[3.570s][info][gc,start     ] GC(15) Concurrent evacuation
[3.570s][info][gc,task      ] GC(15) Using 2 of 24 workers for concurrent evacuation
[3.576s][info][gc           ] GC(15) Concurrent evacuation 5.277ms
[3.576s][info][gc,start     ] GC(15) Pause Init Update Refs
[3.576s][info][gc,ergo      ] GC(15) Pacer for Update Refs. Used: 13748K, Free: 2574K, Non-Taxable: 257K, Alloc Tax Rate: 6.5x
[3.576s][info][gc           ] GC(15) Pause Init Update Refs 0.100ms
[3.576s][info][gc,start     ] GC(15) Concurrent update references
[3.576s][info][gc,task      ] GC(15) Using 2 of 24 workers for concurrent reference update
[3.599s][info][gc           ] GC(15) Concurrent update references 22.224ms
[3.599s][info][gc,start     ] GC(15) Pause Final Update Refs
[3.599s][info][gc,task      ] GC(15) Using 2 of 24 workers for final reference update
[3.600s][info][gc           ] GC(15) Pause Final Update Refs 1.313ms
[3.600s][info][gc,start     ] GC(15) Concurrent cleanup
[3.601s][info][gc           ] GC(15) Concurrent cleanup 13M->10M(16M) 0.442ms
[3.601s][info][gc           ] GC(15) Dat log --- cycle is complete
Current gc epoch: 13
heap: ______
capacity: 16777216
used: 11134432
committed: 16777216
bytes_allocated_since_gc_start: 847592
hot_size: 28535
cold_size: 56668
num_regions: 64
hot_region_count: 7
cold_region_count: 32
histogram: Placeholder

[3.601s][info][gc           ] GC(15) Obj count ac histogram
[3.601s][info][gc           ] GC(15) 	0: 7480
[3.601s][info][gc           ] GC(15) 	1: 0
[3.601s][info][gc           ] GC(15) 	2: 0
[3.601s][info][gc           ] GC(15) 	3: 0
[3.601s][info][gc           ] GC(15) 	4: 0
[3.601s][info][gc           ] GC(15) 	5: 0
[3.601s][info][gc           ] GC(15) 	6: 0
[3.601s][info][gc           ] GC(15) 	7: 0
[3.601s][info][gc           ] GC(15) 	8: 0
[3.601s][info][gc           ] GC(15) 	9: 0
[3.601s][info][gc           ] GC(15) 	10: 0
[3.601s][info][gc           ] GC(15) 	11: 0
[3.601s][info][gc           ] GC(15) 	12: 0
[3.601s][info][gc           ] GC(15) 	13: 2255
[3.601s][info][gc           ] GC(15) 	14: 638
[3.601s][info][gc           ] GC(15) 	15: 0
[3.601s][info][gc           ] GC(15) 	16: 0
[3.601s][info][gc           ] GC(15) 	17: 0
[3.601s][info][gc           ] GC(15) 	18: 0
[3.601s][info][gc           ] GC(15) 	19: 0
[3.601s][info][gc           ] GC(15) Obj size ac histogram
[3.601s][info][gc           ] GC(15) 	0: 51326
[3.601s][info][gc           ] GC(15) 	1: 0
[3.601s][info][gc           ] GC(15) 	2: 0
[3.601s][info][gc           ] GC(15) 	3: 0
[3.601s][info][gc           ] GC(15) 	4: 0
[3.601s][info][gc           ] GC(15) 	5: 0
[3.601s][info][gc           ] GC(15) 	6: 0
[3.601s][info][gc           ] GC(15) 	7: 0
[3.601s][info][gc           ] GC(15) 	8: 0
[3.601s][info][gc           ] GC(15) 	9: 0
[3.601s][info][gc           ] GC(15) 	10: 0
[3.601s][info][gc           ] GC(15) 	11: 0
[3.601s][info][gc           ] GC(15) 	12: 0
[3.601s][info][gc           ] GC(15) 	13: 21096
[3.601s][info][gc           ] GC(15) 	14: 7389
[3.601s][info][gc           ] GC(15) 	15: 0
[3.601s][info][gc           ] GC(15) 	16: 0
[3.601s][info][gc           ] GC(15) 	17: 0
[3.601s][info][gc           ] GC(15) 	18: 0
[3.601s][info][gc           ] GC(15) 	19: 0
[3.601s][info][gc,ergo      ] Free: 4486K, Max: 256K regular, 1792K humongous, Frag: 47% external, 23% internal; Reserve: 1024K, Max: 256K
[3.601s][info][gc,stats     ] 
[3.601s][info][gc,stats     ] All times are wall-clock times, except per-root-class counters, that are sum over
[3.601s][info][gc,stats     ] all workers. Dividing the <total> over the root stage time estimates parallelism.
[3.601s][info][gc,stats     ] 
[3.601s][info][gc,stats     ] Concurrent Reset                    148 us
[3.601s][info][gc,stats     ] Pause Init Mark (G)                2313 us
[3.601s][info][gc,stats     ] Pause Init Mark (N)                1929 us
[3.601s][info][gc,stats     ]   Accumulate Stats                    3 us
[3.601s][info][gc,stats     ]   Make Parsable                      15 us
[3.601s][info][gc,stats     ]   Update Region States                1 us
[3.601s][info][gc,stats     ]   Scan Roots                       1828 us, parallelism: 1.17x
[3.601s][info][gc,stats     ]     S: <total>                     2145 us
[3.601s][info][gc,stats     ]     S: Thread Roots                1659 us, workers (us):  23, 1636, ---, ---, ---, ---, ---, ---, ---, ---, ---, ---, ---, ---, ---, ---, ---, ---, ---, ---, ---, ---, ---, ---, 
[3.601s][info][gc,stats     ]     S: Universe Roots                 8 us, workers (us):   8, ---, ---, ---, ---, ---, ---, ---, ---, ---, ---, ---, ---, ---, ---, ---, ---, ---, ---, ---, ---, ---, ---, ---, 
[3.601s][info][gc,stats     ]     S: JNI Handles Roots              2 us, workers (us):   2, ---, ---, ---, ---, ---, ---, ---, ---, ---, ---, ---, ---, ---, ---, ---, ---, ---, ---, ---, ---, ---, ---, ---, 
[3.601s][info][gc,stats     ]     S: Synchronizer Roots             1 us, workers (us): ---,   1, ---, ---, ---, ---, ---, ---, ---, ---, ---, ---, ---, ---, ---, ---, ---, ---, ---, ---, ---, ---, ---, ---, 
[3.601s][info][gc,stats     ]     S: Management Roots               2 us, workers (us): ---,   2, ---, ---, ---, ---, ---, ---, ---, ---, ---, ---, ---, ---, ---, ---, ---, ---, ---, ---, ---, ---, ---, ---, 
[3.601s][info][gc,stats     ]     S: System Dict Roots             28 us, workers (us): ---,  28, ---, ---, ---, ---, ---, ---, ---, ---, ---, ---, ---, ---, ---, ---, ---, ---, ---, ---, ---, ---, ---, ---, 
[3.601s][info][gc,stats     ]     S: CLDG Roots                   445 us, workers (us): 445, ---, ---, ---, ---, ---, ---, ---, ---, ---, ---, ---, ---, ---, ---, ---, ---, ---, ---, ---, ---, ---, ---, ---, 
[3.602s][info][gc,stats     ]     S: JVMTI Roots                    0 us, workers (us):   0, ---, ---, ---, ---, ---, ---, ---, ---, ---, ---, ---, ---, ---, ---, ---, ---, ---, ---, ---, ---, ---, ---, ---, 
[3.602s][info][gc,stats     ]   Resize TLABs                        4 us
[3.602s][info][gc,stats     ] Concurrent Marking                28482 us
[3.602s][info][gc,stats     ] Concurrent Precleaning             1067 us
[3.602s][info][gc,stats     ] Pause Final Mark (G)               2689 us
[3.602s][info][gc,stats     ] Pause Final Mark (N)               2343 us
[3.602s][info][gc,stats     ]   Finish Queues                     102 us
[3.602s][info][gc,stats     ]   Weak References                   290 us
[3.602s][info][gc,stats     ]     Process                         283 us
[3.602s][info][gc,stats     ]   System Purge                      294 us
[3.602s][info][gc,stats     ]     Weak Roots                      293 us
[3.602s][info][gc,stats     ]   Update Region States                3 us
[3.602s][info][gc,stats     ]   Retire TLABs                        5 us
[3.602s][info][gc,stats     ]   Choose Collection Set              44 us
[3.602s][info][gc,stats     ]   Rebuild Free Set                    5 us
[3.602s][info][gc,stats     ]   Initial Evacuation               1586 us, parallelism: 1.06x
[3.602s][info][gc,stats     ]     E: <total>                     1687 us
[3.602s][info][gc,stats     ]     E: Thread Roots                1344 us, workers (us): 1305,  39, ---, ---, ---, ---, ---, ---, ---, ---, ---, ---, ---, ---, ---, ---, ---, ---, ---, ---, ---, ---, ---, ---, 
[3.602s][info][gc,stats     ]     E: Code Cache Roots               1 us, workers (us):   0,   0, ---, ---, ---, ---, ---, ---, ---, ---, ---, ---, ---, ---, ---, ---, ---, ---, ---, ---, ---, ---, ---, ---, 
[3.602s][info][gc,stats     ]     E: Universe Roots                18 us, workers (us):  18, ---, ---, ---, ---, ---, ---, ---, ---, ---, ---, ---, ---, ---, ---, ---, ---, ---, ---, ---, ---, ---, ---, ---, 
[3.602s][info][gc,stats     ]     E: JNI Handles Roots              1 us, workers (us):   1, ---, ---, ---, ---, ---, ---, ---, ---, ---, ---, ---, ---, ---, ---, ---, ---, ---, ---, ---, ---, ---, ---, ---, 
[3.602s][info][gc,stats     ]     E: Synchronizer Roots             0 us, workers (us):   0, ---, ---, ---, ---, ---, ---, ---, ---, ---, ---, ---, ---, ---, ---, ---, ---, ---, ---, ---, ---, ---, ---, ---, 
[3.602s][info][gc,stats     ]     E: Management Roots               1 us, workers (us):   1, ---, ---, ---, ---, ---, ---, ---, ---, ---, ---, ---, ---, ---, ---, ---, ---, ---, ---, ---, ---, ---, ---, ---, 
[3.602s][info][gc,stats     ]     E: System Dict Roots              8 us, workers (us):   8, ---, ---, ---, ---, ---, ---, ---, ---, ---, ---, ---, ---, ---, ---, ---, ---, ---, ---, ---, ---, ---, ---, ---, 
[3.602s][info][gc,stats     ]     E: CLDG Roots                   314 us, workers (us): ---, 314, ---, ---, ---, ---, ---, ---, ---, ---, ---, ---, ---, ---, ---, ---, ---, ---, ---, ---, ---, ---, ---, ---, 
[3.602s][info][gc,stats     ]     E: JVMTI Roots                    0 us, workers (us):   0, ---, ---, ---, ---, ---, ---, ---, ---, ---, ---, ---, ---, ---, ---, ---, ---, ---, ---, ---, ---, ---, ---, ---, 
[3.602s][info][gc,stats     ] Concurrent Cleanup                    6 us
[3.602s][info][gc,stats     ] Concurrent Evacuation              5260 us
[3.602s][info][gc,stats     ] Pause Init  Update Refs (G)         793 us
[3.602s][info][gc,stats     ] Pause Init  Update Refs (N)          67 us
[3.602s][info][gc,stats     ]   Retire GCLABs                      50 us
[3.602s][info][gc,stats     ] Concurrent Update Refs            22195 us
[3.602s][info][gc,stats     ] Pause Final Update Refs (G)        1702 us
[3.602s][info][gc,stats     ] Pause Final Update Refs (N)        1271 us
[3.602s][info][gc,stats     ]   Update Roots                     1229 us, parallelism: 0.89x
[3.602s][info][gc,stats     ]     UR: <total>                    1089 us
[3.602s][info][gc,stats     ]     UR: Thread Roots               1089 us, workers (us): 1067,  22, ---, ---, ---, ---, ---, ---, ---, ---, ---, ---, ---, ---, ---, ---, ---, ---, ---, ---, ---, ---, ---, ---, 
[3.602s][info][gc,stats     ]   Update Region States                3 us
[3.602s][info][gc,stats     ]   Trash Collection Set                4 us
[3.602s][info][gc,stats     ]   Rebuild Free Set                    6 us
[3.602s][info][gc,stats     ] Concurrent Cleanup                  404 us
[3.602s][info][gc,stats     ] Pacing                            16557 us
[3.602s][info][gc,stats     ] 
[3.602s][info][gc,stats     ] Allocation pacing accrued:
[3.602s][info][gc,stats     ]      17 of   146 ms ( 11.3%): main
[3.602s][info][gc,stats     ]      17 of   146 ms ( 11.3%): <total>
[3.602s][info][gc,stats     ]       3 of   146 ms (  1.9%): <average total>
[3.602s][info][gc,stats     ]      17 of   146 ms ( 11.3%): <average non-zero>
[3.602s][info][gc,stats     ] 
[3.602s][info][gc,metaspace ] Metaspace: 13275K->13357K(1060864K)
[3.602s][info][gc,ergo      ] Pacer for Idle. Initial: 327K, Alloc Tax Rate: 1.0x
[3.672s][info][gc           ] Trigger: Average GC time (60.18 ms) is above the time for allocation rate (17174 KB/s) to deplete free headroom (998K)
[3.672s][info][gc,ergo      ] Free headroom: 2964K (free) - 819K (spike) - 1146K (penalties) = 998K
[3.672s][info][gc,ergo      ] Free: 2964K, Max: 256K regular, 1536K humongous, Frag: 15% external, 35% internal; Reserve: 1024K, Max: 256K
[3.672s][info][gc,start     ] GC(16) Concurrent reset
[3.672s][info][gc,task      ] GC(16) Using 2 of 24 workers for concurrent reset
[3.672s][info][gc,ergo      ] GC(16) Pacer for Reset. Non-Taxable: 16384K
[3.672s][info][gc           ] GC(16) Concurrent reset 0.190ms
[3.673s][info][gc,start     ] GC(16) Pause Init Mark
[3.673s][info][gc,task      ] GC(16) Using 2 of 24 workers for init marking
[3.676s][info][gc,ergo      ] GC(16) Pacer for Mark. Expected Live: 6583K, Free: 2964K, Non-Taxable: 296K, Alloc Tax Rate: 2.7x
[3.676s][info][gc           ] GC(16) Pause Init Mark 3.690ms
[3.676s][info][gc,start     ] GC(16) Concurrent marking
[3.676s][info][gc,task      ] GC(16) Using 2 of 24 workers for concurrent marking
[3.707s][info][gc           ] GC(16) Concurrent marking 30.587ms
[3.707s][info][gc,start     ] GC(16) Pause Final Mark
[3.707s][info][gc,task      ] GC(16) Using 2 of 24 workers for final marking
[3.708s][info][gc,ergo      ] GC(16) Adaptive CSet Selection. Target Free: 2321K, Actual Free: 2304K, Max CSet: 682K, Min Garbage: 17474B
[3.708s][info][gc,ergo      ] GC(16) Collectable Garbage: 2514K (51%), Immediate: 0B (0%), CSet: 2514K (51%)
[3.708s][info][gc,ergo      ] GC(16) Pacer for Evacuation. Used CSet: 3076K, Free: 2352K, Non-Taxable: 235K, Alloc Tax Rate: 3.2x
[3.708s][info][gc           ] GC(16) Pause Final Mark 1.209ms
[3.708s][info][gc,start     ] GC(16) Concurrent cleanup
[3.709s][info][gc           ] GC(16) Concurrent cleanup 12M->12M(16M) 0.053ms
[3.709s][info][gc,ergo      ] GC(16) Free: 2352K, Max: 256K regular, 1280K humongous, Frag: 0% external, 34% internal; Reserve: 975K, Max: 256K
[3.709s][info][gc,start     ] GC(16) Concurrent evacuation
[3.709s][info][gc,task      ] GC(16) Using 2 of 24 workers for concurrent evacuation
[3.711s][info][gc           ] GC(16) Concurrent evacuation 2.902ms
[3.712s][info][gc,start     ] GC(16) Pause Init Update Refs
[3.712s][info][gc,ergo      ] GC(16) Pacer for Update Refs. Used: 13637K, Free: 2352K, Non-Taxable: 235K, Alloc Tax Rate: 7.1x
[3.712s][info][gc           ] GC(16) Pause Init Update Refs 0.109ms
[3.712s][info][gc,start     ] GC(16) Concurrent update references
[3.712s][info][gc,task      ] GC(16) Using 2 of 24 workers for concurrent reference update
[3.733s][info][gc           ] GC(16) Concurrent update references 21.276ms
[3.733s][info][gc,start     ] GC(16) Pause Final Update Refs
[3.733s][info][gc,task      ] GC(16) Using 2 of 24 workers for final reference update
[3.734s][info][gc           ] GC(16) Pause Final Update Refs 0.629ms
[3.734s][info][gc,start     ] GC(16) Concurrent cleanup
[3.734s][info][gc           ] GC(16) Concurrent cleanup 13M->10M(16M) 0.320ms
[3.734s][info][gc           ] GC(16) Dat log --- cycle is complete
Current gc epoch: 14
heap: ______
capacity: 16777216
used: 11168528
committed: 16777216
bytes_allocated_since_gc_start: 722128
hot_size: 9936
cold_size: 61875
num_regions: 64
hot_region_count: 5
cold_region_count: 35
histogram: Placeholder

[3.734s][info][gc           ] GC(16) Obj count ac histogram
[3.734s][info][gc           ] GC(16) 	0: 8210
[3.734s][info][gc           ] GC(16) 	1: 0
[3.734s][info][gc           ] GC(16) 	2: 0
[3.734s][info][gc           ] GC(16) 	3: 0
[3.734s][info][gc           ] GC(16) 	4: 0
[3.734s][info][gc           ] GC(16) 	5: 0
[3.734s][info][gc           ] GC(16) 	6: 0
[3.734s][info][gc           ] GC(16) 	7: 0
[3.734s][info][gc           ] GC(16) 	8: 0
[3.734s][info][gc           ] GC(16) 	9: 0
[3.734s][info][gc           ] GC(16) 	10: 0
[3.734s][info][gc           ] GC(16) 	11: 0
[3.734s][info][gc           ] GC(16) 	12: 0
[3.734s][info][gc           ] GC(16) 	13: 326
[3.734s][info][gc           ] GC(16) 	14: 844
[3.734s][info][gc           ] GC(16) 	15: 0
[3.734s][info][gc           ] GC(16) 	16: 0
[3.734s][info][gc           ] GC(16) 	17: 0
[3.734s][info][gc           ] GC(16) 	18: 0
[3.734s][info][gc           ] GC(16) 	19: 0
[3.734s][info][gc           ] GC(16) Obj size ac histogram
[3.734s][info][gc           ] GC(16) 	0: 53921
[3.734s][info][gc           ] GC(16) 	1: 0
[3.734s][info][gc           ] GC(16) 	2: 0
[3.734s][info][gc           ] GC(16) 	3: 0
[3.734s][info][gc           ] GC(16) 	4: 0
[3.734s][info][gc           ] GC(16) 	5: 0
[3.735s][info][gc           ] GC(16) 	6: 0
[3.735s][info][gc           ] GC(16) 	7: 0
[3.735s][info][gc           ] GC(16) 	8: 0
[3.735s][info][gc           ] GC(16) 	9: 0
[3.735s][info][gc           ] GC(16) 	10: 0
[3.735s][info][gc           ] GC(16) 	11: 0
[3.735s][info][gc           ] GC(16) 	12: 0
[3.735s][info][gc           ] GC(16) 	13: 3032
[3.735s][info][gc           ] GC(16) 	14: 6801
[3.735s][info][gc           ] GC(16) 	15: 0
[3.735s][info][gc           ] GC(16) 	16: 0
[3.735s][info][gc           ] GC(16) 	17: 0
[3.735s][info][gc           ] GC(16) 	18: 0
[3.735s][info][gc           ] GC(16) 	19: 0
[3.735s][info][gc,ergo      ] Free: 4453K, Max: 256K regular, 1536K humongous, Frag: 54% external, 24% internal; Reserve: 1024K, Max: 256K
[3.735s][info][gc,stats     ] 
[3.735s][info][gc,stats     ] All times are wall-clock times, except per-root-class counters, that are sum over
[3.735s][info][gc,stats     ] all workers. Dividing the <total> over the root stage time estimates parallelism.
[3.735s][info][gc,stats     ] 
[3.735s][info][gc,stats     ] Concurrent Reset                    173 us
[3.735s][info][gc,stats     ] Pause Init Mark (G)                4042 us
[3.735s][info][gc,stats     ] Pause Init Mark (N)                3650 us
[3.735s][info][gc,stats     ]   Accumulate Stats                    5 us
[3.735s][info][gc,stats     ]   Make Parsable                      18 us
[3.735s][info][gc,stats     ]   Update Region States                2 us
[3.735s][info][gc,stats     ]   Scan Roots                       3517 us, parallelism: 1.12x
[3.735s][info][gc,stats     ]     S: <total>                     3944 us
[3.735s][info][gc,stats     ]     S: Thread Roots                3376 us, workers (us): 3352,  25, ---, ---, ---, ---, ---, ---, ---, ---, ---, ---, ---, ---, ---, ---, ---, ---, ---, ---, ---, ---, ---, ---, 
[3.735s][info][gc,stats     ]     S: Universe Roots                19 us, workers (us):  19, ---, ---, ---, ---, ---, ---, ---, ---, ---, ---, ---, ---, ---, ---, ---, ---, ---, ---, ---, ---, ---, ---, ---, 
[3.735s][info][gc,stats     ]     S: JNI Handles Roots              3 us, workers (us): ---,   3, ---, ---, ---, ---, ---, ---, ---, ---, ---, ---, ---, ---, ---, ---, ---, ---, ---, ---, ---, ---, ---, ---, 
[3.735s][info][gc,stats     ]     S: Synchronizer Roots             0 us, workers (us):   0, ---, ---, ---, ---, ---, ---, ---, ---, ---, ---, ---, ---, ---, ---, ---, ---, ---, ---, ---, ---, ---, ---, ---, 
[3.735s][info][gc,stats     ]     S: Management Roots               2 us, workers (us):   2, ---, ---, ---, ---, ---, ---, ---, ---, ---, ---, ---, ---, ---, ---, ---, ---, ---, ---, ---, ---, ---, ---, ---, 
[3.735s][info][gc,stats     ]     S: System Dict Roots             28 us, workers (us):  28, ---, ---, ---, ---, ---, ---, ---, ---, ---, ---, ---, ---, ---, ---, ---, ---, ---, ---, ---, ---, ---, ---, ---, 
[3.735s][info][gc,stats     ]     S: CLDG Roots                   514 us, workers (us): ---, 514, ---, ---, ---, ---, ---, ---, ---, ---, ---, ---, ---, ---, ---, ---, ---, ---, ---, ---, ---, ---, ---, ---, 
[3.735s][info][gc,stats     ]     S: JVMTI Roots                    1 us, workers (us): ---,   1, ---, ---, ---, ---, ---, ---, ---, ---, ---, ---, ---, ---, ---, ---, ---, ---, ---, ---, ---, ---, ---, ---, 
[3.735s][info][gc,stats     ]   Resize TLABs                        5 us
[3.735s][info][gc,stats     ] Concurrent Marking                30556 us
[3.735s][info][gc,stats     ] Pause Final Mark (G)               1395 us
[3.735s][info][gc,stats     ] Pause Final Mark (N)               1176 us
[3.735s][info][gc,stats     ]   Finish Queues                     103 us
[3.735s][info][gc,stats     ]   System Purge                      235 us
[3.735s][info][gc,stats     ]     Weak Roots                      234 us
[3.735s][info][gc,stats     ]   Update Region States                3 us
[3.735s][info][gc,stats     ]   Retire TLABs                       10 us
[3.735s][info][gc,stats     ]   Choose Collection Set              50 us
[3.735s][info][gc,stats     ]   Rebuild Free Set                    5 us
[3.735s][info][gc,stats     ]   Initial Evacuation                752 us, parallelism: 0.89x
[3.735s][info][gc,stats     ]     E: <total>                      668 us
[3.735s][info][gc,stats     ]     E: Thread Roots                 479 us, workers (us):  20, 459, ---, ---, ---, ---, ---, ---, ---, ---, ---, ---, ---, ---, ---, ---, ---, ---, ---, ---, ---, ---, ---, ---, 
[3.735s][info][gc,stats     ]     E: Code Cache Roots               1 us, workers (us):   0,   1, ---, ---, ---, ---, ---, ---, ---, ---, ---, ---, ---, ---, ---, ---, ---, ---, ---, ---, ---, ---, ---, ---, 
[3.735s][info][gc,stats     ]     E: Universe Roots                 2 us, workers (us):   2, ---, ---, ---, ---, ---, ---, ---, ---, ---, ---, ---, ---, ---, ---, ---, ---, ---, ---, ---, ---, ---, ---, ---, 
[3.735s][info][gc,stats     ]     E: JNI Handles Roots              1 us, workers (us):   1, ---, ---, ---, ---, ---, ---, ---, ---, ---, ---, ---, ---, ---, ---, ---, ---, ---, ---, ---, ---, ---, ---, ---, 
[3.735s][info][gc,stats     ]     E: Synchronizer Roots             0 us, workers (us):   0, ---, ---, ---, ---, ---, ---, ---, ---, ---, ---, ---, ---, ---, ---, ---, ---, ---, ---, ---, ---, ---, ---, ---, 
[3.735s][info][gc,stats     ]     E: Management Roots               1 us, workers (us):   1, ---, ---, ---, ---, ---, ---, ---, ---, ---, ---, ---, ---, ---, ---, ---, ---, ---, ---, ---, ---, ---, ---, ---, 
[3.735s][info][gc,stats     ]     E: System Dict Roots              6 us, workers (us):   6, ---, ---, ---, ---, ---, ---, ---, ---, ---, ---, ---, ---, ---, ---, ---, ---, ---, ---, ---, ---, ---, ---, ---, 
[3.735s][info][gc,stats     ]     E: CLDG Roots                   178 us, workers (us): 178, ---, ---, ---, ---, ---, ---, ---, ---, ---, ---, ---, ---, ---, ---, ---, ---, ---, ---, ---, ---, ---, ---, ---, 
[3.735s][info][gc,stats     ]     E: JVMTI Roots                    0 us, workers (us):   0, ---, ---, ---, ---, ---, ---, ---, ---, ---, ---, ---, ---, ---, ---, ---, ---, ---, ---, ---, ---, ---, ---, ---, 
[3.735s][info][gc,stats     ] Concurrent Cleanup                    6 us
[3.735s][info][gc,stats     ] Concurrent Evacuation              2883 us
[3.735s][info][gc,stats     ] Pause Init  Update Refs (G)         424 us
[3.735s][info][gc,stats     ] Pause Init  Update Refs (N)          71 us
[3.735s][info][gc,stats     ]   Retire GCLABs                      50 us
[3.735s][info][gc,stats     ] Concurrent Update Refs            21251 us
[3.735s][info][gc,stats     ] Pause Final Update Refs (G)         894 us
[3.735s][info][gc,stats     ] Pause Final Update Refs (N)         589 us
[3.735s][info][gc,stats     ]   Update Roots                      557 us, parallelism: 0.91x
[3.735s][info][gc,stats     ]     UR: <total>                     505 us
[3.735s][info][gc,stats     ]     UR: Thread Roots                505 us, workers (us): 475,  30, ---, ---, ---, ---, ---, ---, ---, ---, ---, ---, ---, ---, ---, ---, ---, ---, ---, ---, ---, ---, ---, ---, 
[3.735s][info][gc,stats     ]   Update Region States                3 us
[3.735s][info][gc,stats     ]   Trash Collection Set                4 us
[3.735s][info][gc,stats     ]   Rebuild Free Set                    7 us
[3.735s][info][gc,stats     ] Concurrent Cleanup                  311 us
[3.735s][info][gc,stats     ] Pacing                            17562 us
[3.735s][info][gc,stats     ] 
[3.735s][info][gc,stats     ] Allocation pacing accrued:
[3.735s][info][gc,stats     ]      18 of   133 ms ( 13.2%): main
[3.735s][info][gc,stats     ]      18 of   133 ms ( 13.2%): <total>
[3.735s][info][gc,stats     ]       3 of   133 ms (  2.2%): <average total>
[3.735s][info][gc,stats     ]      18 of   133 ms ( 13.2%): <average non-zero>
[3.735s][info][gc,stats     ] 
[3.735s][info][gc,metaspace ] Metaspace: 13746K->13793K(1062912K)
[3.735s][info][gc,ergo      ] Pacer for Idle. Initial: 327K, Alloc Tax Rate: 1.0x
[3.809s][info][gc           ] Trigger: Average GC time (61.24 ms) is above the time for allocation rate (17081 KB/s) to deplete free headroom (1025K)
[3.809s][info][gc,ergo      ] Free headroom: 2828K (free) - 819K (spike) - 983K (penalties) = 1025K
[3.809s][info][gc,ergo      ] Free: 2828K, Max: 256K regular, 768K humongous, Frag: 50% external, 35% internal; Reserve: 1024K, Max: 256K
[3.809s][info][gc,start     ] GC(17) Concurrent reset
[3.809s][info][gc,task      ] GC(17) Using 2 of 24 workers for concurrent reset
[3.809s][info][gc,ergo      ] GC(17) Pacer for Reset. Non-Taxable: 16384K
[3.809s][info][gc           ] GC(17) Concurrent reset 0.167ms
[3.809s][info][gc,start     ] GC(17) Pause Init Mark
[3.809s][info][gc,task      ] GC(17) Using 2 of 24 workers for init marking
[3.812s][info][gc,ergo      ] GC(17) Pacer for Mark. Expected Live: 6922K, Free: 2828K, Non-Taxable: 282K, Alloc Tax Rate: 3.0x
[3.812s][info][gc           ] GC(17) Pause Init Mark 2.841ms
[3.812s][info][gc,start     ] GC(17) Concurrent marking
[3.812s][info][gc,task      ] GC(17) Using 2 of 24 workers for concurrent marking
[3.834s][info][gc           ] GC(17) Concurrent marking 21.997ms
[3.834s][info][gc,start     ] GC(17) Pause Final Mark
[3.834s][info][gc,task      ] GC(17) Using 2 of 24 workers for final marking
[3.835s][info][gc,ergo      ] GC(17) Adaptive CSet Selection. Target Free: 2321K, Actual Free: 2369K, Max CSet: 682K, Min Garbage: 0B
[3.835s][info][gc,ergo      ] GC(17) Collectable Garbage: 5039K (67%), Immediate: 66560B (0%), CSet: 4974K (66%)
[3.835s][info][gc,ergo      ] GC(17) Pacer for Evacuation. Used CSet: 5555K, Free: 2471K, Non-Taxable: 247K, Alloc Tax Rate: 5.5x
[3.835s][info][gc           ] GC(17) Pause Final Mark 1.399ms
[3.835s][info][gc,start     ] GC(17) Concurrent cleanup
[3.836s][info][gc           ] GC(17) Concurrent cleanup 12M->12M(16M) 0.031ms
[3.836s][info][gc,ergo      ] GC(17) Free: 2471K, Max: 256K regular, 1024K humongous, Frag: 34% external, 35% internal; Reserve: 963K, Max: 256K
[3.836s][info][gc,start     ] GC(17) Concurrent evacuation
[3.836s][info][gc,task      ] GC(17) Using 2 of 24 workers for concurrent evacuation
[3.838s][info][gc           ] GC(17) Concurrent evacuation 2.344ms
[3.838s][info][gc,start     ] GC(17) Pause Init Update Refs
[3.838s][info][gc,ergo      ] GC(17) Pacer for Update Refs. Used: 13830K, Free: 2393K, Non-Taxable: 239K, Alloc Tax Rate: 7.1x
[3.838s][info][gc           ] GC(17) Pause Init Update Refs 0.055ms
[3.838s][info][gc,start     ] GC(17) Concurrent update references
[3.838s][info][gc,task      ] GC(17) Using 2 of 24 workers for concurrent reference update
[3.858s][info][gc           ] GC(17) Concurrent update references 19.538ms
[3.858s][info][gc,start     ] GC(17) Pause Final Update Refs
[3.858s][info][gc,task      ] GC(17) Using 2 of 24 workers for final reference update
[3.859s][info][gc           ] GC(17) Pause Final Update Refs 0.882ms
[3.859s][info][gc,start     ] GC(17) Concurrent cleanup
[3.860s][info][gc           ] GC(17) Concurrent cleanup 13M->8M(16M) 0.591ms
[3.860s][info][gc           ] GC(17) Dat log --- cycle is complete
Current gc epoch: 15
heap: ______
capacity: 16777216
used: 8826856
committed: 16777216
bytes_allocated_since_gc_start: 786360
hot_size: 13918
cold_size: 60446
num_regions: 64
hot_region_count: 18446744073709551610
cold_region_count: 38
histogram: Placeholder

[3.860s][info][gc           ] GC(17) Obj count ac histogram
[3.860s][info][gc           ] GC(17) 	0: 8934
[3.860s][info][gc           ] GC(17) 	1: 0
[3.860s][info][gc           ] GC(17) 	2: 0
[3.860s][info][gc           ] GC(17) 	3: 0
[3.860s][info][gc           ] GC(17) 	4: 0
[3.860s][info][gc           ] GC(17) 	5: 0
[3.860s][info][gc           ] GC(17) 	6: 0
[3.860s][info][gc           ] GC(17) 	7: 0
[3.860s][info][gc           ] GC(17) 	8: 0
[3.860s][info][gc           ] GC(17) 	9: 0
[3.860s][info][gc           ] GC(17) 	10: 0
[3.860s][info][gc           ] GC(17) 	11: 0
[3.860s][info][gc           ] GC(17) 	12: 0
[3.860s][info][gc           ] GC(17) 	13: 211
[3.860s][info][gc           ] GC(17) 	14: 1388
[3.860s][info][gc           ] GC(17) 	15: 0
[3.860s][info][gc           ] GC(17) 	16: 0
[3.860s][info][gc           ] GC(17) 	17: 0
[3.860s][info][gc           ] GC(17) 	18: 0
[3.860s][info][gc           ] GC(17) 	19: 0
[3.860s][info][gc           ] GC(17) Obj size ac histogram
[3.860s][info][gc           ] GC(17) 	0: 54769
[3.860s][info][gc           ] GC(17) 	1: 0
[3.860s][info][gc           ] GC(17) 	2: 0
[3.860s][info][gc           ] GC(17) 	3: 0
[3.860s][info][gc           ] GC(17) 	4: 0
[3.860s][info][gc           ] GC(17) 	5: 0
[3.860s][info][gc           ] GC(17) 	6: 0
[3.860s][info][gc           ] GC(17) 	7: 0
[3.860s][info][gc           ] GC(17) 	8: 0
[3.860s][info][gc           ] GC(17) 	9: 0
[3.860s][info][gc           ] GC(17) 	10: 0
[3.860s][info][gc           ] GC(17) 	11: 0
[3.860s][info][gc           ] GC(17) 	12: 0
[3.860s][info][gc           ] GC(17) 	13: 2519
[3.860s][info][gc           ] GC(17) 	14: 11078
[3.860s][info][gc           ] GC(17) 	15: 0
[3.860s][info][gc           ] GC(17) 	16: 0
[3.860s][info][gc           ] GC(17) 	17: 0
[3.860s][info][gc           ] GC(17) 	18: 0
[3.860s][info][gc           ] GC(17) 	19: 0
[3.860s][info][gc,ergo      ] Free: 6740K, Max: 256K regular, 2304K humongous, Frag: 60% external, 17% internal; Reserve: 1024K, Max: 256K
[3.860s][info][gc,stats     ] 
[3.860s][info][gc,stats     ] All times are wall-clock times, except per-root-class counters, that are sum over
[3.860s][info][gc,stats     ] all workers. Dividing the <total> over the root stage time estimates parallelism.
[3.860s][info][gc,stats     ] 
[3.860s][info][gc,stats     ] Concurrent Reset                    162 us
[3.860s][info][gc,stats     ] Pause Init Mark (G)                3192 us
[3.860s][info][gc,stats     ] Pause Init Mark (N)                2801 us
[3.860s][info][gc,stats     ]   Accumulate Stats                    4 us
[3.860s][info][gc,stats     ]   Make Parsable                      27 us
[3.860s][info][gc,stats     ]   Update Region States                2 us
[3.860s][info][gc,stats     ]   Scan Roots                       2649 us, parallelism: 1.23x
[3.860s][info][gc,stats     ]     S: <total>                     3261 us
[3.860s][info][gc,stats     ]     S: Thread Roots                2466 us, workers (us):   2, 2464, ---, ---, ---, ---, ---, ---, ---, ---, ---, ---, ---, ---, ---, ---, ---, ---, ---, ---, ---, ---, ---, ---, 
[3.860s][info][gc,stats     ]     S: Universe Roots                11 us, workers (us):  11, ---, ---, ---, ---, ---, ---, ---, ---, ---, ---, ---, ---, ---, ---, ---, ---, ---, ---, ---, ---, ---, ---, ---, 
[3.860s][info][gc,stats     ]     S: JNI Handles Roots              5 us, workers (us): ---,   5, ---, ---, ---, ---, ---, ---, ---, ---, ---, ---, ---, ---, ---, ---, ---, ---, ---, ---, ---, ---, ---, ---, 
[3.860s][info][gc,stats     ]     S: Synchronizer Roots             0 us, workers (us):   0, ---, ---, ---, ---, ---, ---, ---, ---, ---, ---, ---, ---, ---, ---, ---, ---, ---, ---, ---, ---, ---, ---, ---, 
[3.860s][info][gc,stats     ]     S: Management Roots               1 us, workers (us):   1, ---, ---, ---, ---, ---, ---, ---, ---, ---, ---, ---, ---, ---, ---, ---, ---, ---, ---, ---, ---, ---, ---, ---, 
[3.860s][info][gc,stats     ]     S: System Dict Roots             15 us, workers (us):  15, ---, ---, ---, ---, ---, ---, ---, ---, ---, ---, ---, ---, ---, ---, ---, ---, ---, ---, ---, ---, ---, ---, ---, 
[3.860s][info][gc,stats     ]     S: CLDG Roots                   762 us, workers (us): 762, ---, ---, ---, ---, ---, ---, ---, ---, ---, ---, ---, ---, ---, ---, ---, ---, ---, ---, ---, ---, ---, ---, ---, 
[3.860s][info][gc,stats     ]     S: JVMTI Roots                    1 us, workers (us): ---,   1, ---, ---, ---, ---, ---, ---, ---, ---, ---, ---, ---, ---, ---, ---, ---, ---, ---, ---, ---, ---, ---, ---, 
[3.860s][info][gc,stats     ]   Resize TLABs                        6 us
[3.860s][info][gc,stats     ] Concurrent Marking                21966 us
[3.860s][info][gc,stats     ] Pause Final Mark (G)               1488 us
[3.860s][info][gc,stats     ] Pause Final Mark (N)               1386 us
[3.860s][info][gc,stats     ]   Finish Queues                      85 us
[3.860s][info][gc,stats     ]   System Purge                      382 us
[3.860s][info][gc,stats     ]     Weak Roots                      382 us
[3.860s][info][gc,stats     ]   Update Region States                1 us
[3.860s][info][gc,stats     ]   Retire TLABs                        9 us
[3.860s][info][gc,stats     ]   Choose Collection Set              24 us
[3.860s][info][gc,stats     ]   Rebuild Free Set                    2 us
[3.860s][info][gc,stats     ]   Initial Evacuation                875 us, parallelism: 1.12x
[3.860s][info][gc,stats     ]     E: <total>                      979 us
[3.860s][info][gc,stats     ]     E: Thread Roots                 538 us, workers (us): 536,   2, ---, ---, ---, ---, ---, ---, ---, ---, ---, ---, ---, ---, ---, ---, ---, ---, ---, ---, ---, ---, ---, ---, 
[3.860s][info][gc,stats     ]     E: Code Cache Roots               1 us, workers (us):   0,   0, ---, ---, ---, ---, ---, ---, ---, ---, ---, ---, ---, ---, ---, ---, ---, ---, ---, ---, ---, ---, ---, ---, 
[3.860s][info][gc,stats     ]     E: Universe Roots                 3 us, workers (us):   3, ---, ---, ---, ---, ---, ---, ---, ---, ---, ---, ---, ---, ---, ---, ---, ---, ---, ---, ---, ---, ---, ---, ---, 
[3.860s][info][gc,stats     ]     E: JNI Handles Roots              1 us, workers (us): ---,   1, ---, ---, ---, ---, ---, ---, ---, ---, ---, ---, ---, ---, ---, ---, ---, ---, ---, ---, ---, ---, ---, ---, 
[3.860s][info][gc,stats     ]     E: Synchronizer Roots             0 us, workers (us):   0, ---, ---, ---, ---, ---, ---, ---, ---, ---, ---, ---, ---, ---, ---, ---, ---, ---, ---, ---, ---, ---, ---, ---, 
[3.860s][info][gc,stats     ]     E: Management Roots               1 us, workers (us):   1, ---, ---, ---, ---, ---, ---, ---, ---, ---, ---, ---, ---, ---, ---, ---, ---, ---, ---, ---, ---, ---, ---, ---, 
[3.860s][info][gc,stats     ]     E: System Dict Roots             63 us, workers (us):  63, ---, ---, ---, ---, ---, ---, ---, ---, ---, ---, ---, ---, ---, ---, ---, ---, ---, ---, ---, ---, ---, ---, ---, 
[3.860s][info][gc,stats     ]     E: CLDG Roots                   371 us, workers (us): ---, 371, ---, ---, ---, ---, ---, ---, ---, ---, ---, ---, ---, ---, ---, ---, ---, ---, ---, ---, ---, ---, ---, ---, 
[3.860s][info][gc,stats     ]     E: JVMTI Roots                    1 us, workers (us): ---,   1, ---, ---, ---, ---, ---, ---, ---, ---, ---, ---, ---, ---, ---, ---, ---, ---, ---, ---, ---, ---, ---, ---, 
[3.860s][info][gc,stats     ] Concurrent Cleanup                   19 us
[3.860s][info][gc,stats     ] Concurrent Evacuation              2336 us
[3.860s][info][gc,stats     ] Pause Init  Update Refs (G)         195 us
[3.860s][info][gc,stats     ] Pause Init  Update Refs (N)          41 us
[3.860s][info][gc,stats     ]   Retire GCLABs                      35 us
[3.860s][info][gc,stats     ] Concurrent Update Refs            19522 us
[3.860s][info][gc,stats     ] Pause Final Update Refs (G)        1261 us
[3.860s][info][gc,stats     ] Pause Final Update Refs (N)         850 us
[3.860s][info][gc,stats     ]   Update Roots                      832 us, parallelism: 0.96x
[3.860s][info][gc,stats     ]     UR: <total>                     801 us
[3.860s][info][gc,stats     ]     UR: Thread Roots                801 us, workers (us):  52, 749, ---, ---, ---, ---, ---, ---, ---, ---, ---, ---, ---, ---, ---, ---, ---, ---, ---, ---, ---, ---, ---, ---, 
[3.860s][info][gc,stats     ]   Update Region States                1 us
[3.860s][info][gc,stats     ]   Trash Collection Set                2 us
[3.860s][info][gc,stats     ]   Rebuild Free Set                    2 us
[3.860s][info][gc,stats     ] Concurrent Cleanup                  572 us
[3.860s][info][gc,stats     ] Pacing                             4204 us
[3.860s][info][gc,stats     ] 
[3.860s][info][gc,stats     ] Allocation pacing accrued:
[3.860s][info][gc,stats     ]       4 of   125 ms (  3.4%): Thread-0
[3.860s][info][gc,stats     ]       4 of   125 ms (  3.4%): <total>
[3.860s][info][gc,stats     ]       1 of   125 ms (  0.5%): <average total>
[3.860s][info][gc,stats     ]       4 of   125 ms (  3.4%): <average non-zero>
[3.860s][info][gc,stats     ] 
[3.860s][info][gc,metaspace ] Metaspace: 14064K->14108K(1062912K)
[3.860s][info][gc,ergo      ] Pacer for Idle. Initial: 327K, Alloc Tax Rate: 1.0x
[10.752s][info][gc           ] Trigger: Free (1581K) is below minimum threshold (1638K)
[10.752s][info][gc,ergo      ] Free: 1581K, Max: 256K regular, 512K humongous, Frag: 0% external, 48% internal; Reserve: 1024K, Max: 256K
[10.752s][info][gc,start     ] GC(18) Concurrent reset
[10.752s][info][gc,task      ] GC(18) Using 2 of 24 workers for concurrent reset
[10.752s][info][gc,ergo      ] GC(18) Pacer for Reset. Non-Taxable: 16384K
[10.752s][info][gc           ] GC(18) Concurrent reset 0.228ms
[10.752s][info][gc,start     ] GC(18) Pause Init Mark
[10.752s][info][gc,task      ] GC(18) Using 2 of 24 workers for init marking
[10.754s][info][gc,ergo      ] GC(18) Pacer for Mark. Expected Live: 6644K, Free: 1581K, Non-Taxable: 158K, Alloc Tax Rate: 5.1x
[10.754s][info][gc           ] GC(18) Pause Init Mark 1.867ms
[10.754s][info][gc,start     ] GC(18) Concurrent marking
[10.754s][info][gc,task      ] GC(18) Using 2 of 24 workers for concurrent marking
[10.781s][info][gc           ] GC(18) Concurrent marking 26.379ms
[10.781s][info][gc,start     ] GC(18) Pause Final Mark
[10.781s][info][gc,task      ] GC(18) Using 2 of 24 workers for final marking
[10.782s][info][gc,ergo      ] GC(18) Adaptive CSet Selection. Target Free: 2321K, Actual Free: 1536K, Max CSet: 682K, Min Garbage: 785K
[10.782s][info][gc,ergo      ] GC(18) Collectable Garbage: 3058K (59%), Immediate: 0B (0%), CSet: 3058K (59%)
[10.782s][info][gc,ergo      ] GC(18) Pacer for Evacuation. Used CSet: 3732K, Free: 3047K, Non-Taxable: 304K, Alloc Tax Rate: 3.0x
[10.783s][info][gc           ] GC(18) Pause Final Mark 1.666ms
[10.783s][info][gc,start     ] GC(18) Concurrent cleanup
[10.783s][info][gc           ] GC(18) Concurrent cleanup 11M->11M(16M) 0.054ms
[10.783s][info][gc,ergo      ] GC(18) Free: 3047K, Max: 256K regular, 512K humongous, Frag: 0% external, 48% internal; Reserve: 977K, Max: 256K
[10.783s][info][gc,start     ] GC(18) Concurrent evacuation
[10.783s][info][gc,task      ] GC(18) Using 2 of 24 workers for concurrent evacuation
[10.789s][info][gc           ] GC(18) Concurrent evacuation 6.110ms
[10.789s][info][gc,start     ] GC(18) Pause Init Update Refs
[10.789s][info][gc,ergo      ] GC(18) Pacer for Update Refs. Used: 13228K, Free: 3047K, Non-Taxable: 304K, Alloc Tax Rate: 5.3x
[10.789s][info][gc           ] GC(18) Pause Init Update Refs 0.127ms
[10.789s][info][gc,start     ] GC(18) Concurrent update references
[10.789s][info][gc,task      ] GC(18) Using 2 of 24 workers for concurrent reference update
[10.807s][info][gc           ] GC(18) Concurrent update references 18.150ms
[10.808s][info][gc,start     ] GC(18) Pause Final Update Refs
[10.808s][info][gc,task      ] GC(18) Using 2 of 24 workers for final reference update
[10.808s][info][gc           ] GC(18) Pause Final Update Refs 0.212ms
[10.808s][info][gc,start     ] GC(18) Concurrent cleanup
[10.808s][info][gc           ] GC(18) Concurrent cleanup 12M->9M(16M) 0.364ms
[10.808s][info][gc           ] GC(18) Dat log --- cycle is complete
Current gc epoch: 16
heap: ______
capacity: 16777216
used: 9724104
committed: 16777216
bytes_allocated_since_gc_start: 0
hot_size: 26998
cold_size: 59183
num_regions: 64
hot_region_count: 18446744073709551606
cold_region_count: 41
histogram: Placeholder

[10.808s][info][gc           ] GC(18) Obj count ac histogram
[10.808s][info][gc           ] GC(18) 	0: 9094
[10.808s][info][gc           ] GC(18) 	1: 0
[10.808s][info][gc           ] GC(18) 	2: 0
[10.808s][info][gc           ] GC(18) 	3: 0
[10.808s][info][gc           ] GC(18) 	4: 0
[10.808s][info][gc           ] GC(18) 	5: 0
[10.808s][info][gc           ] GC(18) 	6: 0
[10.808s][info][gc           ] GC(18) 	7: 0
[10.808s][info][gc           ] GC(18) 	8: 0
[10.808s][info][gc           ] GC(18) 	9: 0
[10.808s][info][gc           ] GC(18) 	10: 0
[10.808s][info][gc           ] GC(18) 	11: 0
[10.808s][info][gc           ] GC(18) 	12: 0
[10.808s][info][gc           ] GC(18) 	13: 1408
[10.808s][info][gc           ] GC(18) 	14: 1401
[10.808s][info][gc           ] GC(18) 	15: 0
[10.808s][info][gc           ] GC(18) 	16: 0
[10.808s][info][gc           ] GC(18) 	17: 0
[10.808s][info][gc           ] GC(18) 	18: 0
[10.808s][info][gc           ] GC(18) 	19: 0
[10.808s][info][gc           ] GC(18) Obj size ac histogram
[10.808s][info][gc           ] GC(18) 	0: 57068
[10.808s][info][gc           ] GC(18) 	1: 0
[10.808s][info][gc           ] GC(18) 	2: 0
[10.808s][info][gc           ] GC(18) 	3: 0
[10.808s][info][gc           ] GC(18) 	4: 0
[10.808s][info][gc           ] GC(18) 	5: 0
[10.808s][info][gc           ] GC(18) 	6: 0
[10.808s][info][gc           ] GC(18) 	7: 0
[10.808s][info][gc           ] GC(18) 	8: 0
[10.808s][info][gc           ] GC(18) 	9: 0
[10.808s][info][gc           ] GC(18) 	10: 0
[10.808s][info][gc           ] GC(18) 	11: 0
[10.808s][info][gc           ] GC(18) 	12: 0
[10.808s][info][gc           ] GC(18) 	13: 15642
[10.808s][info][gc           ] GC(18) 	14: 11184
[10.808s][info][gc           ] GC(18) 	15: 0
[10.808s][info][gc           ] GC(18) 	16: 0
[10.808s][info][gc           ] GC(18) 	17: 0
[10.808s][info][gc           ] GC(18) 	18: 0
[10.808s][info][gc           ] GC(18) 	19: 0
[10.809s][info][gc,ergo      ] Free: 5863K, Max: 256K regular, 2560K humongous, Frag: 24% external, 32% internal; Reserve: 1024K, Max: 256K
[10.809s][info][gc,stats     ] 
[10.809s][info][gc,stats     ] All times are wall-clock times, except per-root-class counters, that are sum over
[10.809s][info][gc,stats     ] all workers. Dividing the <total> over the root stage time estimates parallelism.
[10.809s][info][gc,stats     ] 
[10.809s][info][gc,stats     ] Concurrent Reset                    207 us
[10.809s][info][gc,stats     ] Pause Init Mark (G)                2268 us
[10.809s][info][gc,stats     ] Pause Init Mark (N)                1818 us
[10.809s][info][gc,stats     ]   Accumulate Stats                    6 us
[10.809s][info][gc,stats     ]   Make Parsable                      29 us
[10.809s][info][gc,stats     ]   Update Region States                2 us
[10.809s][info][gc,stats     ]   Scan Roots                       1651 us, parallelism: 1.04x
[10.809s][info][gc,stats     ]     S: <total>                     1723 us
[10.809s][info][gc,stats     ]     S: Thread Roots                 208 us, workers (us): 206,   2, ---, ---, ---, ---, ---, ---, ---, ---, ---, ---, ---, ---, ---, ---, ---, ---, ---, ---, ---, ---, ---, ---, 
[10.809s][info][gc,stats     ]     S: Universe Roots                20 us, workers (us):  20, ---, ---, ---, ---, ---, ---, ---, ---, ---, ---, ---, ---, ---, ---, ---, ---, ---, ---, ---, ---, ---, ---, ---, 
[10.809s][info][gc,stats     ]     S: JNI Handles Roots              7 us, workers (us): ---,   7, ---, ---, ---, ---, ---, ---, ---, ---, ---, ---, ---, ---, ---, ---, ---, ---, ---, ---, ---, ---, ---, ---, 
[10.809s][info][gc,stats     ]     S: Synchronizer Roots             0 us, workers (us):   0, ---, ---, ---, ---, ---, ---, ---, ---, ---, ---, ---, ---, ---, ---, ---, ---, ---, ---, ---, ---, ---, ---, ---, 
[10.809s][info][gc,stats     ]     S: Management Roots               2 us, workers (us):   2, ---, ---, ---, ---, ---, ---, ---, ---, ---, ---, ---, ---, ---, ---, ---, ---, ---, ---, ---, ---, ---, ---, ---, 
[10.809s][info][gc,stats     ]     S: System Dict Roots             30 us, workers (us):  30, ---, ---, ---, ---, ---, ---, ---, ---, ---, ---, ---, ---, ---, ---, ---, ---, ---, ---, ---, ---, ---, ---, ---, 
[10.809s][info][gc,stats     ]     S: CLDG Roots                  1454 us, workers (us): ---, 1454, ---, ---, ---, ---, ---, ---, ---, ---, ---, ---, ---, ---, ---, ---, ---, ---, ---, ---, ---, ---, ---, ---, 
[10.809s][info][gc,stats     ]     S: JVMTI Roots                    1 us, workers (us): ---,   1, ---, ---, ---, ---, ---, ---, ---, ---, ---, ---, ---, ---, ---, ---, ---, ---, ---, ---, ---, ---, ---, ---, 
[10.809s][info][gc,stats     ]   Resize TLABs                        6 us
[10.809s][info][gc,stats     ] Concurrent Marking                26327 us
[10.809s][info][gc,stats     ] Pause Final Mark (G)               1877 us
[10.809s][info][gc,stats     ] Pause Final Mark (N)               1622 us
[10.809s][info][gc,stats     ]   Finish Queues                     111 us
[10.809s][info][gc,stats     ]   System Purge                      608 us
[10.809s][info][gc,stats     ]     Weak Roots                      606 us
[10.809s][info][gc,stats     ]   Update Region States                5 us
[10.809s][info][gc,stats     ]   Retire TLABs                        6 us
[10.809s][info][gc,stats     ]   Choose Collection Set              66 us
[10.809s][info][gc,stats     ]   Rebuild Free Set                    7 us
[10.809s][info][gc,stats     ]   Initial Evacuation                795 us, parallelism: 0.66x
[10.809s][info][gc,stats     ]     E: <total>                      523 us
[10.809s][info][gc,stats     ]     E: Thread Roots                  27 us, workers (us):   1,  25, ---, ---, ---, ---, ---, ---, ---, ---, ---, ---, ---, ---, ---, ---, ---, ---, ---, ---, ---, ---, ---, ---, 
[10.809s][info][gc,stats     ]     E: Code Cache Roots               1 us, workers (us):   0,   1, ---, ---, ---, ---, ---, ---, ---, ---, ---, ---, ---, ---, ---, ---, ---, ---, ---, ---, ---, ---, ---, ---, 
[10.809s][info][gc,stats     ]     E: Universe Roots                 5 us, workers (us):   5, ---, ---, ---, ---, ---, ---, ---, ---, ---, ---, ---, ---, ---, ---, ---, ---, ---, ---, ---, ---, ---, ---, ---, 
[10.809s][info][gc,stats     ]     E: JNI Handles Roots              1 us, workers (us):   1, ---, ---, ---, ---, ---, ---, ---, ---, ---, ---, ---, ---, ---, ---, ---, ---, ---, ---, ---, ---, ---, ---, ---, 
[10.809s][info][gc,stats     ]     E: Synchronizer Roots             0 us, workers (us):   0, ---, ---, ---, ---, ---, ---, ---, ---, ---, ---, ---, ---, ---, ---, ---, ---, ---, ---, ---, ---, ---, ---, ---, 
[10.809s][info][gc,stats     ]     E: Management Roots               2 us, workers (us):   2, ---, ---, ---, ---, ---, ---, ---, ---, ---, ---, ---, ---, ---, ---, ---, ---, ---, ---, ---, ---, ---, ---, ---, 
[10.809s][info][gc,stats     ]     E: System Dict Roots             25 us, workers (us):  25, ---, ---, ---, ---, ---, ---, ---, ---, ---, ---, ---, ---, ---, ---, ---, ---, ---, ---, ---, ---, ---, ---, ---, 
[10.809s][info][gc,stats     ]     E: CLDG Roots                   462 us, workers (us): 462, ---, ---, ---, ---, ---, ---, ---, ---, ---, ---, ---, ---, ---, ---, ---, ---, ---, ---, ---, ---, ---, ---, ---, 
[10.809s][info][gc,stats     ]     E: JVMTI Roots                    1 us, workers (us):   1, ---, ---, ---, ---, ---, ---, ---, ---, ---, ---, ---, ---, ---, ---, ---, ---, ---, ---, ---, ---, ---, ---, ---, 
[10.809s][info][gc,stats     ] Concurrent Cleanup                    6 us
[10.809s][info][gc,stats     ] Concurrent Evacuation              6091 us
[10.809s][info][gc,stats     ] Pause Init  Update Refs (G)         441 us
[10.809s][info][gc,stats     ] Pause Init  Update Refs (N)          84 us
[10.809s][info][gc,stats     ]   Retire GCLABs                      60 us
[10.809s][info][gc,stats     ] Concurrent Update Refs            18125 us
[10.809s][info][gc,stats     ] Pause Final Update Refs (G)         515 us
[10.809s][info][gc,stats     ] Pause Final Update Refs (N)         168 us
[10.809s][info][gc,stats     ]   Update Roots                      133 us, parallelism: 0.49x
[10.809s][info][gc,stats     ]     UR: <total>                      65 us
[10.809s][info][gc,stats     ]     UR: Thread Roots                 65 us, workers (us):  36,  29, ---, ---, ---, ---, ---, ---, ---, ---, ---, ---, ---, ---, ---, ---, ---, ---, ---, ---, ---, ---, ---, ---, 
[10.809s][info][gc,stats     ]   Update Region States                3 us
[10.809s][info][gc,stats     ]   Trash Collection Set                4 us
[10.809s][info][gc,stats     ]   Rebuild Free Set                    7 us
[10.809s][info][gc,stats     ] Concurrent Cleanup                  355 us
[10.809s][info][gc,stats     ] 
[10.809s][info][gc,stats     ] Allocation pacing accrued:
[10.809s][info][gc,stats     ]       0 of  6949 ms (  0.0%): <total>
[10.809s][info][gc,stats     ]       0 of  6949 ms (  0.0%): <average total>
[10.809s][info][gc,stats     ] 
[10.809s][info][gc,metaspace ] Metaspace: 14239K->14239K(1062912K)
[10.809s][info][gc,ergo      ] Pacer for Idle. Initial: 327K, Alloc Tax Rate: 1.0x
[21.257s][info][gc           ] Trigger: Free (1345K) is below minimum threshold (1638K)
[21.258s][info][gc,ergo      ] Free: 1345K, Max: 256K regular, 256K humongous, Frag: 0% external, 47% internal; Reserve: 1024K, Max: 256K
[21.258s][info][gc,start     ] GC(19) Concurrent reset
[21.258s][info][gc,task      ] GC(19) Using 2 of 24 workers for concurrent reset
[21.258s][info][gc,ergo      ] GC(19) Pacer for Reset. Non-Taxable: 16384K
[21.258s][info][gc           ] GC(19) Concurrent reset 0.222ms
[21.258s][info][gc,start     ] GC(19) Pause Init Mark
[21.258s][info][gc,task      ] GC(19) Using 2 of 24 workers for init marking
[21.260s][info][gc,ergo      ] GC(19) Pacer for Mark. Expected Live: 6738K, Free: 1345K, Non-Taxable: 134K, Alloc Tax Rate: 6.1x
[21.260s][info][gc           ] GC(19) Pause Init Mark 2.039ms
[21.260s][info][gc,start     ] GC(19) Concurrent marking
[21.260s][info][gc,task      ] GC(19) Using 2 of 24 workers for concurrent marking
[21.286s][info][gc           ] GC(19) Concurrent marking 25.544ms
[21.286s][info][gc,start     ] GC(19) Pause Final Mark
[21.286s][info][gc,task      ] GC(19) Using 2 of 24 workers for final marking
[21.287s][info][gc,ergo      ] GC(19) Adaptive CSet Selection. Target Free: 2321K, Actual Free: 1280K, Max CSet: 682K, Min Garbage: 1041K
[21.287s][info][gc,ergo      ] GC(19) Collectable Garbage: 679K (26%), Immediate: 0B (0%), CSet: 679K (26%)
[21.287s][info][gc,ergo      ] GC(19) Pacer for Evacuation. Used CSet: 1229K, Free: 4152K, Non-Taxable: 415K, Alloc Tax Rate: 1.1x
[21.287s][info][gc           ] GC(19) Pause Final Mark 1.249ms
[21.287s][info][gc,start     ] GC(19) Concurrent cleanup
[21.287s][info][gc           ] GC(19) Concurrent cleanup 10M->10M(16M) 0.036ms
[21.287s][info][gc,ergo      ] GC(19) Free: 4152K, Max: 256K regular, 256K humongous, Frag: 0% external, 49% internal; Reserve: 993K, Max: 256K
[21.287s][info][gc,start     ] GC(19) Concurrent evacuation
[21.287s][info][gc,task      ] GC(19) Using 2 of 24 workers for concurrent evacuation
[21.290s][info][gc           ] GC(19) Concurrent evacuation 2.616ms
[21.290s][info][gc,start     ] GC(19) Pause Init Update Refs
[21.290s][info][gc,ergo      ] GC(19) Pacer for Update Refs. Used: 11973K, Free: 4152K, Non-Taxable: 415K, Alloc Tax Rate: 3.5x
[21.290s][info][gc           ] GC(19) Pause Init Update Refs 0.104ms
[21.290s][info][gc,start     ] GC(19) Concurrent update references
[21.290s][info][gc,task      ] GC(19) Using 2 of 24 workers for concurrent reference update
[21.311s][info][gc           ] GC(19) Concurrent update references 20.387ms
[21.311s][info][gc,start     ] GC(19) Pause Final Update Refs
[21.311s][info][gc,task      ] GC(19) Using 2 of 24 workers for final reference update
[21.311s][info][gc           ] GC(19) Pause Final Update Refs 0.184ms
[21.311s][info][gc,start     ] GC(19) Concurrent cleanup
[21.311s][info][gc           ] GC(19) Concurrent cleanup 11M->10M(16M) 0.212ms
[21.311s][info][gc           ] GC(19) Dat log --- cycle is complete
Current gc epoch: 17
heap: ______
capacity: 16777216
used: 11001864
committed: 16777216
bytes_allocated_since_gc_start: 0
hot_size: 37735
cold_size: 32718
num_regions: 64
hot_region_count: 18446744073709551604
cold_region_count: 43
histogram: Placeholder

[21.311s][info][gc           ] GC(19) Obj count ac histogram
[21.311s][info][gc           ] GC(19) 	0: 2821
[21.311s][info][gc           ] GC(19) 	1: 0
[21.311s][info][gc           ] GC(19) 	2: 0
[21.311s][info][gc           ] GC(19) 	3: 0
[21.311s][info][gc           ] GC(19) 	4: 0
[21.311s][info][gc           ] GC(19) 	5: 0
[21.311s][info][gc           ] GC(19) 	6: 0
[21.311s][info][gc           ] GC(19) 	7: 0
[21.311s][info][gc           ] GC(19) 	8: 0
[21.311s][info][gc           ] GC(19) 	9: 0
[21.311s][info][gc           ] GC(19) 	10: 0
[21.311s][info][gc           ] GC(19) 	11: 0
[21.311s][info][gc           ] GC(19) 	12: 0
[21.311s][info][gc           ] GC(19) 	13: 2010
[21.312s][info][gc           ] GC(19) 	14: 4
[21.312s][info][gc           ] GC(19) 	15: 0
[21.312s][info][gc           ] GC(19) 	16: 0
[21.312s][info][gc           ] GC(19) 	17: 0
[21.312s][info][gc           ] GC(19) 	18: 0
[21.312s][info][gc           ] GC(19) 	19: 0
[21.312s][info][gc           ] GC(19) Obj size ac histogram
[21.312s][info][gc           ] GC(19) 	0: 32718
[21.312s][info][gc           ] GC(19) 	1: 0
[21.312s][info][gc           ] GC(19) 	2: 0
[21.312s][info][gc           ] GC(19) 	3: 0
[21.312s][info][gc           ] GC(19) 	4: 0
[21.312s][info][gc           ] GC(19) 	5: 0
[21.312s][info][gc           ] GC(19) 	6: 0
[21.312s][info][gc           ] GC(19) 	7: 0
[21.312s][info][gc           ] GC(19) 	8: 0
[21.312s][info][gc           ] GC(19) 	9: 0
[21.312s][info][gc           ] GC(19) 	10: 0
[21.312s][info][gc           ] GC(19) 	11: 0
[21.312s][info][gc           ] GC(19) 	12: 0
[21.312s][info][gc           ] GC(19) 	13: 37547
[21.312s][info][gc           ] GC(19) 	14: 25
[21.312s][info][gc           ] GC(19) 	15: 0
[21.312s][info][gc           ] GC(19) 	16: 0
[21.312s][info][gc           ] GC(19) 	17: 0
[21.312s][info][gc           ] GC(19) 	18: 0
[21.312s][info][gc           ] GC(19) 	19: 0
[21.312s][info][gc,ergo      ] Free: 4615K, Max: 256K regular, 256K humongous, Frag: 50% external, 48% internal; Reserve: 1024K, Max: 256K
[21.312s][info][gc,stats     ] 
[21.312s][info][gc,stats     ] All times are wall-clock times, except per-root-class counters, that are sum over
[21.312s][info][gc,stats     ] all workers. Dividing the <total> over the root stage time estimates parallelism.
[21.312s][info][gc,stats     ] 
[21.312s][info][gc,stats     ] Concurrent Reset                    200 us
[21.312s][info][gc,stats     ] Pause Init Mark (G)                2434 us
[21.312s][info][gc,stats     ] Pause Init Mark (N)                1985 us
[21.312s][info][gc,stats     ]   Accumulate Stats                    7 us
[21.312s][info][gc,stats     ]   Make Parsable                      29 us
[21.312s][info][gc,stats     ]   Update Region States                2 us
[21.312s][info][gc,stats     ]   Scan Roots                       1816 us, parallelism: 1.03x
[21.312s][info][gc,stats     ]     S: <total>                     1873 us
[21.312s][info][gc,stats     ]     S: Thread Roots                 231 us, workers (us):   2, 229, ---, ---, ---, ---, ---, ---, ---, ---, ---, ---, ---, ---, ---, ---, ---, ---, ---, ---, ---, ---, ---, ---, 
[21.312s][info][gc,stats     ]     S: Universe Roots                22 us, workers (us):  22, ---, ---, ---, ---, ---, ---, ---, ---, ---, ---, ---, ---, ---, ---, ---, ---, ---, ---, ---, ---, ---, ---, ---, 
[21.312s][info][gc,stats     ]     S: JNI Handles Roots              4 us, workers (us):   4, ---, ---, ---, ---, ---, ---, ---, ---, ---, ---, ---, ---, ---, ---, ---, ---, ---, ---, ---, ---, ---, ---, ---, 
[21.312s][info][gc,stats     ]     S: Synchronizer Roots             1 us, workers (us): ---,   1, ---, ---, ---, ---, ---, ---, ---, ---, ---, ---, ---, ---, ---, ---, ---, ---, ---, ---, ---, ---, ---, ---, 
[21.312s][info][gc,stats     ]     S: Management Roots               3 us, workers (us): ---,   3, ---, ---, ---, ---, ---, ---, ---, ---, ---, ---, ---, ---, ---, ---, ---, ---, ---, ---, ---, ---, ---, ---, 
[21.312s][info][gc,stats     ]     S: System Dict Roots             37 us, workers (us): ---,  37, ---, ---, ---, ---, ---, ---, ---, ---, ---, ---, ---, ---, ---, ---, ---, ---, ---, ---, ---, ---, ---, ---, 
[21.312s][info][gc,stats     ]     S: CLDG Roots                  1574 us, workers (us): 1574, ---, ---, ---, ---, ---, ---, ---, ---, ---, ---, ---, ---, ---, ---, ---, ---, ---, ---, ---, ---, ---, ---, ---, 
[21.312s][info][gc,stats     ]     S: JVMTI Roots                    1 us, workers (us):   1, ---, ---, ---, ---, ---, ---, ---, ---, ---, ---, ---, ---, ---, ---, ---, ---, ---, ---, ---, ---, ---, ---, ---, 
[21.312s][info][gc,stats     ]   Resize TLABs                        6 us
[21.312s][info][gc,stats     ] Concurrent Marking                25492 us
[21.312s][info][gc,stats     ] Pause Final Mark (G)               1331 us
[21.312s][info][gc,stats     ] Pause Final Mark (N)               1235 us
[21.312s][info][gc,stats     ]   Finish Queues                      98 us
[21.312s][info][gc,stats     ]   System Purge                      603 us
[21.312s][info][gc,stats     ]     Weak Roots                      603 us
[21.312s][info][gc,stats     ]   Update Region States                1 us
[21.312s][info][gc,stats     ]   Retire TLABs                        2 us
[21.312s][info][gc,stats     ]   Choose Collection Set              23 us
[21.312s][info][gc,stats     ]   Rebuild Free Set                    3 us
[21.312s][info][gc,stats     ]   Initial Evacuation                490 us, parallelism: 0.59x
[21.312s][info][gc,stats     ]     E: <total>                      288 us
[21.312s][info][gc,stats     ]     E: Thread Roots                  68 us, workers (us):  67,   1, ---, ---, ---, ---, ---, ---, ---, ---, ---, ---, ---, ---, ---, ---, ---, ---, ---, ---, ---, ---, ---, ---, 
[21.312s][info][gc,stats     ]     E: Code Cache Roots               1 us, workers (us):   1,   0, ---, ---, ---, ---, ---, ---, ---, ---, ---, ---, ---, ---, ---, ---, ---, ---, ---, ---, ---, ---, ---, ---, 
[21.312s][info][gc,stats     ]     E: Universe Roots                 6 us, workers (us):   6, ---, ---, ---, ---, ---, ---, ---, ---, ---, ---, ---, ---, ---, ---, ---, ---, ---, ---, ---, ---, ---, ---, ---, 
[21.312s][info][gc,stats     ]     E: JNI Handles Roots              2 us, workers (us):   2, ---, ---, ---, ---, ---, ---, ---, ---, ---, ---, ---, ---, ---, ---, ---, ---, ---, ---, ---, ---, ---, ---, ---, 
[21.312s][info][gc,stats     ]     E: Synchronizer Roots             0 us, workers (us):   0, ---, ---, ---, ---, ---, ---, ---, ---, ---, ---, ---, ---, ---, ---, ---, ---, ---, ---, ---, ---, ---, ---, ---, 
[21.312s][info][gc,stats     ]     E: Management Roots               2 us, workers (us):   2, ---, ---, ---, ---, ---, ---, ---, ---, ---, ---, ---, ---, ---, ---, ---, ---, ---, ---, ---, ---, ---, ---, ---, 
[21.312s][info][gc,stats     ]     E: System Dict Roots             19 us, workers (us):  19, ---, ---, ---, ---, ---, ---, ---, ---, ---, ---, ---, ---, ---, ---, ---, ---, ---, ---, ---, ---, ---, ---, ---, 
[21.312s][info][gc,stats     ]     E: CLDG Roots                   190 us, workers (us): ---, 190, ---, ---, ---, ---, ---, ---, ---, ---, ---, ---, ---, ---, ---, ---, ---, ---, ---, ---, ---, ---, ---, ---, 
[21.312s][info][gc,stats     ]     E: JVMTI Roots                    1 us, workers (us):   1, ---, ---, ---, ---, ---, ---, ---, ---, ---, ---, ---, ---, ---, ---, ---, ---, ---, ---, ---, ---, ---, ---, ---, 
[21.312s][info][gc,stats     ] Concurrent Cleanup                    6 us
[21.312s][info][gc,stats     ] Concurrent Evacuation              2596 us
[21.312s][info][gc,stats     ] Pause Init  Update Refs (G)         362 us
[21.312s][info][gc,stats     ] Pause Init  Update Refs (N)          66 us
[21.313s][info][gc,stats     ]   Retire GCLABs                      46 us
[21.313s][info][gc,stats     ] Concurrent Update Refs            20355 us
[21.313s][info][gc,stats     ] Pause Final Update Refs (G)         427 us
[21.313s][info][gc,stats     ] Pause Final Update Refs (N)         164 us
[21.313s][info][gc,stats     ]   Update Roots                      143 us, parallelism: 0.70x
[21.313s][info][gc,stats     ]     UR: <total>                     101 us
[21.313s][info][gc,stats     ]     UR: Thread Roots                101 us, workers (us):  66,  35, ---, ---, ---, ---, ---, ---, ---, ---, ---, ---, ---, ---, ---, ---, ---, ---, ---, ---, ---, ---, ---, ---, 
[21.313s][info][gc,stats     ]   Update Region States                2 us
[21.313s][info][gc,stats     ]   Trash Collection Set                3 us
[21.313s][info][gc,stats     ]   Rebuild Free Set                    6 us
[21.313s][info][gc,stats     ] Concurrent Cleanup                  186 us
[21.313s][info][gc,stats     ] 
[21.313s][info][gc,stats     ] Allocation pacing accrued:
[21.313s][info][gc,stats     ]       0 of 10504 ms (  0.0%): <total>
[21.313s][info][gc,stats     ]       0 of 10504 ms (  0.0%): <average total>
[21.313s][info][gc,stats     ] 
[21.313s][info][gc,metaspace ] Metaspace: 14239K->14239K(1062912K)
[21.313s][info][gc,ergo      ] Pacer for Idle. Initial: 327K, Alloc Tax Rate: 1.0x
[23.258s][info][gc           ] Trigger: Free (1121K) is below minimum threshold (1638K)
[23.258s][info][gc,ergo      ] Free: 1121K, Max: 191K regular, 0B humongous, Frag: 0% external, 51% internal; Reserve: 1024K, Max: 256K
[23.258s][info][gc,start     ] GC(20) Concurrent reset
[23.258s][info][gc,task      ] GC(20) Using 2 of 24 workers for concurrent reset
[23.258s][info][gc,ergo      ] GC(20) Pacer for Reset. Non-Taxable: 16384K
[23.258s][info][gc           ] GC(20) Concurrent reset 0.193ms
[23.258s][info][gc,start     ] GC(20) Pause Init Mark (process weakrefs)
[23.259s][info][gc,task      ] GC(20) Using 2 of 24 workers for init marking
[23.260s][info][gc,ergo      ] GC(20) Pacer for Mark. Expected Live: 7089K, Free: 1121K, Non-Taxable: 112K, Alloc Tax Rate: 7.7x
[23.260s][info][gc           ] GC(20) Pause Init Mark (process weakrefs) 1.714ms
[23.260s][info][gc,start     ] GC(20) Concurrent marking (process weakrefs)
[23.260s][info][gc,task      ] GC(20) Using 2 of 24 workers for concurrent marking
[23.285s][info][gc           ] GC(20) Concurrent marking (process weakrefs) 24.771ms
[23.285s][info][gc,start     ] GC(20) Concurrent precleaning
[23.285s][info][gc,task      ] GC(20) Using 1 of 24 workers for concurrent preclean
[23.285s][info][gc,ergo      ] GC(20) Pacer for Precleaning. Non-Taxable: 16384K
[23.286s][info][gc           ] GC(20) Concurrent precleaning 1.345ms
[23.287s][info][gc,start     ] GC(20) Pause Final Mark (process weakrefs)
[23.287s][info][gc,task      ] GC(20) Using 2 of 24 workers for final marking
[23.288s][info][gc,ergo      ] GC(20) Adaptive CSet Selection. Target Free: 2321K, Actual Free: 1024K, Max CSet: 682K, Min Garbage: 1297K
[23.288s][info][gc,ergo      ] GC(20) Collectable Garbage: 624K (27%), Immediate: 0B (0%), CSet: 624K (27%)
[23.289s][info][gc,ergo      ] GC(20) Pacer for Evacuation. Used CSet: 1284K, Free: 4060K, Non-Taxable: 406K, Alloc Tax Rate: 1.1x
[23.289s][info][gc           ] GC(20) Pause Final Mark (process weakrefs) 2.704ms
[23.290s][info][gc,start     ] GC(20) Concurrent cleanup
[23.290s][info][gc           ] GC(20) Concurrent cleanup 10M->10M(16M) 0.056ms
[23.290s][info][gc,ergo      ] GC(20) Free: 4060K, Max: 191K regular, 0B humongous, Frag: 0% external, 51% internal; Reserve: 944K, Max: 256K
[23.290s][info][gc,start     ] GC(20) Concurrent evacuation
[23.290s][info][gc,task      ] GC(20) Using 2 of 24 workers for concurrent evacuation
[23.295s][info][gc           ] GC(20) Concurrent evacuation 4.907ms
[23.295s][info][gc,start     ] GC(20) Pause Init Update Refs
[23.295s][info][gc,ergo      ] GC(20) Pacer for Update Refs. Used: 11945K, Free: 4060K, Non-Taxable: 406K, Alloc Tax Rate: 3.6x
[23.295s][info][gc           ] GC(20) Pause Init Update Refs 0.095ms
[23.295s][info][gc,start     ] GC(20) Concurrent update references
[23.295s][info][gc,task      ] GC(20) Using 2 of 24 workers for concurrent reference update
[23.307s][info][gc           ] GC(20) Concurrent update references 11.653ms
[23.307s][info][gc,start     ] GC(20) Pause Final Update Refs
[23.307s][info][gc,task      ] GC(20) Using 2 of 24 workers for final reference update
[23.307s][info][gc           ] GC(20) Pause Final Update Refs 0.220ms
[23.307s][info][gc,start     ] GC(20) Concurrent cleanup
[23.307s][info][gc           ] GC(20) Concurrent cleanup 11M->10M(16M) 0.233ms
[23.307s][info][gc           ] GC(20) Dat log --- cycle is complete
Current gc epoch: 18
heap: ______
capacity: 16777216
used: 10917696
committed: 16777216
bytes_allocated_since_gc_start: 0
hot_size: 62710
cold_size: 21748
num_regions: 64
hot_region_count: 18446744073709551601
cold_region_count: 44
histogram: Placeholder

[23.307s][info][gc           ] GC(20) Obj count ac histogram
[23.307s][info][gc           ] GC(20) 	0: 2718
[23.307s][info][gc           ] GC(20) 	1: 0
[23.307s][info][gc           ] GC(20) 	2: 0
[23.307s][info][gc           ] GC(20) 	3: 0
[23.307s][info][gc           ] GC(20) 	4: 0
[23.307s][info][gc           ] GC(20) 	5: 0
[23.307s][info][gc           ] GC(20) 	6: 0
[23.307s][info][gc           ] GC(20) 	7: 0
[23.307s][info][gc           ] GC(20) 	8: 0
[23.307s][info][gc           ] GC(20) 	9: 0
[23.307s][info][gc           ] GC(20) 	10: 0
[23.307s][info][gc           ] GC(20) 	11: 0
[23.307s][info][gc           ] GC(20) 	12: 0
[23.307s][info][gc           ] GC(20) 	13: 5403
[23.307s][info][gc           ] GC(20) 	14: 0
[23.307s][info][gc           ] GC(20) 	15: 0
[23.308s][info][gc           ] GC(20) 	16: 0
[23.308s][info][gc           ] GC(20) 	17: 0
[23.308s][info][gc           ] GC(20) 	18: 0
[23.308s][info][gc           ] GC(20) 	19: 0
[23.308s][info][gc           ] GC(20) Obj size ac histogram
[23.308s][info][gc           ] GC(20) 	0: 21748
[23.308s][info][gc           ] GC(20) 	1: 0
[23.308s][info][gc           ] GC(20) 	2: 0
[23.308s][info][gc           ] GC(20) 	3: 0
[23.308s][info][gc           ] GC(20) 	4: 0
[23.308s][info][gc           ] GC(20) 	5: 0
[23.308s][info][gc           ] GC(20) 	6: 0
[23.308s][info][gc           ] GC(20) 	7: 0
[23.308s][info][gc           ] GC(20) 	8: 0
[23.308s][info][gc           ] GC(20) 	9: 0
[23.308s][info][gc           ] GC(20) 	10: 0
[23.308s][info][gc           ] GC(20) 	11: 0
[23.308s][info][gc           ] GC(20) 	12: 0
[23.308s][info][gc           ] GC(20) 	13: 62223
[23.308s][info][gc           ] GC(20) 	14: 0
[23.308s][info][gc           ] GC(20) 	15: 0
[23.308s][info][gc           ] GC(20) 	16: 0
[23.308s][info][gc           ] GC(20) 	17: 0
[23.308s][info][gc           ] GC(20) 	18: 0
[23.308s][info][gc           ] GC(20) 	19: 0
[23.308s][info][gc,ergo      ] Free: 4698K, Max: 256K regular, 256K humongous, Frag: 50% external, 49% internal; Reserve: 1024K, Max: 256K
[23.308s][info][gc,stats     ] 
[23.308s][info][gc,stats     ] All times are wall-clock times, except per-root-class counters, that are sum over
[23.308s][info][gc,stats     ] all workers. Dividing the <total> over the root stage time estimates parallelism.
[23.308s][info][gc,stats     ] 
[23.308s][info][gc,stats     ] Concurrent Reset                    173 us
[23.308s][info][gc,stats     ] Pause Init Mark (G)                2006 us
[23.308s][info][gc,stats     ] Pause Init Mark (N)                1669 us
[23.308s][info][gc,stats     ]   Accumulate Stats                    5 us
[23.308s][info][gc,stats     ]   Make Parsable                      14 us
[23.308s][info][gc,stats     ]   Update Region States                2 us
[23.308s][info][gc,stats     ]   Scan Roots                       1540 us, parallelism: 1.04x
[23.308s][info][gc,stats     ]     S: <total>                     1600 us
[23.308s][info][gc,stats     ]     S: Thread Roots                 100 us, workers (us):   1,  99, ---, ---, ---, ---, ---, ---, ---, ---, ---, ---, ---, ---, ---, ---, ---, ---, ---, ---, ---, ---, ---, ---, 
[23.308s][info][gc,stats     ]     S: Universe Roots                20 us, workers (us):  20, ---, ---, ---, ---, ---, ---, ---, ---, ---, ---, ---, ---, ---, ---, ---, ---, ---, ---, ---, ---, ---, ---, ---, 
[23.308s][info][gc,stats     ]     S: JNI Handles Roots              3 us, workers (us):   3, ---, ---, ---, ---, ---, ---, ---, ---, ---, ---, ---, ---, ---, ---, ---, ---, ---, ---, ---, ---, ---, ---, ---, 
[23.308s][info][gc,stats     ]     S: Synchronizer Roots             0 us, workers (us): ---,   0, ---, ---, ---, ---, ---, ---, ---, ---, ---, ---, ---, ---, ---, ---, ---, ---, ---, ---, ---, ---, ---, ---, 
[23.308s][info][gc,stats     ]     S: Management Roots               2 us, workers (us): ---,   2, ---, ---, ---, ---, ---, ---, ---, ---, ---, ---, ---, ---, ---, ---, ---, ---, ---, ---, ---, ---, ---, ---, 
[23.308s][info][gc,stats     ]     S: System Dict Roots             32 us, workers (us): ---,  32, ---, ---, ---, ---, ---, ---, ---, ---, ---, ---, ---, ---, ---, ---, ---, ---, ---, ---, ---, ---, ---, ---, 
[23.308s][info][gc,stats     ]     S: CLDG Roots                  1442 us, workers (us): 1442, ---, ---, ---, ---, ---, ---, ---, ---, ---, ---, ---, ---, ---, ---, ---, ---, ---, ---, ---, ---, ---, ---, ---, 
[23.308s][info][gc,stats     ]     S: JVMTI Roots                    1 us, workers (us):   1, ---, ---, ---, ---, ---, ---, ---, ---, ---, ---, ---, ---, ---, ---, ---, ---, ---, ---, ---, ---, ---, ---, ---, 
[23.308s][info][gc,stats     ]   Resize TLABs                        5 us
[23.308s][info][gc,stats     ] Concurrent Marking                24718 us
[23.308s][info][gc,stats     ] Concurrent Precleaning             1321 us
[23.308s][info][gc,stats     ] Pause Final Mark (G)               3071 us
[23.308s][info][gc,stats     ] Pause Final Mark (N)               2660 us
[23.308s][info][gc,stats     ]   Finish Queues                     112 us
[23.308s][info][gc,stats     ]   Weak References                   708 us
[23.308s][info][gc,stats     ]     Process                         700 us
[23.308s][info][gc,stats     ]   System Purge                      595 us
[23.308s][info][gc,stats     ]     Weak Roots                      594 us
[23.308s][info][gc,stats     ]   Update Region States                3 us
[23.308s][info][gc,stats     ]   Retire TLABs                        5 us
[23.308s][info][gc,stats     ]   Choose Collection Set              64 us
[23.308s][info][gc,stats     ]   Rebuild Free Set                    6 us
[23.308s][info][gc,stats     ]   Initial Evacuation               1141 us, parallelism: 0.51x
[23.308s][info][gc,stats     ]     E: <total>                      588 us
[23.308s][info][gc,stats     ]     E: Thread Roots                  62 us, workers (us):   1,  61, ---, ---, ---, ---, ---, ---, ---, ---, ---, ---, ---, ---, ---, ---, ---, ---, ---, ---, ---, ---, ---, ---, 
[23.308s][info][gc,stats     ]     E: Code Cache Roots               1 us, workers (us):   0,   1, ---, ---, ---, ---, ---, ---, ---, ---, ---, ---, ---, ---, ---, ---, ---, ---, ---, ---, ---, ---, ---, ---, 
[23.308s][info][gc,stats     ]     E: Universe Roots                 5 us, workers (us):   5, ---, ---, ---, ---, ---, ---, ---, ---, ---, ---, ---, ---, ---, ---, ---, ---, ---, ---, ---, ---, ---, ---, ---, 
[23.308s][info][gc,stats     ]     E: JNI Handles Roots              1 us, workers (us):   1, ---, ---, ---, ---, ---, ---, ---, ---, ---, ---, ---, ---, ---, ---, ---, ---, ---, ---, ---, ---, ---, ---, ---, 
[23.308s][info][gc,stats     ]     E: Synchronizer Roots             0 us, workers (us):   0, ---, ---, ---, ---, ---, ---, ---, ---, ---, ---, ---, ---, ---, ---, ---, ---, ---, ---, ---, ---, ---, ---, ---, 
[23.308s][info][gc,stats     ]     E: Management Roots               2 us, workers (us):   2, ---, ---, ---, ---, ---, ---, ---, ---, ---, ---, ---, ---, ---, ---, ---, ---, ---, ---, ---, ---, ---, ---, ---, 
[23.308s][info][gc,stats     ]     E: System Dict Roots             23 us, workers (us):  23, ---, ---, ---, ---, ---, ---, ---, ---, ---, ---, ---, ---, ---, ---, ---, ---, ---, ---, ---, ---, ---, ---, ---, 
[23.308s][info][gc,stats     ]     E: CLDG Roots                   493 us, workers (us): 493, ---, ---, ---, ---, ---, ---, ---, ---, ---, ---, ---, ---, ---, ---, ---, ---, ---, ---, ---, ---, ---, ---, ---, 
[23.308s][info][gc,stats     ]     E: JVMTI Roots                    1 us, workers (us):   1, ---, ---, ---, ---, ---, ---, ---, ---, ---, ---, ---, ---, ---, ---, ---, ---, ---, ---, ---, ---, ---, ---, ---, 
[23.308s][info][gc,stats     ] Concurrent Cleanup                    6 us
[23.308s][info][gc,stats     ] Concurrent Evacuation              4890 us
[23.308s][info][gc,stats     ] Pause Init  Update Refs (G)         326 us
[23.308s][info][gc,stats     ] Pause Init  Update Refs (N)          65 us
[23.308s][info][gc,stats     ]   Retire GCLABs                      46 us
[23.309s][info][gc,stats     ] Concurrent Update Refs            11627 us
[23.309s][info][gc,stats     ] Pause Final Update Refs (G)         428 us
[23.309s][info][gc,stats     ] Pause Final Update Refs (N)         176 us
[23.309s][info][gc,stats     ]   Update Roots                      142 us, parallelism: 0.65x
[23.309s][info][gc,stats     ]     UR: <total>                      93 us
[23.309s][info][gc,stats     ]     UR: Thread Roots                 93 us, workers (us):  49,  43, ---, ---, ---, ---, ---, ---, ---, ---, ---, ---, ---, ---, ---, ---, ---, ---, ---, ---, ---, ---, ---, ---, 
[23.309s][info][gc,stats     ]   Update Region States                3 us
[23.309s][info][gc,stats     ]   Trash Collection Set                3 us
[23.309s][info][gc,stats     ]   Rebuild Free Set                    6 us
[23.309s][info][gc,stats     ] Concurrent Cleanup                  208 us
[23.309s][info][gc,stats     ] 
[23.309s][info][gc,stats     ] Allocation pacing accrued:
[23.309s][info][gc,stats     ]       0 of  1996 ms (  0.0%): <total>
[23.309s][info][gc,stats     ]       0 of  1996 ms (  0.0%): <average total>
[23.309s][info][gc,stats     ] 
[23.309s][info][gc,metaspace ] Metaspace: 14239K->14239K(1062912K)
[23.309s][info][gc,ergo      ] Pacer for Idle. Initial: 327K, Alloc Tax Rate: 1.0x
[24.257s][info][gc           ] Trigger: Free (1251K) is below minimum threshold (1638K)
[24.257s][info][gc,ergo      ] Free: 1251K, Max: 256K regular, 256K humongous, Frag: 0% external, 45% internal; Reserve: 1024K, Max: 256K
[24.257s][info][gc,start     ] GC(21) Concurrent reset
[24.257s][info][gc,task      ] GC(21) Using 2 of 24 workers for concurrent reset
[24.257s][info][gc,ergo      ] GC(21) Pacer for Reset. Non-Taxable: 16384K
[24.257s][info][gc           ] GC(21) Concurrent reset 0.198ms
[24.257s][info][gc,start     ] GC(21) Pause Init Mark
[24.257s][info][gc,task      ] GC(21) Using 2 of 24 workers for init marking
[24.259s][info][gc,ergo      ] GC(21) Pacer for Mark. Expected Live: 7409K, Free: 1251K, Non-Taxable: 125K, Alloc Tax Rate: 7.2x
[24.259s][info][gc           ] GC(21) Pause Init Mark 1.882ms
[24.259s][info][gc,start     ] GC(21) Concurrent marking
[24.259s][info][gc,task      ] GC(21) Using 2 of 24 workers for concurrent marking
[24.283s][info][gc           ] GC(21) Concurrent marking 23.759ms
[24.283s][info][gc,start     ] GC(21) Pause Final Mark
[24.283s][info][gc,task      ] GC(21) Using 2 of 24 workers for final marking
[24.284s][info][gc,ergo      ] GC(21) Adaptive CSet Selection. Target Free: 2321K, Actual Free: 2560K, Max CSet: 682K, Min Garbage: 0B
[24.284s][info][gc,ergo      ] GC(21) Collectable Garbage: 1842K (56%), Immediate: 1280K (38%), CSet: 561K (17%)
[24.285s][info][gc,ergo      ] GC(21) Pacer for Evacuation. Used CSet: 1241K, Free: 5799K, Non-Taxable: 579K, Alloc Tax Rate: 1.1x
[24.285s][info][gc           ] GC(21) Pause Final Mark 2.277ms
[24.286s][info][gc,start     ] GC(21) Concurrent cleanup
[24.286s][info][gc           ] GC(21) Concurrent cleanup 10M->9M(16M) 0.477ms
[24.286s][info][gc,ergo      ] GC(21) Free: 5799K, Max: 256K regular, 2048K humongous, Frag: 28% external, 35% internal; Reserve: 865K, Max: 256K
[24.286s][info][gc,start     ] GC(21) Concurrent evacuation
[24.286s][info][gc,task      ] GC(21) Using 2 of 24 workers for concurrent evacuation
[24.292s][info][gc           ] GC(21) Concurrent evacuation 5.848ms
[24.292s][info][gc,start     ] GC(21) Pause Init Update Refs
[24.292s][info][gc,ergo      ] GC(21) Pacer for Update Refs. Used: 10545K, Free: 5799K, Non-Taxable: 579K, Alloc Tax Rate: 2.2x
[24.292s][info][gc           ] GC(21) Pause Init Update Refs 0.129ms
[24.292s][info][gc,start     ] GC(21) Concurrent update references
[24.292s][info][gc,task      ] GC(21) Using 2 of 24 workers for concurrent reference update
[24.311s][info][gc           ] GC(21) Concurrent update references 18.975ms
[24.312s][info][gc,start     ] GC(21) Pause Final Update Refs
[24.312s][info][gc,task      ] GC(21) Using 2 of 24 workers for final reference update
[24.312s][info][gc           ] GC(21) Pause Final Update Refs 0.208ms
[24.312s][info][gc,start     ] GC(21) Concurrent cleanup
[24.312s][info][gc           ] GC(21) Concurrent cleanup 10M->9M(16M) 0.186ms
[24.312s][info][gc           ] GC(21) Dat log --- cycle is complete
Current gc epoch: 19
heap: ______
capacity: 16777216
used: 9527720
committed: 16777216
bytes_allocated_since_gc_start: 0
hot_size: 65344
cold_size: 21613
num_regions: 64
hot_region_count: 18446744073709551600
cold_region_count: 45
histogram: Placeholder

[24.312s][info][gc           ] GC(21) Obj count ac histogram
[24.312s][info][gc           ] GC(21) 	0: 3516
[24.312s][info][gc           ] GC(21) 	1: 0
[24.312s][info][gc           ] GC(21) 	2: 0
[24.312s][info][gc           ] GC(21) 	3: 0
[24.312s][info][gc           ] GC(21) 	4: 0
[24.312s][info][gc           ] GC(21) 	5: 0
[24.312s][info][gc           ] GC(21) 	6: 0
[24.312s][info][gc           ] GC(21) 	7: 0
[24.312s][info][gc           ] GC(21) 	8: 0
[24.312s][info][gc           ] GC(21) 	9: 0
[24.312s][info][gc           ] GC(21) 	10: 0
[24.312s][info][gc           ] GC(21) 	11: 0
[24.312s][info][gc           ] GC(21) 	12: 0
[24.312s][info][gc           ] GC(21) 	13: 7652
[24.312s][info][gc           ] GC(21) 	14: 0
[24.312s][info][gc           ] GC(21) 	15: 0
[24.312s][info][gc           ] GC(21) 	16: 0
[24.312s][info][gc           ] GC(21) 	17: 0
[24.312s][info][gc           ] GC(21) 	18: 0
[24.312s][info][gc           ] GC(21) 	19: 0
[24.312s][info][gc           ] GC(21) Obj size ac histogram
[24.312s][info][gc           ] GC(21) 	0: 21613
[24.312s][info][gc           ] GC(21) 	1: 0
[24.312s][info][gc           ] GC(21) 	2: 0
[24.312s][info][gc           ] GC(21) 	3: 0
[24.312s][info][gc           ] GC(21) 	4: 0
[24.312s][info][gc           ] GC(21) 	5: 0
[24.312s][info][gc           ] GC(21) 	6: 0
[24.312s][info][gc           ] GC(21) 	7: 0
[24.312s][info][gc           ] GC(21) 	8: 0
[24.312s][info][gc           ] GC(21) 	9: 0
[24.312s][info][gc           ] GC(21) 	10: 0
[24.312s][info][gc           ] GC(21) 	11: 0
[24.312s][info][gc           ] GC(21) 	12: 0
[24.312s][info][gc           ] GC(21) 	13: 63958
[24.312s][info][gc           ] GC(21) 	14: 0
[24.312s][info][gc           ] GC(21) 	15: 0
[24.312s][info][gc           ] GC(21) 	16: 0
[24.312s][info][gc           ] GC(21) 	17: 0
[24.312s][info][gc           ] GC(21) 	18: 0
[24.313s][info][gc           ] GC(21) 	19: 0
[24.313s][info][gc,ergo      ] Free: 6055K, Max: 256K regular, 2816K humongous, Frag: 9% external, 34% internal; Reserve: 1024K, Max: 256K
[24.313s][info][gc,stats     ] 
[24.313s][info][gc,stats     ] All times are wall-clock times, except per-root-class counters, that are sum over
[24.313s][info][gc,stats     ] all workers. Dividing the <total> over the root stage time estimates parallelism.
[24.313s][info][gc,stats     ] 
[24.313s][info][gc,stats     ] Concurrent Reset                    177 us
[24.313s][info][gc,stats     ] Pause Init Mark (G)                2263 us
[24.313s][info][gc,stats     ] Pause Init Mark (N)                1837 us
[24.313s][info][gc,stats     ]   Accumulate Stats                    5 us
[24.313s][info][gc,stats     ]   Make Parsable                      10 us
[24.313s][info][gc,stats     ]   Update Region States                2 us
[24.313s][info][gc,stats     ]   Scan Roots                       1693 us, parallelism: 0.97x
[24.313s][info][gc,stats     ]     S: <total>                     1645 us
[24.313s][info][gc,stats     ]     S: Thread Roots                 103 us, workers (us):   2, 101, ---, ---, ---, ---, ---, ---, ---, ---, ---, ---, ---, ---, ---, ---, ---, ---, ---, ---, ---, ---, ---, ---, 
[24.313s][info][gc,stats     ]     S: Universe Roots                19 us, workers (us):  19, ---, ---, ---, ---, ---, ---, ---, ---, ---, ---, ---, ---, ---, ---, ---, ---, ---, ---, ---, ---, ---, ---, ---, 
[24.313s][info][gc,stats     ]     S: JNI Handles Roots              3 us, workers (us):   3, ---, ---, ---, ---, ---, ---, ---, ---, ---, ---, ---, ---, ---, ---, ---, ---, ---, ---, ---, ---, ---, ---, ---, 
[24.313s][info][gc,stats     ]     S: Synchronizer Roots             1 us, workers (us): ---,   1, ---, ---, ---, ---, ---, ---, ---, ---, ---, ---, ---, ---, ---, ---, ---, ---, ---, ---, ---, ---, ---, ---, 
[24.313s][info][gc,stats     ]     S: Management Roots               2 us, workers (us): ---,   2, ---, ---, ---, ---, ---, ---, ---, ---, ---, ---, ---, ---, ---, ---, ---, ---, ---, ---, ---, ---, ---, ---, 
[24.313s][info][gc,stats     ]     S: System Dict Roots             31 us, workers (us): ---,  31, ---, ---, ---, ---, ---, ---, ---, ---, ---, ---, ---, ---, ---, ---, ---, ---, ---, ---, ---, ---, ---, ---, 
[24.313s][info][gc,stats     ]     S: CLDG Roots                  1486 us, workers (us): 1486, ---, ---, ---, ---, ---, ---, ---, ---, ---, ---, ---, ---, ---, ---, ---, ---, ---, ---, ---, ---, ---, ---, ---, 
[24.313s][info][gc,stats     ]     S: JVMTI Roots                    1 us, workers (us):   1, ---, ---, ---, ---, ---, ---, ---, ---, ---, ---, ---, ---, ---, ---, ---, ---, ---, ---, ---, ---, ---, ---, ---, 
[24.313s][info][gc,stats     ]   Resize TLABs                        6 us
[24.313s][info][gc,stats     ] Concurrent Marking                23707 us
[24.313s][info][gc,stats     ] Pause Final Mark (G)               2481 us
[24.313s][info][gc,stats     ] Pause Final Mark (N)               2233 us
[24.313s][info][gc,stats     ]   Finish Queues                     102 us
[24.313s][info][gc,stats     ]   System Purge                      598 us
[24.313s][info][gc,stats     ]     Weak Roots                      596 us
[24.313s][info][gc,stats     ]   Update Region States                4 us
[24.313s][info][gc,stats     ]   Retire TLABs                        5 us
[24.313s][info][gc,stats     ]   Choose Collection Set              72 us
[24.313s][info][gc,stats     ]   Rebuild Free Set                    7 us
[24.313s][info][gc,stats     ]   Initial Evacuation               1422 us, parallelism: 0.50x
[24.313s][info][gc,stats     ]     E: <total>                      712 us
[24.313s][info][gc,stats     ]     E: Thread Roots                  72 us, workers (us):   1,  71, ---, ---, ---, ---, ---, ---, ---, ---, ---, ---, ---, ---, ---, ---, ---, ---, ---, ---, ---, ---, ---, ---, 
[24.313s][info][gc,stats     ]     E: Code Cache Roots               1 us, workers (us):   0,   1, ---, ---, ---, ---, ---, ---, ---, ---, ---, ---, ---, ---, ---, ---, ---, ---, ---, ---, ---, ---, ---, ---, 
[24.313s][info][gc,stats     ]     E: Universe Roots                 5 us, workers (us):   5, ---, ---, ---, ---, ---, ---, ---, ---, ---, ---, ---, ---, ---, ---, ---, ---, ---, ---, ---, ---, ---, ---, ---, 
[24.313s][info][gc,stats     ]     E: JNI Handles Roots              1 us, workers (us):   1, ---, ---, ---, ---, ---, ---, ---, ---, ---, ---, ---, ---, ---, ---, ---, ---, ---, ---, ---, ---, ---, ---, ---, 
[24.313s][info][gc,stats     ]     E: Synchronizer Roots             0 us, workers (us):   0, ---, ---, ---, ---, ---, ---, ---, ---, ---, ---, ---, ---, ---, ---, ---, ---, ---, ---, ---, ---, ---, ---, ---, 
[24.313s][info][gc,stats     ]     E: Management Roots               1 us, workers (us):   1, ---, ---, ---, ---, ---, ---, ---, ---, ---, ---, ---, ---, ---, ---, ---, ---, ---, ---, ---, ---, ---, ---, ---, 
[24.313s][info][gc,stats     ]     E: System Dict Roots             30 us, workers (us):  30, ---, ---, ---, ---, ---, ---, ---, ---, ---, ---, ---, ---, ---, ---, ---, ---, ---, ---, ---, ---, ---, ---, ---, 
[24.313s][info][gc,stats     ]     E: CLDG Roots                   601 us, workers (us): 601, ---, ---, ---, ---, ---, ---, ---, ---, ---, ---, ---, ---, ---, ---, ---, ---, ---, ---, ---, ---, ---, ---, ---, 
[24.313s][info][gc,stats     ]     E: JVMTI Roots                    1 us, workers (us):   1, ---, ---, ---, ---, ---, ---, ---, ---, ---, ---, ---, ---, ---, ---, ---, ---, ---, ---, ---, ---, ---, ---, ---, 
[24.313s][info][gc,stats     ] Concurrent Cleanup                  427 us
[24.313s][info][gc,stats     ] Concurrent Evacuation              5828 us
[24.313s][info][gc,stats     ] Pause Init  Update Refs (G)         437 us
[24.313s][info][gc,stats     ] Pause Init  Update Refs (N)          85 us
[24.313s][info][gc,stats     ]   Retire GCLABs                      62 us
[24.313s][info][gc,stats     ] Concurrent Update Refs            18945 us
[24.313s][info][gc,stats     ] Pause Final Update Refs (G)         485 us
[24.313s][info][gc,stats     ] Pause Final Update Refs (N)         164 us
[24.313s][info][gc,stats     ]   Update Roots                      130 us, parallelism: 0.50x
[24.313s][info][gc,stats     ]     UR: <total>                      65 us
[24.313s][info][gc,stats     ]     UR: Thread Roots                 65 us, workers (us):  36,  29, ---, ---, ---, ---, ---, ---, ---, ---, ---, ---, ---, ---, ---, ---, ---, ---, ---, ---, ---, ---, ---, ---, 
[24.313s][info][gc,stats     ]   Update Region States                3 us
[24.313s][info][gc,stats     ]   Trash Collection Set                3 us
[24.313s][info][gc,stats     ]   Rebuild Free Set                    6 us
[24.313s][info][gc,stats     ] Concurrent Cleanup                  160 us
[24.313s][info][gc,stats     ] 
[24.313s][info][gc,stats     ] Allocation pacing accrued:
[24.313s][info][gc,stats     ]       0 of  1005 ms (  0.0%): <total>
[24.313s][info][gc,stats     ]       0 of  1005 ms (  0.0%): <average total>
[24.313s][info][gc,stats     ] 
[24.313s][info][gc,metaspace ] Metaspace: 14239K->14239K(1062912K)
[24.314s][info][gc,ergo      ] Pacer for Idle. Initial: 327K, Alloc Tax Rate: 1.0x
[36.262s][info][gc           ] Trigger: Free (1507K) is below minimum threshold (1638K)
[36.262s][info][gc,ergo      ] Free: 1507K, Max: 191K regular, 0B humongous, Frag: 0% external, 50% internal; Reserve: 1024K, Max: 256K
[36.262s][info][gc,start     ] GC(22) Concurrent reset
[36.262s][info][gc,task      ] GC(22) Using 2 of 24 workers for concurrent reset
[36.262s][info][gc,ergo      ] GC(22) Pacer for Reset. Non-Taxable: 16384K
[36.262s][info][gc           ] GC(22) Concurrent reset 0.214ms
[36.263s][info][gc,start     ] GC(22) Pause Init Mark
[36.263s][info][gc,task      ] GC(22) Using 2 of 24 workers for init marking
[36.265s][info][gc,ergo      ] GC(22) Pacer for Mark. Expected Live: 7402K, Free: 1507K, Non-Taxable: 150K, Alloc Tax Rate: 6.0x
[36.265s][info][gc           ] GC(22) Pause Init Mark 1.817ms
[36.265s][info][gc,start     ] GC(22) Concurrent marking
[36.265s][info][gc,task      ] GC(22) Using 2 of 24 workers for concurrent marking
[36.289s][info][gc           ] GC(22) Concurrent marking 24.890ms
[36.290s][info][gc,start     ] GC(22) Pause Final Mark
[36.290s][info][gc,task      ] GC(22) Using 2 of 24 workers for final marking
[36.290s][info][gc,ergo      ] GC(22) Adaptive CSet Selection. Target Free: 2321K, Actual Free: 1024K, Max CSet: 682K, Min Garbage: 1297K
[36.290s][info][gc,ergo      ] GC(22) Collectable Garbage: 485K (26%), Immediate: 0B (0%), CSet: 485K (26%)
[36.291s][info][gc,ergo      ] GC(22) Pacer for Evacuation. Used CSet: 1024K, Free: 4507K, Non-Taxable: 450K, Alloc Tax Rate: 1.1x
[36.291s][info][gc           ] GC(22) Pause Final Mark 1.352ms
[36.291s][info][gc,start     ] GC(22) Concurrent cleanup
[36.291s][info][gc           ] GC(22) Concurrent cleanup 10M->10M(16M) 0.034ms
[36.291s][info][gc,ergo      ] GC(22) Free: 4507K, Max: 191K regular, 0B humongous, Frag: 0% external, 51% internal; Reserve: 1021K, Max: 256K
[36.291s][info][gc,start     ] GC(22) Concurrent evacuation
[36.291s][info][gc,task      ] GC(22) Using 2 of 24 workers for concurrent evacuation
[36.298s][info][gc           ] GC(22) Concurrent evacuation 7.144ms
[36.299s][info][gc,start     ] GC(22) Pause Init Update Refs
[36.299s][info][gc,ergo      ] GC(22) Pacer for Update Refs. Used: 11683K, Free: 4507K, Non-Taxable: 450K, Alloc Tax Rate: 3.2x
[36.299s][info][gc           ] GC(22) Pause Init Update Refs 0.109ms
[36.299s][info][gc,start     ] GC(22) Concurrent update references
[36.299s][info][gc,task      ] GC(22) Using 2 of 24 workers for concurrent reference update
[36.318s][info][gc           ] GC(22) Concurrent update references 19.499ms
[36.318s][info][gc,start     ] GC(22) Pause Final Update Refs
[36.318s][info][gc,task      ] GC(22) Using 2 of 24 workers for final reference update
[36.319s][info][gc           ] GC(22) Pause Final Update Refs 0.167ms
[36.319s][info][gc,start     ] GC(22) Concurrent cleanup
[36.319s][info][gc           ] GC(22) Concurrent cleanup 11M->10M(16M) 0.168ms
[36.319s][info][gc           ] GC(22) Dat log --- cycle is complete
Current gc epoch: 20
heap: ______
capacity: 16777216
used: 10915600
committed: 16777216
bytes_allocated_since_gc_start: 0
hot_size: 3902
cold_size: 65071
num_regions: 64
hot_region_count: 18446744073709551597
cold_region_count: 48
histogram: Placeholder

[36.319s][info][gc           ] GC(22) Obj count ac histogram
[36.319s][info][gc           ] GC(22) 	0: 9735
[36.319s][info][gc           ] GC(22) 	1: 0
[36.319s][info][gc           ] GC(22) 	2: 0
[36.319s][info][gc           ] GC(22) 	3: 0
[36.319s][info][gc           ] GC(22) 	4: 0
[36.319s][info][gc           ] GC(22) 	5: 0
[36.319s][info][gc           ] GC(22) 	6: 0
[36.319s][info][gc           ] GC(22) 	7: 0
[36.319s][info][gc           ] GC(22) 	8: 0
[36.319s][info][gc           ] GC(22) 	9: 0
[36.319s][info][gc           ] GC(22) 	10: 0
[36.319s][info][gc           ] GC(22) 	11: 0
[36.319s][info][gc           ] GC(22) 	12: 0
[36.319s][info][gc           ] GC(22) 	13: 541
[36.319s][info][gc           ] GC(22) 	14: 0
[36.319s][info][gc           ] GC(22) 	15: 0
[36.319s][info][gc           ] GC(22) 	16: 0
[36.319s][info][gc           ] GC(22) 	17: 0
[36.319s][info][gc           ] GC(22) 	18: 0
[36.319s][info][gc           ] GC(22) 	19: 0
[36.319s][info][gc           ] GC(22) Obj size ac histogram
[36.319s][info][gc           ] GC(22) 	0: 65055
[36.319s][info][gc           ] GC(22) 	1: 0
[36.319s][info][gc           ] GC(22) 	2: 0
[36.319s][info][gc           ] GC(22) 	3: 0
[36.319s][info][gc           ] GC(22) 	4: 0
[36.319s][info][gc           ] GC(22) 	5: 0
[36.319s][info][gc           ] GC(22) 	6: 0
[36.319s][info][gc           ] GC(22) 	7: 0
[36.319s][info][gc           ] GC(22) 	8: 0
[36.319s][info][gc           ] GC(22) 	9: 0
[36.319s][info][gc           ] GC(22) 	10: 0
[36.319s][info][gc           ] GC(22) 	11: 0
[36.319s][info][gc           ] GC(22) 	12: 0
[36.319s][info][gc           ] GC(22) 	13: 3902
[36.319s][info][gc           ] GC(22) 	14: 0
[36.319s][info][gc           ] GC(22) 	15: 0
[36.319s][info][gc           ] GC(22) 	16: 0
[36.319s][info][gc           ] GC(22) 	17: 0
[36.319s][info][gc           ] GC(22) 	18: 0
[36.319s][info][gc           ] GC(22) 	19: 0
[36.319s][info][gc,ergo      ] Free: 4700K, Max: 193K regular, 0B humongous, Frag: 0% external, 50% internal; Reserve: 1024K, Max: 256K
[36.319s][info][gc,stats     ] 
[36.319s][info][gc,stats     ] All times are wall-clock times, except per-root-class counters, that are sum over
[36.319s][info][gc,stats     ] all workers. Dividing the <total> over the root stage time estimates parallelism.
[36.319s][info][gc,stats     ] 
[36.319s][info][gc,stats     ] Concurrent Reset                    191 us
[36.319s][info][gc,stats     ] Pause Init Mark (G)                2110 us
[36.319s][info][gc,stats     ] Pause Init Mark (N)                1785 us
[36.319s][info][gc,stats     ]   Accumulate Stats                    5 us
[36.319s][info][gc,stats     ]   Make Parsable                      10 us
[36.319s][info][gc,stats     ]   Update Region States                1 us
[36.319s][info][gc,stats     ]   Scan Roots                       1658 us, parallelism: 1.02x
[36.320s][info][gc,stats     ]     S: <total>                     1690 us
[36.320s][info][gc,stats     ]     S: Thread Roots                 120 us, workers (us):   1, 119, ---, ---, ---, ---, ---, ---, ---, ---, ---, ---, ---, ---, ---, ---, ---, ---, ---, ---, ---, ---, ---, ---, 
[36.320s][info][gc,stats     ]     S: Universe Roots                23 us, workers (us):  23, ---, ---, ---, ---, ---, ---, ---, ---, ---, ---, ---, ---, ---, ---, ---, ---, ---, ---, ---, ---, ---, ---, ---, 
[36.320s][info][gc,stats     ]     S: JNI Handles Roots              8 us, workers (us): ---,   8, ---, ---, ---, ---, ---, ---, ---, ---, ---, ---, ---, ---, ---, ---, ---, ---, ---, ---, ---, ---, ---, ---, 
[36.320s][info][gc,stats     ]     S: Synchronizer Roots             0 us, workers (us):   0, ---, ---, ---, ---, ---, ---, ---, ---, ---, ---, ---, ---, ---, ---, ---, ---, ---, ---, ---, ---, ---, ---, ---, 
[36.320s][info][gc,stats     ]     S: Management Roots               2 us, workers (us):   2, ---, ---, ---, ---, ---, ---, ---, ---, ---, ---, ---, ---, ---, ---, ---, ---, ---, ---, ---, ---, ---, ---, ---, 
[36.320s][info][gc,stats     ]     S: System Dict Roots             32 us, workers (us):  32, ---, ---, ---, ---, ---, ---, ---, ---, ---, ---, ---, ---, ---, ---, ---, ---, ---, ---, ---, ---, ---, ---, ---, 
[36.320s][info][gc,stats     ]     S: CLDG Roots                  1505 us, workers (us): 1505, ---, ---, ---, ---, ---, ---, ---, ---, ---, ---, ---, ---, ---, ---, ---, ---, ---, ---, ---, ---, ---, ---, ---, 
[36.320s][info][gc,stats     ]     S: JVMTI Roots                    1 us, workers (us): ---,   1, ---, ---, ---, ---, ---, ---, ---, ---, ---, ---, ---, ---, ---, ---, ---, ---, ---, ---, ---, ---, ---, ---, 
[36.320s][info][gc,stats     ]   Resize TLABs                        5 us
[36.320s][info][gc,stats     ] Concurrent Marking                24858 us
[36.320s][info][gc,stats     ] Pause Final Mark (G)               1524 us
[36.320s][info][gc,stats     ] Pause Final Mark (N)               1320 us
[36.320s][info][gc,stats     ]   Finish Queues                     106 us
[36.320s][info][gc,stats     ]   System Purge                      338 us
[36.320s][info][gc,stats     ]     Weak Roots                      336 us
[36.320s][info][gc,stats     ]   Update Region States                4 us
[36.320s][info][gc,stats     ]   Retire TLABs                        6 us
[36.320s][info][gc,stats     ]   Choose Collection Set              65 us
[36.320s][info][gc,stats     ]   Rebuild Free Set                    6 us
[36.320s][info][gc,stats     ]   Initial Evacuation                773 us, parallelism: 0.60x
[36.320s][info][gc,stats     ]     E: <total>                      463 us
[36.320s][info][gc,stats     ]     E: Thread Roots                  66 us, workers (us):   1,  65, ---, ---, ---, ---, ---, ---, ---, ---, ---, ---, ---, ---, ---, ---, ---, ---, ---, ---, ---, ---, ---, ---, 
[36.320s][info][gc,stats     ]     E: Code Cache Roots               1 us, workers (us):   0,   1, ---, ---, ---, ---, ---, ---, ---, ---, ---, ---, ---, ---, ---, ---, ---, ---, ---, ---, ---, ---, ---, ---, 
[36.320s][info][gc,stats     ]     E: Universe Roots                 6 us, workers (us):   6, ---, ---, ---, ---, ---, ---, ---, ---, ---, ---, ---, ---, ---, ---, ---, ---, ---, ---, ---, ---, ---, ---, ---, 
[36.320s][info][gc,stats     ]     E: JNI Handles Roots              1 us, workers (us):   1, ---, ---, ---, ---, ---, ---, ---, ---, ---, ---, ---, ---, ---, ---, ---, ---, ---, ---, ---, ---, ---, ---, ---, 
[36.320s][info][gc,stats     ]     E: Synchronizer Roots             0 us, workers (us):   0, ---, ---, ---, ---, ---, ---, ---, ---, ---, ---, ---, ---, ---, ---, ---, ---, ---, ---, ---, ---, ---, ---, ---, 
[36.320s][info][gc,stats     ]     E: Management Roots               2 us, workers (us):   2, ---, ---, ---, ---, ---, ---, ---, ---, ---, ---, ---, ---, ---, ---, ---, ---, ---, ---, ---, ---, ---, ---, ---, 
[36.320s][info][gc,stats     ]     E: System Dict Roots             14 us, workers (us):  14, ---, ---, ---, ---, ---, ---, ---, ---, ---, ---, ---, ---, ---, ---, ---, ---, ---, ---, ---, ---, ---, ---, ---, 
[36.320s][info][gc,stats     ]     E: CLDG Roots                   372 us, workers (us): 372, ---, ---, ---, ---, ---, ---, ---, ---, ---, ---, ---, ---, ---, ---, ---, ---, ---, ---, ---, ---, ---, ---, ---, 
[36.320s][info][gc,stats     ]     E: JVMTI Roots                    1 us, workers (us):   1, ---, ---, ---, ---, ---, ---, ---, ---, ---, ---, ---, ---, ---, ---, ---, ---, ---, ---, ---, ---, ---, ---, ---, 
[36.320s][info][gc,stats     ] Concurrent Cleanup                    6 us
[36.320s][info][gc,stats     ] Concurrent Evacuation              7124 us
[36.320s][info][gc,stats     ] Pause Init  Update Refs (G)         378 us
[36.320s][info][gc,stats     ] Pause Init  Update Refs (N)          74 us
[36.320s][info][gc,stats     ]   Retire GCLABs                      52 us
[36.320s][info][gc,stats     ] Concurrent Update Refs            19466 us
[36.320s][info][gc,stats     ] Pause Final Update Refs (G)         445 us
[36.320s][info][gc,stats     ] Pause Final Update Refs (N)         131 us
[36.320s][info][gc,stats     ]   Update Roots                       97 us, parallelism: 0.93x
[36.320s][info][gc,stats     ]     UR: <total>                      90 us
[36.320s][info][gc,stats     ]     UR: Thread Roots                 90 us, workers (us):  63,  27, ---, ---, ---, ---, ---, ---, ---, ---, ---, ---, ---, ---, ---, ---, ---, ---, ---, ---, ---, ---, ---, ---, 
[36.320s][info][gc,stats     ]   Update Region States                4 us
[36.320s][info][gc,stats     ]   Trash Collection Set                4 us
[36.320s][info][gc,stats     ]   Rebuild Free Set                    6 us
[36.320s][info][gc,stats     ] Concurrent Cleanup                  140 us
[36.320s][info][gc,stats     ] 
[36.320s][info][gc,stats     ] Allocation pacing accrued:
[36.320s][info][gc,stats     ]       0 of 12007 ms (  0.0%): <total>
[36.320s][info][gc,stats     ]       0 of 12007 ms (  0.0%): <average total>
[36.320s][info][gc,stats     ] 
[36.320s][info][gc,metaspace ] Metaspace: 14239K->14239K(1062912K)
[36.320s][info][gc,ergo      ] Pacer for Idle. Initial: 327K, Alloc Tax Rate: 1.0x
[37.261s][info][gc           ] Failed to allocate Shared, 128K
[37.261s][info][gc           ] Cancelling GC: Allocation Failure
[37.263s][info][gc           ] Trigger: Handle Allocation Failure
[37.263s][info][gc,ergo      ] Free: 1060K, Max: 193K regular, 0B humongous, Frag: 0% external, 48% internal; Reserve: 1024K, Max: 256K
[37.263s][info][gc,start     ] GC(23) Pause Degenerated GC (Outside of Cycle)
[37.263s][info][gc,task      ] GC(23) Using 7 of 24 workers for stw degenerated gc
[37.263s][info][gc,ergo      ] GC(23) Pacer for Reset. Non-Taxable: 16384K
[37.264s][info][gc,ergo      ] GC(23) Pacer for Mark. Expected Live: 8207K, Free: 1060K, Non-Taxable: 106K, Alloc Tax Rate: 9.5x
[37.281s][info][gc,stringtable] GC(23) Cleaned string and symbol table, strings: 5465 processed, 0 removed, symbols: 48584 processed, 8 removed
[37.282s][info][gc,ergo       ] GC(23) Adaptive CSet Selection. Target Free: 2321K, Actual Free: 1024K, Max CSet: 682K, Min Garbage: 1297K
[37.282s][info][gc,ergo       ] GC(23) Collectable Garbage: 965K (40%), Immediate: 0B (0%), CSet: 965K (40%)
[37.282s][info][gc,ergo       ] GC(23) Pacer for Evacuation. Used CSet: 1536K, Free: 4660K, Non-Taxable: 466K, Alloc Tax Rate: 1.1x
[37.284s][info][gc,ergo       ] GC(23) Pacer for Update Refs. Used: 11597K, Free: 4660K, Non-Taxable: 466K, Alloc Tax Rate: 3.0x
[37.291s][info][gc,ergo       ] GC(23) Good progress for free space: 5298K, need 163K
[37.291s][info][gc,ergo       ] GC(23) Good progress for used space: 638K, need 256K
[37.291s][info][gc            ] GC(23) Pause Degenerated GC (Outside of Cycle) 10M->9M(16M) 27.681ms
[37.291s][info][gc,ergo       ] Free: 5298K, Max: 256K regular, 256K humongous, Frag: 50% external, 48% internal; Reserve: 1024K, Max: 256K
[37.291s][info][gc,stats      ] 
[37.291s][info][gc,stats      ] All times are wall-clock times, except per-root-class counters, that are sum over
[37.291s][info][gc,stats      ] all workers. Dividing the <total> over the root stage time estimates parallelism.
[37.291s][info][gc,stats      ] 
[37.291s][info][gc,stats      ]   Accumulate Stats                    5 us
[37.291s][info][gc,stats      ]   Make Parsable                      15 us
[37.291s][info][gc,stats      ]   Update Region States                2 us
[37.291s][info][gc,stats      ]   Scan Roots                        712 us, parallelism: 1.51x
[37.291s][info][gc,stats      ]     S: <total>                     1077 us
[37.291s][info][gc,stats      ]     S: Thread Roots                 356 us, workers (us):  28,   3,   1,  37, 210,  42,  35, ---, ---, ---, ---, ---, ---, ---, ---, ---, ---, ---, ---, ---, ---, ---, ---, ---, 
[37.291s][info][gc,stats      ]     S: Universe Roots                19 us, workers (us):  19, ---, ---, ---, ---, ---, ---, ---, ---, ---, ---, ---, ---, ---, ---, ---, ---, ---, ---, ---, ---, ---, ---, ---, 
[37.291s][info][gc,stats      ]     S: JNI Handles Roots             13 us, workers (us): ---, ---,  13, ---, ---, ---, ---, ---, ---, ---, ---, ---, ---, ---, ---, ---, ---, ---, ---, ---, ---, ---, ---, ---, 
[37.291s][info][gc,stats      ]     S: Synchronizer Roots             1 us, workers (us): ---,   1, ---, ---, ---, ---, ---, ---, ---, ---, ---, ---, ---, ---, ---, ---, ---, ---, ---, ---, ---, ---, ---, ---, 
[37.291s][info][gc,stats      ]     S: Management Roots               2 us, workers (us): ---, ---,   2, ---, ---, ---, ---, ---, ---, ---, ---, ---, ---, ---, ---, ---, ---, ---, ---, ---, ---, ---, ---, ---, 
[37.291s][info][gc,stats      ]     S: System Dict Roots             32 us, workers (us): ---,  32, ---, ---, ---, ---, ---, ---, ---, ---, ---, ---, ---, ---, ---, ---, ---, ---, ---, ---, ---, ---, ---, ---, 
[37.291s][info][gc,stats      ]     S: CLDG Roots                   653 us, workers (us):  31,  22, 600, ---, ---, ---, ---, ---, ---, ---, ---, ---, ---, ---, ---, ---, ---, ---, ---, ---, ---, ---, ---, ---, 
[37.291s][info][gc,stats      ]     S: JVMTI Roots                    1 us, workers (us): ---, ---,   1, ---, ---, ---, ---, ---, ---, ---, ---, ---, ---, ---, ---, ---, ---, ---, ---, ---, ---, ---, ---, ---, 
[37.291s][info][gc,stats      ]   Resize TLABs                        5 us
[37.291s][info][gc,stats      ]   Finish Queues                   12425 us
[37.291s][info][gc,stats      ]   Weak References                  1574 us
[37.291s][info][gc,stats      ]     Process                        1560 us
[37.291s][info][gc,stats      ]   System Purge                      184 us
[37.291s][info][gc,stats      ]     Unload Classes                 1053 us
[37.291s][info][gc,stats      ]     Cleanup                        1267 us, parallelism: 5.38x
[37.291s][info][gc,stats      ]       CU: <total>                  6823 us
[37.292s][info][gc,stats      ]       CU: Code Cache Roots          103 us, workers (us):   4,   2,  32,   2,  20,  14,  28, ---, ---, ---, ---, ---, ---, ---, ---, ---, ---, ---, ---, ---, ---, ---, ---, ---, 
[37.292s][info][gc,stats      ]       CU: Code Cache Cleaning         0 us, workers (us):   0,   0,   0,   0,   0,   0,   0, ---, ---, ---, ---, ---, ---, ---, ---, ---, ---, ---, ---, ---, ---, ---, ---, ---, 
[37.292s][info][gc,stats      ]       CU: String Table Roots       2777 us, workers (us): 413, 409, 378, 408, 389, 396, 382, ---, ---, ---, ---, ---, ---, ---, ---, ---, ---, ---, ---, ---, ---, ---, ---, ---, 
[37.292s][info][gc,stats      ]       CU: Resolved Table Roots       93 us, workers (us):   0,   0,   0,   0,  93,   0,   0, ---, ---, ---, ---, ---, ---, ---, ---, ---, ---, ---, ---, ---, ---, ---, ---, ---, 
[37.292s][info][gc,stats      ]       CU: CLDG Roots               3850 us, workers (us): 564, 563, 564, 563, 471, 563, 563, ---, ---, ---, ---, ---, ---, ---, ---, ---, ---, ---, ---, ---, ---, ---, ---, ---, 
[37.292s][info][gc,stats      ]     Weak Roots                      183 us
[37.292s][info][gc,stats      ]     CLDG                            769 us
[37.292s][info][gc,stats      ]   Update Region States                4 us
[37.292s][info][gc,stats      ]   Retire TLABs                        8 us
[37.292s][info][gc,stats      ]   Choose Collection Set              67 us
[37.292s][info][gc,stats      ]   Rebuild Free Set                    7 us
[37.292s][info][gc,stats      ]   Initial Evacuation                 16 us
[37.292s][info][gc,stats      ]   Retire GCLABs                      56 us
[37.292s][info][gc,stats      ]   Finish Work                      5927 us
[37.292s][info][gc,stats      ]   Update Region States                4 us
[37.292s][info][gc,stats      ]   Trash Collection Set                4 us
[37.292s][info][gc,stats      ]   Rebuild Free Set                    6 us
[37.292s][info][gc,stats      ] Pause Degenerated GC (G)          27997 us
[37.292s][info][gc,stats      ] Pause Degenerated GC (N)          27650 us
[37.292s][info][gc,stats      ]   Degen Update Roots                470 us, parallelism: 1.20x
[37.292s][info][gc,stats      ]     DU: <total>                     566 us
[37.292s][info][gc,stats      ]     DU: Thread Roots                 74 us, workers (us):  24,   2,   1,   1,   1,  24,  22, ---, ---, ---, ---, ---, ---, ---, ---, ---, ---, ---, ---, ---, ---, ---, ---, ---, 
[37.292s][info][gc,stats      ]     DU: Code Cache Roots              2 us, workers (us):   0,   1,   0,   0,   0,   0,   1, ---, ---, ---, ---, ---, ---, ---, ---, ---, ---, ---, ---, ---, ---, ---, ---, ---, 
[37.292s][info][gc,stats      ]     DU: Universe Roots                3 us, workers (us):   3, ---, ---, ---, ---, ---, ---, ---, ---, ---, ---, ---, ---, ---, ---, ---, ---, ---, ---, ---, ---, ---, ---, ---, 
[37.292s][info][gc,stats      ]     DU: JNI Handles Roots             4 us, workers (us): ---, ---,   4, ---, ---, ---, ---, ---, ---, ---, ---, ---, ---, ---, ---, ---, ---, ---, ---, ---, ---, ---, ---, ---, 
[37.292s][info][gc,stats      ]     DU: Synchronizer Roots            0 us, workers (us):   0, ---, ---, ---, ---, ---, ---, ---, ---, ---, ---, ---, ---, ---, ---, ---, ---, ---, ---, ---, ---, ---, ---, ---, 
[37.292s][info][gc,stats      ]     DU: Management Roots              1 us, workers (us):   1, ---, ---, ---, ---, ---, ---, ---, ---, ---, ---, ---, ---, ---, ---, ---, ---, ---, ---, ---, ---, ---, ---, ---, 
[37.292s][info][gc,stats      ]     DU: System Dict Roots            24 us, workers (us):  24, ---, ---, ---, ---, ---, ---, ---, ---, ---, ---, ---, ---, ---, ---, ---, ---, ---, ---, ---, ---, ---, ---, ---, 
[37.292s][info][gc,stats      ]     DU: CLDG Roots                  455 us, workers (us): ---, ---, 282, 117,  55, ---, ---, ---, ---, ---, ---, ---, ---, ---, ---, ---, ---, ---, ---, ---, ---, ---, ---, ---, 
[37.292s][info][gc,stats      ]     DU: JVMTI Roots                   1 us, workers (us): ---,   1, ---, ---, ---, ---, ---, ---, ---, ---, ---, ---, ---, ---, ---, ---, ---, ---, ---, ---, ---, ---, ---, ---, 
[37.292s][info][gc,stats      ] 
[37.292s][info][gc,stats      ] Allocation pacing accrued:
[37.292s][info][gc,stats      ]       0 of   972 ms (  0.0%): <total>
[37.292s][info][gc,stats      ]       0 of   972 ms (  0.0%): <average total>
[37.292s][info][gc,stats      ] 
[37.292s][info][gc,metaspace  ] Metaspace: 14239K->14126K(1062912K)
[37.292s][info][gc,ergo       ] Pacer for Idle. Initial: 327K, Alloc Tax Rate: 1.0x
[37.293s][info][gc            ] Trigger: Average GC time (54.67 ms) is above the time for allocation rate (112 MB/s) to deplete free headroom (0B)
[37.293s][info][gc,ergo       ] Free headroom: 1826K (free) - 819K (spike) - 1638K (penalties) = 0B
[37.293s][info][gc,ergo       ] Free: 1826K, Max: 256K regular, 256K humongous, Frag: 0% external, 45% internal; Reserve: 1024K, Max: 256K
[37.293s][info][gc,start      ] GC(24) Concurrent reset
[37.293s][info][gc,task       ] GC(24) Using 2 of 24 workers for concurrent reset
[37.293s][info][gc,ergo       ] GC(24) Pacer for Reset. Non-Taxable: 16384K
[37.293s][info][gc            ] GC(24) Concurrent reset 0.189ms
[37.294s][info][gc,start      ] GC(24) Pause Init Mark
[37.294s][info][gc,task       ] GC(24) Using 2 of 24 workers for init marking
[37.294s][info][gc,ergo       ] GC(24) Pacer for Mark. Expected Live: 8457K, Free: 1826K, Non-Taxable: 182K, Alloc Tax Rate: 5.7x
[37.295s][info][gc            ] GC(24) Pause Init Mark 0.865ms
[37.295s][info][gc,start      ] GC(24) Concurrent marking
[37.295s][info][gc,task       ] GC(24) Using 2 of 24 workers for concurrent marking
[37.313s][info][gc            ] GC(24) Concurrent marking 18.321ms
[37.313s][info][gc,start      ] GC(24) Pause Final Mark
[37.313s][info][gc,task       ] GC(24) Using 2 of 24 workers for final marking
[37.314s][info][gc,ergo       ] GC(24) Adaptive CSet Selection. Target Free: 2321K, Actual Free: 2944K, Max CSet: 682K, Min Garbage: 0B
[37.314s][info][gc,ergo       ] GC(24) Collectable Garbage: 2362K (66%), Immediate: 1664K (46%), CSet: 698K (19%)
[37.314s][info][gc,ergo       ] GC(24) Pacer for Evacuation. Used CSet: 1305K, Free: 6603K, Non-Taxable: 660K, Alloc Tax Rate: 1.1x
[37.314s][info][gc            ] GC(24) Pause Final Mark 1.261ms
[37.314s][info][gc,start      ] GC(24) Concurrent cleanup
[37.315s][info][gc            ] GC(24) Concurrent cleanup 10M->8M(16M) 0.510ms
[37.315s][info][gc,ergo       ] GC(24) Free: 6603K, Max: 256K regular, 2304K humongous, Frag: 36% external, 30% internal; Reserve: 965K, Max: 256K
[37.315s][info][gc,start      ] GC(24) Concurrent evacuation
[37.315s][info][gc,task       ] GC(24) Using 2 of 24 workers for concurrent evacuation
[37.317s][info][gc            ] GC(24) Concurrent evacuation 2.329ms
[37.317s][info][gc,start      ] GC(24) Pause Init Update Refs
[37.317s][info][gc,ergo       ] GC(24) Pacer for Update Refs. Used: 9342K, Free: 6603K, Non-Taxable: 660K, Alloc Tax Rate: 1.7x
[37.317s][info][gc            ] GC(24) Pause Init Update Refs 0.083ms
[37.318s][info][gc,start      ] GC(24) Concurrent update references
[37.318s][info][gc,task       ] GC(24) Using 2 of 24 workers for concurrent reference update
[37.332s][info][gc            ] GC(24) Concurrent update references 14.187ms
[37.332s][info][gc,start      ] GC(24) Pause Final Update Refs
[37.332s][info][gc,task       ] GC(24) Using 2 of 24 workers for final reference update
[37.332s][info][gc            ] GC(24) Pause Final Update Refs 0.163ms
[37.332s][info][gc,start      ] GC(24) Concurrent cleanup
[37.332s][info][gc            ] GC(24) Concurrent cleanup 9M->7M(16M) 0.233ms
[37.332s][info][gc            ] GC(24) Dat log --- cycle is complete
Current gc epoch: 21
heap: ______
capacity: 16777216
used: 8229736
committed: 16777216
bytes_allocated_since_gc_start: 0
hot_size: 46427
cold_size: 104302
num_regions: 64
hot_region_count: 18446744073709551589
cold_region_count: 53
histogram: Placeholder

[37.332s][info][gc            ] GC(24) Obj count ac histogram
[37.332s][info][gc            ] GC(24) 	0: 11220
[37.332s][info][gc            ] GC(24) 	1: 0
[37.332s][info][gc            ] GC(24) 	2: 0
[37.332s][info][gc            ] GC(24) 	3: 0
[37.332s][info][gc            ] GC(24) 	4: 0
[37.332s][info][gc            ] GC(24) 	5: 0
[37.332s][info][gc            ] GC(24) 	6: 0
[37.332s][info][gc            ] GC(24) 	7: 0
[37.332s][info][gc            ] GC(24) 	8: 0
[37.333s][info][gc            ] GC(24) 	9: 0
[37.333s][info][gc            ] GC(24) 	10: 0
[37.333s][info][gc            ] GC(24) 	11: 0
[37.333s][info][gc            ] GC(24) 	12: 0
[37.333s][info][gc            ] GC(24) 	13: 4681
[37.333s][info][gc            ] GC(24) 	14: 14
[37.333s][info][gc            ] GC(24) 	15: 0
[37.333s][info][gc            ] GC(24) 	16: 0
[37.333s][info][gc            ] GC(24) 	17: 0
[37.333s][info][gc            ] GC(24) 	18: 0
[37.333s][info][gc            ] GC(24) 	19: 0
[37.333s][info][gc            ] GC(24) Obj size ac histogram
[37.333s][info][gc            ] GC(24) 	0: 91472
[37.333s][info][gc            ] GC(24) 	1: 0
[37.333s][info][gc            ] GC(24) 	2: 0
[37.333s][info][gc            ] GC(24) 	3: 0
[37.333s][info][gc            ] GC(24) 	4: 0
[37.333s][info][gc            ] GC(24) 	5: 0
[37.333s][info][gc            ] GC(24) 	6: 0
[37.333s][info][gc            ] GC(24) 	7: 0
[37.333s][info][gc            ] GC(24) 	8: 0
[37.333s][info][gc            ] GC(24) 	9: 0
[37.333s][info][gc            ] GC(24) 	10: 0
[37.333s][info][gc            ] GC(24) 	11: 0
[37.333s][info][gc            ] GC(24) 	12: 0
[37.333s][info][gc            ] GC(24) 	13: 44634
[37.333s][info][gc            ] GC(24) 	14: 70
[37.333s][info][gc            ] GC(24) 	15: 0
[37.333s][info][gc            ] GC(24) 	16: 0
[37.333s][info][gc            ] GC(24) 	17: 0
[37.333s][info][gc            ] GC(24) 	18: 0
[37.333s][info][gc            ] GC(24) 	19: 0
[37.333s][info][gc,ergo       ] Free: 7323K, Max: 256K regular, 2560K humongous, Frag: 38% external, 30% internal; Reserve: 1024K, Max: 256K
[37.333s][info][gc,stats      ] 
[37.333s][info][gc,stats      ] All times are wall-clock times, except per-root-class counters, that are sum over
[37.333s][info][gc,stats      ] all workers. Dividing the <total> over the root stage time estimates parallelism.
[37.333s][info][gc,stats      ] 
[37.333s][info][gc,stats      ] Concurrent Reset                    171 us
[37.333s][info][gc,stats      ] Pause Init Mark (G)                1086 us
[37.333s][info][gc,stats      ] Pause Init Mark (N)                 845 us
[37.333s][info][gc,stats      ]   Accumulate Stats                    2 us
[37.333s][info][gc,stats      ]   Make Parsable                       4 us
[37.333s][info][gc,stats      ]   Update Region States                1 us
[37.333s][info][gc,stats      ]   Scan Roots                        758 us, parallelism: 0.96x
[37.333s][info][gc,stats      ]     S: <total>                      729 us
[37.333s][info][gc,stats      ]     S: Thread Roots                  46 us, workers (us):  46,   1, ---, ---, ---, ---, ---, ---, ---, ---, ---, ---, ---, ---, ---, ---, ---, ---, ---, ---, ---, ---, ---, ---, 
[37.333s][info][gc,stats      ]     S: Universe Roots                 8 us, workers (us):   8, ---, ---, ---, ---, ---, ---, ---, ---, ---, ---, ---, ---, ---, ---, ---, ---, ---, ---, ---, ---, ---, ---, ---, 
[37.333s][info][gc,stats      ]     S: JNI Handles Roots              3 us, workers (us): ---,   3, ---, ---, ---, ---, ---, ---, ---, ---, ---, ---, ---, ---, ---, ---, ---, ---, ---, ---, ---, ---, ---, ---, 
[37.333s][info][gc,stats      ]     S: Synchronizer Roots             0 us, workers (us):   0, ---, ---, ---, ---, ---, ---, ---, ---, ---, ---, ---, ---, ---, ---, ---, ---, ---, ---, ---, ---, ---, ---, ---, 
[37.333s][info][gc,stats      ]     S: Management Roots               1 us, workers (us):   1, ---, ---, ---, ---, ---, ---, ---, ---, ---, ---, ---, ---, ---, ---, ---, ---, ---, ---, ---, ---, ---, ---, ---, 
[37.333s][info][gc,stats      ]     S: System Dict Roots             12 us, workers (us):  12, ---, ---, ---, ---, ---, ---, ---, ---, ---, ---, ---, ---, ---, ---, ---, ---, ---, ---, ---, ---, ---, ---, ---, 
[37.333s][info][gc,stats      ]     S: CLDG Roots                   657 us, workers (us): ---, 657, ---, ---, ---, ---, ---, ---, ---, ---, ---, ---, ---, ---, ---, ---, ---, ---, ---, ---, ---, ---, ---, ---, 
[37.333s][info][gc,stats      ]     S: JVMTI Roots                    0 us, workers (us): ---,   0, ---, ---, ---, ---, ---, ---, ---, ---, ---, ---, ---, ---, ---, ---, ---, ---, ---, ---, ---, ---, ---, ---, 
[37.333s][info][gc,stats      ]   Resize TLABs                        3 us
[37.333s][info][gc,stats      ] Concurrent Marking                18298 us
[37.333s][info][gc,stats      ] Pause Final Mark (G)               1386 us
[37.333s][info][gc,stats      ] Pause Final Mark (N)               1237 us
[37.333s][info][gc,stats      ]   Finish Queues                     114 us
[37.333s][info][gc,stats      ]   System Purge                      466 us
[37.333s][info][gc,stats      ]     Weak Roots                      466 us
[37.333s][info][gc,stats      ]   Update Region States                3 us
[37.333s][info][gc,stats      ]   Retire TLABs                        4 us
[37.333s][info][gc,stats      ]   Choose Collection Set              67 us
[37.333s][info][gc,stats      ]   Rebuild Free Set                   10 us
[37.333s][info][gc,stats      ]   Initial Evacuation                555 us, parallelism: 0.61x
[37.333s][info][gc,stats      ]     E: <total>                      339 us
[37.333s][info][gc,stats      ]     E: Thread Roots                  32 us, workers (us):   1,  31, ---, ---, ---, ---, ---, ---, ---, ---, ---, ---, ---, ---, ---, ---, ---, ---, ---, ---, ---, ---, ---, ---, 
[37.333s][info][gc,stats      ]     E: Code Cache Roots               0 us, workers (us):   0,   0, ---, ---, ---, ---, ---, ---, ---, ---, ---, ---, ---, ---, ---, ---, ---, ---, ---, ---, ---, ---, ---, ---, 
[37.333s][info][gc,stats      ]     E: Universe Roots                 3 us, workers (us):   3, ---, ---, ---, ---, ---, ---, ---, ---, ---, ---, ---, ---, ---, ---, ---, ---, ---, ---, ---, ---, ---, ---, ---, 
[37.333s][info][gc,stats      ]     E: JNI Handles Roots              0 us, workers (us):   0, ---, ---, ---, ---, ---, ---, ---, ---, ---, ---, ---, ---, ---, ---, ---, ---, ---, ---, ---, ---, ---, ---, ---, 
[37.333s][info][gc,stats      ]     E: Synchronizer Roots             0 us, workers (us):   0, ---, ---, ---, ---, ---, ---, ---, ---, ---, ---, ---, ---, ---, ---, ---, ---, ---, ---, ---, ---, ---, ---, ---, 
[37.333s][info][gc,stats      ]     E: Management Roots              11 us, workers (us):  11, ---, ---, ---, ---, ---, ---, ---, ---, ---, ---, ---, ---, ---, ---, ---, ---, ---, ---, ---, ---, ---, ---, ---, 
[37.333s][info][gc,stats      ]     E: System Dict Roots             10 us, workers (us):  10, ---, ---, ---, ---, ---, ---, ---, ---, ---, ---, ---, ---, ---, ---, ---, ---, ---, ---, ---, ---, ---, ---, ---, 
[37.333s][info][gc,stats      ]     E: CLDG Roots                   281 us, workers (us): 281, ---, ---, ---, ---, ---, ---, ---, ---, ---, ---, ---, ---, ---, ---, ---, ---, ---, ---, ---, ---, ---, ---, ---, 
[37.334s][info][gc,stats      ]     E: JVMTI Roots                    0 us, workers (us):   0, ---, ---, ---, ---, ---, ---, ---, ---, ---, ---, ---, ---, ---, ---, ---, ---, ---, ---, ---, ---, ---, ---, ---, 
[37.334s][info][gc,stats      ] Concurrent Cleanup                  461 us
[37.334s][info][gc,stats      ] Concurrent Evacuation              2313 us
[37.334s][info][gc,stats      ] Pause Init  Update Refs (G)         313 us
[37.334s][info][gc,stats      ] Pause Init  Update Refs (N)          51 us
[37.334s][info][gc,stats      ]   Retire GCLABs                      33 us
[37.334s][info][gc,stats      ] Concurrent Update Refs            14158 us
[37.334s][info][gc,stats      ] Pause Final Update Refs (G)         394 us
[37.334s][info][gc,stats      ] Pause Final Update Refs (N)         131 us
[37.334s][info][gc,stats      ]   Update Roots                      101 us, parallelism: 0.54x
[37.334s][info][gc,stats      ]     UR: <total>                      54 us
[37.334s][info][gc,stats      ]     UR: Thread Roots                 54 us, workers (us):  36,  18, ---, ---, ---, ---, ---, ---, ---, ---, ---, ---, ---, ---, ---, ---, ---, ---, ---, ---, ---, ---, ---, ---, 
[37.334s][info][gc,stats      ]   Update Region States                3 us
[37.334s][info][gc,stats      ]   Trash Collection Set                3 us
[37.334s][info][gc,stats      ]   Rebuild Free Set                    6 us
[37.334s][info][gc,stats      ] Concurrent Cleanup                  209 us
[37.334s][info][gc,stats      ] 
[37.334s][info][gc,stats      ] Allocation pacing accrued:
[37.334s][info][gc,stats      ]       0 of    42 ms (  0.0%): <total>
[37.334s][info][gc,stats      ]       0 of    42 ms (  0.0%): <average total>
[37.334s][info][gc,stats      ] 
[37.334s][info][gc,metaspace  ] Metaspace: 14126K->14126K(1062912K)
[37.334s][info][gc,ergo       ] Pacer for Idle. Initial: 327K, Alloc Tax Rate: 1.0x
[51.296s][info][gc            ] Trigger: Average GC time (51.23 ms) is above the time for allocation rate (365 KB/s) to deplete free headroom (0B)
[51.296s][info][gc,ergo       ] Free headroom: 2208K (free) - 819K (spike) - 1474K (penalties) = 0B
[51.296s][info][gc,ergo       ] Free: 2208K, Max: 256K regular, 512K humongous, Frag: 0% external, 42% internal; Reserve: 1024K, Max: 256K
[51.297s][info][gc,start      ] GC(25) Concurrent reset
[51.297s][info][gc,task       ] GC(25) Using 2 of 24 workers for concurrent reset
[51.297s][info][gc,ergo       ] GC(25) Pacer for Reset. Non-Taxable: 16384K
[51.297s][info][gc            ] GC(25) Concurrent reset 0.214ms
[51.297s][info][gc,start      ] GC(25) Pause Init Mark (process weakrefs)
[51.297s][info][gc,task       ] GC(25) Using 2 of 24 workers for init marking
[51.299s][info][gc,ergo       ] GC(25) Pacer for Mark. Expected Live: 8066K, Free: 2208K, Non-Taxable: 220K, Alloc Tax Rate: 4.5x
[51.299s][info][gc            ] GC(25) Pause Init Mark (process weakrefs) 1.888ms
[51.299s][info][gc,start      ] GC(25) Concurrent marking (process weakrefs)
[51.299s][info][gc,task       ] GC(25) Using 2 of 24 workers for concurrent marking
[51.321s][info][gc            ] GC(25) Concurrent marking (process weakrefs) 22.283ms
[51.321s][info][gc,start      ] GC(25) Concurrent precleaning
[51.321s][info][gc,task       ] GC(25) Using 1 of 24 workers for concurrent preclean
[51.321s][info][gc,ergo       ] GC(25) Pacer for Precleaning. Non-Taxable: 16384K
[51.323s][info][gc            ] GC(25) Concurrent precleaning 1.353ms
[51.323s][info][gc,start      ] GC(25) Pause Final Mark (process weakrefs)
[51.323s][info][gc,task       ] GC(25) Using 2 of 24 workers for final marking
[51.324s][info][gc,ergo       ] GC(25) Adaptive CSet Selection. Target Free: 2321K, Actual Free: 1536K, Max CSet: 682K, Min Garbage: 785K
[51.324s][info][gc,ergo       ] GC(25) Collectable Garbage: 313K (22%), Immediate: 0B (0%), CSet: 313K (22%)
[51.326s][info][gc,ergo       ] GC(25) Pacer for Evacuation. Used CSet: 898K, Free: 5390K, Non-Taxable: 539K, Alloc Tax Rate: 1.1x
[51.326s][info][gc            ] GC(25) Pause Final Mark (process weakrefs) 2.818ms
[51.326s][info][gc,start      ] GC(25) Concurrent cleanup
[51.326s][info][gc            ] GC(25) Concurrent cleanup 9M->9M(16M) 0.033ms
[51.326s][info][gc,ergo       ] GC(25) Free: 5390K, Max: 256K regular, 512K humongous, Frag: 0% external, 47% internal; Reserve: 924K, Max: 256K
[51.326s][info][gc,start      ] GC(25) Concurrent evacuation
[51.326s][info][gc,task       ] GC(25) Using 2 of 24 workers for concurrent evacuation
[51.331s][info][gc            ] GC(25) Concurrent evacuation 4.951ms
[51.331s][info][gc,start      ] GC(25) Pause Init Update Refs
[51.331s][info][gc,ergo       ] GC(25) Pacer for Update Refs. Used: 10550K, Free: 5390K, Non-Taxable: 539K, Alloc Tax Rate: 2.4x
[51.331s][info][gc            ] GC(25) Pause Init Update Refs 0.081ms
[51.331s][info][gc,start      ] GC(25) Concurrent update references
[51.331s][info][gc,task       ] GC(25) Using 2 of 24 workers for concurrent reference update
[51.340s][info][gc            ] GC(25) Concurrent update references 9.135ms
[51.341s][info][gc,start      ] GC(25) Pause Final Update Refs
[51.341s][info][gc,task       ] GC(25) Using 2 of 24 workers for final reference update
[51.341s][info][gc            ] GC(25) Pause Final Update Refs 0.178ms
[51.341s][info][gc,start      ] GC(25) Concurrent cleanup
[51.341s][info][gc            ] GC(25) Concurrent cleanup 10M->9M(16M) 0.147ms
[51.341s][info][gc            ] GC(25) Dat log --- cycle is complete
Current gc epoch: 22
heap: ______
capacity: 16777216
used: 9883768
committed: 16777216
bytes_allocated_since_gc_start: 0
hot_size: 53386
cold_size: 21478
num_regions: 64
hot_region_count: 18446744073709551588
cold_region_count: 54
histogram: Placeholder

[51.341s][info][gc            ] GC(25) Obj count ac histogram
[51.341s][info][gc            ] GC(25) 	0: 3254
[51.341s][info][gc            ] GC(25) 	1: 0
[51.341s][info][gc            ] GC(25) 	2: 0
[51.341s][info][gc            ] GC(25) 	3: 0
[51.341s][info][gc            ] GC(25) 	4: 0
[51.341s][info][gc            ] GC(25) 	5: 0
[51.341s][info][gc            ] GC(25) 	6: 0
[51.341s][info][gc            ] GC(25) 	7: 0
[51.341s][info][gc            ] GC(25) 	8: 0
[51.341s][info][gc            ] GC(25) 	9: 0
[51.341s][info][gc            ] GC(25) 	10: 0
[51.341s][info][gc            ] GC(25) 	11: 0
[51.341s][info][gc            ] GC(25) 	12: 0
[51.341s][info][gc            ] GC(25) 	13: 5545
[51.341s][info][gc            ] GC(25) 	14: 0
[51.341s][info][gc            ] GC(25) 	15: 0
[51.341s][info][gc            ] GC(25) 	16: 0
[51.341s][info][gc            ] GC(25) 	17: 0
[51.341s][info][gc            ] GC(25) 	18: 0
[51.341s][info][gc            ] GC(25) 	19: 0
[51.341s][info][gc            ] GC(25) Obj size ac histogram
[51.341s][info][gc            ] GC(25) 	0: 21478
[51.341s][info][gc            ] GC(25) 	1: 0
[51.341s][info][gc            ] GC(25) 	2: 0
[51.341s][info][gc            ] GC(25) 	3: 0
[51.341s][info][gc            ] GC(25) 	4: 0
[51.341s][info][gc            ] GC(25) 	5: 0
[51.341s][info][gc            ] GC(25) 	6: 0
[51.341s][info][gc            ] GC(25) 	7: 0
[51.341s][info][gc            ] GC(25) 	8: 0
[51.341s][info][gc            ] GC(25) 	9: 0
[51.341s][info][gc            ] GC(25) 	10: 0
[51.341s][info][gc            ] GC(25) 	11: 0
[51.341s][info][gc            ] GC(25) 	12: 0
[51.341s][info][gc            ] GC(25) 	13: 51474
[51.341s][info][gc            ] GC(25) 	14: 0
[51.341s][info][gc            ] GC(25) 	15: 0
[51.341s][info][gc            ] GC(25) 	16: 0
[51.341s][info][gc            ] GC(25) 	17: 0
[51.341s][info][gc            ] GC(25) 	18: 0
[51.341s][info][gc            ] GC(25) 	19: 0
[51.341s][info][gc,ergo       ] Free: 5707K, Max: 256K regular, 512K humongous, Frag: 34% external, 46% internal; Reserve: 1024K, Max: 256K
[51.341s][info][gc,stats      ] 
[51.341s][info][gc,stats      ] All times are wall-clock times, except per-root-class counters, that are sum over
[51.341s][info][gc,stats      ] all workers. Dividing the <total> over the root stage time estimates parallelism.
[51.341s][info][gc,stats      ] 
[51.341s][info][gc,stats      ] Concurrent Reset                    189 us
[51.341s][info][gc,stats      ] Pause Init Mark (G)                2193 us
[51.342s][info][gc,stats      ] Pause Init Mark (N)                1857 us
[51.342s][info][gc,stats      ]   Accumulate Stats                    5 us
[51.342s][info][gc,stats      ]   Make Parsable                       9 us
[51.342s][info][gc,stats      ]   Update Region States                2 us
[51.342s][info][gc,stats      ]   Scan Roots                       1716 us, parallelism: 0.98x
[51.342s][info][gc,stats      ]     S: <total>                     1680 us
[51.342s][info][gc,stats      ]     S: Thread Roots                 117 us, workers (us):   2, 115, ---, ---, ---, ---, ---, ---, ---, ---, ---, ---, ---, ---, ---, ---, ---, ---, ---, ---, ---, ---, ---, ---, 
[51.342s][info][gc,stats      ]     S: Universe Roots                21 us, workers (us):  21, ---, ---, ---, ---, ---, ---, ---, ---, ---, ---, ---, ---, ---, ---, ---, ---, ---, ---, ---, ---, ---, ---, ---, 
[51.342s][info][gc,stats      ]     S: JNI Handles Roots              4 us, workers (us):   4, ---, ---, ---, ---, ---, ---, ---, ---, ---, ---, ---, ---, ---, ---, ---, ---, ---, ---, ---, ---, ---, ---, ---, 
[51.342s][info][gc,stats      ]     S: Synchronizer Roots             1 us, workers (us): ---,   1, ---, ---, ---, ---, ---, ---, ---, ---, ---, ---, ---, ---, ---, ---, ---, ---, ---, ---, ---, ---, ---, ---, 
[51.342s][info][gc,stats      ]     S: Management Roots               3 us, workers (us): ---,   3, ---, ---, ---, ---, ---, ---, ---, ---, ---, ---, ---, ---, ---, ---, ---, ---, ---, ---, ---, ---, ---, ---, 
[51.342s][info][gc,stats      ]     S: System Dict Roots             34 us, workers (us): ---,  34, ---, ---, ---, ---, ---, ---, ---, ---, ---, ---, ---, ---, ---, ---, ---, ---, ---, ---, ---, ---, ---, ---, 
[51.342s][info][gc,stats      ]     S: CLDG Roots                  1500 us, workers (us): 1500, ---, ---, ---, ---, ---, ---, ---, ---, ---, ---, ---, ---, ---, ---, ---, ---, ---, ---, ---, ---, ---, ---, ---, 
[51.342s][info][gc,stats      ]     S: JVMTI Roots                    1 us, workers (us):   1, ---, ---, ---, ---, ---, ---, ---, ---, ---, ---, ---, ---, ---, ---, ---, ---, ---, ---, ---, ---, ---, ---, ---, 
[51.342s][info][gc,stats      ]   Resize TLABs                        6 us
[51.342s][info][gc,stats      ] Concurrent Marking                22231 us
[51.342s][info][gc,stats      ] Concurrent Precleaning             1330 us
[51.342s][info][gc,stats      ] Pause Final Mark (G)               3041 us
[51.342s][info][gc,stats      ] Pause Final Mark (N)               2782 us
[51.342s][info][gc,stats      ]   Finish Queues                     116 us
[51.342s][info][gc,stats      ]   Weak References                   442 us
[51.342s][info][gc,stats      ]     Process                         434 us
[51.342s][info][gc,stats      ]   System Purge                      587 us
[51.342s][info][gc,stats      ]     Weak Roots                      586 us
[51.342s][info][gc,stats      ]   Update Region States                4 us
[51.342s][info][gc,stats      ]   Retire TLABs                        6 us
[51.342s][info][gc,stats      ]   Choose Collection Set              63 us
[51.342s][info][gc,stats      ]   Rebuild Free Set                    7 us
[51.342s][info][gc,stats      ]   Initial Evacuation               1536 us, parallelism: 0.32x
[51.342s][info][gc,stats      ]     E: <total>                      491 us
[51.342s][info][gc,stats      ]     E: Thread Roots                  65 us, workers (us):   1,  64, ---, ---, ---, ---, ---, ---, ---, ---, ---, ---, ---, ---, ---, ---, ---, ---, ---, ---, ---, ---, ---, ---, 
[51.342s][info][gc,stats      ]     E: Code Cache Roots               1 us, workers (us):   0,   0, ---, ---, ---, ---, ---, ---, ---, ---, ---, ---, ---, ---, ---, ---, ---, ---, ---, ---, ---, ---, ---, ---, 
[51.342s][info][gc,stats      ]     E: Universe Roots                 6 us, workers (us):   6, ---, ---, ---, ---, ---, ---, ---, ---, ---, ---, ---, ---, ---, ---, ---, ---, ---, ---, ---, ---, ---, ---, ---, 
[51.342s][info][gc,stats      ]     E: JNI Handles Roots              1 us, workers (us):   1, ---, ---, ---, ---, ---, ---, ---, ---, ---, ---, ---, ---, ---, ---, ---, ---, ---, ---, ---, ---, ---, ---, ---, 
[51.342s][info][gc,stats      ]     E: Synchronizer Roots             0 us, workers (us): ---,   0, ---, ---, ---, ---, ---, ---, ---, ---, ---, ---, ---, ---, ---, ---, ---, ---, ---, ---, ---, ---, ---, ---, 
[51.342s][info][gc,stats      ]     E: Management Roots               2 us, workers (us): ---,   2, ---, ---, ---, ---, ---, ---, ---, ---, ---, ---, ---, ---, ---, ---, ---, ---, ---, ---, ---, ---, ---, ---, 
[51.342s][info][gc,stats      ]     E: System Dict Roots             15 us, workers (us): ---,  15, ---, ---, ---, ---, ---, ---, ---, ---, ---, ---, ---, ---, ---, ---, ---, ---, ---, ---, ---, ---, ---, ---, 
[51.342s][info][gc,stats      ]     E: CLDG Roots                   401 us, workers (us): 401, ---, ---, ---, ---, ---, ---, ---, ---, ---, ---, ---, ---, ---, ---, ---, ---, ---, ---, ---, ---, ---, ---, ---, 
[51.342s][info][gc,stats      ]     E: JVMTI Roots                    1 us, workers (us):   1, ---, ---, ---, ---, ---, ---, ---, ---, ---, ---, ---, ---, ---, ---, ---, ---, ---, ---, ---, ---, ---, ---, ---, 
[51.342s][info][gc,stats      ] Concurrent Cleanup                    6 us
[51.342s][info][gc,stats      ] Concurrent Evacuation              4933 us
[51.342s][info][gc,stats      ] Pause Init  Update Refs (G)         344 us
[51.342s][info][gc,stats      ] Pause Init  Update Refs (N)          47 us
[51.342s][info][gc,stats      ]   Retire GCLABs                      28 us
[51.342s][info][gc,stats      ] Concurrent Update Refs             9105 us
[51.342s][info][gc,stats      ] Pause Final Update Refs (G)         444 us
[51.342s][info][gc,stats      ] Pause Final Update Refs (N)         142 us
[51.342s][info][gc,stats      ]   Update Roots                      111 us, parallelism: 0.80x
[51.342s][info][gc,stats      ]     UR: <total>                      88 us
[51.342s][info][gc,stats      ]     UR: Thread Roots                 88 us, workers (us):  64,  24, ---, ---, ---, ---, ---, ---, ---, ---, ---, ---, ---, ---, ---, ---, ---, ---, ---, ---, ---, ---, ---, ---, 
[51.342s][info][gc,stats      ]   Update Region States                3 us
[51.342s][info][gc,stats      ]   Trash Collection Set                3 us
[51.342s][info][gc,stats      ]   Rebuild Free Set                    6 us
[51.342s][info][gc,stats      ] Concurrent Cleanup                  122 us
[51.342s][info][gc,stats      ] 
[51.342s][info][gc,stats      ] Allocation pacing accrued:
[51.342s][info][gc,stats      ]       0 of 14009 ms (  0.0%): <total>
[51.342s][info][gc,stats      ]       0 of 14009 ms (  0.0%): <average total>
[51.342s][info][gc,stats      ] 
[51.342s][info][gc,metaspace  ] Metaspace: 14126K->14126K(1062912K)
[51.342s][info][gc,ergo       ] Pacer for Idle. Initial: 327K, Alloc Tax Rate: 1.0x
[53.300s][info][gc            ] Trigger: Free (1503K) is below minimum threshold (1638K)
[53.300s][info][gc,ergo       ] Free: 1503K, Max: 256K regular, 256K humongous, Frag: 0% external, 46% internal; Reserve: 1024K, Max: 256K
[53.300s][info][gc,start      ] GC(26) Concurrent reset
[53.300s][info][gc,task       ] GC(26) Using 2 of 24 workers for concurrent reset
[53.300s][info][gc,ergo       ] GC(26) Pacer for Reset. Non-Taxable: 16384K
[53.301s][info][gc            ] GC(26) Concurrent reset 0.193ms
[53.301s][info][gc,start      ] GC(26) Pause Init Mark
[53.301s][info][gc,task       ] GC(26) Using 2 of 24 workers for init marking
[53.303s][info][gc,ergo       ] GC(26) Pacer for Mark. Expected Live: 7994K, Free: 1503K, Non-Taxable: 150K, Alloc Tax Rate: 6.5x
[53.303s][info][gc            ] GC(26) Pause Init Mark 1.778ms
[53.303s][info][gc,start      ] GC(26) Concurrent marking
[53.303s][info][gc,task       ] GC(26) Using 2 of 24 workers for concurrent marking
[53.326s][info][gc            ] GC(26) Concurrent marking 23.523ms
[53.326s][info][gc,start      ] GC(26) Pause Final Mark
[53.326s][info][gc,task       ] GC(26) Using 2 of 24 workers for final marking
[53.327s][info][gc,ergo       ] GC(26) Adaptive CSet Selection. Target Free: 2321K, Actual Free: 2949K, Max CSet: 682K, Min Garbage: 0B
[53.327s][info][gc,ergo       ] GC(26) Collectable Garbage: 2186K (71%), Immediate: 1669K (54%), CSet: 516K (16%)
[53.328s][info][gc,ergo       ] GC(26) Pacer for Evacuation. Used CSet: 1093K, Free: 6629K, Non-Taxable: 662K, Alloc Tax Rate: 1.1x
[53.328s][info][gc            ] GC(26) Pause Final Mark 1.693ms
[53.328s][info][gc,start      ] GC(26) Concurrent cleanup
[53.329s][info][gc            ] GC(26) Concurrent cleanup 9M->8M(16M) 0.542ms
[53.329s][info][gc,ergo       ] GC(26) Free: 6629K, Max: 256K regular, 2560K humongous, Frag: 29% external, 33% internal; Reserve: 1007K, Max: 256K
[53.329s][info][gc,start      ] GC(26) Concurrent evacuation
[53.329s][info][gc,task       ] GC(26) Using 2 of 24 workers for concurrent evacuation
[53.334s][info][gc            ] GC(26) Concurrent evacuation 5.146ms
[53.334s][info][gc,start      ] GC(26) Pause Init Update Refs
[53.334s][info][gc,ergo       ] GC(26) Pacer for Update Refs. Used: 9000K, Free: 6629K, Non-Taxable: 662K, Alloc Tax Rate: 1.7x
[53.334s][info][gc            ] GC(26) Pause Init Update Refs 0.087ms
[53.334s][info][gc,start      ] GC(26) Concurrent update references
[53.334s][info][gc,task       ] GC(26) Using 2 of 24 workers for concurrent reference update
[53.350s][info][gc            ] GC(26) Concurrent update references 16.177ms
[53.351s][info][gc,start      ] GC(26) Pause Final Update Refs
[53.351s][info][gc,task       ] GC(26) Using 2 of 24 workers for final reference update
[53.351s][info][gc            ] GC(26) Pause Final Update Refs 0.180ms
[53.351s][info][gc,start      ] GC(26) Concurrent cleanup
[53.351s][info][gc            ] GC(26) Concurrent cleanup 8M->7M(16M) 0.442ms
[53.351s][info][gc            ] GC(26) Dat log --- cycle is complete
Current gc epoch: 23
heap: ______
capacity: 16777216
used: 8097760
committed: 16777216
bytes_allocated_since_gc_start: 0
hot_size: 8021
cold_size: 65751
num_regions: 64
hot_region_count: 18446744073709551583
cold_region_count: 57
histogram: Placeholder

[53.351s][info][gc            ] GC(26) Obj count ac histogram
[53.351s][info][gc            ] GC(26) 	0: 9744
[53.351s][info][gc            ] GC(26) 	1: 0
[53.351s][info][gc            ] GC(26) 	2: 0
[53.351s][info][gc            ] GC(26) 	3: 0
[53.351s][info][gc            ] GC(26) 	4: 0
[53.351s][info][gc            ] GC(26) 	5: 0
[53.351s][info][gc            ] GC(26) 	6: 0
[53.351s][info][gc            ] GC(26) 	7: 0
[53.351s][info][gc            ] GC(26) 	8: 0
[53.351s][info][gc            ] GC(26) 	9: 0
[53.351s][info][gc            ] GC(26) 	10: 0
[53.351s][info][gc            ] GC(26) 	11: 0
[53.352s][info][gc            ] GC(26) 	12: 0
[53.352s][info][gc            ] GC(26) 	13: 1156
[53.352s][info][gc            ] GC(26) 	14: 0
[53.352s][info][gc            ] GC(26) 	15: 0
[53.352s][info][gc            ] GC(26) 	16: 0
[53.352s][info][gc            ] GC(26) 	17: 0
[53.352s][info][gc            ] GC(26) 	18: 0
[53.352s][info][gc            ] GC(26) 	19: 0
[53.352s][info][gc            ] GC(26) Obj size ac histogram
[53.352s][info][gc            ] GC(26) 	0: 60392
[53.352s][info][gc            ] GC(26) 	1: 0
[53.352s][info][gc            ] GC(26) 	2: 0
[53.352s][info][gc            ] GC(26) 	3: 0
[53.352s][info][gc            ] GC(26) 	4: 0
[53.352s][info][gc            ] GC(26) 	5: 0
[53.352s][info][gc            ] GC(26) 	6: 0
[53.352s][info][gc            ] GC(26) 	7: 0
[53.352s][info][gc            ] GC(26) 	8: 0
[53.352s][info][gc            ] GC(26) 	9: 0
[53.352s][info][gc            ] GC(26) 	10: 0
[53.352s][info][gc            ] GC(26) 	11: 0
[53.352s][info][gc            ] GC(26) 	12: 0
[53.352s][info][gc            ] GC(26) 	13: 8004
[53.352s][info][gc            ] GC(26) 	14: 0
[53.352s][info][gc            ] GC(26) 	15: 0
[53.352s][info][gc            ] GC(26) 	16: 0
[53.352s][info][gc            ] GC(26) 	17: 0
[53.352s][info][gc            ] GC(26) 	18: 0
[53.352s][info][gc            ] GC(26) 	19: 0
[53.352s][info][gc,ergo       ] Free: 7452K, Max: 256K regular, 2560K humongous, Frag: 38% external, 32% internal; Reserve: 1024K, Max: 256K
[53.352s][info][gc,stats      ] 
[53.352s][info][gc,stats      ] All times are wall-clock times, except per-root-class counters, that are sum over
[53.352s][info][gc,stats      ] all workers. Dividing the <total> over the root stage time estimates parallelism.
[53.352s][info][gc,stats      ] 
[53.352s][info][gc,stats      ] Concurrent Reset                    172 us
[53.352s][info][gc,stats      ] Pause Init Mark (G)                2075 us
[53.352s][info][gc,stats      ] Pause Init Mark (N)                1749 us
[53.352s][info][gc,stats      ]   Accumulate Stats                    4 us
[53.352s][info][gc,stats      ]   Make Parsable                      14 us
[53.352s][info][gc,stats      ]   Update Region States                2 us
[53.352s][info][gc,stats      ]   Scan Roots                       1603 us, parallelism: 0.99x
[53.352s][info][gc,stats      ]     S: <total>                     1588 us
[53.352s][info][gc,stats      ]     S: Thread Roots                 101 us, workers (us):  99,   1, ---, ---, ---, ---, ---, ---, ---, ---, ---, ---, ---, ---, ---, ---, ---, ---, ---, ---, ---, ---, ---, ---, 
[53.352s][info][gc,stats      ]     S: Universe Roots                19 us, workers (us):  19, ---, ---, ---, ---, ---, ---, ---, ---, ---, ---, ---, ---, ---, ---, ---, ---, ---, ---, ---, ---, ---, ---, ---, 
[53.352s][info][gc,stats      ]     S: JNI Handles Roots              6 us, workers (us): ---,   6, ---, ---, ---, ---, ---, ---, ---, ---, ---, ---, ---, ---, ---, ---, ---, ---, ---, ---, ---, ---, ---, ---, 
[53.352s][info][gc,stats      ]     S: Synchronizer Roots             0 us, workers (us):   0, ---, ---, ---, ---, ---, ---, ---, ---, ---, ---, ---, ---, ---, ---, ---, ---, ---, ---, ---, ---, ---, ---, ---, 
[53.352s][info][gc,stats      ]     S: Management Roots               2 us, workers (us):   2, ---, ---, ---, ---, ---, ---, ---, ---, ---, ---, ---, ---, ---, ---, ---, ---, ---, ---, ---, ---, ---, ---, ---, 
[53.352s][info][gc,stats      ]     S: System Dict Roots             28 us, workers (us):  28, ---, ---, ---, ---, ---, ---, ---, ---, ---, ---, ---, ---, ---, ---, ---, ---, ---, ---, ---, ---, ---, ---, ---, 
[53.352s][info][gc,stats      ]     S: CLDG Roots                  1431 us, workers (us): ---, 1431, ---, ---, ---, ---, ---, ---, ---, ---, ---, ---, ---, ---, ---, ---, ---, ---, ---, ---, ---, ---, ---, ---, 
[53.352s][info][gc,stats      ]     S: JVMTI Roots                    1 us, workers (us): ---,   1, ---, ---, ---, ---, ---, ---, ---, ---, ---, ---, ---, ---, ---, ---, ---, ---, ---, ---, ---, ---, ---, ---, 
[53.352s][info][gc,stats      ]   Resize TLABs                        6 us
[53.352s][info][gc,stats      ] Concurrent Marking                23486 us
[53.352s][info][gc,stats      ] Pause Final Mark (G)               1863 us
[53.352s][info][gc,stats      ] Pause Final Mark (N)               1663 us
[53.352s][info][gc,stats      ]   Finish Queues                     113 us
[53.352s][info][gc,stats      ]   System Purge                      617 us
[53.352s][info][gc,stats      ]     Weak Roots                      616 us
[53.352s][info][gc,stats      ]   Update Region States                3 us
[53.352s][info][gc,stats      ]   Retire TLABs                        5 us
[53.352s][info][gc,stats      ]   Choose Collection Set              71 us
[53.352s][info][gc,stats      ]   Rebuild Free Set                    7 us
[53.352s][info][gc,stats      ]   Initial Evacuation                825 us, parallelism: 0.64x
[53.352s][info][gc,stats      ]     E: <total>                      530 us
[53.352s][info][gc,stats      ]     E: Thread Roots                  59 us, workers (us):  58,   1, ---, ---, ---, ---, ---, ---, ---, ---, ---, ---, ---, ---, ---, ---, ---, ---, ---, ---, ---, ---, ---, ---, 
[53.352s][info][gc,stats      ]     E: Code Cache Roots               1 us, workers (us):   1,   0, ---, ---, ---, ---, ---, ---, ---, ---, ---, ---, ---, ---, ---, ---, ---, ---, ---, ---, ---, ---, ---, ---, 
[53.352s][info][gc,stats      ]     E: Universe Roots                 7 us, workers (us):   7, ---, ---, ---, ---, ---, ---, ---, ---, ---, ---, ---, ---, ---, ---, ---, ---, ---, ---, ---, ---, ---, ---, ---, 
[53.352s][info][gc,stats      ]     E: JNI Handles Roots              1 us, workers (us):   1, ---, ---, ---, ---, ---, ---, ---, ---, ---, ---, ---, ---, ---, ---, ---, ---, ---, ---, ---, ---, ---, ---, ---, 
[53.352s][info][gc,stats      ]     E: Synchronizer Roots             0 us, workers (us):   0, ---, ---, ---, ---, ---, ---, ---, ---, ---, ---, ---, ---, ---, ---, ---, ---, ---, ---, ---, ---, ---, ---, ---, 
[53.352s][info][gc,stats      ]     E: Management Roots               2 us, workers (us):   2, ---, ---, ---, ---, ---, ---, ---, ---, ---, ---, ---, ---, ---, ---, ---, ---, ---, ---, ---, ---, ---, ---, ---, 
[53.352s][info][gc,stats      ]     E: System Dict Roots             16 us, workers (us):  16, ---, ---, ---, ---, ---, ---, ---, ---, ---, ---, ---, ---, ---, ---, ---, ---, ---, ---, ---, ---, ---, ---, ---, 
[53.352s][info][gc,stats      ]     E: CLDG Roots                   443 us, workers (us): ---, 443, ---, ---, ---, ---, ---, ---, ---, ---, ---, ---, ---, ---, ---, ---, ---, ---, ---, ---, ---, ---, ---, ---, 
[53.352s][info][gc,stats      ]     E: JVMTI Roots                    1 us, workers (us):   1, ---, ---, ---, ---, ---, ---, ---, ---, ---, ---, ---, ---, ---, ---, ---, ---, ---, ---, ---, ---, ---, ---, ---, 
[53.352s][info][gc,stats      ] Concurrent Cleanup                  514 us
[53.352s][info][gc,stats      ] Concurrent Evacuation              5127 us
[53.353s][info][gc,stats      ] Pause Init  Update Refs (G)         368 us
[53.353s][info][gc,stats      ] Pause Init  Update Refs (N)          50 us
[53.353s][info][gc,stats      ]   Retire GCLABs                      30 us
[53.353s][info][gc,stats      ] Concurrent Update Refs            16146 us
[53.353s][info][gc,stats      ] Pause Final Update Refs (G)         408 us
[53.353s][info][gc,stats      ] Pause Final Update Refs (N)         144 us
[53.353s][info][gc,stats      ]   Update Roots                      112 us, parallelism: 0.49x
[53.353s][info][gc,stats      ]     UR: <total>                      55 us
[53.353s][info][gc,stats      ]     UR: Thread Roots                 55 us, workers (us):  32,  23, ---, ---, ---, ---, ---, ---, ---, ---, ---, ---, ---, ---, ---, ---, ---, ---, ---, ---, ---, ---, ---, ---, 
[53.353s][info][gc,stats      ]   Update Region States                3 us
[53.353s][info][gc,stats      ]   Trash Collection Set                4 us
[53.353s][info][gc,stats      ]   Rebuild Free Set                    7 us
[53.353s][info][gc,stats      ] Concurrent Cleanup                  416 us
[53.353s][info][gc,stats      ] 
[53.353s][info][gc,stats      ] Allocation pacing accrued:
[53.353s][info][gc,stats      ]       0 of  2010 ms (  0.0%): <total>
[53.353s][info][gc,stats      ]       0 of  2010 ms (  0.0%): <average total>
[53.353s][info][gc,stats      ] 
[53.353s][info][gc,metaspace  ] Metaspace: 14126K->14126K(1062912K)
[53.353s][info][gc,ergo       ] Pacer for Idle. Initial: 327K, Alloc Tax Rate: 1.0x
[63.768s][info][gc            ] Cancelling GC: Stopping VM
[63.769s][info][gc,heap,exit  ] Heap
[63.769s][info][gc,heap,exit  ] Shenandoah Heap
[63.769s][info][gc,heap,exit  ]  16384K max, 16384K soft max, 16384K committed, 9334K used
[63.769s][info][gc,heap,exit  ]  64 x 256K regions
[63.769s][info][gc,heap,exit  ] Status: cancelled
[63.769s][info][gc,heap,exit  ] Reserved region:
[63.769s][info][gc,heap,exit  ]  - [0x00000000ff000000, 0x0000000100000000) 
[63.769s][info][gc,heap,exit  ] Collection set:
[63.769s][info][gc,heap,exit  ]  - map (vanilla): 0x0000000000013fc0
[63.769s][info][gc,heap,exit  ]  - map (biased):  0x0000000000010000
[63.769s][info][gc,heap,exit  ] 
[63.770s][info][gc,heap,exit  ]  Metaspace       used 14127K, capacity 14542K, committed 14720K, reserved 1062912K
[63.770s][info][gc,heap,exit  ]   class space    used 1688K, capacity 1860K, committed 1920K, reserved 1048576K
[63.770s][info][gc,stats      ] 
[63.770s][info][gc,stats      ] GC STATISTICS:
[63.770s][info][gc,stats      ]   "(G)" (gross) pauses include VM time: time to notify and block threads, do the pre-
[63.770s][info][gc,stats      ]         and post-safepoint housekeeping. Use -XX:+PrintSafepointStatistics to dissect.
[63.770s][info][gc,stats      ]   "(N)" (net) pauses are the times spent in the actual GC code.
[63.770s][info][gc,stats      ]   "a" is average time for each phase, look at levels to see if average makes sense.
[63.770s][info][gc,stats      ]   "lvls" are quantiles: 0% (minimum), 25%, 50% (median), 75%, 100% (maximum).
[63.770s][info][gc,stats      ] 
[63.770s][info][gc,stats      ]   All times are wall-clock times, except per-root-class counters, that are sum over
[63.770s][info][gc,stats      ]   all workers. Dividing the <total> over the root stage time estimates parallelism.
[63.770s][info][gc,stats      ] 
[63.770s][info][gc,stats      ]   Pacing delays are measured from entering the pacing code till exiting it. Therefore,
[63.770s][info][gc,stats      ]   observed pacing delays may be higher than the threshold when paced thread spent more
[63.770s][info][gc,stats      ]   time in the pacing code. It usually happens when thread is de-scheduled while paced,
[63.770s][info][gc,stats      ]   OS takes longer to unblock the thread, or JVM experiences an STW pause.
[63.770s][info][gc,stats      ] 
[63.770s][info][gc,stats      ]   Higher delay would prevent application outpacing the GC, but it will hide the GC latencies
[63.770s][info][gc,stats      ]   from the STW pause times. Pacing affects the individual threads, and so it would also be
[63.770s][info][gc,stats      ]   invisible to the usual profiling tools, but would add up to end-to-end application latency.
[63.770s][info][gc,stats      ]   Raise max pacing delay with care.
[63.770s][info][gc,stats      ] 
[63.770s][info][gc,stats      ] Concurrent Reset               =    0.006 s (a =      220 us) (n =    25) (lvls, us =      127,      152,      172,      189,     1332)
[63.770s][info][gc,stats      ] Pause Init Mark (G)            =    0.057 s (a =     2293 us) (n =    25) (lvls, us =     1074,     1641,     2070,     2305,     4205)
[63.770s][info][gc,stats      ] Pause Init Mark (N)            =    0.047 s (a =     1885 us) (n =    25) (lvls, us =      820,     1113,     1738,     1914,     3652)
[63.770s][info][gc,stats      ]   Accumulate Stats             =    0.000 s (a =        5 us) (n =    26) (lvls, us =        2,        4,        5,        5,        7)
[63.770s][info][gc,stats      ]   Make Parsable                =    0.001 s (a =       25 us) (n =    26) (lvls, us =        4,       14,       22,       29,       74)
[63.770s][info][gc,stats      ]   Update Region States         =    0.000 s (a =        2 us) (n =    26) (lvls, us =        1,        1,        2,        2,        2)
[63.770s][info][gc,stats      ]   Scan Roots                   =    0.043 s (a =     1664 us) (n =    26) (lvls, us =      703,      871,     1602,     1797,     3517)
[63.770s][info][gc,stats      ]     S: <total>                 =    0.055 s (a =     2134 us) (n =    26) (lvls, us =      729,     1250,     1719,     2344,     4721)
[63.770s][info][gc,stats      ]     S: Thread Roots            =    0.028 s (a =     1060 us) (n =    26) (lvls, us =       46,      119,      564,     1562,     3376)
[63.770s][info][gc,stats      ]     S: Universe Roots          =    0.001 s (a =       21 us) (n =    26) (lvls, us =        8,       16,       19,       21,       88)
[63.770s][info][gc,stats      ]     S: JNI Handles Roots       =    0.000 s (a =        7 us) (n =    26) (lvls, us =        2,        3,        4,        5,       40)
[63.770s][info][gc,stats      ]     S: Synchronizer Roots      =    0.000 s (a =        0 us) (n =    26) (lvls, us =        0,        0,        0,        1,        1)
[63.770s][info][gc,stats      ]     S: Management Roots        =    0.000 s (a =        2 us) (n =    26) (lvls, us =        1,        1,        2,        2,        3)
[63.770s][info][gc,stats      ]     S: System Dict Roots       =    0.001 s (a =       32 us) (n =    26) (lvls, us =       10,       21,       29,       31,      108)
[63.770s][info][gc,stats      ]     S: CLDG Roots              =    0.026 s (a =     1011 us) (n =    26) (lvls, us =      434,      561,     1055,     1426,     1574)
[63.770s][info][gc,stats      ]     S: JVMTI Roots             =    0.000 s (a =        1 us) (n =    26) (lvls, us =        0,        1,        1,        1,        1)
[63.770s][info][gc,stats      ]   Resize TLABs                 =    0.000 s (a =        5 us) (n =    26) (lvls, us =        2,        4,        5,        6,        6)
[63.770s][info][gc,stats      ] Concurrent Marking             =    0.525 s (a =    20988 us) (n =    25) (lvls, us =     3027,    15625,    22070,    25586,    30556)
[63.770s][info][gc,stats      ] Concurrent Precleaning         =    0.006 s (a =      924 us) (n =     6) (lvls, us =      338,      338,      939,     1055,     1330)
[63.770s][info][gc,stats      ] Pause Final Mark (G)           =    0.046 s (a =     1834 us) (n =    25) (lvls, us =     1133,     1328,     1523,     1875,     3722)
[63.770s][info][gc,stats      ] Pause Final Mark (N)           =    0.040 s (a =     1611 us) (n =    25) (lvls, us =      961,     1152,     1367,     1660,     3359)
[63.770s][info][gc,stats      ]   Finish Queues                =    0.016 s (a =      599 us) (n =    26) (lvls, us =       44,      100,      107,      113,    12425)
[63.770s][info][gc,stats      ]   Weak References              =    0.005 s (a =      651 us) (n =     7) (lvls, us =      289,      289,      443,      637,     1574)
[63.770s][info][gc,stats      ]     Process                    =    0.004 s (a =      641 us) (n =     7) (lvls, us =      281,      281,      434,      627,     1560)
[63.770s][info][gc,stats      ]   System Purge                 =    0.009 s (a =      337 us) (n =    26) (lvls, us =       68,      184,      293,      424,      617)
[63.770s][info][gc,stats      ]     Unload Classes             =    0.001 s (a =     1053 us) (n =     1) (lvls, us =     1035,     1035,     1035,     1035,     1053)
[63.770s][info][gc,stats      ]     Cleanup                    =    0.001 s (a =     1267 us) (n =     1) (lvls, us =     1250,     1250,     1250,     1250,     1267)
[63.770s][info][gc,stats      ]       CU: <total>              =    0.007 s (a =     6823 us) (n =     1) (lvls, us =     6816,     6816,     6816,     6816,     6823)
[63.770s][info][gc,stats      ]       CU: Code Cache Roots     =    0.000 s (a =      103 us) (n =     1) (lvls, us =      102,      102,      102,      102,      103)
[63.770s][info][gc,stats      ]       CU: Code Cache Cleaning  =    0.000 s (a =        0 us) (n =     1) (lvls, us =        0,        0,        0,        0,        0)
[63.770s][info][gc,stats      ]       CU: String Table Roots   =    0.003 s (a =     2777 us) (n =     1) (lvls, us =     2773,     2773,     2773,     2773,     2777)
[63.771s][info][gc,stats      ]       CU: Resolved Table Roots =    0.000 s (a =       93 us) (n =     1) (lvls, us =       93,       93,       93,       93,       93)
[63.771s][info][gc,stats      ]       CU: CLDG Roots           =    0.004 s (a =     3850 us) (n =     1) (lvls, us =     3848,     3848,     3848,     3848,     3850)
[63.771s][info][gc,stats      ]     Weak Roots                 =    0.009 s (a =      336 us) (n =    26) (lvls, us =       67,      182,      293,      422,      616)
[63.771s][info][gc,stats      ]     CLDG                       =    0.001 s (a =      769 us) (n =     1) (lvls, us =      768,      768,      768,      768,      769)
[63.771s][info][gc,stats      ]   Update Region States         =    0.000 s (a =        3 us) (n =    26) (lvls, us =        1,        3,        3,        4,        6)
[63.771s][info][gc,stats      ]   Retire TLABs                 =    0.000 s (a =       12 us) (n =    26) (lvls, us =        2,        5,        6,       19,       40)
[63.771s][info][gc,stats      ]   Choose Collection Set        =    0.001 s (a =       56 us) (n =    26) (lvls, us =       23,       44,       62,       66,       73)
[63.771s][info][gc,stats      ]   Rebuild Free Set             =    0.000 s (a =        6 us) (n =    26) (lvls, us =        2,        4,        6,        7,       16)
[63.771s][info][gc,stats      ]   Initial Evacuation           =    0.023 s (a =      891 us) (n =    26) (lvls, us =       16,      533,      793,     1016,     2062)
[63.771s][info][gc,stats      ]     E: <total>                 =    0.021 s (a =      827 us) (n =    25) (lvls, us =      287,      461,      533,      979,     2484)
[63.771s][info][gc,stats      ]     E: Thread Roots            =    0.010 s (a =      401 us) (n =    25) (lvls, us =       27,       66,      221,      537,     1344)
[63.771s][info][gc,stats      ]     E: Code Cache Roots        =    0.000 s (a =        1 us) (n =    25) (lvls, us =        0,        1,        1,        1,        7)
[63.771s][info][gc,stats      ]     E: Universe Roots          =    0.000 s (a =        8 us) (n =    25) (lvls, us =        2,        3,        5,        6,       77)
[63.771s][info][gc,stats      ]     E: JNI Handles Roots       =    0.000 s (a =        1 us) (n =    25) (lvls, us =        0,        1,        1,        1,        2)
[63.771s][info][gc,stats      ]     E: Synchronizer Roots      =    0.000 s (a =        0 us) (n =    25) (lvls, us =        0,        0,        0,        0,        1)
[63.771s][info][gc,stats      ]     E: Management Roots        =    0.000 s (a =        2 us) (n =    25) (lvls, us =        1,        1,        2,        2,       11)
[63.771s][info][gc,stats      ]     E: System Dict Roots       =    0.001 s (a =       28 us) (n =    25) (lvls, us =        5,        8,       16,       26,      184)
[63.771s][info][gc,stats      ]     E: CLDG Roots              =    0.010 s (a =      385 us) (n =    25) (lvls, us =      141,      189,      262,      408,     1246)
[63.771s][info][gc,stats      ]     E: JVMTI Roots             =    0.000 s (a =        1 us) (n =    25) (lvls, us =        0,        0,        1,        1,        1)
[63.771s][info][gc,stats      ] Concurrent Cleanup             =    0.002 s (a =       66 us) (n =    25) (lvls, us =        3,        6,        6,        6,      514)
[63.771s][info][gc,stats      ] Concurrent Evacuation          =    0.101 s (a =     4022 us) (n =    25) (lvls, us =     1426,     2578,     3359,     5117,     7124)
[63.771s][info][gc,stats      ] Pause Init  Update Refs (G)    =    0.010 s (a =      395 us) (n =    25) (lvls, us =      195,      324,      367,      426,      793)
[63.771s][info][gc,stats      ] Pause Init  Update Refs (N)    =    0.002 s (a =       64 us) (n =    25) (lvls, us =       34,       48,       62,       71,       96)
[63.771s][info][gc,stats      ]   Retire GCLABs                =    0.001 s (a =       44 us) (n =    26) (lvls, us =       21,       31,       46,       50,       71)
[63.771s][info][gc,stats      ] Concurrent Update Refs         =    0.372 s (a =    14895 us) (n =    25) (lvls, us =     4531,     9102,    14062,    18750,    26533)
[63.771s][info][gc,stats      ] Pause Final Update Refs (G)    =    0.020 s (a =      828 us) (n =    24) (lvls, us =      338,      430,      689,      893,     2862)
[63.771s][info][gc,stats      ] Pause Final Update Refs (N)    =    0.012 s (a =      496 us) (n =    24) (lvls, us =      125,      156,      326,      588,     2428)
[63.771s][info][gc,stats      ]   Finish Work                  =    0.009 s (a =     4535 us) (n =     2) (lvls, us =     3125,     3125,     3125,     3125,     5927)
[63.771s][info][gc,stats      ]   Update Roots                 =    0.011 s (a =      465 us) (n =    24) (lvls, us =       97,      129,      297,      557,     2393)
[63.771s][info][gc,stats      ]     UR: <total>                =    0.010 s (a =      433 us) (n =    24) (lvls, us =       54,       90,      268,      525,     2324)
[63.771s][info][gc,stats      ]     UR: Thread Roots           =    0.010 s (a =      433 us) (n =    24) (lvls, us =       54,       90,      268,      525,     2324)
[63.771s][info][gc,stats      ]   Update Region States         =    0.000 s (a =        3 us) (n =    26) (lvls, us =        1,        2,        3,        3,       11)
[63.771s][info][gc,stats      ]   Trash Collection Set         =    0.000 s (a =        4 us) (n =    26) (lvls, us =        2,        3,        4,        4,        7)
[63.771s][info][gc,stats      ]   Rebuild Free Set             =    0.000 s (a =        6 us) (n =    26) (lvls, us =        2,        4,        6,        6,        7)
[63.771s][info][gc,stats      ] Concurrent Cleanup             =    0.013 s (a =      540 us) (n =    24) (lvls, us =      121,      207,      402,      611,     1548)
[63.771s][info][gc,stats      ] Pause Degenerated GC (G)       =    0.033 s (a =    16295 us) (n =     2) (lvls, us =     4590,     4590,     4590,     4590,    27997)
[63.771s][info][gc,stats      ] Pause Degenerated GC (N)       =    0.032 s (a =    15930 us) (n =     2) (lvls, us =     4199,     4199,     4199,     4199,    27650)
[63.771s][info][gc,stats      ]   Degen Update Roots           =    0.001 s (a =      410 us) (n =     2) (lvls, us =      350,      350,      350,      350,      470)
[63.771s][info][gc,stats      ]     DU: <total>                =    0.001 s (a =      674 us) (n =     2) (lvls, us =      564,      564,      564,      564,      782)
[63.771s][info][gc,stats      ]     DU: Thread Roots           =    0.000 s (a =      166 us) (n =     2) (lvls, us =       74,       74,       74,       74,      258)
[63.771s][info][gc,stats      ]     DU: Code Cache Roots       =    0.000 s (a =        4 us) (n =     2) (lvls, us =        2,        2,        2,        2,        5)
[63.771s][info][gc,stats      ]     DU: Universe Roots         =    0.000 s (a =        6 us) (n =     2) (lvls, us =        3,        3,        3,        3,        9)
[63.771s][info][gc,stats      ]     DU: JNI Handles Roots      =    0.000 s (a =        4 us) (n =     2) (lvls, us =        4,        4,        4,        4,        4)
[63.771s][info][gc,stats      ]     DU: Synchronizer Roots     =    0.000 s (a =        0 us) (n =     2) (lvls, us =        0,        0,        0,        0,        0)
[63.771s][info][gc,stats      ]     DU: Management Roots       =    0.000 s (a =        1 us) (n =     2) (lvls, us =        1,        1,        1,        1,        2)
[63.771s][info][gc,stats      ]     DU: System Dict Roots      =    0.000 s (a =       19 us) (n =     2) (lvls, us =       15,       15,       15,       15,       24)
[63.771s][info][gc,stats      ]     DU: CLDG Roots             =    0.001 s (a =      471 us) (n =     2) (lvls, us =      455,      455,      455,      455,      487)
[63.771s][info][gc,stats      ]     DU: JVMTI Roots            =    0.000 s (a =        1 us) (n =     2) (lvls, us =        1,        1,        1,        1,        1)
[63.771s][info][gc,stats      ] Pacing                         =    0.226 s (a =     8366 us) (n =    27) (lvls, us =        0,        0,        0,    17383,    23097)
[63.771s][info][gc,stats      ] 
[63.771s][info][gc,stats      ] 
[63.771s][info][gc,stats      ] Under allocation pressure, concurrent cycles may cancel, and either continue cycle
[63.772s][info][gc,stats      ] under stop-the-world pause or result in stop-the-world Full GC. Increase heap size,
[63.772s][info][gc,stats      ] tune GC heuristics, set more aggressive pacing delay, or lower allocation rate
[63.772s][info][gc,stats      ] to avoid Degenerated and Full GC cycles.
[63.772s][info][gc,stats      ] 
[63.772s][info][gc,stats      ]    24 successful concurrent GCs
[63.772s][info][gc,stats      ]       0 invoked explicitly
[63.772s][info][gc,stats      ]       0 invoked implicitly
[63.772s][info][gc,stats      ] 
[63.772s][info][gc,stats      ]     2 Degenerated GCs
[63.772s][info][gc,stats      ]       2 caused by allocation failure
[63.772s][info][gc,stats      ]         1 happened at Outside of Cycle
[63.772s][info][gc,stats      ]         1 happened at Update Refs
[63.772s][info][gc,stats      ]       0 upgraded to Full GC
[63.772s][info][gc,stats      ] 
[63.772s][info][gc,stats      ]     0 Full GCs
[63.772s][info][gc,stats      ]       0 invoked explicitly
[63.772s][info][gc,stats      ]       0 invoked implicitly
[63.772s][info][gc,stats      ]       0 caused by allocation failure
[63.772s][info][gc,stats      ]       0 upgraded from Degenerated GC
[63.772s][info][gc,stats      ] 
[63.772s][info][gc,stats      ] 
