[0.035s][info][gc,init] Regions: 64 x 256K
[0.035s][info][gc,init] Humongous object threshold: 256K
[0.035s][info][gc,init] Max TLAB size: 256K
[0.035s][info][gc,init] GC threads: 24 parallel, 12 concurrent
[0.036s][info][gc     ] Heuristics ergonomically sets -XX:+ExplicitGCInvokesConcurrent
[0.036s][info][gc     ] Heuristics ergonomically sets -XX:+ShenandoahImplicitGCInvokesConcurrent
[0.036s][info][gc,init] Shenandoah GC mode: Snapshot-At-The-Beginning (SATB)
[0.036s][info][gc,init] Shenandoah heuristics: Adaptive
[0.038s][info][gc,ergo] Pacer for Idle. Initial: 327K, Alloc Tax Rate: 1.0x
[0.039s][info][gc,init] Initialize Shenandoah heap: 2048K initial, 2048K min, 16384K max
[0.039s][info][gc,init] Safepointing mechanism: global-page poll
[0.039s][info][gc     ] Using Shenandoah
[0.039s][info][gc,heap,coops] Heap address: 0x00000000ff000000, size: 16 MB, Compressed Oops mode: 32-bit
[0.088s][info][gc,init      ] Reference processing: parallel discovery, parallel processing
[0.324s][info][gc           ] Trigger: Learning 1 of 5. Free (11264K) is below initial threshold (11468K)
[0.324s][info][gc,ergo      ] Free: 11264K, Max: 256K regular, 11264K humongous, Frag: 0% external, 0% internal; Reserve: 1024K, Max: 256K
[0.324s][info][gc,start     ] GC(0) Concurrent reset
[0.325s][info][gc,task      ] GC(0) Using 7 of 24 workers for concurrent reset
[0.325s][info][gc,ergo      ] GC(0) Pacer for Reset. Non-Taxable: 16384K
[0.325s][info][gc           ] GC(0) Concurrent reset 1.344ms
[0.325s][info][gc,start     ] GC(0) Pause Init Mark (process weakrefs)
[0.326s][info][gc,task      ] GC(0) Using 13 of 24 workers for init marking
[0.328s][info][gc,ergo      ] GC(0) Pacer for Mark. Expected Live: 1638K, Free: 11264K, Non-Taxable: 1126K, Alloc Tax Rate: 0.2x
[0.328s][info][gc           ] GC(0) Pause Init Mark (process weakrefs) 3.184ms
[0.329s][info][gc,start     ] GC(0) Concurrent marking (process weakrefs)
[0.329s][info][gc,task      ] GC(0) Using 7 of 24 workers for concurrent marking
[0.332s][info][gc           ] GC(0) Concurrent marking (process weakrefs) 3.092ms
[0.332s][info][gc,start     ] GC(0) Concurrent precleaning
[0.332s][info][gc,task      ] GC(0) Using 1 of 24 workers for concurrent preclean
[0.332s][info][gc,ergo      ] GC(0) Pacer for Precleaning. Non-Taxable: 16384K
[0.332s][info][gc           ] GC(0) Concurrent precleaning 0.468ms
[0.332s][info][gc,start     ] GC(0) Pause Final Mark (process weakrefs)
[0.332s][info][gc,task      ] GC(0) Using 13 of 24 workers for final marking
[0.333s][info][gc,ergo      ] GC(0) Adaptive CSet Selection. Target Free: 2321K, Actual Free: 12032K, Max CSet: 682K, Min Garbage: 0B
[0.333s][info][gc,ergo      ] GC(0) Collectable Garbage: 3285K (99%), Immediate: 0B (0%), CSet: 3285K (99%)
[0.334s][info][gc,ergo      ] GC(0) Pacer for Evacuation. Used CSet: 3840K, Free: 11008K, Non-Taxable: 1100K, Alloc Tax Rate: 1.1x
[0.334s][info][gc           ] GC(0) Pause Final Mark (process weakrefs) 2.188ms
[0.335s][info][gc,start     ] GC(0) Concurrent cleanup
[0.335s][info][gc           ] GC(0) Concurrent cleanup 4M->4M(5M) 0.028ms
[0.335s][info][gc,ergo      ] GC(0) Free: 10752K, Max: 256K regular, 10752K humongous, Frag: 0% external, 0% internal; Reserve: 887K, Max: 256K
[0.335s][info][gc,start     ] GC(0) Concurrent evacuation
[0.335s][info][gc,task      ] GC(0) Using 7 of 24 workers for concurrent evacuation
[0.337s][info][gc           ] GC(0) Concurrent evacuation 2.074ms
[0.337s][info][gc,start     ] GC(0) Pause Init Update Refs
[0.337s][info][gc,ergo      ] GC(0) Pacer for Update Refs. Used: 5445K, Free: 10752K, Non-Taxable: 1075K, Alloc Tax Rate: 1.1x
[0.337s][info][gc           ] GC(0) Pause Init Update Refs 0.116ms
[0.337s][info][gc,start     ] GC(0) Concurrent update references
[0.337s][info][gc,task      ] GC(0) Using 7 of 24 workers for concurrent reference update
[0.342s][info][gc           ] GC(0) Concurrent update references 5.168ms
[0.343s][info][gc,start     ] GC(0) Pause Final Update Refs
[0.343s][info][gc,task      ] GC(0) Using 13 of 24 workers for final reference update
[0.344s][info][gc           ] GC(0) Pause Final Update Refs 1.253ms
[0.344s][info][gc,start     ] GC(0) Concurrent cleanup
[0.345s][info][gc           ] GC(0) Concurrent cleanup 5M->1M(5M) 0.599ms
[0.345s][info][gc           ] GC(0) Dat log --- cycle is complete
Current gc epoch: 0
heap: ______
capacity: 5767168
used: 1643520
committed: 5767168
bytes_allocated_since_gc_start: 524288
hot_size: 33214
cold_size: 37741
num_regions: 64
hot_region_count: 2
cold_region_count: 2
histogram: Placeholder

[0.345s][info][gc           ] GC(0) Obj count ac histogram
[0.345s][info][gc           ] GC(0) 	0: 4885
[0.345s][info][gc           ] GC(0) 	1: 0
[0.345s][info][gc           ] GC(0) 	2: 0
[0.345s][info][gc           ] GC(0) 	3: 0
[0.345s][info][gc           ] GC(0) 	4: 0
[0.345s][info][gc           ] GC(0) 	5: 0
[0.345s][info][gc           ] GC(0) 	6: 0
[0.345s][info][gc           ] GC(0) 	7: 0
[0.345s][info][gc           ] GC(0) 	8: 0
[0.345s][info][gc           ] GC(0) 	9: 0
[0.345s][info][gc           ] GC(0) 	10: 0
[0.345s][info][gc           ] GC(0) 	11: 0
[0.345s][info][gc           ] GC(0) 	12: 0
[0.345s][info][gc           ] GC(0) 	13: 0
[0.345s][info][gc           ] GC(0) 	14: 3254
[0.345s][info][gc           ] GC(0) 	15: 6
[0.345s][info][gc           ] GC(0) 	16: 0
[0.345s][info][gc           ] GC(0) 	17: 0
[0.345s][info][gc           ] GC(0) 	18: 0
[0.345s][info][gc           ] GC(0) 	19: 0
[0.345s][info][gc           ] GC(0) Obj size ac histogram
[0.345s][info][gc           ] GC(0) 	0: 29729
[0.345s][info][gc           ] GC(0) 	1: 0
[0.345s][info][gc           ] GC(0) 	2: 0
[0.345s][info][gc           ] GC(0) 	3: 0
[0.345s][info][gc           ] GC(0) 	4: 0
[0.345s][info][gc           ] GC(0) 	5: 0
[0.345s][info][gc           ] GC(0) 	6: 0
[0.345s][info][gc           ] GC(0) 	7: 0
[0.345s][info][gc           ] GC(0) 	8: 0
[0.345s][info][gc           ] GC(0) 	9: 0
[0.345s][info][gc           ] GC(0) 	10: 0
[0.345s][info][gc           ] GC(0) 	11: 0
[0.345s][info][gc           ] GC(0) 	12: 0
[0.345s][info][gc           ] GC(0) 	13: 0
[0.345s][info][gc           ] GC(0) 	14: 29689
[0.345s][info][gc           ] GC(0) 	15: 42
[0.345s][info][gc           ] GC(0) 	16: 0
[0.345s][info][gc           ] GC(0) 	17: 0
[0.345s][info][gc           ] GC(0) 	18: 0
[0.345s][info][gc           ] GC(0) 	19: 0
[0.345s][info][gc,ergo      ] Free: 13755K, Max: 256K regular, 9728K humongous, Frag: 29% external, 2% internal; Reserve: 1024K, Max: 256K
[0.345s][info][gc,stats     ] 
[0.345s][info][gc,stats     ] All times are wall-clock times, except per-root-class counters, that are sum over
[0.345s][info][gc,stats     ] all workers. Dividing the <total> over the root stage time estimates parallelism.
[0.345s][info][gc,stats     ] 
[0.345s][info][gc,stats     ] Concurrent Reset                   1324 us
[0.345s][info][gc,stats     ] Pause Init Mark (G)                3568 us
[0.345s][info][gc,stats     ] Pause Init Mark (N)                3134 us
[0.345s][info][gc,stats     ]   Accumulate Stats                    5 us
[0.345s][info][gc,stats     ]   Make Parsable                      77 us
[0.345s][info][gc,stats     ]   Update Region States                2 us
[0.345s][info][gc,stats     ]   Scan Roots                       1892 us, parallelism: 2.07x
[0.345s][info][gc,stats     ]     S: <total>                     3909 us
[0.345s][info][gc,stats     ]     S: Thread Roots                2620 us, workers (us): 1767,   2,   2,   2,   1,   2,   1,   1, 195, 282,  19,  22, 325, ---, ---, ---, ---, ---, ---, ---, ---, ---, ---, ---, 
[0.345s][info][gc,stats     ]     S: Universe Roots                66 us, workers (us):  66, ---, ---, ---, ---, ---, ---, ---, ---, ---, ---, ---, ---, ---, ---, ---, ---, ---, ---, ---, ---, ---, ---, ---, 
[0.345s][info][gc,stats     ]     S: JNI Handles Roots             18 us, workers (us): ---,  18, ---, ---, ---, ---, ---, ---, ---, ---, ---, ---, ---, ---, ---, ---, ---, ---, ---, ---, ---, ---, ---, ---, 
[0.345s][info][gc,stats     ]     S: Synchronizer Roots             1 us, workers (us): ---,   1, ---, ---, ---, ---, ---, ---, ---, ---, ---, ---, ---, ---, ---, ---, ---, ---, ---, ---, ---, ---, ---, ---, 
[0.345s][info][gc,stats     ]     S: Management Roots               6 us, workers (us): ---,   6, ---, ---, ---, ---, ---, ---, ---, ---, ---, ---, ---, ---, ---, ---, ---, ---, ---, ---, ---, ---, ---, ---, 
[0.345s][info][gc,stats     ]     S: System Dict Roots            124 us, workers (us): ---, ---, 124, ---, ---, ---, ---, ---, ---, ---, ---, ---, ---, ---, ---, ---, ---, ---, ---, ---, ---, ---, ---, ---, 
[0.345s][info][gc,stats     ]     S: CLDG Roots                  1073 us, workers (us): ---, 104, ---, 539, 120, 108, 108,  93, ---, ---, ---, ---, ---, ---, ---, ---, ---, ---, ---, ---, ---, ---, ---, ---, 
[0.345s][info][gc,stats     ]     S: JVMTI Roots                    1 us, workers (us): ---, ---, ---,   1, ---, ---, ---, ---, ---, ---, ---, ---, ---, ---, ---, ---, ---, ---, ---, ---, ---, ---, ---, ---, 
[0.345s][info][gc,stats     ]   Resize TLABs                        6 us
[0.345s][info][gc,stats     ] Concurrent Marking                 3042 us
[0.345s][info][gc,stats     ] Concurrent Precleaning              452 us
[0.345s][info][gc,stats     ] Pause Final Mark (G)               2355 us
[0.345s][info][gc,stats     ] Pause Final Mark (N)               2163 us
[0.345s][info][gc,stats     ]   Finish Queues                     280 us
[0.345s][info][gc,stats     ]   Weak References                   454 us
[0.345s][info][gc,stats     ]     Process                         439 us
[0.345s][info][gc,stats     ]   System Purge                       89 us
[0.345s][info][gc,stats     ]     Weak Roots                       88 us
[0.345s][info][gc,stats     ]   Update Region States                3 us
[0.345s][info][gc,stats     ]   Retire TLABs                       35 us
[0.345s][info][gc,stats     ]   Choose Collection Set              60 us
[0.345s][info][gc,stats     ]   Rebuild Free Set                    5 us
[0.345s][info][gc,stats     ]   Initial Evacuation               1215 us, parallelism: 2.07x
[0.345s][info][gc,stats     ]     E: <total>                     2515 us
[0.345s][info][gc,stats     ]     E: Thread Roots                1065 us, workers (us):  26,   0,   1,   1,   1,   1,   1,   1,   1,  20,   1,   1, 1010, ---, ---, ---, ---, ---, ---, ---, ---, ---, ---, ---, 
[0.346s][info][gc,stats     ]     E: Code Cache Roots               6 us, workers (us):   1,   0,   1,   1,   0,   1,   0,   0,   0,   0,   0,   1,   1, ---, ---, ---, ---, ---, ---, ---, ---, ---, ---, ---, 
[0.346s][info][gc,stats     ]     E: Universe Roots                75 us, workers (us):  75, ---, ---, ---, ---, ---, ---, ---, ---, ---, ---, ---, ---, ---, ---, ---, ---, ---, ---, ---, ---, ---, ---, ---, 
[0.346s][info][gc,stats     ]     E: JNI Handles Roots              1 us, workers (us): ---,   1, ---, ---, ---, ---, ---, ---, ---, ---, ---, ---, ---, ---, ---, ---, ---, ---, ---, ---, ---, ---, ---, ---, 
[0.346s][info][gc,stats     ]     E: Synchronizer Roots             1 us, workers (us): ---,   1, ---, ---, ---, ---, ---, ---, ---, ---, ---, ---, ---, ---, ---, ---, ---, ---, ---, ---, ---, ---, ---, ---, 
[0.346s][info][gc,stats     ]     E: Management Roots               2 us, workers (us): ---,   2, ---, ---, ---, ---, ---, ---, ---, ---, ---, ---, ---, ---, ---, ---, ---, ---, ---, ---, ---, ---, ---, ---, 
[0.346s][info][gc,stats     ]     E: System Dict Roots            161 us, workers (us): ---, ---, 161, ---, ---, ---, ---, ---, ---, ---, ---, ---, ---, ---, ---, ---, ---, ---, ---, ---, ---, ---, ---, ---, 
[0.346s][info][gc,stats     ]     E: CLDG Roots                  1202 us, workers (us):  59, ---, ---, ---, ---, ---, ---, ---, ---, ---, 822, 229,  92, ---, ---, ---, ---, ---, ---, ---, ---, ---, ---, ---, 
[0.346s][info][gc,stats     ]     E: JVMTI Roots                    1 us, workers (us): ---,   1, ---, ---, ---, ---, ---, ---, ---, ---, ---, ---, ---, ---, ---, ---, ---, ---, ---, ---, ---, ---, ---, ---, 
[0.346s][info][gc,stats     ] Concurrent Cleanup                    6 us
[0.346s][info][gc,stats     ] Concurrent Evacuation              2059 us
[0.346s][info][gc,stats     ] Pause Init  Update Refs (G)         374 us
[0.346s][info][gc,stats     ] Pause Init  Update Refs (N)          75 us
[0.346s][info][gc,stats     ]   Retire GCLABs                      53 us
[0.346s][info][gc,stats     ] Concurrent Update Refs             5145 us
[0.346s][info][gc,stats     ] Pause Final Update Refs (G)        1652 us
[0.346s][info][gc,stats     ] Pause Final Update Refs (N)        1210 us
[0.346s][info][gc,stats     ]   Update Roots                     1179 us, parallelism: 1.03x
[0.346s][info][gc,stats     ]     UR: <total>                    1219 us
[0.346s][info][gc,stats     ]     UR: Thread Roots               1219 us, workers (us): 1145,  33,  28,   6,   2,   1,   1,   0,   0,   0,   0,   0,   0, ---, ---, ---, ---, ---, ---, ---, ---, ---, ---, ---, 
[0.346s][info][gc,stats     ]   Update Region States                3 us
[0.346s][info][gc,stats     ]   Trash Collection Set                4 us
[0.346s][info][gc,stats     ]   Rebuild Free Set                    5 us
[0.346s][info][gc,stats     ] Concurrent Cleanup                  551 us
[0.346s][info][gc,stats     ] Pacing                            11186 us
[0.346s][info][gc,stats     ] 
[0.346s][info][gc,stats     ] Allocation pacing accrued:
[0.346s][info][gc,stats     ]      11 of   308 ms (  3.6%): Finalizer
[0.346s][info][gc,stats     ]      11 of   308 ms (  3.6%): <total>
[0.346s][info][gc,stats     ]       2 of   308 ms (  0.6%): <average total>
[0.346s][info][gc,stats     ]      11 of   308 ms (  3.6%): <average non-zero>
[0.346s][info][gc,stats     ] 
[0.346s][info][gc,metaspace ] Metaspace: 5271K->5315K(1056768K)
[0.346s][info][gc,ergo      ] Pacer for Idle. Initial: 327K, Alloc Tax Rate: 1.0x
[0.429s][info][gc           ] Trigger: Learning 2 of 5. Free (11451K) is below initial threshold (11468K)
[0.429s][info][gc,ergo      ] Free: 11451K, Max: 256K regular, 9728K humongous, Frag: 14% external, 2% internal; Reserve: 1024K, Max: 256K
[0.429s][info][gc,start     ] GC(1) Concurrent reset
[0.429s][info][gc,task      ] GC(1) Using 4 of 24 workers for concurrent reset
[0.429s][info][gc,ergo      ] GC(1) Pacer for Reset. Non-Taxable: 16384K
[0.429s][info][gc           ] GC(1) Concurrent reset 0.170ms
[0.429s][info][gc,start     ] GC(1) Pause Init Mark
[0.429s][info][gc,task      ] GC(1) Using 7 of 24 workers for init marking
[0.431s][info][gc,ergo      ] GC(1) Pacer for Mark. Expected Live: 788K, Free: 11451K, Non-Taxable: 1145K, Alloc Tax Rate: 0.1x
[0.431s][info][gc           ] GC(1) Pause Init Mark 1.573ms
[0.431s][info][gc,start     ] GC(1) Concurrent marking
[0.431s][info][gc,task      ] GC(1) Using 4 of 24 workers for concurrent marking
[0.436s][info][gc           ] GC(1) Concurrent marking 5.138ms
[0.436s][info][gc,start     ] GC(1) Pause Final Mark
[0.436s][info][gc,task      ] GC(1) Using 7 of 24 workers for final marking
[0.437s][info][gc,ergo      ] GC(1) Adaptive CSet Selection. Target Free: 2321K, Actual Free: 12032K, Max CSet: 682K, Min Garbage: 0B
[0.437s][info][gc,ergo      ] GC(1) Collectable Garbage: 2627K (96%), Immediate: 0B (0%), CSet: 2627K (96%)
[0.438s][info][gc,ergo      ] GC(1) Pacer for Evacuation. Used CSet: 3141K, Free: 11034K, Non-Taxable: 1103K, Alloc Tax Rate: 1.1x
[0.438s][info][gc           ] GC(1) Pause Final Mark 1.959ms
[0.438s][info][gc,start     ] GC(1) Concurrent cleanup
[0.438s][info][gc           ] GC(1) Concurrent cleanup 4M->4M(6M) 0.052ms
[0.438s][info][gc,ergo      ] GC(1) Free: 11008K, Max: 256K regular, 9728K humongous, Frag: 12% external, 0% internal; Reserve: 989K, Max: 256K
[0.438s][info][gc,start     ] GC(1) Concurrent evacuation
[0.438s][info][gc,task      ] GC(1) Using 4 of 24 workers for concurrent evacuation
[0.441s][info][gc           ] GC(1) Concurrent evacuation 2.915ms
[0.442s][info][gc,start     ] GC(1) Pause Init Update Refs
[0.442s][info][gc,ergo      ] GC(1) Pacer for Update Refs. Used: 5166K, Free: 10778K, Non-Taxable: 1077K, Alloc Tax Rate: 1.1x
[0.442s][info][gc           ] GC(1) Pause Init Update Refs 0.112ms
[0.442s][info][gc,start     ] GC(1) Concurrent update references
[0.442s][info][gc,task      ] GC(1) Using 4 of 24 workers for concurrent reference update
[0.449s][info][gc           ] GC(1) Concurrent update references 7.532ms
[0.450s][info][gc,start     ] GC(1) Pause Final Update Refs
[0.450s][info][gc,task      ] GC(1) Using 7 of 24 workers for final reference update
[0.451s][info][gc           ] GC(1) Pause Final Update Refs 0.893ms
[0.451s][info][gc,start     ] GC(1) Concurrent cleanup
[0.451s][info][gc           ] GC(1) Concurrent cleanup 5M->2M(6M) 0.685ms
[0.451s][info][gc           ] GC(1) Dat log --- cycle is complete
Current gc epoch: 1
heap: ______
capacity: 6815744
used: 2101184
committed: 6815744
bytes_allocated_since_gc_start: 524288
hot_size: 24707
cold_size: 41084
num_regions: 64
hot_region_count: 2
cold_region_count: 4
histogram: Placeholder

[0.451s][info][gc           ] GC(1) Obj count ac histogram
[0.451s][info][gc           ] GC(1) 	0: 5682
[0.451s][info][gc           ] GC(1) 	1: 0
[0.451s][info][gc           ] GC(1) 	2: 0
[0.451s][info][gc           ] GC(1) 	3: 0
[0.451s][info][gc           ] GC(1) 	4: 0
[0.451s][info][gc           ] GC(1) 	5: 0
[0.451s][info][gc           ] GC(1) 	6: 0
[0.451s][info][gc           ] GC(1) 	7: 0
[0.451s][info][gc           ] GC(1) 	8: 0
[0.451s][info][gc           ] GC(1) 	9: 0
[0.452s][info][gc           ] GC(1) 	10: 0
[0.452s][info][gc           ] GC(1) 	11: 0
[0.452s][info][gc           ] GC(1) 	12: 0
[0.452s][info][gc           ] GC(1) 	13: 1126
[0.452s][info][gc           ] GC(1) 	14: 1590
[0.452s][info][gc           ] GC(1) 	15: 0
[0.452s][info][gc           ] GC(1) 	16: 0
[0.452s][info][gc           ] GC(1) 	17: 0
[0.452s][info][gc           ] GC(1) 	18: 0
[0.452s][info][gc           ] GC(1) 	19: 0
[0.452s][info][gc           ] GC(1) Obj size ac histogram
[0.452s][info][gc           ] GC(1) 	0: 36066
[0.452s][info][gc           ] GC(1) 	1: 0
[0.452s][info][gc           ] GC(1) 	2: 0
[0.452s][info][gc           ] GC(1) 	3: 0
[0.452s][info][gc           ] GC(1) 	4: 0
[0.452s][info][gc           ] GC(1) 	5: 0
[0.452s][info][gc           ] GC(1) 	6: 0
[0.452s][info][gc           ] GC(1) 	7: 0
[0.452s][info][gc           ] GC(1) 	8: 0
[0.452s][info][gc           ] GC(1) 	9: 0
[0.452s][info][gc           ] GC(1) 	10: 0
[0.452s][info][gc           ] GC(1) 	11: 0
[0.452s][info][gc           ] GC(1) 	12: 0
[0.452s][info][gc           ] GC(1) 	13: 9307
[0.452s][info][gc           ] GC(1) 	14: 14567
[0.452s][info][gc           ] GC(1) 	15: 0
[0.452s][info][gc           ] GC(1) 	16: 0
[0.452s][info][gc           ] GC(1) 	17: 0
[0.452s][info][gc           ] GC(1) 	18: 0
[0.452s][info][gc           ] GC(1) 	19: 0
[0.452s][info][gc,ergo      ] Free: 13308K, Max: 256K regular, 10752K humongous, Frag: 18% external, 3% internal; Reserve: 1024K, Max: 256K
[0.452s][info][gc,stats     ] 
[0.452s][info][gc,stats     ] All times are wall-clock times, except per-root-class counters, that are sum over
[0.452s][info][gc,stats     ] all workers. Dividing the <total> over the root stage time estimates parallelism.
[0.452s][info][gc,stats     ] 
[0.452s][info][gc,stats     ] Concurrent Reset                    153 us
[0.452s][info][gc,stats     ] Pause Init Mark (G)                1950 us
[0.452s][info][gc,stats     ] Pause Init Mark (N)                1529 us
[0.452s][info][gc,stats     ]   Accumulate Stats                    4 us
[0.452s][info][gc,stats     ]   Make Parsable                      37 us
[0.452s][info][gc,stats     ]   Update Region States                2 us
[0.452s][info][gc,stats     ]   Scan Roots                       1392 us, parallelism: 1.49x
[0.452s][info][gc,stats     ]     S: <total>                     2069 us
[0.452s][info][gc,stats     ]     S: Thread Roots                1303 us, workers (us):   1,  23,   2,   1, 1212,  27,  37, ---, ---, ---, ---, ---, ---, ---, ---, ---, ---, ---, ---, ---, ---, ---, ---, ---, 
[0.452s][info][gc,stats     ]     S: Universe Roots                18 us, workers (us):  18, ---, ---, ---, ---, ---, ---, ---, ---, ---, ---, ---, ---, ---, ---, ---, ---, ---, ---, ---, ---, ---, ---, ---, 
[0.452s][info][gc,stats     ]     S: JNI Handles Roots              3 us, workers (us):   3, ---, ---, ---, ---, ---, ---, ---, ---, ---, ---, ---, ---, ---, ---, ---, ---, ---, ---, ---, ---, ---, ---, ---, 
[0.452s][info][gc,stats     ]     S: Synchronizer Roots             1 us, workers (us): ---,   1, ---, ---, ---, ---, ---, ---, ---, ---, ---, ---, ---, ---, ---, ---, ---, ---, ---, ---, ---, ---, ---, ---, 
[0.452s][info][gc,stats     ]     S: Management Roots               2 us, workers (us): ---,   2, ---, ---, ---, ---, ---, ---, ---, ---, ---, ---, ---, ---, ---, ---, ---, ---, ---, ---, ---, ---, ---, ---, 
[0.452s][info][gc,stats     ]     S: System Dict Roots             61 us, workers (us): ---,  61, ---, ---, ---, ---, ---, ---, ---, ---, ---, ---, ---, ---, ---, ---, ---, ---, ---, ---, ---, ---, ---, ---, 
[0.452s][info][gc,stats     ]     S: CLDG Roots                   680 us, workers (us):  88, ---,  70, 522, ---, ---, ---, ---, ---, ---, ---, ---, ---, ---, ---, ---, ---, ---, ---, ---, ---, ---, ---, ---, 
[0.452s][info][gc,stats     ]     S: JVMTI Roots                    1 us, workers (us):   1, ---, ---, ---, ---, ---, ---, ---, ---, ---, ---, ---, ---, ---, ---, ---, ---, ---, ---, ---, ---, ---, ---, ---, 
[0.452s][info][gc,stats     ]   Resize TLABs                        6 us
[0.452s][info][gc,stats     ] Concurrent Marking                 5087 us
[0.452s][info][gc,stats     ] Pause Final Mark (G)               2201 us
[0.452s][info][gc,stats     ] Pause Final Mark (N)               1916 us
[0.452s][info][gc,stats     ]   Finish Queues                     221 us
[0.452s][info][gc,stats     ]   System Purge                       94 us
[0.452s][info][gc,stats     ]     Weak Roots                       93 us
[0.452s][info][gc,stats     ]   Update Region States                4 us
[0.452s][info][gc,stats     ]   Retire TLABs                       21 us
[0.452s][info][gc,stats     ]   Choose Collection Set              56 us
[0.452s][info][gc,stats     ]   Rebuild Free Set                    6 us
[0.452s][info][gc,stats     ]   Initial Evacuation               1492 us, parallelism: 1.12x
[0.452s][info][gc,stats     ]     E: <total>                     1667 us
[0.452s][info][gc,stats     ]     E: Thread Roots                1330 us, workers (us):   1,  23,   1, 1272,   1,  29,   4, ---, ---, ---, ---, ---, ---, ---, ---, ---, ---, ---, ---, ---, ---, ---, ---, ---, 
[0.452s][info][gc,stats     ]     E: Code Cache Roots               3 us, workers (us):   0,   0,   0,   0,   1,   0,   0, ---, ---, ---, ---, ---, ---, ---, ---, ---, ---, ---, ---, ---, ---, ---, ---, ---, 
[0.452s][info][gc,stats     ]     E: Universe Roots                 7 us, workers (us):   7, ---, ---, ---, ---, ---, ---, ---, ---, ---, ---, ---, ---, ---, ---, ---, ---, ---, ---, ---, ---, ---, ---, ---, 
[0.452s][info][gc,stats     ]     E: JNI Handles Roots              2 us, workers (us): ---,   2, ---, ---, ---, ---, ---, ---, ---, ---, ---, ---, ---, ---, ---, ---, ---, ---, ---, ---, ---, ---, ---, ---, 
[0.452s][info][gc,stats     ]     E: Synchronizer Roots             0 us, workers (us): ---,   0, ---, ---, ---, ---, ---, ---, ---, ---, ---, ---, ---, ---, ---, ---, ---, ---, ---, ---, ---, ---, ---, ---, 
[0.452s][info][gc,stats     ]     E: Management Roots               2 us, workers (us): ---,   2, ---, ---, ---, ---, ---, ---, ---, ---, ---, ---, ---, ---, ---, ---, ---, ---, ---, ---, ---, ---, ---, ---, 
[0.452s][info][gc,stats     ]     E: System Dict Roots             50 us, workers (us): ---, ---,  50, ---, ---, ---, ---, ---, ---, ---, ---, ---, ---, ---, ---, ---, ---, ---, ---, ---, ---, ---, ---, ---, 
[0.452s][info][gc,stats     ]     E: CLDG Roots                   272 us, workers (us): ---,  28, 177, ---, ---, ---,  68, ---, ---, ---, ---, ---, ---, ---, ---, ---, ---, ---, ---, ---, ---, ---, ---, ---, 
[0.452s][info][gc,stats     ]     E: JVMTI Roots                    1 us, workers (us):   1, ---, ---, ---, ---, ---, ---, ---, ---, ---, ---, ---, ---, ---, ---, ---, ---, ---, ---, ---, ---, ---, ---, ---, 
[0.452s][info][gc,stats     ] Concurrent Cleanup                    6 us
[0.452s][info][gc,stats     ] Concurrent Evacuation              2896 us
[0.452s][info][gc,stats     ] Pause Init  Update Refs (G)         481 us
[0.452s][info][gc,stats     ] Pause Init  Update Refs (N)          68 us
[0.452s][info][gc,stats     ]   Retire GCLABs                      46 us
[0.453s][info][gc,stats     ] Concurrent Update Refs             7503 us
[0.453s][info][gc,stats     ] Pause Final Update Refs (G)        1257 us
[0.453s][info][gc,stats     ] Pause Final Update Refs (N)         848 us
[0.453s][info][gc,stats     ]   Update Roots                      814 us, parallelism: 1.01x
[0.453s][info][gc,stats     ]     UR: <total>                     822 us
[0.453s][info][gc,stats     ]     UR: Thread Roots                822 us, workers (us): 771,  44,   6,   0,   0,   0,   0, ---, ---, ---, ---, ---, ---, ---, ---, ---, ---, ---, ---, ---, ---, ---, ---, ---, 
[0.453s][info][gc,stats     ]   Update Region States                3 us
[0.453s][info][gc,stats     ]   Trash Collection Set                4 us
[0.453s][info][gc,stats     ]   Rebuild Free Set                    6 us
[0.453s][info][gc,stats     ] Concurrent Cleanup                  655 us
[0.453s][info][gc,stats     ] 
[0.453s][info][gc,stats     ] Allocation pacing accrued:
[0.453s][info][gc,stats     ]       0 of   107 ms (  0.0%): <total>
[0.453s][info][gc,stats     ]       0 of   107 ms (  0.0%): <average total>
[0.453s][info][gc,stats     ] 
[0.453s][info][gc,metaspace ] Metaspace: 5481K->5481K(1056768K)
[0.453s][info][gc,ergo      ] Pacer for Idle. Initial: 327K, Alloc Tax Rate: 1.0x
[0.539s][info][gc           ] Trigger: Learning 3 of 5. Free (11286K) is below initial threshold (11468K)
[0.539s][info][gc,ergo      ] Free: 11286K, Max: 256K regular, 10752K humongous, Frag: 3% external, 6% internal; Reserve: 1024K, Max: 256K
[0.539s][info][gc,start     ] GC(2) Concurrent reset
[0.539s][info][gc,task      ] GC(2) Using 3 of 24 workers for concurrent reset
[0.539s][info][gc,ergo      ] GC(2) Pacer for Reset. Non-Taxable: 16384K
[0.539s][info][gc           ] GC(2) Concurrent reset 0.141ms
[0.539s][info][gc,start     ] GC(2) Pause Init Mark
[0.539s][info][gc,task      ] GC(2) Using 4 of 24 workers for init marking
[0.540s][info][gc,ergo      ] GC(2) Pacer for Mark. Expected Live: 988K, Free: 11286K, Non-Taxable: 1128K, Alloc Tax Rate: 0.1x
[0.540s][info][gc           ] GC(2) Pause Init Mark 0.732ms
[0.540s][info][gc,start     ] GC(2) Concurrent marking
[0.540s][info][gc,task      ] GC(2) Using 3 of 24 workers for concurrent marking
[0.550s][info][gc           ] GC(2) Concurrent marking 10.072ms
[0.550s][info][gc,start     ] GC(2) Pause Final Mark
[0.550s][info][gc,task      ] GC(2) Using 4 of 24 workers for final marking
[0.551s][info][gc,ergo      ] GC(2) Adaptive CSet Selection. Target Free: 2321K, Actual Free: 11776K, Max CSet: 682K, Min Garbage: 0B
[0.551s][info][gc,ergo      ] GC(2) Collectable Garbage: 2831K (96%), Immediate: 0B (0%), CSet: 2831K (96%)
[0.552s][info][gc,ergo      ] GC(2) Pacer for Evacuation. Used CSet: 3331K, Free: 10786K, Non-Taxable: 1078K, Alloc Tax Rate: 1.1x
[0.552s][info][gc           ] GC(2) Pause Final Mark 1.182ms
[0.552s][info][gc,start     ] GC(2) Concurrent cleanup
[0.552s][info][gc           ] GC(2) Concurrent cleanup 4M->4M(6M) 0.032ms
[0.552s][info][gc,ergo      ] GC(2) Free: 10752K, Max: 256K regular, 10752K humongous, Frag: 0% external, 0% internal; Reserve: 979K, Max: 256K
[0.552s][info][gc,start     ] GC(2) Concurrent evacuation
[0.552s][info][gc,task      ] GC(2) Using 3 of 24 workers for concurrent evacuation
[0.555s][info][gc           ] GC(2) Concurrent evacuation 3.546ms
[0.555s][info][gc,start     ] GC(2) Pause Init Update Refs
[0.556s][info][gc,ergo      ] GC(2) Pacer for Update Refs. Used: 5219K, Free: 10530K, Non-Taxable: 1053K, Alloc Tax Rate: 1.1x
[0.556s][info][gc           ] GC(2) Pause Init Update Refs 0.094ms
[0.556s][info][gc,start     ] GC(2) Concurrent update references
[0.556s][info][gc,task      ] GC(2) Using 3 of 24 workers for concurrent reference update
[0.563s][info][gc           ] GC(2) Concurrent update references 6.888ms
[0.563s][info][gc,start     ] GC(2) Pause Final Update Refs
[0.563s][info][gc,task      ] GC(2) Using 4 of 24 workers for final reference update
[0.565s][info][gc           ] GC(2) Pause Final Update Refs 1.649ms
[0.565s][info][gc,start     ] GC(2) Concurrent cleanup
[0.565s][info][gc           ] GC(2) Concurrent cleanup 5M->1M(6M) 0.813ms
[0.565s][info][gc           ] GC(2) Dat log --- cycle is complete
Current gc epoch: 2
heap: ______
capacity: 7077888
used: 1933144
committed: 7077888
bytes_allocated_since_gc_start: 516664
hot_size: 27723
cold_size: 36319
num_regions: 64
hot_region_count: 18446744073709551615
cold_region_count: 6
histogram: Placeholder

[0.565s][info][gc           ] GC(2) Obj count ac histogram
[0.565s][info][gc           ] GC(2) 	0: 5181
[0.565s][info][gc           ] GC(2) 	1: 0
[0.566s][info][gc           ] GC(2) 	2: 0
[0.566s][info][gc           ] GC(2) 	3: 0
[0.566s][info][gc           ] GC(2) 	4: 0
[0.566s][info][gc           ] GC(2) 	5: 0
[0.566s][info][gc           ] GC(2) 	6: 0
[0.566s][info][gc           ] GC(2) 	7: 0
[0.566s][info][gc           ] GC(2) 	8: 0
[0.566s][info][gc           ] GC(2) 	9: 0
[0.566s][info][gc           ] GC(2) 	10: 0
[0.566s][info][gc           ] GC(2) 	11: 0
[0.566s][info][gc           ] GC(2) 	12: 0
[0.566s][info][gc           ] GC(2) 	13: 2324
[0.566s][info][gc           ] GC(2) 	14: 1417
[0.566s][info][gc           ] GC(2) 	15: 0
[0.566s][info][gc           ] GC(2) 	16: 0
[0.566s][info][gc           ] GC(2) 	17: 0
[0.566s][info][gc           ] GC(2) 	18: 0
[0.566s][info][gc           ] GC(2) 	19: 0
[0.566s][info][gc           ] GC(2) Obj size ac histogram
[0.566s][info][gc           ] GC(2) 	0: 34169
[0.566s][info][gc           ] GC(2) 	1: 0
[0.566s][info][gc           ] GC(2) 	2: 0
[0.566s][info][gc           ] GC(2) 	3: 0
[0.566s][info][gc           ] GC(2) 	4: 0
[0.566s][info][gc           ] GC(2) 	5: 0
[0.566s][info][gc           ] GC(2) 	6: 0
[0.566s][info][gc           ] GC(2) 	7: 0
[0.566s][info][gc           ] GC(2) 	8: 0
[0.566s][info][gc           ] GC(2) 	9: 0
[0.566s][info][gc           ] GC(2) 	10: 0
[0.566s][info][gc           ] GC(2) 	11: 0
[0.566s][info][gc           ] GC(2) 	12: 0
[0.566s][info][gc           ] GC(2) 	13: 17779
[0.566s][info][gc           ] GC(2) 	14: 9403
[0.566s][info][gc           ] GC(2) 	15: 0
[0.566s][info][gc           ] GC(2) 	16: 0
[0.566s][info][gc           ] GC(2) 	17: 0
[0.566s][info][gc           ] GC(2) 	18: 0
[0.566s][info][gc           ] GC(2) 	19: 0
[0.566s][info][gc,ergo      ] Free: 13472K, Max: 256K regular, 10752K humongous, Frag: 20% external, 2% internal; Reserve: 1024K, Max: 256K
[0.566s][info][gc,stats     ] 
[0.566s][info][gc,stats     ] All times are wall-clock times, except per-root-class counters, that are sum over
[0.566s][info][gc,stats     ] all workers. Dividing the <total> over the root stage time estimates parallelism.
[0.566s][info][gc,stats     ] 
[0.566s][info][gc,stats     ] Concurrent Reset                    125 us
[0.566s][info][gc,stats     ] Pause Init Mark (G)                1094 us
[0.566s][info][gc,stats     ] Pause Init Mark (N)                 688 us
[0.566s][info][gc,stats     ]   Accumulate Stats                    5 us
[0.566s][info][gc,stats     ]   Make Parsable                      37 us
[0.566s][info][gc,stats     ]   Update Region States                2 us
[0.566s][info][gc,stats     ]   Scan Roots                        565 us, parallelism: 1.71x
[0.566s][info][gc,stats     ]     S: <total>                      967 us
[0.566s][info][gc,stats     ]     S: Thread Roots                 376 us, workers (us):   1, 301,  25,  49, ---, ---, ---, ---, ---, ---, ---, ---, ---, ---, ---, ---, ---, ---, ---, ---, ---, ---, ---, ---, 
[0.566s][info][gc,stats     ]     S: Universe Roots                19 us, workers (us):  19, ---, ---, ---, ---, ---, ---, ---, ---, ---, ---, ---, ---, ---, ---, ---, ---, ---, ---, ---, ---, ---, ---, ---, 
[0.566s][info][gc,stats     ]     S: JNI Handles Roots              3 us, workers (us):   3, ---, ---, ---, ---, ---, ---, ---, ---, ---, ---, ---, ---, ---, ---, ---, ---, ---, ---, ---, ---, ---, ---, ---, 
[0.566s][info][gc,stats     ]     S: Synchronizer Roots             0 us, workers (us): ---,   0, ---, ---, ---, ---, ---, ---, ---, ---, ---, ---, ---, ---, ---, ---, ---, ---, ---, ---, ---, ---, ---, ---, 
[0.566s][info][gc,stats     ]     S: Management Roots               2 us, workers (us): ---,   2, ---, ---, ---, ---, ---, ---, ---, ---, ---, ---, ---, ---, ---, ---, ---, ---, ---, ---, ---, ---, ---, ---, 
[0.566s][info][gc,stats     ]     S: System Dict Roots             44 us, workers (us): ---,  44, ---, ---, ---, ---, ---, ---, ---, ---, ---, ---, ---, ---, ---, ---, ---, ---, ---, ---, ---, ---, ---, ---, 
[0.566s][info][gc,stats     ]     S: CLDG Roots                   521 us, workers (us): 482, ---,  39, ---, ---, ---, ---, ---, ---, ---, ---, ---, ---, ---, ---, ---, ---, ---, ---, ---, ---, ---, ---, ---, 
[0.566s][info][gc,stats     ]     S: JVMTI Roots                    1 us, workers (us):   1, ---, ---, ---, ---, ---, ---, ---, ---, ---, ---, ---, ---, ---, ---, ---, ---, ---, ---, ---, ---, ---, ---, ---, 
[0.566s][info][gc,stats     ]   Resize TLABs                        5 us
[0.566s][info][gc,stats     ] Concurrent Marking                10047 us
[0.566s][info][gc,stats     ] Pause Final Mark (G)               1612 us
[0.566s][info][gc,stats     ] Pause Final Mark (N)               1140 us
[0.566s][info][gc,stats     ]   Finish Queues                     155 us
[0.566s][info][gc,stats     ]   System Purge                      132 us
[0.566s][info][gc,stats     ]     Weak Roots                      131 us
[0.566s][info][gc,stats     ]   Update Region States                4 us
[0.566s][info][gc,stats     ]   Retire TLABs                       27 us
[0.566s][info][gc,stats     ]   Choose Collection Set              54 us
[0.566s][info][gc,stats     ]   Rebuild Free Set                    6 us
[0.566s][info][gc,stats     ]   Initial Evacuation                739 us, parallelism: 1.24x
[0.566s][info][gc,stats     ]     E: <total>                      913 us
[0.566s][info][gc,stats     ]     E: Thread Roots                 588 us, workers (us):  35, 548,   5,   1, ---, ---, ---, ---, ---, ---, ---, ---, ---, ---, ---, ---, ---, ---, ---, ---, ---, ---, ---, ---, 
[0.566s][info][gc,stats     ]     E: Code Cache Roots               2 us, workers (us):   1,   1,   0,   0, ---, ---, ---, ---, ---, ---, ---, ---, ---, ---, ---, ---, ---, ---, ---, ---, ---, ---, ---, ---, 
[0.566s][info][gc,stats     ]     E: Universe Roots                 6 us, workers (us):   6, ---, ---, ---, ---, ---, ---, ---, ---, ---, ---, ---, ---, ---, ---, ---, ---, ---, ---, ---, ---, ---, ---, ---, 
[0.566s][info][gc,stats     ]     E: JNI Handles Roots              1 us, workers (us): ---,   1, ---, ---, ---, ---, ---, ---, ---, ---, ---, ---, ---, ---, ---, ---, ---, ---, ---, ---, ---, ---, ---, ---, 
[0.566s][info][gc,stats     ]     E: Synchronizer Roots             1 us, workers (us): ---,   1, ---, ---, ---, ---, ---, ---, ---, ---, ---, ---, ---, ---, ---, ---, ---, ---, ---, ---, ---, ---, ---, ---, 
[0.566s][info][gc,stats     ]     E: Management Roots               3 us, workers (us): ---,   3, ---, ---, ---, ---, ---, ---, ---, ---, ---, ---, ---, ---, ---, ---, ---, ---, ---, ---, ---, ---, ---, ---, 
[0.566s][info][gc,stats     ]     E: System Dict Roots             19 us, workers (us):  19, ---, ---, ---, ---, ---, ---, ---, ---, ---, ---, ---, ---, ---, ---, ---, ---, ---, ---, ---, ---, ---, ---, ---, 
[0.567s][info][gc,stats     ]     E: CLDG Roots                   294 us, workers (us): ---, ---,  66, 228, ---, ---, ---, ---, ---, ---, ---, ---, ---, ---, ---, ---, ---, ---, ---, ---, ---, ---, ---, ---, 
[0.567s][info][gc,stats     ]     E: JVMTI Roots                    1 us, workers (us): ---,   1, ---, ---, ---, ---, ---, ---, ---, ---, ---, ---, ---, ---, ---, ---, ---, ---, ---, ---, ---, ---, ---, ---, 
[0.567s][info][gc,stats     ] Concurrent Cleanup                    6 us
[0.567s][info][gc,stats     ] Concurrent Evacuation              3530 us
[0.567s][info][gc,stats     ] Pause Init  Update Refs (G)         405 us
[0.567s][info][gc,stats     ] Pause Init  Update Refs (N)          52 us
[0.567s][info][gc,stats     ]   Retire GCLABs                      31 us
[0.567s][info][gc,stats     ] Concurrent Update Refs             6851 us
[0.567s][info][gc,stats     ] Pause Final Update Refs (G)        2068 us
[0.567s][info][gc,stats     ] Pause Final Update Refs (N)        1603 us
[0.567s][info][gc,stats     ]   Update Roots                     1568 us, parallelism: 1.01x
[0.567s][info][gc,stats     ]     UR: <total>                    1577 us
[0.567s][info][gc,stats     ]     UR: Thread Roots               1577 us, workers (us): 1524,  30,  20,   3, ---, ---, ---, ---, ---, ---, ---, ---, ---, ---, ---, ---, ---, ---, ---, ---, ---, ---, ---, ---, 
[0.567s][info][gc,stats     ]   Update Region States                3 us
[0.567s][info][gc,stats     ]   Trash Collection Set                4 us
[0.567s][info][gc,stats     ]   Rebuild Free Set                    6 us
[0.567s][info][gc,stats     ] Concurrent Cleanup                  766 us
[0.567s][info][gc,stats     ] 
[0.567s][info][gc,stats     ] Allocation pacing accrued:
[0.567s][info][gc,stats     ]       0 of   114 ms (  0.0%): <total>
[0.567s][info][gc,stats     ]       0 of   114 ms (  0.0%): <average total>
[0.567s][info][gc,stats     ] 
[0.567s][info][gc,metaspace ] Metaspace: 5607K->5962K(1056768K)
[0.567s][info][gc,ergo      ] Pacer for Idle. Initial: 327K, Alloc Tax Rate: 1.0x
[0.665s][info][gc           ] Trigger: Learning 4 of 5. Free (11458K) is below initial threshold (11468K)
[0.665s][info][gc,ergo      ] Free: 11458K, Max: 256K regular, 10752K humongous, Frag: 5% external, 4% internal; Reserve: 1024K, Max: 256K
[0.665s][info][gc,start     ] GC(3) Concurrent reset
[0.665s][info][gc,task      ] GC(3) Using 2 of 24 workers for concurrent reset
[0.665s][info][gc,ergo      ] GC(3) Pacer for Reset. Non-Taxable: 16384K
[0.666s][info][gc           ] GC(3) Concurrent reset 0.171ms
[0.666s][info][gc,start     ] GC(3) Pause Init Mark
[0.666s][info][gc,task      ] GC(3) Using 3 of 24 workers for init marking
[0.667s][info][gc,ergo      ] GC(3) Pacer for Mark. Expected Live: 1041K, Free: 11458K, Non-Taxable: 1145K, Alloc Tax Rate: 0.1x
[0.667s][info][gc           ] GC(3) Pause Init Mark 0.939ms
[0.667s][info][gc,start     ] GC(3) Concurrent marking
[0.667s][info][gc,task      ] GC(3) Using 2 of 24 workers for concurrent marking
[0.682s][info][gc           ] GC(3) Concurrent marking 14.440ms
[0.682s][info][gc,start     ] GC(3) Pause Final Mark
[0.682s][info][gc,task      ] GC(3) Using 3 of 24 workers for final marking
[0.682s][info][gc,ergo      ] GC(3) Adaptive CSet Selection. Target Free: 2321K, Actual Free: 12032K, Max CSet: 682K, Min Garbage: 0B
[0.682s][info][gc,ergo      ] GC(3) Collectable Garbage: 2264K (94%), Immediate: 0B (0%), CSet: 2264K (94%)
[0.684s][info][gc,ergo      ] GC(3) Pacer for Evacuation. Used CSet: 2911K, Free: 11008K, Non-Taxable: 1100K, Alloc Tax Rate: 1.1x
[0.684s][info][gc           ] GC(3) Pause Final Mark 1.870ms
[0.684s][info][gc,start     ] GC(3) Concurrent cleanup
[0.684s][info][gc           ] GC(3) Concurrent cleanup 4M->4M(6M) 0.053ms
[0.684s][info][gc,ergo      ] GC(3) Free: 10783K, Max: 256K regular, 10752K humongous, Frag: 0% external, 2% internal; Reserve: 816K, Max: 256K
[0.684s][info][gc,start     ] GC(3) Concurrent evacuation
[0.684s][info][gc,task      ] GC(3) Using 2 of 24 workers for concurrent evacuation
[0.686s][info][gc           ] GC(3) Concurrent evacuation 2.118ms
[0.686s][info][gc,start     ] GC(3) Pause Init Update Refs
[0.686s][info][gc,ergo      ] GC(3) Pacer for Update Refs. Used: 5440K, Free: 10783K, Non-Taxable: 1078K, Alloc Tax Rate: 1.1x
[0.686s][info][gc           ] GC(3) Pause Init Update Refs 0.124ms
[0.686s][info][gc,start     ] GC(3) Concurrent update references
[0.686s][info][gc,task      ] GC(3) Using 2 of 24 workers for concurrent reference update
[0.699s][info][gc           ] GC(3) Concurrent update references 12.392ms
[0.699s][info][gc,start     ] GC(3) Pause Final Update Refs
[0.699s][info][gc,task      ] GC(3) Using 3 of 24 workers for final reference update
[0.701s][info][gc           ] GC(3) Pause Final Update Refs 2.339ms
[0.702s][info][gc,start     ] GC(3) Concurrent cleanup
[0.702s][info][gc           ] GC(3) Concurrent cleanup 5M->2M(6M) 0.367ms
[0.702s][info][gc           ] GC(3) Dat log --- cycle is complete
Current gc epoch: 3
heap: ______
capacity: 7077888
used: 2851904
committed: 7077888
bytes_allocated_since_gc_start: 789736
hot_size: 58238
cold_size: 24652
num_regions: 64
hot_region_count: 0
cold_region_count: 7
histogram: Placeholder

[0.702s][info][gc           ] GC(3) Obj count ac histogram
[0.702s][info][gc           ] GC(3) 	0: 2924
[0.702s][info][gc           ] GC(3) 	1: 0
[0.702s][info][gc           ] GC(3) 	2: 0
[0.702s][info][gc           ] GC(3) 	3: 0
[0.702s][info][gc           ] GC(3) 	4: 0
[0.702s][info][gc           ] GC(3) 	5: 0
[0.702s][info][gc           ] GC(3) 	6: 0
[0.702s][info][gc           ] GC(3) 	7: 0
[0.702s][info][gc           ] GC(3) 	8: 0
[0.702s][info][gc           ] GC(3) 	9: 0
[0.702s][info][gc           ] GC(3) 	10: 0
[0.702s][info][gc           ] GC(3) 	11: 0
[0.702s][info][gc           ] GC(3) 	12: 0
[0.702s][info][gc           ] GC(3) 	13: 3498
[0.702s][info][gc           ] GC(3) 	14: 2797
[0.702s][info][gc           ] GC(3) 	15: 1
[0.702s][info][gc           ] GC(3) 	16: 0
[0.702s][info][gc           ] GC(3) 	17: 0
[0.702s][info][gc           ] GC(3) 	18: 0
[0.702s][info][gc           ] GC(3) 	19: 0
[0.702s][info][gc           ] GC(3) Obj size ac histogram
[0.702s][info][gc           ] GC(3) 	0: 23855
[0.702s][info][gc           ] GC(3) 	1: 0
[0.702s][info][gc           ] GC(3) 	2: 0
[0.702s][info][gc           ] GC(3) 	3: 0
[0.702s][info][gc           ] GC(3) 	4: 0
[0.702s][info][gc           ] GC(3) 	5: 0
[0.702s][info][gc           ] GC(3) 	6: 0
[0.702s][info][gc           ] GC(3) 	7: 0
[0.702s][info][gc           ] GC(3) 	8: 0
[0.702s][info][gc           ] GC(3) 	9: 0
[0.702s][info][gc           ] GC(3) 	10: 0
[0.702s][info][gc           ] GC(3) 	11: 0
[0.702s][info][gc           ] GC(3) 	12: 0
[0.702s][info][gc           ] GC(3) 	13: 31456
[0.702s][info][gc           ] GC(3) 	14: 25509
[0.702s][info][gc           ] GC(3) 	15: 17
[0.702s][info][gc           ] GC(3) 	16: 0
[0.702s][info][gc           ] GC(3) 	17: 0
[0.702s][info][gc           ] GC(3) 	18: 0
[0.702s][info][gc           ] GC(3) 	19: 0
[0.702s][info][gc,ergo      ] Free: 12574K, Max: 256K regular, 9984K humongous, Frag: 21% external, 1% internal; Reserve: 1024K, Max: 256K
[0.702s][info][gc,stats     ] 
[0.702s][info][gc,stats     ] All times are wall-clock times, except per-root-class counters, that are sum over
[0.702s][info][gc,stats     ] all workers. Dividing the <total> over the root stage time estimates parallelism.
[0.702s][info][gc,stats     ] 
[0.702s][info][gc,stats     ] Concurrent Reset                    153 us
[0.702s][info][gc,stats     ] Pause Init Mark (G)                1557 us
[0.702s][info][gc,stats     ] Pause Init Mark (N)                 893 us
[0.702s][info][gc,stats     ]   Accumulate Stats                    5 us
[0.702s][info][gc,stats     ]   Make Parsable                      37 us
[0.702s][info][gc,stats     ]   Update Region States                2 us
[0.702s][info][gc,stats     ]   Scan Roots                        770 us, parallelism: 1.33x
[0.702s][info][gc,stats     ]     S: <total>                     1026 us
[0.702s][info][gc,stats     ]     S: Thread Roots                 291 us, workers (us):   1, 230,  60, ---, ---, ---, ---, ---, ---, ---, ---, ---, ---, ---, ---, ---, ---, ---, ---, ---, ---, ---, ---, ---, 
[0.702s][info][gc,stats     ]     S: Universe Roots                21 us, workers (us):  21, ---, ---, ---, ---, ---, ---, ---, ---, ---, ---, ---, ---, ---, ---, ---, ---, ---, ---, ---, ---, ---, ---, ---, 
[0.702s][info][gc,stats     ]     S: JNI Handles Roots             20 us, workers (us): ---,  20, ---, ---, ---, ---, ---, ---, ---, ---, ---, ---, ---, ---, ---, ---, ---, ---, ---, ---, ---, ---, ---, ---, 
[0.702s][info][gc,stats     ]     S: Synchronizer Roots             0 us, workers (us):   0, ---, ---, ---, ---, ---, ---, ---, ---, ---, ---, ---, ---, ---, ---, ---, ---, ---, ---, ---, ---, ---, ---, ---, 
[0.702s][info][gc,stats     ]     S: Management Roots               2 us, workers (us):   2, ---, ---, ---, ---, ---, ---, ---, ---, ---, ---, ---, ---, ---, ---, ---, ---, ---, ---, ---, ---, ---, ---, ---, 
[0.702s][info][gc,stats     ]     S: System Dict Roots             15 us, workers (us):  15, ---, ---, ---, ---, ---, ---, ---, ---, ---, ---, ---, ---, ---, ---, ---, ---, ---, ---, ---, ---, ---, ---, ---, 
[0.702s][info][gc,stats     ]     S: CLDG Roots                   676 us, workers (us): 676, ---, ---, ---, ---, ---, ---, ---, ---, ---, ---, ---, ---, ---, ---, ---, ---, ---, ---, ---, ---, ---, ---, ---, 
[0.702s][info][gc,stats     ]     S: JVMTI Roots                    1 us, workers (us): ---,   1, ---, ---, ---, ---, ---, ---, ---, ---, ---, ---, ---, ---, ---, ---, ---, ---, ---, ---, ---, ---, ---, ---, 
[0.702s][info][gc,stats     ]   Resize TLABs                        4 us
[0.702s][info][gc,stats     ] Concurrent Marking                14393 us
[0.702s][info][gc,stats     ] Pause Final Mark (G)               2104 us
[0.702s][info][gc,stats     ] Pause Final Mark (N)               1825 us
[0.702s][info][gc,stats     ]   Finish Queues                     119 us
[0.702s][info][gc,stats     ]   System Purge                      196 us
[0.702s][info][gc,stats     ]     Weak Roots                      195 us
[0.702s][info][gc,stats     ]   Update Region States                4 us
[0.702s][info][gc,stats     ]   Retire TLABs                       12 us
[0.702s][info][gc,stats     ]   Choose Collection Set              54 us
[0.702s][info][gc,stats     ]   Rebuild Free Set                    6 us
[0.702s][info][gc,stats     ]   Initial Evacuation               1411 us, parallelism: 1.11x
[0.702s][info][gc,stats     ]     E: <total>                     1569 us
[0.702s][info][gc,stats     ]     E: Thread Roots                 834 us, workers (us): 796,  37,   1, ---, ---, ---, ---, ---, ---, ---, ---, ---, ---, ---, ---, ---, ---, ---, ---, ---, ---, ---, ---, ---, 
[0.702s][info][gc,stats     ]     E: Code Cache Roots               1 us, workers (us):   0,   0,   0, ---, ---, ---, ---, ---, ---, ---, ---, ---, ---, ---, ---, ---, ---, ---, ---, ---, ---, ---, ---, ---, 
[0.702s][info][gc,stats     ]     E: Universe Roots                 6 us, workers (us):   6, ---, ---, ---, ---, ---, ---, ---, ---, ---, ---, ---, ---, ---, ---, ---, ---, ---, ---, ---, ---, ---, ---, ---, 
[0.702s][info][gc,stats     ]     E: JNI Handles Roots              2 us, workers (us): ---,   2, ---, ---, ---, ---, ---, ---, ---, ---, ---, ---, ---, ---, ---, ---, ---, ---, ---, ---, ---, ---, ---, ---, 
[0.702s][info][gc,stats     ]     E: Synchronizer Roots             0 us, workers (us): ---,   0, ---, ---, ---, ---, ---, ---, ---, ---, ---, ---, ---, ---, ---, ---, ---, ---, ---, ---, ---, ---, ---, ---, 
[0.702s][info][gc,stats     ]     E: Management Roots               2 us, workers (us): ---,   2, ---, ---, ---, ---, ---, ---, ---, ---, ---, ---, ---, ---, ---, ---, ---, ---, ---, ---, ---, ---, ---, ---, 
[0.702s][info][gc,stats     ]     E: System Dict Roots             34 us, workers (us):  34, ---, ---, ---, ---, ---, ---, ---, ---, ---, ---, ---, ---, ---, ---, ---, ---, ---, ---, ---, ---, ---, ---, ---, 
[0.702s][info][gc,stats     ]     E: CLDG Roots                   689 us, workers (us): ---, ---, 689, ---, ---, ---, ---, ---, ---, ---, ---, ---, ---, ---, ---, ---, ---, ---, ---, ---, ---, ---, ---, ---, 
[0.703s][info][gc,stats     ]     E: JVMTI Roots                    1 us, workers (us): ---,   1, ---, ---, ---, ---, ---, ---, ---, ---, ---, ---, ---, ---, ---, ---, ---, ---, ---, ---, ---, ---, ---, ---, 
[0.703s][info][gc,stats     ] Concurrent Cleanup                    6 us
[0.703s][info][gc,stats     ] Concurrent Evacuation              2104 us
[0.703s][info][gc,stats     ] Pause Init  Update Refs (G)         400 us
[0.703s][info][gc,stats     ] Pause Init  Update Refs (N)          82 us
[0.703s][info][gc,stats     ]   Retire GCLABs                      60 us
[0.703s][info][gc,stats     ] Concurrent Update Refs            12366 us
[0.703s][info][gc,stats     ] Pause Final Update Refs (G)        2766 us
[0.703s][info][gc,stats     ] Pause Final Update Refs (N)        2294 us
[0.703s][info][gc,stats     ]   Update Roots                     2259 us, parallelism: 0.97x
[0.703s][info][gc,stats     ]     UR: <total>                    2186 us
[0.703s][info][gc,stats     ]     UR: Thread Roots               2186 us, workers (us): 2128,  34,  25, ---, ---, ---, ---, ---, ---, ---, ---, ---, ---, ---, ---, ---, ---, ---, ---, ---, ---, ---, ---, ---, 
[0.703s][info][gc,stats     ]   Update Region States                3 us
[0.703s][info][gc,stats     ]   Trash Collection Set                4 us
[0.703s][info][gc,stats     ]   Rebuild Free Set                    6 us
[0.703s][info][gc,stats     ] Concurrent Cleanup                  337 us
[0.703s][info][gc,stats     ] 
[0.703s][info][gc,stats     ] Allocation pacing accrued:
[0.703s][info][gc,stats     ]       0 of   136 ms (  0.0%): <total>
[0.703s][info][gc,stats     ]       0 of   136 ms (  0.0%): <average total>
[0.703s][info][gc,stats     ] 
[0.703s][info][gc,metaspace ] Metaspace: 7258K->7593K(1056768K)
[0.703s][info][gc,ergo      ] Pacer for Idle. Initial: 327K, Alloc Tax Rate: 1.0x
[0.748s][info][gc           ] Trigger: Learning 5 of 5. Free (11326K) is below initial threshold (11468K)
[0.748s][info][gc,ergo      ] Free: 11326K, Max: 256K regular, 9984K humongous, Frag: 12% external, 3% internal; Reserve: 1024K, Max: 256K
[0.748s][info][gc,start     ] GC(4) Concurrent reset
[0.748s][info][gc,task      ] GC(4) Using 2 of 24 workers for concurrent reset
[0.748s][info][gc,ergo      ] GC(4) Pacer for Reset. Non-Taxable: 16384K
[0.748s][info][gc           ] GC(4) Concurrent reset 0.144ms
[0.749s][info][gc,start     ] GC(4) Pause Init Mark
[0.749s][info][gc,task      ] GC(4) Using 2 of 24 workers for init marking
[0.750s][info][gc,ergo      ] GC(4) Pacer for Mark. Expected Live: 1160K, Free: 11326K, Non-Taxable: 1132K, Alloc Tax Rate: 0.1x
[0.750s][info][gc           ] GC(4) Pause Init Mark 1.225ms
[0.750s][info][gc,start     ] GC(4) Concurrent marking
[0.750s][info][gc,task      ] GC(4) Using 2 of 24 workers for concurrent marking
[0.766s][info][gc           ] GC(4) Concurrent marking 15.208ms
[0.766s][info][gc,start     ] GC(4) Pause Final Mark
[0.766s][info][gc,task      ] GC(4) Using 2 of 24 workers for final marking
[0.766s][info][gc,ergo      ] GC(4) Adaptive CSet Selection. Target Free: 2321K, Actual Free: 11776K, Max CSet: 682K, Min Garbage: 0B
[0.766s][info][gc,ergo      ] GC(4) Collectable Garbage: 1788K (88%), Immediate: 0B (0%), CSet: 1788K (88%)
[0.767s][info][gc,ergo      ] GC(4) Pacer for Evacuation. Used CSet: 2467K, Free: 10796K, Non-Taxable: 1079K, Alloc Tax Rate: 1.1x
[0.767s][info][gc           ] GC(4) Pause Final Mark 1.410ms
[0.767s][info][gc,start     ] GC(4) Concurrent cleanup
[0.767s][info][gc           ] GC(4) Concurrent cleanup 4M->4M(6M) 0.036ms
[0.767s][info][gc,ergo      ] GC(4) Free: 10752K, Max: 256K regular, 9984K humongous, Frag: 8% external, 0% internal; Reserve: 942K, Max: 256K
[0.767s][info][gc,start     ] GC(4) Concurrent evacuation
[0.767s][info][gc,task      ] GC(4) Using 2 of 24 workers for concurrent evacuation
[0.772s][info][gc           ] GC(4) Concurrent evacuation 5.091ms
[0.775s][info][gc,start     ] GC(4) Pause Init Update Refs
[0.775s][info][gc,ergo      ] GC(4) Pacer for Update Refs. Used: 5642K, Free: 10522K, Non-Taxable: 1052K, Alloc Tax Rate: 1.1x
[0.775s][info][gc           ] GC(4) Pause Init Update Refs 0.108ms
[0.775s][info][gc,start     ] GC(4) Concurrent update references
[0.775s][info][gc,task      ] GC(4) Using 2 of 24 workers for concurrent reference update
[0.787s][info][gc           ] GC(4) Concurrent update references 12.021ms
[0.787s][info][gc,start     ] GC(4) Pause Final Update Refs
[0.787s][info][gc,task      ] GC(4) Using 2 of 24 workers for final reference update
[0.788s][info][gc           ] GC(4) Pause Final Update Refs 0.327ms
[0.788s][info][gc,start     ] GC(4) Concurrent cleanup
[0.788s][info][gc           ] GC(4) Concurrent cleanup 5M->3M(7M) 0.348ms
[0.788s][info][gc           ] GC(4) Dat log --- cycle is complete
Current gc epoch: 4
heap: ______
capacity: 7602176
used: 3497480
committed: 7602176
bytes_allocated_since_gc_start: 1037128
hot_size: 40671
cold_size: 46190
num_regions: 64
hot_region_count: 18446744073709551615
cold_region_count: 9
histogram: Placeholder

[0.788s][info][gc           ] GC(4) Obj count ac histogram
[0.788s][info][gc           ] GC(4) 	0: 3830
[0.788s][info][gc           ] GC(4) 	1: 0
[0.788s][info][gc           ] GC(4) 	2: 0
[0.788s][info][gc           ] GC(4) 	3: 0
[0.788s][info][gc           ] GC(4) 	4: 0
[0.788s][info][gc           ] GC(4) 	5: 0
[0.788s][info][gc           ] GC(4) 	6: 0
[0.788s][info][gc           ] GC(4) 	7: 0
[0.788s][info][gc           ] GC(4) 	8: 0
[0.788s][info][gc           ] GC(4) 	9: 0
[0.788s][info][gc           ] GC(4) 	10: 0
[0.788s][info][gc           ] GC(4) 	11: 0
[0.788s][info][gc           ] GC(4) 	12: 0
[0.788s][info][gc           ] GC(4) 	13: 3693
[0.788s][info][gc           ] GC(4) 	14: 1127
[0.788s][info][gc           ] GC(4) 	15: 0
[0.788s][info][gc           ] GC(4) 	16: 0
[0.788s][info][gc           ] GC(4) 	17: 0
[0.788s][info][gc           ] GC(4) 	18: 0
[0.788s][info][gc           ] GC(4) 	19: 0
[0.788s][info][gc           ] GC(4) Obj size ac histogram
[0.788s][info][gc           ] GC(4) 	0: 46086
[0.788s][info][gc           ] GC(4) 	1: 0
[0.788s][info][gc           ] GC(4) 	2: 0
[0.788s][info][gc           ] GC(4) 	3: 0
[0.788s][info][gc           ] GC(4) 	4: 0
[0.788s][info][gc           ] GC(4) 	5: 0
[0.788s][info][gc           ] GC(4) 	6: 0
[0.788s][info][gc           ] GC(4) 	7: 0
[0.788s][info][gc           ] GC(4) 	8: 0
[0.788s][info][gc           ] GC(4) 	9: 0
[0.788s][info][gc           ] GC(4) 	10: 0
[0.788s][info][gc           ] GC(4) 	11: 0
[0.788s][info][gc           ] GC(4) 	12: 0
[0.788s][info][gc           ] GC(4) 	13: 30136
[0.788s][info][gc           ] GC(4) 	14: 10281
[0.788s][info][gc           ] GC(4) 	15: 0
[0.788s][info][gc           ] GC(4) 	16: 0
[0.788s][info][gc           ] GC(4) 	17: 0
[0.788s][info][gc           ] GC(4) 	18: 0
[0.788s][info][gc           ] GC(4) 	19: 0
[0.788s][info][gc,ergo      ] Free: 11944K, Max: 256K regular, 10752K humongous, Frag: 9% external, 2% internal; Reserve: 1024K, Max: 256K
[0.789s][info][gc,stats     ] 
[0.789s][info][gc,stats     ] All times are wall-clock times, except per-root-class counters, that are sum over
[0.789s][info][gc,stats     ] all workers. Dividing the <total> over the root stage time estimates parallelism.
[0.789s][info][gc,stats     ] 
[0.789s][info][gc,stats     ] Concurrent Reset                    133 us
[0.789s][info][gc,stats     ] Pause Init Mark (G)                1963 us
[0.789s][info][gc,stats     ] Pause Init Mark (N)                1183 us
[0.789s][info][gc,stats     ]   Accumulate Stats                    5 us
[0.789s][info][gc,stats     ]   Make Parsable                      39 us
[0.789s][info][gc,stats     ]   Update Region States                2 us
[0.789s][info][gc,stats     ]   Scan Roots                       1052 us, parallelism: 1.74x
[0.789s][info][gc,stats     ]     S: <total>                     1832 us
[0.789s][info][gc,stats     ]     S: Thread Roots                1015 us, workers (us):  51, 965, ---, ---, ---, ---, ---, ---, ---, ---, ---, ---, ---, ---, ---, ---, ---, ---, ---, ---, ---, ---, ---, ---, 
[0.789s][info][gc,stats     ]     S: Universe Roots                19 us, workers (us):  19, ---, ---, ---, ---, ---, ---, ---, ---, ---, ---, ---, ---, ---, ---, ---, ---, ---, ---, ---, ---, ---, ---, ---, 
[0.789s][info][gc,stats     ]     S: JNI Handles Roots              3 us, workers (us):   3, ---, ---, ---, ---, ---, ---, ---, ---, ---, ---, ---, ---, ---, ---, ---, ---, ---, ---, ---, ---, ---, ---, ---, 
[0.789s][info][gc,stats     ]     S: Synchronizer Roots             1 us, workers (us): ---,   1, ---, ---, ---, ---, ---, ---, ---, ---, ---, ---, ---, ---, ---, ---, ---, ---, ---, ---, ---, ---, ---, ---, 
[0.789s][info][gc,stats     ]     S: Management Roots               2 us, workers (us): ---,   2, ---, ---, ---, ---, ---, ---, ---, ---, ---, ---, ---, ---, ---, ---, ---, ---, ---, ---, ---, ---, ---, ---, 
[0.789s][info][gc,stats     ]     S: System Dict Roots             19 us, workers (us): ---,  19, ---, ---, ---, ---, ---, ---, ---, ---, ---, ---, ---, ---, ---, ---, ---, ---, ---, ---, ---, ---, ---, ---, 
[0.789s][info][gc,stats     ]     S: CLDG Roots                   771 us, workers (us): 771, ---, ---, ---, ---, ---, ---, ---, ---, ---, ---, ---, ---, ---, ---, ---, ---, ---, ---, ---, ---, ---, ---, ---, 
[0.789s][info][gc,stats     ]     S: JVMTI Roots                    1 us, workers (us):   1, ---, ---, ---, ---, ---, ---, ---, ---, ---, ---, ---, ---, ---, ---, ---, ---, ---, ---, ---, ---, ---, ---, ---, 
[0.789s][info][gc,stats     ]   Resize TLABs                        5 us
[0.789s][info][gc,stats     ] Concurrent Marking                15188 us
[0.789s][info][gc,stats     ] Pause Final Mark (G)               1645 us
[0.789s][info][gc,stats     ] Pause Final Mark (N)               1367 us
[0.789s][info][gc,stats     ]   Finish Queues                     130 us
[0.789s][info][gc,stats     ]   System Purge                      275 us
[0.789s][info][gc,stats     ]     Weak Roots                      274 us
[0.789s][info][gc,stats     ]   Update Region States                4 us
[0.789s][info][gc,stats     ]   Retire TLABs                       34 us
[0.789s][info][gc,stats     ]   Choose Collection Set              55 us
[0.789s][info][gc,stats     ]   Rebuild Free Set                    6 us
[0.789s][info][gc,stats     ]   Initial Evacuation                839 us, parallelism: 0.87x
[0.789s][info][gc,stats     ]     E: <total>                      731 us
[0.789s][info][gc,stats     ]     E: Thread Roots                 281 us, workers (us): 280,   1, ---, ---, ---, ---, ---, ---, ---, ---, ---, ---, ---, ---, ---, ---, ---, ---, ---, ---, ---, ---, ---, ---, 
[0.789s][info][gc,stats     ]     E: Code Cache Roots               1 us, workers (us):   0,   0, ---, ---, ---, ---, ---, ---, ---, ---, ---, ---, ---, ---, ---, ---, ---, ---, ---, ---, ---, ---, ---, ---, 
[0.789s][info][gc,stats     ]     E: Universe Roots                 6 us, workers (us):   6, ---, ---, ---, ---, ---, ---, ---, ---, ---, ---, ---, ---, ---, ---, ---, ---, ---, ---, ---, ---, ---, ---, ---, 
[0.789s][info][gc,stats     ]     E: JNI Handles Roots              2 us, workers (us): ---,   2, ---, ---, ---, ---, ---, ---, ---, ---, ---, ---, ---, ---, ---, ---, ---, ---, ---, ---, ---, ---, ---, ---, 
[0.789s][info][gc,stats     ]     E: Synchronizer Roots             1 us, workers (us): ---,   1, ---, ---, ---, ---, ---, ---, ---, ---, ---, ---, ---, ---, ---, ---, ---, ---, ---, ---, ---, ---, ---, ---, 
[0.789s][info][gc,stats     ]     E: Management Roots               2 us, workers (us): ---,   2, ---, ---, ---, ---, ---, ---, ---, ---, ---, ---, ---, ---, ---, ---, ---, ---, ---, ---, ---, ---, ---, ---, 
[0.789s][info][gc,stats     ]     E: System Dict Roots             20 us, workers (us):  20, ---, ---, ---, ---, ---, ---, ---, ---, ---, ---, ---, ---, ---, ---, ---, ---, ---, ---, ---, ---, ---, ---, ---, 
[0.789s][info][gc,stats     ]     E: CLDG Roots                   419 us, workers (us): ---, 419, ---, ---, ---, ---, ---, ---, ---, ---, ---, ---, ---, ---, ---, ---, ---, ---, ---, ---, ---, ---, ---, ---, 
[0.789s][info][gc,stats     ]     E: JVMTI Roots                    1 us, workers (us): ---,   1, ---, ---, ---, ---, ---, ---, ---, ---, ---, ---, ---, ---, ---, ---, ---, ---, ---, ---, ---, ---, ---, ---, 
[0.789s][info][gc,stats     ] Concurrent Cleanup                    4 us
[0.789s][info][gc,stats     ] Concurrent Evacuation              5078 us
[0.789s][info][gc,stats     ] Pause Init  Update Refs (G)        2720 us
[0.789s][info][gc,stats     ] Pause Init  Update Refs (N)          62 us
[0.789s][info][gc,stats     ]   Retire GCLABs                      40 us
[0.789s][info][gc,stats     ] Concurrent Update Refs            11968 us
[0.789s][info][gc,stats     ] Pause Final Update Refs (G)         628 us
[0.789s][info][gc,stats     ] Pause Final Update Refs (N)         284 us
[0.789s][info][gc,stats     ]   Update Roots                      250 us, parallelism: 0.98x
[0.789s][info][gc,stats     ]     UR: <total>                     245 us
[0.789s][info][gc,stats     ]     UR: Thread Roots                245 us, workers (us): 215,  30, ---, ---, ---, ---, ---, ---, ---, ---, ---, ---, ---, ---, ---, ---, ---, ---, ---, ---, ---, ---, ---, ---, 
[0.789s][info][gc,stats     ]   Update Region States                3 us
[0.789s][info][gc,stats     ]   Trash Collection Set                5 us
[0.789s][info][gc,stats     ]   Rebuild Free Set                    6 us
[0.789s][info][gc,stats     ] Concurrent Cleanup                  327 us
[0.789s][info][gc,stats     ] 
[0.789s][info][gc,stats     ] Allocation pacing accrued:
[0.789s][info][gc,stats     ]       0 of    87 ms (  0.0%): <total>
[0.789s][info][gc,stats     ]       0 of    87 ms (  0.0%): <average total>
[0.789s][info][gc,stats     ] 
[0.789s][info][gc,metaspace ] Metaspace: 8002K->8475K(1056768K)
[0.789s][info][gc,ergo      ] Pacer for Idle. Initial: 327K, Alloc Tax Rate: 1.0x
[1.290s][info][gc           ] Trigger: Free (1452K) is below minimum threshold (1638K)
[1.290s][info][gc,ergo      ] Free: 1452K, Max: 256K regular, 1280K humongous, Frag: 0% external, 18% internal; Reserve: 1024K, Max: 256K
[1.290s][info][gc,start     ] GC(5) Concurrent reset
[1.290s][info][gc,task      ] GC(5) Using 2 of 24 workers for concurrent reset
[1.290s][info][gc,ergo      ] GC(5) Pacer for Reset. Non-Taxable: 16384K
[1.290s][info][gc           ] GC(5) Concurrent reset 0.238ms
[1.291s][info][gc,start     ] GC(5) Pause Init Mark (process weakrefs)
[1.291s][info][gc,task      ] GC(5) Using 2 of 24 workers for init marking
[1.294s][info][gc,ergo      ] GC(5) Pacer for Mark. Expected Live: 1320K, Free: 1452K, Non-Taxable: 145K, Alloc Tax Rate: 1.1x
[1.294s][info][gc           ] GC(5) Pause Init Mark (process weakrefs) 3.407ms
[1.294s][info][gc,start     ] GC(5) Concurrent marking (process weakrefs)
[1.294s][info][gc,task      ] GC(5) Using 2 of 24 workers for concurrent marking
[1.314s][info][gc           ] GC(5) Concurrent marking (process weakrefs) 19.534ms
[1.314s][info][gc,start     ] GC(5) Concurrent precleaning
[1.314s][info][gc,task      ] GC(5) Using 1 of 24 workers for concurrent preclean
[1.314s][info][gc,ergo      ] GC(5) Pacer for Precleaning. Non-Taxable: 16384K
[1.315s][info][gc           ] GC(5) Concurrent precleaning 1.024ms
[1.315s][info][gc,start     ] GC(5) Pause Final Mark (process weakrefs)
[1.315s][info][gc,task      ] GC(5) Using 2 of 24 workers for final marking
[1.316s][info][gc,ergo      ] GC(5) Adaptive CSet Selection. Target Free: 2321K, Actual Free: 2048K, Max CSet: 682K, Min Garbage: 273K
[1.316s][info][gc,ergo      ] GC(5) Collectable Garbage: 9223K (86%), Immediate: 0B (0%), CSet: 9223K (86%)
[1.318s][info][gc,ergo      ] GC(5) Pacer for Evacuation. Used CSet: 9889K, Free: 1309K, Non-Taxable: 130K, Alloc Tax Rate: 18.5x
[1.318s][info][gc           ] GC(5) Pause Final Mark (process weakrefs) 3.341ms
[1.319s][info][gc,start     ] GC(5) Concurrent cleanup
[1.319s][info][gc           ] GC(5) Concurrent cleanup 13M->13M(14M) 0.053ms
[1.319s][info][gc,ergo      ] GC(5) Free: 1309K, Max: 256K regular, 1024K humongous, Frag: 0% external, 43% internal; Reserve: 816K, Max: 256K
[1.319s][info][gc,start     ] GC(5) Concurrent evacuation
[1.319s][info][gc,task      ] GC(5) Using 2 of 24 workers for concurrent evacuation
[1.324s][info][gc           ] GC(5) Concurrent evacuation 4.940ms
[1.324s][info][gc,start     ] GC(5) Pause Init Update Refs
[1.324s][info][gc,ergo      ] GC(5) Pacer for Update Refs. Used: 14854K, Free: 1309K, Non-Taxable: 130K, Alloc Tax Rate: 13.9x
[1.324s][info][gc           ] GC(5) Pause Init Update Refs 0.108ms
[1.324s][info][gc,start     ] GC(5) Concurrent update references
[1.324s][info][gc,task      ] GC(5) Using 2 of 24 workers for concurrent reference update
[1.339s][info][gc           ] GC(5) Concurrent update references 15.113ms
[1.339s][info][gc,start     ] GC(5) Pause Final Update Refs
[1.339s][info][gc,task      ] GC(5) Using 2 of 24 workers for final reference update
[1.340s][info][gc           ] GC(5) Pause Final Update Refs 0.254ms
[1.340s][info][gc,start     ] GC(5) Concurrent cleanup
[1.341s][info][gc           ] GC(5) Concurrent cleanup 14M->5M(15M) 1.006ms
[1.341s][info][gc           ] GC(5) Dat log --- cycle is complete
Current gc epoch: 5
heap: ______
capacity: 15990784
used: 5487648
committed: 15990784
bytes_allocated_since_gc_start: 691832
hot_size: 57786
cold_size: 27406
num_regions: 64
hot_region_count: 2
cold_region_count: 10
histogram: Placeholder

[1.341s][info][gc           ] GC(5) Obj count ac histogram
[1.341s][info][gc           ] GC(5) 	0: 4367
[1.341s][info][gc           ] GC(5) 	1: 0
[1.341s][info][gc           ] GC(5) 	2: 0
[1.341s][info][gc           ] GC(5) 	3: 0
[1.341s][info][gc           ] GC(5) 	4: 0
[1.341s][info][gc           ] GC(5) 	5: 0
[1.341s][info][gc           ] GC(5) 	6: 0
[1.341s][info][gc           ] GC(5) 	7: 0
[1.341s][info][gc           ] GC(5) 	8: 0
[1.341s][info][gc           ] GC(5) 	9: 0
[1.341s][info][gc           ] GC(5) 	10: 0
[1.341s][info][gc           ] GC(5) 	11: 0
[1.341s][info][gc           ] GC(5) 	12: 0
[1.341s][info][gc           ] GC(5) 	13: 332
[1.341s][info][gc           ] GC(5) 	14: 6490
[1.341s][info][gc           ] GC(5) 	15: 0
[1.341s][info][gc           ] GC(5) 	16: 0
[1.341s][info][gc           ] GC(5) 	17: 0
[1.341s][info][gc           ] GC(5) 	18: 0
[1.341s][info][gc           ] GC(5) 	19: 0
[1.341s][info][gc           ] GC(5) Obj size ac histogram
[1.341s][info][gc           ] GC(5) 	0: 26879
[1.341s][info][gc           ] GC(5) 	1: 0
[1.341s][info][gc           ] GC(5) 	2: 0
[1.341s][info][gc           ] GC(5) 	3: 0
[1.341s][info][gc           ] GC(5) 	4: 0
[1.341s][info][gc           ] GC(5) 	5: 0
[1.341s][info][gc           ] GC(5) 	6: 0
[1.341s][info][gc           ] GC(5) 	7: 0
[1.341s][info][gc           ] GC(5) 	8: 0
[1.341s][info][gc           ] GC(5) 	9: 0
[1.341s][info][gc           ] GC(5) 	10: 0
[1.341s][info][gc           ] GC(5) 	11: 0
[1.341s][info][gc           ] GC(5) 	12: 0
[1.341s][info][gc           ] GC(5) 	13: 2695
[1.341s][info][gc           ] GC(5) 	14: 53983
[1.341s][info][gc           ] GC(5) 	15: 0
[1.341s][info][gc           ] GC(5) 	16: 0
[1.341s][info][gc           ] GC(5) 	17: 0
[1.341s][info][gc           ] GC(5) 	18: 0
[1.341s][info][gc           ] GC(5) 	19: 0
[1.341s][info][gc,ergo      ] Free: 10000K, Max: 256K regular, 3584K humongous, Frag: 64% external, 4% internal; Reserve: 1024K, Max: 256K
[1.341s][info][gc,stats     ] 
[1.341s][info][gc,stats     ] All times are wall-clock times, except per-root-class counters, that are sum over
[1.341s][info][gc,stats     ] all workers. Dividing the <total> over the root stage time estimates parallelism.
[1.341s][info][gc,stats     ] 
[1.341s][info][gc,stats     ] Concurrent Reset                    212 us
[1.341s][info][gc,stats     ] Pause Init Mark (G)                3917 us
[1.341s][info][gc,stats     ] Pause Init Mark (N)                3354 us
[1.341s][info][gc,stats     ]   Accumulate Stats                    5 us
[1.341s][info][gc,stats     ]   Make Parsable                      59 us
[1.341s][info][gc,stats     ]   Update Region States                2 us
[1.341s][info][gc,stats     ]   Scan Roots                       3167 us, parallelism: 1.41x
[1.341s][info][gc,stats     ]     S: <total>                     4481 us
[1.341s][info][gc,stats     ]     S: Thread Roots                3018 us, workers (us):  91, 2927, ---, ---, ---, ---, ---, ---, ---, ---, ---, ---, ---, ---, ---, ---, ---, ---, ---, ---, ---, ---, ---, ---, 
[1.341s][info][gc,stats     ]     S: Universe Roots                22 us, workers (us):  22, ---, ---, ---, ---, ---, ---, ---, ---, ---, ---, ---, ---, ---, ---, ---, ---, ---, ---, ---, ---, ---, ---, ---, 
[1.341s][info][gc,stats     ]     S: JNI Handles Roots              6 us, workers (us):   6, ---, ---, ---, ---, ---, ---, ---, ---, ---, ---, ---, ---, ---, ---, ---, ---, ---, ---, ---, ---, ---, ---, ---, 
[1.341s][info][gc,stats     ]     S: Synchronizer Roots             1 us, workers (us): ---,   1, ---, ---, ---, ---, ---, ---, ---, ---, ---, ---, ---, ---, ---, ---, ---, ---, ---, ---, ---, ---, ---, ---, 
[1.341s][info][gc,stats     ]     S: Management Roots               3 us, workers (us): ---,   3, ---, ---, ---, ---, ---, ---, ---, ---, ---, ---, ---, ---, ---, ---, ---, ---, ---, ---, ---, ---, ---, ---, 
[1.341s][info][gc,stats     ]     S: System Dict Roots             69 us, workers (us): ---,  69, ---, ---, ---, ---, ---, ---, ---, ---, ---, ---, ---, ---, ---, ---, ---, ---, ---, ---, ---, ---, ---, ---, 
[1.341s][info][gc,stats     ]     S: CLDG Roots                  1363 us, workers (us): 1363, ---, ---, ---, ---, ---, ---, ---, ---, ---, ---, ---, ---, ---, ---, ---, ---, ---, ---, ---, ---, ---, ---, ---, 
[1.341s][info][gc,stats     ]     S: JVMTI Roots                    1 us, workers (us):   1, ---, ---, ---, ---, ---, ---, ---, ---, ---, ---, ---, ---, ---, ---, ---, ---, ---, ---, ---, ---, ---, ---, ---, 
[1.341s][info][gc,stats     ]   Resize TLABs                        6 us
[1.341s][info][gc,stats     ] Concurrent Marking                19500 us
[1.341s][info][gc,stats     ] Concurrent Precleaning             1005 us
[1.341s][info][gc,stats     ] Pause Final Mark (G)               3635 us
[1.341s][info][gc,stats     ] Pause Final Mark (N)               3294 us
[1.341s][info][gc,stats     ]   Finish Queues                     108 us
[1.341s][info][gc,stats     ]   Weak References                   629 us
[1.341s][info][gc,stats     ]     Process                         619 us
[1.341s][info][gc,stats     ]   System Purge                      426 us
[1.341s][info][gc,stats     ]     Weak Roots                      425 us
[1.341s][info][gc,stats     ]   Update Region States                3 us
[1.341s][info][gc,stats     ]   Retire TLABs                       39 us
[1.341s][info][gc,stats     ]   Choose Collection Set              68 us
[1.341s][info][gc,stats     ]   Rebuild Free Set                    6 us
[1.341s][info][gc,stats     ]   Initial Evacuation               1992 us, parallelism: 0.87x
[1.341s][info][gc,stats     ]     E: <total>                     1726 us
[1.341s][info][gc,stats     ]     E: Thread Roots                 583 us, workers (us): 582,   2, ---, ---, ---, ---, ---, ---, ---, ---, ---, ---, ---, ---, ---, ---, ---, ---, ---, ---, ---, ---, ---, ---, 
[1.341s][info][gc,stats     ]     E: Code Cache Roots               1 us, workers (us):   1,   0, ---, ---, ---, ---, ---, ---, ---, ---, ---, ---, ---, ---, ---, ---, ---, ---, ---, ---, ---, ---, ---, ---, 
[1.341s][info][gc,stats     ]     E: Universe Roots                 5 us, workers (us):   5, ---, ---, ---, ---, ---, ---, ---, ---, ---, ---, ---, ---, ---, ---, ---, ---, ---, ---, ---, ---, ---, ---, ---, 
[1.341s][info][gc,stats     ]     E: JNI Handles Roots              1 us, workers (us):   1, ---, ---, ---, ---, ---, ---, ---, ---, ---, ---, ---, ---, ---, ---, ---, ---, ---, ---, ---, ---, ---, ---, ---, 
[1.341s][info][gc,stats     ]     E: Synchronizer Roots             0 us, workers (us):   0, ---, ---, ---, ---, ---, ---, ---, ---, ---, ---, ---, ---, ---, ---, ---, ---, ---, ---, ---, ---, ---, ---, ---, 
[1.341s][info][gc,stats     ]     E: Management Roots               2 us, workers (us):   2, ---, ---, ---, ---, ---, ---, ---, ---, ---, ---, ---, ---, ---, ---, ---, ---, ---, ---, ---, ---, ---, ---, ---, 
[1.341s][info][gc,stats     ]     E: System Dict Roots             29 us, workers (us):  29, ---, ---, ---, ---, ---, ---, ---, ---, ---, ---, ---, ---, ---, ---, ---, ---, ---, ---, ---, ---, ---, ---, ---, 
[1.341s][info][gc,stats     ]     E: CLDG Roots                  1104 us, workers (us): ---, 1104, ---, ---, ---, ---, ---, ---, ---, ---, ---, ---, ---, ---, ---, ---, ---, ---, ---, ---, ---, ---, ---, ---, 
[1.341s][info][gc,stats     ]     E: JVMTI Roots                    1 us, workers (us):   1, ---, ---, ---, ---, ---, ---, ---, ---, ---, ---, ---, ---, ---, ---, ---, ---, ---, ---, ---, ---, ---, ---, ---, 
[1.341s][info][gc,stats     ] Concurrent Cleanup                    6 us
[1.341s][info][gc,stats     ] Concurrent Evacuation              4921 us
[1.341s][info][gc,stats     ] Pause Init  Update Refs (G)         393 us
[1.341s][info][gc,stats     ] Pause Init  Update Refs (N)          66 us
[1.341s][info][gc,stats     ]   Retire GCLABs                      42 us
[1.341s][info][gc,stats     ] Concurrent Update Refs            15075 us
[1.341s][info][gc,stats     ] Pause Final Update Refs (G)         573 us
[1.341s][info][gc,stats     ] Pause Final Update Refs (N)         216 us
[1.341s][info][gc,stats     ]   Update Roots                      184 us, parallelism: 0.63x
[1.341s][info][gc,stats     ]     UR: <total>                     116 us
[1.341s][info][gc,stats     ]     UR: Thread Roots                116 us, workers (us):  83,  32, ---, ---, ---, ---, ---, ---, ---, ---, ---, ---, ---, ---, ---, ---, ---, ---, ---, ---, ---, ---, ---, ---, 
[1.341s][info][gc,stats     ]   Update Region States                3 us
[1.341s][info][gc,stats     ]   Trash Collection Set                6 us
[1.341s][info][gc,stats     ]   Rebuild Free Set                    6 us
[1.341s][info][gc,stats     ] Concurrent Cleanup                  998 us
[1.341s][info][gc,stats     ] Pacing                            22165 us
[1.341s][info][gc,stats     ] 
[1.341s][info][gc,stats     ] Allocation pacing accrued:
[1.341s][info][gc,stats     ]      22 of   552 ms (  4.0%): main
[1.341s][info][gc,stats     ]      22 of   552 ms (  4.0%): <total>
[1.341s][info][gc,stats     ]       4 of   552 ms (  0.7%): <average total>
[1.341s][info][gc,stats     ]      22 of   552 ms (  4.0%): <average non-zero>
[1.341s][info][gc,stats     ] 
[1.341s][info][gc,metaspace ] Metaspace: 12569K->12569K(1060864K)
[1.341s][info][gc,ergo      ] Pacer for Idle. Initial: 327K, Alloc Tax Rate: 1.0x
[1.686s][info][gc           ] Trigger: Free (1574K) is below minimum threshold (1638K)
[1.686s][info][gc,ergo      ] Free: 1574K, Max: 256K regular, 1280K humongous, Frag: 0% external, 31% internal; Reserve: 1024K, Max: 256K
[1.686s][info][gc,start     ] GC(6) Concurrent reset
[1.686s][info][gc,task      ] GC(6) Using 2 of 24 workers for concurrent reset
[1.686s][info][gc,ergo      ] GC(6) Pacer for Reset. Non-Taxable: 16384K
[1.687s][info][gc           ] GC(6) Concurrent reset 0.176ms
[1.687s][info][gc,start     ] GC(6) Pause Init Mark
[1.687s][info][gc,task      ] GC(6) Using 2 of 24 workers for init marking
[1.689s][info][gc,ergo      ] GC(6) Pacer for Mark. Expected Live: 1763K, Free: 1574K, Non-Taxable: 157K, Alloc Tax Rate: 1.4x
[1.689s][info][gc           ] GC(6) Pause Init Mark 1.941ms
[1.689s][info][gc,start     ] GC(6) Concurrent marking
[1.689s][info][gc,task      ] GC(6) Using 2 of 24 workers for concurrent marking
[1.706s][info][gc           ] GC(6) Concurrent marking 17.255ms
[1.706s][info][gc,start     ] GC(6) Pause Final Mark
[1.706s][info][gc,task      ] GC(6) Using 2 of 24 workers for final marking
[1.707s][info][gc,ergo      ] GC(6) Adaptive CSet Selection. Target Free: 2321K, Actual Free: 2560K, Max CSet: 682K, Min Garbage: 0B
[1.707s][info][gc,ergo      ] GC(6) Collectable Garbage: 10182K (95%), Immediate: 256K (2%), CSet: 9926K (92%)
[1.707s][info][gc,ergo      ] GC(6) Pacer for Evacuation. Used CSet: 10605K, Free: 1662K, Non-Taxable: 166K, Alloc Tax Rate: 15.6x
[1.707s][info][gc           ] GC(6) Pause Final Mark 1.087ms
[1.707s][info][gc,start     ] GC(6) Concurrent cleanup
[1.708s][info][gc           ] GC(6) Concurrent cleanup 13M->13M(15M) 0.041ms
[1.708s][info][gc,ergo      ] GC(6) Free: 1662K, Max: 256K regular, 1280K humongous, Frag: 17% external, 7% internal; Reserve: 938K, Max: 256K
[1.708s][info][gc,start     ] GC(6) Concurrent evacuation
[1.708s][info][gc,task      ] GC(6) Using 2 of 24 workers for concurrent evacuation
[1.712s][info][gc           ] GC(6) Concurrent evacuation 4.940ms
[1.713s][info][gc,start     ] GC(6) Pause Init Update Refs
[1.713s][info][gc,ergo      ] GC(6) Pacer for Update Refs. Used: 14583K, Free: 1462K, Non-Taxable: 146K, Alloc Tax Rate: 12.2x
[1.713s][info][gc           ] GC(6) Pause Init Update Refs 0.037ms
[1.713s][info][gc,start     ] GC(6) Concurrent update references
[1.713s][info][gc,task      ] GC(6) Using 2 of 24 workers for concurrent reference update
[1.727s][info][gc           ] GC(6) Concurrent update references 13.850ms
[1.727s][info][gc,start     ] GC(6) Pause Final Update Refs
[1.727s][info][gc,task      ] GC(6) Using 2 of 24 workers for final reference update
[1.727s][info][gc           ] GC(6) Pause Final Update Refs 0.272ms
[1.727s][info][gc,start     ] GC(6) Concurrent cleanup
[1.728s][info][gc           ] GC(6) Concurrent cleanup 14M->4M(16M) 1.229ms
[1.728s][info][gc           ] GC(6) Dat log --- cycle is complete
Current gc epoch: 6
heap: ______
capacity: 16777216
used: 4336528
committed: 16777216
bytes_allocated_since_gc_start: 488400
hot_size: 54911
cold_size: 31963
num_regions: 64
hot_region_count: 2
cold_region_count: 12
histogram: Placeholder

[1.728s][info][gc           ] GC(6) Obj count ac histogram
[1.728s][info][gc           ] GC(6) 	0: 3057
[1.728s][info][gc           ] GC(6) 	1: 0
[1.728s][info][gc           ] GC(6) 	2: 0
[1.728s][info][gc           ] GC(6) 	3: 0
[1.728s][info][gc           ] GC(6) 	4: 0
[1.728s][info][gc           ] GC(6) 	5: 0
[1.728s][info][gc           ] GC(6) 	6: 0
[1.728s][info][gc           ] GC(6) 	7: 0
[1.728s][info][gc           ] GC(6) 	8: 0
[1.728s][info][gc           ] GC(6) 	9: 0
[1.728s][info][gc           ] GC(6) 	10: 0
[1.728s][info][gc           ] GC(6) 	11: 0
[1.728s][info][gc           ] GC(6) 	12: 0
[1.728s][info][gc           ] GC(6) 	13: 3634
[1.728s][info][gc           ] GC(6) 	14: 949
[1.728s][info][gc           ] GC(6) 	15: 0
[1.728s][info][gc           ] GC(6) 	16: 0
[1.728s][info][gc           ] GC(6) 	17: 0
[1.728s][info][gc           ] GC(6) 	18: 0
[1.728s][info][gc           ] GC(6) 	19: 0
[1.728s][info][gc           ] GC(6) Obj size ac histogram
[1.728s][info][gc           ] GC(6) 	0: 31534
[1.728s][info][gc           ] GC(6) 	1: 0
[1.728s][info][gc           ] GC(6) 	2: 0
[1.728s][info][gc           ] GC(6) 	3: 0
[1.728s][info][gc           ] GC(6) 	4: 0
[1.728s][info][gc           ] GC(6) 	5: 0
[1.728s][info][gc           ] GC(6) 	6: 0
[1.728s][info][gc           ] GC(6) 	7: 0
[1.728s][info][gc           ] GC(6) 	8: 0
[1.728s][info][gc           ] GC(6) 	9: 0
[1.728s][info][gc           ] GC(6) 	10: 0
[1.728s][info][gc           ] GC(6) 	11: 0
[1.728s][info][gc           ] GC(6) 	12: 0
[1.728s][info][gc           ] GC(6) 	13: 45759
[1.728s][info][gc           ] GC(6) 	14: 8974
[1.728s][info][gc           ] GC(6) 	15: 0
[1.728s][info][gc           ] GC(6) 	16: 0
[1.728s][info][gc           ] GC(6) 	17: 0
[1.728s][info][gc           ] GC(6) 	18: 0
[1.728s][info][gc           ] GC(6) 	19: 0
[1.729s][info][gc,ergo      ] Free: 11125K, Max: 256K regular, 4864K humongous, Frag: 55% external, 3% internal; Reserve: 1024K, Max: 256K
[1.729s][info][gc,stats     ] 
[1.729s][info][gc,stats     ] All times are wall-clock times, except per-root-class counters, that are sum over
[1.729s][info][gc,stats     ] all workers. Dividing the <total> over the root stage time estimates parallelism.
[1.729s][info][gc,stats     ] 
[1.729s][info][gc,stats     ] Concurrent Reset                    170 us
[1.729s][info][gc,stats     ] Pause Init Mark (G)                2377 us
[1.729s][info][gc,stats     ] Pause Init Mark (N)                1890 us
[1.729s][info][gc,stats     ]   Accumulate Stats                    5 us
[1.729s][info][gc,stats     ]   Make Parsable                      39 us
[1.729s][info][gc,stats     ]   Update Region States                2 us
[1.729s][info][gc,stats     ]   Scan Roots                       1739 us, parallelism: 1.49x
[1.729s][info][gc,stats     ]     S: <total>                     2585 us
[1.729s][info][gc,stats     ]     S: Thread Roots                 887 us, workers (us):   5, 881, ---, ---, ---, ---, ---, ---, ---, ---, ---, ---, ---, ---, ---, ---, ---, ---, ---, ---, ---, ---, ---, ---, 
[1.729s][info][gc,stats     ]     S: Universe Roots                30 us, workers (us):  30, ---, ---, ---, ---, ---, ---, ---, ---, ---, ---, ---, ---, ---, ---, ---, ---, ---, ---, ---, ---, ---, ---, ---, 
[1.729s][info][gc,stats     ]     S: JNI Handles Roots              6 us, workers (us):   6, ---, ---, ---, ---, ---, ---, ---, ---, ---, ---, ---, ---, ---, ---, ---, ---, ---, ---, ---, ---, ---, ---, ---, 
[1.729s][info][gc,stats     ]     S: Synchronizer Roots             1 us, workers (us): ---,   1, ---, ---, ---, ---, ---, ---, ---, ---, ---, ---, ---, ---, ---, ---, ---, ---, ---, ---, ---, ---, ---, ---, 
[1.729s][info][gc,stats     ]     S: Management Roots               3 us, workers (us): ---,   3, ---, ---, ---, ---, ---, ---, ---, ---, ---, ---, ---, ---, ---, ---, ---, ---, ---, ---, ---, ---, ---, ---, 
[1.729s][info][gc,stats     ]     S: System Dict Roots             37 us, workers (us): ---,  37, ---, ---, ---, ---, ---, ---, ---, ---, ---, ---, ---, ---, ---, ---, ---, ---, ---, ---, ---, ---, ---, ---, 
[1.729s][info][gc,stats     ]     S: CLDG Roots                  1621 us, workers (us): 1621, ---, ---, ---, ---, ---, ---, ---, ---, ---, ---, ---, ---, ---, ---, ---, ---, ---, ---, ---, ---, ---, ---, ---, 
[1.729s][info][gc,stats     ]     S: JVMTI Roots                    1 us, workers (us):   1, ---, ---, ---, ---, ---, ---, ---, ---, ---, ---, ---, ---, ---, ---, ---, ---, ---, ---, ---, ---, ---, ---, ---, 
[1.729s][info][gc,stats     ]   Resize TLABs                        4 us
[1.729s][info][gc,stats     ] Concurrent Marking                17223 us
[1.729s][info][gc,stats     ] Pause Final Mark (G)               1163 us
[1.729s][info][gc,stats     ] Pause Final Mark (N)               1074 us
[1.729s][info][gc,stats     ]   Finish Queues                     119 us
[1.729s][info][gc,stats     ]   System Purge                      287 us
[1.729s][info][gc,stats     ]     Weak Roots                      286 us
[1.729s][info][gc,stats     ]   Update Region States                2 us
[1.729s][info][gc,stats     ]   Retire TLABs                        3 us
[1.729s][info][gc,stats     ]   Choose Collection Set              25 us
[1.729s][info][gc,stats     ]   Rebuild Free Set                    2 us
[1.729s][info][gc,stats     ]   Initial Evacuation                629 us, parallelism: 0.80x
[1.729s][info][gc,stats     ]     E: <total>                      501 us
[1.729s][info][gc,stats     ]     E: Thread Roots                 261 us, workers (us):  20, 240, ---, ---, ---, ---, ---, ---, ---, ---, ---, ---, ---, ---, ---, ---, ---, ---, ---, ---, ---, ---, ---, ---, 
[1.729s][info][gc,stats     ]     E: Code Cache Roots               1 us, workers (us):   0,   1, ---, ---, ---, ---, ---, ---, ---, ---, ---, ---, ---, ---, ---, ---, ---, ---, ---, ---, ---, ---, ---, ---, 
[1.729s][info][gc,stats     ]     E: Universe Roots                 3 us, workers (us):   3, ---, ---, ---, ---, ---, ---, ---, ---, ---, ---, ---, ---, ---, ---, ---, ---, ---, ---, ---, ---, ---, ---, ---, 
[1.729s][info][gc,stats     ]     E: JNI Handles Roots              2 us, workers (us): ---,   2, ---, ---, ---, ---, ---, ---, ---, ---, ---, ---, ---, ---, ---, ---, ---, ---, ---, ---, ---, ---, ---, ---, 
[1.729s][info][gc,stats     ]     E: Synchronizer Roots             0 us, workers (us):   0, ---, ---, ---, ---, ---, ---, ---, ---, ---, ---, ---, ---, ---, ---, ---, ---, ---, ---, ---, ---, ---, ---, ---, 
[1.729s][info][gc,stats     ]     E: Management Roots               1 us, workers (us):   1, ---, ---, ---, ---, ---, ---, ---, ---, ---, ---, ---, ---, ---, ---, ---, ---, ---, ---, ---, ---, ---, ---, ---, 
[1.729s][info][gc,stats     ]     E: System Dict Roots             47 us, workers (us):  47, ---, ---, ---, ---, ---, ---, ---, ---, ---, ---, ---, ---, ---, ---, ---, ---, ---, ---, ---, ---, ---, ---, ---, 
[1.729s][info][gc,stats     ]     E: CLDG Roots                   186 us, workers (us): 186, ---, ---, ---, ---, ---, ---, ---, ---, ---, ---, ---, ---, ---, ---, ---, ---, ---, ---, ---, ---, ---, ---, ---, 
[1.729s][info][gc,stats     ]     E: JVMTI Roots                    1 us, workers (us): ---,   1, ---, ---, ---, ---, ---, ---, ---, ---, ---, ---, ---, ---, ---, ---, ---, ---, ---, ---, ---, ---, ---, ---, 
[1.729s][info][gc,stats     ] Concurrent Cleanup                   28 us
[1.729s][info][gc,stats     ] Concurrent Evacuation              4923 us
[1.729s][info][gc,stats     ] Pause Init  Update Refs (G)         270 us
[1.729s][info][gc,stats     ] Pause Init  Update Refs (N)          21 us
[1.729s][info][gc,stats     ]   Retire GCLABs                      13 us
[1.729s][info][gc,stats     ] Concurrent Update Refs            13837 us
[1.729s][info][gc,stats     ] Pause Final Update Refs (G)         437 us
[1.729s][info][gc,stats     ] Pause Final Update Refs (N)         256 us
[1.729s][info][gc,stats     ]   Update Roots                      242 us, parallelism: 1.00x
[1.729s][info][gc,stats     ]     UR: <total>                     243 us
[1.729s][info][gc,stats     ]     UR: Thread Roots                243 us, workers (us): 225,  18, ---, ---, ---, ---, ---, ---, ---, ---, ---, ---, ---, ---, ---, ---, ---, ---, ---, ---, ---, ---, ---, ---, 
[1.729s][info][gc,stats     ]   Update Region States                1 us
[1.729s][info][gc,stats     ]   Trash Collection Set                2 us
[1.729s][info][gc,stats     ]   Rebuild Free Set                    2 us
[1.729s][info][gc,stats     ] Concurrent Cleanup                 1217 us
[1.729s][info][gc,stats     ] Pacing                            18002 us
[1.729s][info][gc,stats     ] 
[1.729s][info][gc,stats     ] Allocation pacing accrued:
[1.729s][info][gc,stats     ]      18 of   388 ms (  4.6%): main
[1.729s][info][gc,stats     ]      18 of   388 ms (  4.6%): <total>
[1.729s][info][gc,stats     ]       3 of   388 ms (  0.8%): <average total>
[1.729s][info][gc,stats     ]      18 of   388 ms (  4.6%): <average non-zero>
[1.729s][info][gc,stats     ] 
[1.729s][info][gc,metaspace ] Metaspace: 12569K->12569K(1060864K)
[1.729s][info][gc,ergo      ] Pacer for Idle. Initial: 327K, Alloc Tax Rate: 1.0x
[2.134s][info][gc           ] Trigger: Average GC time (39.37 ms) is above the time for allocation rate (22212 KB/s) to deplete free headroom (833K)
[2.134s][info][gc,ergo      ] Free headroom: 1653K (free) - 819K (spike) - 0B (penalties) = 833K
[2.134s][info][gc,ergo      ] Free: 1653K, Max: 256K regular, 1024K humongous, Frag: 20% external, 19% internal; Reserve: 1024K, Max: 256K
[2.134s][info][gc,start     ] GC(7) Concurrent reset
[2.134s][info][gc,task      ] GC(7) Using 2 of 24 workers for concurrent reset
[2.134s][info][gc,ergo      ] GC(7) Pacer for Reset. Non-Taxable: 16384K
[2.135s][info][gc           ] GC(7) Concurrent reset 0.178ms
[2.135s][info][gc,start     ] GC(7) Pause Init Mark
[2.135s][info][gc,task      ] GC(7) Using 2 of 24 workers for init marking
[2.136s][info][gc,ergo      ] GC(7) Pacer for Mark. Expected Live: 2146K, Free: 1653K, Non-Taxable: 165K, Alloc Tax Rate: 1.6x
[2.136s][info][gc           ] GC(7) Pause Init Mark 1.506ms
[2.137s][info][gc,start     ] GC(7) Concurrent marking
[2.137s][info][gc,task      ] GC(7) Using 2 of 24 workers for concurrent marking
[2.154s][info][gc           ] GC(7) Concurrent marking 17.072ms
[2.154s][info][gc,start     ] GC(7) Pause Final Mark
[2.154s][info][gc,task      ] GC(7) Using 2 of 24 workers for final marking
[2.154s][info][gc,ergo      ] GC(7) Adaptive CSet Selection. Target Free: 2321K, Actual Free: 2048K, Max CSet: 682K, Min Garbage: 273K
[2.154s][info][gc,ergo      ] GC(7) Collectable Garbage: 10083K (95%), Immediate: 0B (0%), CSet: 10083K (95%)
[2.155s][info][gc,ergo      ] GC(7) Pacer for Evacuation. Used CSet: 10760K, Free: 1183K, Non-Taxable: 118K, Alloc Tax Rate: 22.2x
[2.155s][info][gc           ] GC(7) Pause Final Mark 1.487ms
[2.155s][info][gc,start     ] GC(7) Concurrent cleanup
[2.155s][info][gc           ] GC(7) Concurrent cleanup 13M->13M(16M) 0.052ms
[2.155s][info][gc,ergo      ] GC(7) Free: 1183K, Max: 256K regular, 1024K humongous, Frag: 0% external, 22% internal; Reserve: 751K, Max: 256K
[2.155s][info][gc,start     ] GC(7) Concurrent evacuation
[2.155s][info][gc,task      ] GC(7) Using 2 of 24 workers for concurrent evacuation
[2.161s][info][gc           ] GC(7) Concurrent evacuation 5.711ms
[2.161s][info][gc,start     ] GC(7) Pause Init Update Refs
[2.161s][info][gc,ergo      ] GC(7) Pacer for Update Refs. Used: 15209K, Free: 927K, Non-Taxable: 94976B, Alloc Tax Rate: 20.0x
[2.161s][info][gc           ] GC(7) Pause Init Update Refs 0.087ms
[2.161s][info][gc,start     ] GC(7) Concurrent update references
[2.161s][info][gc,task      ] GC(7) Using 2 of 24 workers for concurrent reference update
[2.174s][info][gc           ] GC(7) Concurrent update references 12.219ms
[2.174s][info][gc,start     ] GC(7) Pause Final Update Refs
[2.174s][info][gc,task      ] GC(7) Using 2 of 24 workers for final reference update
[2.174s][info][gc           ] GC(7) Pause Final Update Refs 0.220ms
[2.174s][info][gc,start     ] GC(7) Concurrent cleanup
[2.175s][info][gc           ] GC(7) Concurrent cleanup 15M->4M(16M) 1.069ms
[2.175s][info][gc           ] GC(7) Dat log --- cycle is complete
Current gc epoch: 7
heap: ______
capacity: 16777216
used: 4817560
committed: 16777216
bytes_allocated_since_gc_start: 490136
hot_size: 54960
cold_size: 31718
num_regions: 64
hot_region_count: 1
cold_region_count: 14
histogram: Placeholder

[2.175s][info][gc           ] GC(7) Obj count ac histogram
[2.175s][info][gc           ] GC(7) 	0: 5064
[2.175s][info][gc           ] GC(7) 	1: 0
[2.175s][info][gc           ] GC(7) 	2: 0
[2.175s][info][gc           ] GC(7) 	3: 0
[2.175s][info][gc           ] GC(7) 	4: 0
[2.175s][info][gc           ] GC(7) 	5: 0
[2.175s][info][gc           ] GC(7) 	6: 0
[2.175s][info][gc           ] GC(7) 	7: 0
[2.175s][info][gc           ] GC(7) 	8: 0
[2.175s][info][gc           ] GC(7) 	9: 0
[2.175s][info][gc           ] GC(7) 	10: 0
[2.175s][info][gc           ] GC(7) 	11: 0
[2.175s][info][gc           ] GC(7) 	12: 0
[2.175s][info][gc           ] GC(7) 	13: 5877
[2.175s][info][gc           ] GC(7) 	14: 734
[2.175s][info][gc           ] GC(7) 	15: 0
[2.175s][info][gc           ] GC(7) 	16: 0
[2.175s][info][gc           ] GC(7) 	17: 0
[2.175s][info][gc           ] GC(7) 	18: 0
[2.175s][info][gc           ] GC(7) 	19: 0
[2.175s][info][gc           ] GC(7) Obj size ac histogram
[2.175s][info][gc           ] GC(7) 	0: 31617
[2.175s][info][gc           ] GC(7) 	1: 0
[2.175s][info][gc           ] GC(7) 	2: 0
[2.175s][info][gc           ] GC(7) 	3: 0
[2.175s][info][gc           ] GC(7) 	4: 0
[2.175s][info][gc           ] GC(7) 	5: 0
[2.175s][info][gc           ] GC(7) 	6: 0
[2.175s][info][gc           ] GC(7) 	7: 0
[2.175s][info][gc           ] GC(7) 	8: 0
[2.175s][info][gc           ] GC(7) 	9: 0
[2.175s][info][gc           ] GC(7) 	10: 0
[2.175s][info][gc           ] GC(7) 	11: 0
[2.175s][info][gc           ] GC(7) 	12: 0
[2.175s][info][gc           ] GC(7) 	13: 47648
[2.175s][info][gc           ] GC(7) 	14: 6330
[2.175s][info][gc           ] GC(7) 	15: 0
[2.175s][info][gc           ] GC(7) 	16: 0
[2.175s][info][gc           ] GC(7) 	17: 0
[2.175s][info][gc           ] GC(7) 	18: 0
[2.175s][info][gc           ] GC(7) 	19: 0
[2.175s][info][gc,ergo      ] Free: 10655K, Max: 256K regular, 4864K humongous, Frag: 54% external, 3% internal; Reserve: 1024K, Max: 256K
[2.175s][info][gc,stats     ] 
[2.175s][info][gc,stats     ] All times are wall-clock times, except per-root-class counters, that are sum over
[2.175s][info][gc,stats     ] all workers. Dividing the <total> over the root stage time estimates parallelism.
[2.175s][info][gc,stats     ] 
[2.175s][info][gc,stats     ] Concurrent Reset                    166 us
[2.175s][info][gc,stats     ] Pause Init Mark (G)                1864 us
[2.175s][info][gc,stats     ] Pause Init Mark (N)                1485 us
[2.175s][info][gc,stats     ]   Accumulate Stats                    3 us
[2.175s][info][gc,stats     ]   Make Parsable                       6 us
[2.175s][info][gc,stats     ]   Update Region States                1 us
[2.175s][info][gc,stats     ]   Scan Roots                       1413 us, parallelism: 1.14x
[2.175s][info][gc,stats     ]     S: <total>                     1606 us
[2.175s][info][gc,stats     ]     S: Thread Roots                 312 us, workers (us):   2, 310, ---, ---, ---, ---, ---, ---, ---, ---, ---, ---, ---, ---, ---, ---, ---, ---, ---, ---, ---, ---, ---, ---, 
[2.175s][info][gc,stats     ]     S: Universe Roots                21 us, workers (us):  21, ---, ---, ---, ---, ---, ---, ---, ---, ---, ---, ---, ---, ---, ---, ---, ---, ---, ---, ---, ---, ---, ---, ---, 
[2.175s][info][gc,stats     ]     S: JNI Handles Roots              4 us, workers (us):   4, ---, ---, ---, ---, ---, ---, ---, ---, ---, ---, ---, ---, ---, ---, ---, ---, ---, ---, ---, ---, ---, ---, ---, 
[2.175s][info][gc,stats     ]     S: Synchronizer Roots             1 us, workers (us): ---,   1, ---, ---, ---, ---, ---, ---, ---, ---, ---, ---, ---, ---, ---, ---, ---, ---, ---, ---, ---, ---, ---, ---, 
[2.175s][info][gc,stats     ]     S: Management Roots               2 us, workers (us): ---,   2, ---, ---, ---, ---, ---, ---, ---, ---, ---, ---, ---, ---, ---, ---, ---, ---, ---, ---, ---, ---, ---, ---, 
[2.175s][info][gc,stats     ]     S: System Dict Roots             46 us, workers (us): ---,  46, ---, ---, ---, ---, ---, ---, ---, ---, ---, ---, ---, ---, ---, ---, ---, ---, ---, ---, ---, ---, ---, ---, 
[2.175s][info][gc,stats     ]     S: CLDG Roots                  1219 us, workers (us): 1219, ---, ---, ---, ---, ---, ---, ---, ---, ---, ---, ---, ---, ---, ---, ---, ---, ---, ---, ---, ---, ---, ---, ---, 
[2.175s][info][gc,stats     ]     S: JVMTI Roots                    1 us, workers (us):   1, ---, ---, ---, ---, ---, ---, ---, ---, ---, ---, ---, ---, ---, ---, ---, ---, ---, ---, ---, ---, ---, ---, ---, 
[2.175s][info][gc,stats     ]   Resize TLABs                       13 us
[2.175s][info][gc,stats     ] Concurrent Marking                17044 us
[2.175s][info][gc,stats     ] Pause Final Mark (G)               1633 us
[2.175s][info][gc,stats     ] Pause Final Mark (N)               1470 us
[2.175s][info][gc,stats     ]   Finish Queues                      90 us
[2.175s][info][gc,stats     ]   System Purge                      389 us
[2.175s][info][gc,stats     ]     Weak Roots                      389 us
[2.175s][info][gc,stats     ]   Update Region States                2 us
[2.175s][info][gc,stats     ]   Retire TLABs                       23 us
[2.175s][info][gc,stats     ]   Choose Collection Set              60 us
[2.175s][info][gc,stats     ]   Rebuild Free Set                    3 us
[2.175s][info][gc,stats     ]   Initial Evacuation                894 us, parallelism: 0.69x
[2.175s][info][gc,stats     ]     E: <total>                      617 us
[2.175s][info][gc,stats     ]     E: Thread Roots                 167 us, workers (us): 166,   1, ---, ---, ---, ---, ---, ---, ---, ---, ---, ---, ---, ---, ---, ---, ---, ---, ---, ---, ---, ---, ---, ---, 
[2.175s][info][gc,stats     ]     E: Code Cache Roots               1 us, workers (us):   0,   0, ---, ---, ---, ---, ---, ---, ---, ---, ---, ---, ---, ---, ---, ---, ---, ---, ---, ---, ---, ---, ---, ---, 
[2.175s][info][gc,stats     ]     E: Universe Roots                 3 us, workers (us):   3, ---, ---, ---, ---, ---, ---, ---, ---, ---, ---, ---, ---, ---, ---, ---, ---, ---, ---, ---, ---, ---, ---, ---, 
[2.175s][info][gc,stats     ]     E: JNI Handles Roots              1 us, workers (us):   1, ---, ---, ---, ---, ---, ---, ---, ---, ---, ---, ---, ---, ---, ---, ---, ---, ---, ---, ---, ---, ---, ---, ---, 
[2.175s][info][gc,stats     ]     E: Synchronizer Roots             0 us, workers (us):   0, ---, ---, ---, ---, ---, ---, ---, ---, ---, ---, ---, ---, ---, ---, ---, ---, ---, ---, ---, ---, ---, ---, ---, 
[2.175s][info][gc,stats     ]     E: Management Roots               1 us, workers (us):   1, ---, ---, ---, ---, ---, ---, ---, ---, ---, ---, ---, ---, ---, ---, ---, ---, ---, ---, ---, ---, ---, ---, ---, 
[2.175s][info][gc,stats     ]     E: System Dict Roots             16 us, workers (us):  16, ---, ---, ---, ---, ---, ---, ---, ---, ---, ---, ---, ---, ---, ---, ---, ---, ---, ---, ---, ---, ---, ---, ---, 
[2.175s][info][gc,stats     ]     E: CLDG Roots                   429 us, workers (us): ---, 429, ---, ---, ---, ---, ---, ---, ---, ---, ---, ---, ---, ---, ---, ---, ---, ---, ---, ---, ---, ---, ---, ---, 
[2.175s][info][gc,stats     ]     E: JVMTI Roots                    0 us, workers (us):   0, ---, ---, ---, ---, ---, ---, ---, ---, ---, ---, ---, ---, ---, ---, ---, ---, ---, ---, ---, ---, ---, ---, ---, 
[2.175s][info][gc,stats     ] Concurrent Cleanup                    6 us
[2.175s][info][gc,stats     ] Concurrent Evacuation              5685 us
[2.175s][info][gc,stats     ] Pause Init  Update Refs (G)         289 us
[2.175s][info][gc,stats     ] Pause Init  Update Refs (N)          71 us
[2.175s][info][gc,stats     ]   Retire GCLABs                      62 us
[2.175s][info][gc,stats     ] Concurrent Update Refs            12198 us
[2.175s][info][gc,stats     ] Pause Final Update Refs (G)         373 us
[2.175s][info][gc,stats     ] Pause Final Update Refs (N)         203 us
[2.175s][info][gc,stats     ]   Update Roots                      190 us, parallelism: 1.13x
[2.175s][info][gc,stats     ]     UR: <total>                     214 us
[2.175s][info][gc,stats     ]     UR: Thread Roots                214 us, workers (us): 171,  43, ---, ---, ---, ---, ---, ---, ---, ---, ---, ---, ---, ---, ---, ---, ---, ---, ---, ---, ---, ---, ---, ---, 
[2.175s][info][gc,stats     ]   Update Region States                1 us
[2.175s][info][gc,stats     ]   Trash Collection Set                3 us
[2.175s][info][gc,stats     ]   Rebuild Free Set                    2 us
[2.175s][info][gc,stats     ] Concurrent Cleanup                 1058 us
[2.175s][info][gc,stats     ] Pacing                            20129 us
[2.175s][info][gc,stats     ] 
[2.175s][info][gc,stats     ] Allocation pacing accrued:
[2.175s][info][gc,stats     ]      20 of   447 ms (  4.5%): main
[2.175s][info][gc,stats     ]      20 of   447 ms (  4.5%): <total>
[2.175s][info][gc,stats     ]       3 of   447 ms (  0.8%): <average total>
[2.175s][info][gc,stats     ]      20 of   447 ms (  4.5%): <average non-zero>
[2.175s][info][gc,stats     ] 
[2.175s][info][gc,metaspace ] Metaspace: 12569K->12569K(1060864K)
[2.175s][info][gc,ergo      ] Pacer for Idle. Initial: 327K, Alloc Tax Rate: 1.0x
[2.526s][info][gc           ] Trigger: Average GC time (42.06 ms) is above the time for allocation rate (24018 KB/s) to deplete free headroom (909K)
[2.526s][info][gc,ergo      ] Free headroom: 1728K (free) - 819K (spike) - 0B (penalties) = 909K
[2.526s][info][gc,ergo      ] Free: 1728K, Max: 256K regular, 768K humongous, Frag: 50% external, 24% internal; Reserve: 1024K, Max: 256K
[2.526s][info][gc,start     ] GC(8) Concurrent reset
[2.526s][info][gc,task      ] GC(8) Using 2 of 24 workers for concurrent reset
[2.526s][info][gc,ergo      ] GC(8) Pacer for Reset. Non-Taxable: 16384K
[2.526s][info][gc           ] GC(8) Concurrent reset 0.174ms
[2.527s][info][gc,start     ] GC(8) Pause Init Mark
[2.527s][info][gc,task      ] GC(8) Using 2 of 24 workers for init marking
[2.528s][info][gc,ergo      ] GC(8) Pacer for Mark. Expected Live: 2557K, Free: 1728K, Non-Taxable: 172K, Alloc Tax Rate: 1.8x
[2.528s][info][gc           ] GC(8) Pause Init Mark 1.479ms
[2.528s][info][gc,start     ] GC(8) Concurrent marking
[2.528s][info][gc,task      ] GC(8) Using 2 of 24 workers for concurrent marking
[2.544s][info][gc           ] GC(8) Concurrent marking 15.764ms
[2.544s][info][gc,start     ] GC(8) Pause Final Mark
[2.544s][info][gc,task      ] GC(8) Using 2 of 24 workers for final marking
[2.544s][info][gc,ergo      ] GC(8) Adaptive CSet Selection. Target Free: 2321K, Actual Free: 3072K, Max CSet: 682K, Min Garbage: 0B
[2.544s][info][gc,ergo      ] GC(8) Collectable Garbage: 9546K (95%), Immediate: 512K (5%), CSet: 9034K (90%)
[2.546s][info][gc,ergo      ] GC(8) Pacer for Evacuation. Used CSet: 9694K, Free: 2174K, Non-Taxable: 217K, Alloc Tax Rate: 10.9x
[2.547s][info][gc           ] GC(8) Pause Final Mark 2.583ms
[2.547s][info][gc,start     ] GC(8) Concurrent cleanup
[2.547s][info][gc           ] GC(8) Concurrent cleanup 13M->13M(16M) 0.084ms
[2.547s][info][gc,ergo      ] GC(8) Free: 2174K, Max: 256K regular, 1280K humongous, Frag: 38% external, 5% internal; Reserve: 765K, Max: 256K
[2.547s][info][gc,start     ] GC(8) Concurrent evacuation
[2.547s][info][gc,task      ] GC(8) Using 2 of 24 workers for concurrent evacuation
[2.549s][info][gc           ] GC(8) Concurrent evacuation 1.947ms
[2.549s][info][gc,start     ] GC(8) Pause Init Update Refs
[2.549s][info][gc,ergo      ] GC(8) Pacer for Update Refs. Used: 14391K, Free: 1704K, Non-Taxable: 170K, Alloc Tax Rate: 10.3x
[2.549s][info][gc           ] GC(8) Pause Init Update Refs 0.055ms
[2.549s][info][gc,start     ] GC(8) Concurrent update references
[2.549s][info][gc,task      ] GC(8) Using 2 of 24 workers for concurrent reference update
[2.564s][info][gc           ] GC(8) Concurrent update references 15.598ms
[2.565s][info][gc,start     ] GC(8) Pause Final Update Refs
[2.565s][info][gc,task      ] GC(8) Using 2 of 24 workers for final reference update
[2.565s][info][gc           ] GC(8) Pause Final Update Refs 0.272ms
[2.565s][info][gc,start     ] GC(8) Concurrent cleanup
[2.566s][info][gc           ] GC(8) Concurrent cleanup 14M->4M(16M) 0.983ms
[2.566s][info][gc           ] GC(8) Dat log --- cycle is complete
Current gc epoch: 8
heap: ______
capacity: 16777216
used: 5072088
committed: 16777216
bytes_allocated_since_gc_start: 514736
hot_size: 44429
cold_size: 40102
num_regions: 64
hot_region_count: 0
cold_region_count: 17
histogram: Placeholder

[2.566s][info][gc           ] GC(8) Obj count ac histogram
[2.566s][info][gc           ] GC(8) 	0: 6250
[2.566s][info][gc           ] GC(8) 	1: 0
[2.566s][info][gc           ] GC(8) 	2: 0
[2.566s][info][gc           ] GC(8) 	3: 0
[2.566s][info][gc           ] GC(8) 	4: 0
[2.566s][info][gc           ] GC(8) 	5: 0
[2.566s][info][gc           ] GC(8) 	6: 0
[2.566s][info][gc           ] GC(8) 	7: 0
[2.566s][info][gc           ] GC(8) 	8: 0
[2.566s][info][gc           ] GC(8) 	9: 0
[2.566s][info][gc           ] GC(8) 	10: 0
[2.566s][info][gc           ] GC(8) 	11: 0
[2.566s][info][gc           ] GC(8) 	12: 0
[2.566s][info][gc           ] GC(8) 	13: 2380
[2.566s][info][gc           ] GC(8) 	14: 2255
[2.566s][info][gc           ] GC(8) 	15: 0
[2.566s][info][gc           ] GC(8) 	16: 0
[2.566s][info][gc           ] GC(8) 	17: 0
[2.566s][info][gc           ] GC(8) 	18: 0
[2.566s][info][gc           ] GC(8) 	19: 0
[2.566s][info][gc           ] GC(8) Obj size ac histogram
[2.566s][info][gc           ] GC(8) 	0: 37117
[2.566s][info][gc           ] GC(8) 	1: 0
[2.566s][info][gc           ] GC(8) 	2: 0
[2.566s][info][gc           ] GC(8) 	3: 0
[2.566s][info][gc           ] GC(8) 	4: 0
[2.566s][info][gc           ] GC(8) 	5: 0
[2.566s][info][gc           ] GC(8) 	6: 0
[2.566s][info][gc           ] GC(8) 	7: 0
[2.566s][info][gc           ] GC(8) 	8: 0
[2.566s][info][gc           ] GC(8) 	9: 0
[2.566s][info][gc           ] GC(8) 	10: 0
[2.566s][info][gc           ] GC(8) 	11: 0
[2.566s][info][gc           ] GC(8) 	12: 0
[2.566s][info][gc           ] GC(8) 	13: 22468
[2.566s][info][gc           ] GC(8) 	14: 21345
[2.566s][info][gc           ] GC(8) 	15: 0
[2.566s][info][gc           ] GC(8) 	16: 0
[2.566s][info][gc           ] GC(8) 	17: 0
[2.566s][info][gc           ] GC(8) 	18: 0
[2.566s][info][gc           ] GC(8) 	19: 0
[2.566s][info][gc,ergo      ] Free: 10406K, Max: 256K regular, 4096K humongous, Frag: 59% external, 5% internal; Reserve: 1024K, Max: 256K
[2.566s][info][gc,stats     ] 
[2.566s][info][gc,stats     ] All times are wall-clock times, except per-root-class counters, that are sum over
[2.566s][info][gc,stats     ] all workers. Dividing the <total> over the root stage time estimates parallelism.
[2.566s][info][gc,stats     ] 
[2.566s][info][gc,stats     ] Concurrent Reset                    167 us
[2.566s][info][gc,stats     ] Pause Init Mark (G)                1848 us
[2.566s][info][gc,stats     ] Pause Init Mark (N)                1452 us
[2.566s][info][gc,stats     ]   Accumulate Stats                    3 us
[2.566s][info][gc,stats     ]   Make Parsable                      18 us
[2.566s][info][gc,stats     ]   Update Region States                1 us
[2.566s][info][gc,stats     ]   Scan Roots                       1360 us, parallelism: 1.31x
[2.566s][info][gc,stats     ]     S: <total>                     1775 us
[2.566s][info][gc,stats     ]     S: Thread Roots                 547 us, workers (us):   2, 545, ---, ---, ---, ---, ---, ---, ---, ---, ---, ---, ---, ---, ---, ---, ---, ---, ---, ---, ---, ---, ---, ---, 
[2.566s][info][gc,stats     ]     S: Universe Roots                20 us, workers (us):  20, ---, ---, ---, ---, ---, ---, ---, ---, ---, ---, ---, ---, ---, ---, ---, ---, ---, ---, ---, ---, ---, ---, ---, 
[2.566s][info][gc,stats     ]     S: JNI Handles Roots              4 us, workers (us):   4, ---, ---, ---, ---, ---, ---, ---, ---, ---, ---, ---, ---, ---, ---, ---, ---, ---, ---, ---, ---, ---, ---, ---, 
[2.566s][info][gc,stats     ]     S: Synchronizer Roots             1 us, workers (us): ---,   1, ---, ---, ---, ---, ---, ---, ---, ---, ---, ---, ---, ---, ---, ---, ---, ---, ---, ---, ---, ---, ---, ---, 
[2.566s][info][gc,stats     ]     S: Management Roots               2 us, workers (us): ---,   2, ---, ---, ---, ---, ---, ---, ---, ---, ---, ---, ---, ---, ---, ---, ---, ---, ---, ---, ---, ---, ---, ---, 
[2.566s][info][gc,stats     ]     S: System Dict Roots             28 us, workers (us): ---,  28, ---, ---, ---, ---, ---, ---, ---, ---, ---, ---, ---, ---, ---, ---, ---, ---, ---, ---, ---, ---, ---, ---, 
[2.566s][info][gc,stats     ]     S: CLDG Roots                  1172 us, workers (us): 1172, ---, ---, ---, ---, ---, ---, ---, ---, ---, ---, ---, ---, ---, ---, ---, ---, ---, ---, ---, ---, ---, ---, ---, 
[2.566s][info][gc,stats     ]     S: JVMTI Roots                    1 us, workers (us):   1, ---, ---, ---, ---, ---, ---, ---, ---, ---, ---, ---, ---, ---, ---, ---, ---, ---, ---, ---, ---, ---, ---, ---, 
[2.566s][info][gc,stats     ]   Resize TLABs                        4 us
[2.566s][info][gc,stats     ] Concurrent Marking                15744 us
[2.566s][info][gc,stats     ] Pause Final Mark (G)               2689 us
[2.566s][info][gc,stats     ] Pause Final Mark (N)               2570 us
[2.566s][info][gc,stats     ]   Finish Queues                      83 us
[2.566s][info][gc,stats     ]   System Purge                      224 us
[2.566s][info][gc,stats     ]     Weak Roots                      223 us
[2.566s][info][gc,stats     ]   Update Region States                2 us
[2.566s][info][gc,stats     ]   Retire TLABs                        2 us
[2.566s][info][gc,stats     ]   Choose Collection Set              26 us
[2.566s][info][gc,stats     ]   Rebuild Free Set                    2 us
[2.566s][info][gc,stats     ]   Initial Evacuation               2225 us, parallelism: 0.77x
[2.566s][info][gc,stats     ]     E: <total>                     1706 us
[2.566s][info][gc,stats     ]     E: Thread Roots                 497 us, workers (us): 495,   1, ---, ---, ---, ---, ---, ---, ---, ---, ---, ---, ---, ---, ---, ---, ---, ---, ---, ---, ---, ---, ---, ---, 
[2.566s][info][gc,stats     ]     E: Code Cache Roots               1 us, workers (us):   1,   0, ---, ---, ---, ---, ---, ---, ---, ---, ---, ---, ---, ---, ---, ---, ---, ---, ---, ---, ---, ---, ---, ---, 
[2.566s][info][gc,stats     ]     E: Universe Roots                 5 us, workers (us):   5, ---, ---, ---, ---, ---, ---, ---, ---, ---, ---, ---, ---, ---, ---, ---, ---, ---, ---, ---, ---, ---, ---, ---, 
[2.567s][info][gc,stats     ]     E: JNI Handles Roots              1 us, workers (us):   1, ---, ---, ---, ---, ---, ---, ---, ---, ---, ---, ---, ---, ---, ---, ---, ---, ---, ---, ---, ---, ---, ---, ---, 
[2.567s][info][gc,stats     ]     E: Synchronizer Roots             1 us, workers (us): ---,   1, ---, ---, ---, ---, ---, ---, ---, ---, ---, ---, ---, ---, ---, ---, ---, ---, ---, ---, ---, ---, ---, ---, 
[2.567s][info][gc,stats     ]     E: Management Roots               2 us, workers (us): ---,   2, ---, ---, ---, ---, ---, ---, ---, ---, ---, ---, ---, ---, ---, ---, ---, ---, ---, ---, ---, ---, ---, ---, 
[2.567s][info][gc,stats     ]     E: System Dict Roots             29 us, workers (us): ---,  29, ---, ---, ---, ---, ---, ---, ---, ---, ---, ---, ---, ---, ---, ---, ---, ---, ---, ---, ---, ---, ---, ---, 
[2.567s][info][gc,stats     ]     E: CLDG Roots                  1171 us, workers (us): ---, 1171, ---, ---, ---, ---, ---, ---, ---, ---, ---, ---, ---, ---, ---, ---, ---, ---, ---, ---, ---, ---, ---, ---, 
[2.567s][info][gc,stats     ]     E: JVMTI Roots                    1 us, workers (us):   1, ---, ---, ---, ---, ---, ---, ---, ---, ---, ---, ---, ---, ---, ---, ---, ---, ---, ---, ---, ---, ---, ---, ---, 
[2.567s][info][gc,stats     ] Concurrent Cleanup                   55 us
[2.567s][info][gc,stats     ] Concurrent Evacuation              1941 us
[2.567s][info][gc,stats     ] Pause Init  Update Refs (G)         217 us
[2.567s][info][gc,stats     ] Pause Init  Update Refs (N)          39 us
[2.567s][info][gc,stats     ]   Retire GCLABs                      30 us
[2.567s][info][gc,stats     ] Concurrent Update Refs            15588 us
[2.567s][info][gc,stats     ] Pause Final Update Refs (G)         505 us
[2.567s][info][gc,stats     ] Pause Final Update Refs (N)         248 us
[2.567s][info][gc,stats     ]   Update Roots                      233 us, parallelism: 1.09x
[2.567s][info][gc,stats     ]     UR: <total>                     254 us
[2.567s][info][gc,stats     ]     UR: Thread Roots                254 us, workers (us): 211,  43, ---, ---, ---, ---, ---, ---, ---, ---, ---, ---, ---, ---, ---, ---, ---, ---, ---, ---, ---, ---, ---, ---, 
[2.567s][info][gc,stats     ]   Update Region States                1 us
[2.567s][info][gc,stats     ]   Trash Collection Set                2 us
[2.567s][info][gc,stats     ]   Rebuild Free Set                    2 us
[2.567s][info][gc,stats     ] Concurrent Cleanup                  970 us
[2.567s][info][gc,stats     ] Pacing                            19165 us
[2.567s][info][gc,stats     ] 
[2.567s][info][gc,stats     ] Allocation pacing accrued:
[2.567s][info][gc,stats     ]      19 of   391 ms (  4.9%): main
[2.567s][info][gc,stats     ]      19 of   391 ms (  4.9%): <total>
[2.567s][info][gc,stats     ]       3 of   391 ms (  0.8%): <average total>
[2.567s][info][gc,stats     ]      19 of   391 ms (  4.9%): <average non-zero>
[2.567s][info][gc,stats     ] 
[2.567s][info][gc,metaspace ] Metaspace: 12569K->12569K(1060864K)
[2.567s][info][gc,ergo      ] Pacer for Idle. Initial: 327K, Alloc Tax Rate: 1.0x
[2.841s][info][gc           ] Trigger: Average GC time (42.77 ms) is above the time for allocation rate (28242 KB/s) to deplete free headroom (1182K)
[2.841s][info][gc,ergo      ] Free headroom: 2001K (free) - 819K (spike) - 0B (penalties) = 1182K
[2.842s][info][gc,ergo      ] Free: 2001K, Max: 256K regular, 1280K humongous, Frag: 17% external, 28% internal; Reserve: 1024K, Max: 256K
[2.842s][info][gc,start     ] GC(9) Concurrent reset
[2.842s][info][gc,task      ] GC(9) Using 2 of 24 workers for concurrent reset
[2.842s][info][gc,ergo      ] GC(9) Pacer for Reset. Non-Taxable: 16384K
[2.842s][info][gc           ] GC(9) Concurrent reset 0.175ms
[2.842s][info][gc,start     ] GC(9) Pause Init Mark
[2.842s][info][gc,task      ] GC(9) Using 2 of 24 workers for init marking
[2.846s][info][gc,ergo      ] GC(9) Pacer for Mark. Expected Live: 2981K, Free: 2001K, Non-Taxable: 200K, Alloc Tax Rate: 1.8x
[2.846s][info][gc           ] GC(9) Pause Init Mark 3.801ms
[2.846s][info][gc,start     ] GC(9) Concurrent marking
[2.846s][info][gc,task      ] GC(9) Using 2 of 24 workers for concurrent marking
[2.872s][info][gc           ] GC(9) Concurrent marking 26.206ms
[2.872s][info][gc,start     ] GC(9) Pause Final Mark
[2.872s][info][gc,task      ] GC(9) Using 2 of 24 workers for final marking
[2.873s][info][gc,ergo      ] GC(9) Adaptive CSet Selection. Target Free: 2321K, Actual Free: 2304K, Max CSet: 682K, Min Garbage: 17474B
[2.873s][info][gc,ergo      ] GC(9) Collectable Garbage: 4964K (62%), Immediate: 0B (0%), CSet: 4964K (62%)
[2.873s][info][gc,ergo      ] GC(9) Pacer for Evacuation. Used CSet: 5632K, Free: 1750K, Non-Taxable: 175K, Alloc Tax Rate: 7.9x
[2.873s][info][gc           ] GC(9) Pause Final Mark 1.190ms
[2.873s][info][gc,start     ] GC(9) Concurrent cleanup
[2.873s][info][gc           ] GC(9) Concurrent cleanup 13M->13M(16M) 0.031ms
[2.873s][info][gc,ergo      ] GC(9) Free: 1750K, Max: 256K regular, 1280K humongous, Frag: 0% external, 31% internal; Reserve: 1003K, Max: 256K
[2.873s][info][gc,start     ] GC(9) Concurrent evacuation
[2.873s][info][gc,task      ] GC(9) Using 2 of 24 workers for concurrent evacuation
[2.878s][info][gc           ] GC(9) Concurrent evacuation 4.200ms
[2.878s][info][gc,start     ] GC(9) Pause Init Update Refs
[2.878s][info][gc,ergo      ] GC(9) Pacer for Update Refs. Used: 14507K, Free: 1750K, Non-Taxable: 175K, Alloc Tax Rate: 10.1x
[2.878s][info][gc           ] GC(9) Pause Init Update Refs 0.062ms
[2.878s][info][gc,start     ] GC(9) Concurrent update references
[2.878s][info][gc,task      ] GC(9) Using 2 of 24 workers for concurrent reference update
[2.895s][info][gc           ] GC(9) Concurrent update references 17.188ms
[2.895s][info][gc,start     ] GC(9) Pause Final Update Refs
[2.895s][info][gc,task      ] GC(9) Using 2 of 24 workers for final reference update
[2.896s][info][gc           ] GC(9) Pause Final Update Refs 0.279ms
[2.896s][info][gc,start     ] GC(9) Concurrent cleanup
[2.896s][info][gc           ] GC(9) Concurrent cleanup 14M->8M(16M) 0.799ms
[2.896s][info][gc           ] GC(9) Dat log --- cycle is complete
Current gc epoch: 9
heap: ______
capacity: 16777216
used: 9394328
committed: 16777216
bytes_allocated_since_gc_start: 562992
hot_size: 30937
cold_size: 54456
num_regions: 64
hot_region_count: 1
cold_region_count: 19
histogram: Placeholder

[2.896s][info][gc           ] GC(9) Obj count ac histogram
[2.896s][info][gc           ] GC(9) 	0: 7550
[2.897s][info][gc           ] GC(9) 	1: 0
[2.897s][info][gc           ] GC(9) 	2: 0
[2.897s][info][gc           ] GC(9) 	3: 0
[2.897s][info][gc           ] GC(9) 	4: 0
[2.897s][info][gc           ] GC(9) 	5: 0
[2.897s][info][gc           ] GC(9) 	6: 0
[2.897s][info][gc           ] GC(9) 	7: 0
[2.897s][info][gc           ] GC(9) 	8: 0
[2.897s][info][gc           ] GC(9) 	9: 0
[2.897s][info][gc           ] GC(9) 	10: 0
[2.897s][info][gc           ] GC(9) 	11: 0
[2.897s][info][gc           ] GC(9) 	12: 0
[2.897s][info][gc           ] GC(9) 	13: 0
[2.897s][info][gc           ] GC(9) 	14: 2353
[2.897s][info][gc           ] GC(9) 	15: 0
[2.897s][info][gc           ] GC(9) 	16: 0
[2.897s][info][gc           ] GC(9) 	17: 0
[2.897s][info][gc           ] GC(9) 	18: 0
[2.897s][info][gc           ] GC(9) 	19: 0
[2.897s][info][gc           ] GC(9) Obj size ac histogram
[2.897s][info][gc           ] GC(9) 	0: 50722
[2.897s][info][gc           ] GC(9) 	1: 0
[2.897s][info][gc           ] GC(9) 	2: 0
[2.897s][info][gc           ] GC(9) 	3: 0
[2.897s][info][gc           ] GC(9) 	4: 0
[2.897s][info][gc           ] GC(9) 	5: 0
[2.897s][info][gc           ] GC(9) 	6: 0
[2.897s][info][gc           ] GC(9) 	7: 0
[2.897s][info][gc           ] GC(9) 	8: 0
[2.897s][info][gc           ] GC(9) 	9: 0
[2.897s][info][gc           ] GC(9) 	10: 0
[2.897s][info][gc           ] GC(9) 	11: 0
[2.897s][info][gc           ] GC(9) 	12: 0
[2.897s][info][gc           ] GC(9) 	13: 0
[2.897s][info][gc           ] GC(9) 	14: 30448
[2.897s][info][gc           ] GC(9) 	15: 0
[2.897s][info][gc           ] GC(9) 	16: 0
[2.897s][info][gc           ] GC(9) 	17: 0
[2.897s][info][gc           ] GC(9) 	18: 0
[2.897s][info][gc           ] GC(9) 	19: 0
[2.897s][info][gc,ergo      ] Free: 6185K, Max: 256K regular, 2048K humongous, Frag: 64% external, 10% internal; Reserve: 1024K, Max: 256K
[2.897s][info][gc,stats     ] 
[2.897s][info][gc,stats     ] All times are wall-clock times, except per-root-class counters, that are sum over
[2.897s][info][gc,stats     ] all workers. Dividing the <total> over the root stage time estimates parallelism.
[2.897s][info][gc,stats     ] 
[2.897s][info][gc,stats     ] Concurrent Reset                    160 us
[2.897s][info][gc,stats     ] Pause Init Mark (G)                4116 us
[2.897s][info][gc,stats     ] Pause Init Mark (N)                3773 us
[2.897s][info][gc,stats     ]   Accumulate Stats                    3 us
[2.897s][info][gc,stats     ]   Make Parsable                      22 us
[2.897s][info][gc,stats     ]   Update Region States                1 us
[2.897s][info][gc,stats     ]   Scan Roots                       3671 us, parallelism: 1.30x
[2.897s][info][gc,stats     ]     S: <total>                     4780 us
[2.897s][info][gc,stats     ]     S: Thread Roots                3579 us, workers (us):  54, 3525, ---, ---, ---, ---, ---, ---, ---, ---, ---, ---, ---, ---, ---, ---, ---, ---, ---, ---, ---, ---, ---, ---, 
[2.897s][info][gc,stats     ]     S: Universe Roots                18 us, workers (us):  18, ---, ---, ---, ---, ---, ---, ---, ---, ---, ---, ---, ---, ---, ---, ---, ---, ---, ---, ---, ---, ---, ---, ---, 
[2.897s][info][gc,stats     ]     S: JNI Handles Roots              3 us, workers (us):   3, ---, ---, ---, ---, ---, ---, ---, ---, ---, ---, ---, ---, ---, ---, ---, ---, ---, ---, ---, ---, ---, ---, ---, 
[2.897s][info][gc,stats     ]     S: Synchronizer Roots             0 us, workers (us):   0, ---, ---, ---, ---, ---, ---, ---, ---, ---, ---, ---, ---, ---, ---, ---, ---, ---, ---, ---, ---, ---, ---, ---, 
[2.897s][info][gc,stats     ]     S: Management Roots               1 us, workers (us):   1, ---, ---, ---, ---, ---, ---, ---, ---, ---, ---, ---, ---, ---, ---, ---, ---, ---, ---, ---, ---, ---, ---, ---, 
[2.897s][info][gc,stats     ]     S: System Dict Roots             22 us, workers (us):  22, ---, ---, ---, ---, ---, ---, ---, ---, ---, ---, ---, ---, ---, ---, ---, ---, ---, ---, ---, ---, ---, ---, ---, 
[2.897s][info][gc,stats     ]     S: CLDG Roots                  1155 us, workers (us): 1155, ---, ---, ---, ---, ---, ---, ---, ---, ---, ---, ---, ---, ---, ---, ---, ---, ---, ---, ---, ---, ---, ---, ---, 
[2.897s][info][gc,stats     ]     S: JVMTI Roots                    1 us, workers (us):   1, ---, ---, ---, ---, ---, ---, ---, ---, ---, ---, ---, ---, ---, ---, ---, ---, ---, ---, ---, ---, ---, ---, ---, 
[2.897s][info][gc,stats     ]   Resize TLABs                        3 us
[2.897s][info][gc,stats     ] Concurrent Marking                26160 us
[2.897s][info][gc,stats     ] Pause Final Mark (G)               1318 us
[2.897s][info][gc,stats     ] Pause Final Mark (N)               1153 us
[2.897s][info][gc,stats     ]   Finish Queues                     107 us
[2.897s][info][gc,stats     ]   System Purge                      412 us
[2.897s][info][gc,stats     ]     Weak Roots                      411 us
[2.897s][info][gc,stats     ]   Update Region States                2 us
[2.897s][info][gc,stats     ]   Retire TLABs                       27 us
[2.897s][info][gc,stats     ]   Choose Collection Set              38 us
[2.897s][info][gc,stats     ]   Rebuild Free Set                    4 us
[2.897s][info][gc,stats     ]   Initial Evacuation                549 us, parallelism: 0.92x
[2.897s][info][gc,stats     ]     E: <total>                      505 us
[2.897s][info][gc,stats     ]     E: Thread Roots                 128 us, workers (us):   1, 127, ---, ---, ---, ---, ---, ---, ---, ---, ---, ---, ---, ---, ---, ---, ---, ---, ---, ---, ---, ---, ---, ---, 
[2.897s][info][gc,stats     ]     E: Code Cache Roots               1 us, workers (us):   0,   1, ---, ---, ---, ---, ---, ---, ---, ---, ---, ---, ---, ---, ---, ---, ---, ---, ---, ---, ---, ---, ---, ---, 
[2.897s][info][gc,stats     ]     E: Universe Roots                 5 us, workers (us):   5, ---, ---, ---, ---, ---, ---, ---, ---, ---, ---, ---, ---, ---, ---, ---, ---, ---, ---, ---, ---, ---, ---, ---, 
[2.897s][info][gc,stats     ]     E: JNI Handles Roots              1 us, workers (us):   1, ---, ---, ---, ---, ---, ---, ---, ---, ---, ---, ---, ---, ---, ---, ---, ---, ---, ---, ---, ---, ---, ---, ---, 
[2.897s][info][gc,stats     ]     E: Synchronizer Roots             0 us, workers (us):   0, ---, ---, ---, ---, ---, ---, ---, ---, ---, ---, ---, ---, ---, ---, ---, ---, ---, ---, ---, ---, ---, ---, ---, 
[2.897s][info][gc,stats     ]     E: Management Roots               2 us, workers (us):   2, ---, ---, ---, ---, ---, ---, ---, ---, ---, ---, ---, ---, ---, ---, ---, ---, ---, ---, ---, ---, ---, ---, ---, 
[2.897s][info][gc,stats     ]     E: System Dict Roots             23 us, workers (us):  23, ---, ---, ---, ---, ---, ---, ---, ---, ---, ---, ---, ---, ---, ---, ---, ---, ---, ---, ---, ---, ---, ---, ---, 
[2.897s][info][gc,stats     ]     E: CLDG Roots                   343 us, workers (us): 343, ---, ---, ---, ---, ---, ---, ---, ---, ---, ---, ---, ---, ---, ---, ---, ---, ---, ---, ---, ---, ---, ---, ---, 
[2.897s][info][gc,stats     ]     E: JVMTI Roots                    1 us, workers (us):   1, ---, ---, ---, ---, ---, ---, ---, ---, ---, ---, ---, ---, ---, ---, ---, ---, ---, ---, ---, ---, ---, ---, ---, 
[2.897s][info][gc,stats     ] Concurrent Cleanup                    6 us
[2.897s][info][gc,stats     ] Concurrent Evacuation              4183 us
[2.897s][info][gc,stats     ] Pause Init  Update Refs (G)         209 us
[2.897s][info][gc,stats     ] Pause Init  Update Refs (N)          44 us
[2.897s][info][gc,stats     ]   Retire GCLABs                      32 us
[2.897s][info][gc,stats     ] Concurrent Update Refs            17163 us
[2.897s][info][gc,stats     ] Pause Final Update Refs (G)         518 us
[2.898s][info][gc,stats     ] Pause Final Update Refs (N)         247 us
[2.898s][info][gc,stats     ]   Update Roots                      221 us, parallelism: 1.08x
[2.898s][info][gc,stats     ]     UR: <total>                     238 us
[2.898s][info][gc,stats     ]     UR: Thread Roots                238 us, workers (us): 194,  44, ---, ---, ---, ---, ---, ---, ---, ---, ---, ---, ---, ---, ---, ---, ---, ---, ---, ---, ---, ---, ---, ---, 
[2.898s][info][gc,stats     ]   Update Region States                2 us
[2.898s][info][gc,stats     ]   Trash Collection Set                4 us
[2.898s][info][gc,stats     ]   Rebuild Free Set                    5 us
[2.898s][info][gc,stats     ] Concurrent Cleanup                  778 us
[2.898s][info][gc,stats     ] Pacing                            31806 us
[2.898s][info][gc,stats     ] 
[2.898s][info][gc,stats     ] Allocation pacing accrued:
[2.898s][info][gc,stats     ]      32 of   331 ms (  9.6%): main
[2.898s][info][gc,stats     ]      32 of   331 ms (  9.6%): <total>
[2.898s][info][gc,stats     ]       5 of   331 ms (  1.6%): <average total>
[2.898s][info][gc,stats     ]      32 of   331 ms (  9.6%): <average non-zero>
[2.898s][info][gc,stats     ] 
[2.898s][info][gc,metaspace ] Metaspace: 12968K->12968K(1060864K)
[2.898s][info][gc,ergo      ] Pacer for Idle. Initial: 327K, Alloc Tax Rate: 1.0x
[3.022s][info][gc           ] Trigger: Average GC time (45.77 ms) is above the time for allocation rate (26954 KB/s) to deplete free headroom (1062K)
[3.022s][info][gc,ergo      ] Free headroom: 1881K (free) - 819K (spike) - 0B (penalties) = 1062K
[3.022s][info][gc,ergo      ] Free: 1881K, Max: 256K regular, 1024K humongous, Frag: 20% external, 33% internal; Reserve: 1024K, Max: 256K
[3.022s][info][gc,start     ] GC(10) Concurrent reset
[3.022s][info][gc,task      ] GC(10) Using 2 of 24 workers for concurrent reset
[3.022s][info][gc,ergo      ] GC(10) Pacer for Reset. Non-Taxable: 16384K
[3.022s][info][gc           ] GC(10) Concurrent reset 0.211ms
[3.022s][info][gc,start     ] GC(10) Pause Init Mark (process weakrefs)
[3.022s][info][gc,task      ] GC(10) Using 2 of 24 workers for init marking
[3.024s][info][gc,ergo      ] GC(10) Pacer for Mark. Expected Live: 3678K, Free: 1881K, Non-Taxable: 188K, Alloc Tax Rate: 2.4x
[3.024s][info][gc           ] GC(10) Pause Init Mark (process weakrefs) 1.509ms
[3.024s][info][gc,start     ] GC(10) Concurrent marking (process weakrefs)
[3.024s][info][gc,task      ] GC(10) Using 2 of 24 workers for concurrent marking
[3.050s][info][gc           ] GC(10) Concurrent marking (process weakrefs) 26.821ms
[3.051s][info][gc,start     ] GC(10) Concurrent precleaning
[3.051s][info][gc,task      ] GC(10) Using 1 of 24 workers for concurrent preclean
[3.051s][info][gc,ergo      ] GC(10) Pacer for Precleaning. Non-Taxable: 16384K
[3.051s][info][gc           ] GC(10) Concurrent precleaning 0.953ms
[3.052s][info][gc,start     ] GC(10) Pause Final Mark (process weakrefs)
[3.052s][info][gc,task      ] GC(10) Using 2 of 24 workers for final marking
[3.052s][info][gc,ergo      ] GC(10) Adaptive CSet Selection. Target Free: 2321K, Actual Free: 2048K, Max CSet: 682K, Min Garbage: 273K
[3.052s][info][gc,ergo      ] GC(10) Collectable Garbage: 4247K (57%), Immediate: 0B (0%), CSet: 4247K (57%)
[3.053s][info][gc,ergo      ] GC(10) Pacer for Evacuation. Used CSet: 4864K, Free: 1577K, Non-Taxable: 157K, Alloc Tax Rate: 7.5x
[3.053s][info][gc           ] GC(10) Pause Final Mark (process weakrefs) 1.752ms
[3.053s][info][gc,start     ] GC(10) Concurrent cleanup
[3.054s][info][gc           ] GC(10) Concurrent cleanup 13M->13M(16M) 0.053ms
[3.054s][info][gc,ergo      ] GC(10) Free: 1454K, Max: 256K regular, 512K humongous, Frag: 34% external, 36% internal; Reserve: 1005K, Max: 256K
[3.054s][info][gc,start     ] GC(10) Concurrent evacuation
[3.054s][info][gc,task      ] GC(10) Using 2 of 24 workers for concurrent evacuation
[3.059s][info][gc           ] GC(10) Concurrent evacuation 5.107ms
[3.059s][info][gc,start     ] GC(10) Pause Init Update Refs
[3.059s][info][gc,ergo      ] GC(10) Pacer for Update Refs. Used: 14929K, Free: 1454K, Non-Taxable: 145K, Alloc Tax Rate: 12.5x
[3.059s][info][gc           ] GC(10) Pause Init Update Refs 0.125ms
[3.059s][info][gc,start     ] GC(10) Concurrent update references
[3.059s][info][gc,task      ] GC(10) Using 2 of 24 workers for concurrent reference update
[3.076s][info][gc           ] GC(10) Concurrent update references 16.854ms
[3.076s][info][gc,start     ] GC(10) Pause Final Update Refs
[3.076s][info][gc,task      ] GC(10) Using 2 of 24 workers for final reference update
[3.077s][info][gc           ] GC(10) Pause Final Update Refs 0.416ms
[3.077s][info][gc,start     ] GC(10) Concurrent cleanup
[3.078s][info][gc           ] GC(10) Concurrent cleanup 14M->10M(16M) 0.780ms
[3.078s][info][gc           ] GC(10) Dat log --- cycle is complete
Current gc epoch: 10
heap: ______
capacity: 16777216
used: 10696352
committed: 16777216
bytes_allocated_since_gc_start: 826712
hot_size: 35874
cold_size: 43080
num_regions: 64
hot_region_count: 3
cold_region_count: 21
histogram: Placeholder

[3.078s][info][gc           ] GC(10) Obj count ac histogram
[3.078s][info][gc           ] GC(10) 	0: 6776
[3.078s][info][gc           ] GC(10) 	1: 0
[3.078s][info][gc           ] GC(10) 	2: 0
[3.078s][info][gc           ] GC(10) 	3: 0
[3.078s][info][gc           ] GC(10) 	4: 0
[3.078s][info][gc           ] GC(10) 	5: 0
[3.078s][info][gc           ] GC(10) 	6: 0
[3.078s][info][gc           ] GC(10) 	7: 0
[3.078s][info][gc           ] GC(10) 	8: 0
[3.078s][info][gc           ] GC(10) 	9: 0
[3.078s][info][gc           ] GC(10) 	10: 0
[3.078s][info][gc           ] GC(10) 	11: 0
[3.078s][info][gc           ] GC(10) 	12: 0
[3.078s][info][gc           ] GC(10) 	13: 1168
[3.078s][info][gc           ] GC(10) 	14: 1577
[3.078s][info][gc           ] GC(10) 	15: 0
[3.078s][info][gc           ] GC(10) 	16: 0
[3.078s][info][gc           ] GC(10) 	17: 0
[3.078s][info][gc           ] GC(10) 	18: 0
[3.078s][info][gc           ] GC(10) 	19: 0
[3.078s][info][gc           ] GC(10) Obj size ac histogram
[3.078s][info][gc           ] GC(10) 	0: 41279
[3.078s][info][gc           ] GC(10) 	1: 0
[3.078s][info][gc           ] GC(10) 	2: 0
[3.078s][info][gc           ] GC(10) 	3: 0
[3.078s][info][gc           ] GC(10) 	4: 0
[3.078s][info][gc           ] GC(10) 	5: 0
[3.078s][info][gc           ] GC(10) 	6: 0
[3.078s][info][gc           ] GC(10) 	7: 0
[3.078s][info][gc           ] GC(10) 	8: 0
[3.078s][info][gc           ] GC(10) 	9: 0
[3.078s][info][gc           ] GC(10) 	10: 0
[3.078s][info][gc           ] GC(10) 	11: 0
[3.078s][info][gc           ] GC(10) 	12: 0
[3.078s][info][gc           ] GC(10) 	13: 10709
[3.078s][info][gc           ] GC(10) 	14: 25017
[3.078s][info][gc           ] GC(10) 	15: 0
[3.078s][info][gc           ] GC(10) 	16: 0
[3.078s][info][gc           ] GC(10) 	17: 0
[3.078s][info][gc           ] GC(10) 	18: 0
[3.078s][info][gc           ] GC(10) 	19: 0
[3.078s][info][gc,ergo      ] Free: 4914K, Max: 256K regular, 1792K humongous, Frag: 59% external, 16% internal; Reserve: 1024K, Max: 256K
[3.078s][info][gc,stats     ] 
[3.078s][info][gc,stats     ] All times are wall-clock times, except per-root-class counters, that are sum over
[3.078s][info][gc,stats     ] all workers. Dividing the <total> over the root stage time estimates parallelism.
[3.078s][info][gc,stats     ] 
[3.078s][info][gc,stats     ] Concurrent Reset                    194 us
[3.078s][info][gc,stats     ] Pause Init Mark (G)                1772 us
[3.078s][info][gc,stats     ] Pause Init Mark (N)                1476 us
[3.078s][info][gc,stats     ]   Accumulate Stats                    4 us
[3.078s][info][gc,stats     ]   Make Parsable                      24 us
[3.078s][info][gc,stats     ]   Update Region States                2 us
[3.078s][info][gc,stats     ]   Scan Roots                       1351 us, parallelism: 1.28x
[3.078s][info][gc,stats     ]     S: <total>                     1725 us
[3.078s][info][gc,stats     ]     S: Thread Roots                 468 us, workers (us):   2, 466, ---, ---, ---, ---, ---, ---, ---, ---, ---, ---, ---, ---, ---, ---, ---, ---, ---, ---, ---, ---, ---, ---, 
[3.078s][info][gc,stats     ]     S: Universe Roots                18 us, workers (us):  18, ---, ---, ---, ---, ---, ---, ---, ---, ---, ---, ---, ---, ---, ---, ---, ---, ---, ---, ---, ---, ---, ---, ---, 
[3.078s][info][gc,stats     ]     S: JNI Handles Roots              3 us, workers (us):   3, ---, ---, ---, ---, ---, ---, ---, ---, ---, ---, ---, ---, ---, ---, ---, ---, ---, ---, ---, ---, ---, ---, ---, 
[3.078s][info][gc,stats     ]     S: Synchronizer Roots             0 us, workers (us): ---,   0, ---, ---, ---, ---, ---, ---, ---, ---, ---, ---, ---, ---, ---, ---, ---, ---, ---, ---, ---, ---, ---, ---, 
[3.078s][info][gc,stats     ]     S: Management Roots               2 us, workers (us): ---,   2, ---, ---, ---, ---, ---, ---, ---, ---, ---, ---, ---, ---, ---, ---, ---, ---, ---, ---, ---, ---, ---, ---, 
[3.078s][info][gc,stats     ]     S: System Dict Roots             26 us, workers (us): ---,  26, ---, ---, ---, ---, ---, ---, ---, ---, ---, ---, ---, ---, ---, ---, ---, ---, ---, ---, ---, ---, ---, ---, 
[3.078s][info][gc,stats     ]     S: CLDG Roots                  1207 us, workers (us): 1207, ---, ---, ---, ---, ---, ---, ---, ---, ---, ---, ---, ---, ---, ---, ---, ---, ---, ---, ---, ---, ---, ---, ---, 
[3.078s][info][gc,stats     ]     S: JVMTI Roots                    1 us, workers (us):   1, ---, ---, ---, ---, ---, ---, ---, ---, ---, ---, ---, ---, ---, ---, ---, ---, ---, ---, ---, ---, ---, ---, ---, 
[3.078s][info][gc,stats     ]   Resize TLABs                        5 us
[3.078s][info][gc,stats     ] Concurrent Marking                26794 us
[3.078s][info][gc,stats     ] Concurrent Precleaning              934 us
[3.078s][info][gc,stats     ] Pause Final Mark (G)               1962 us
[3.078s][info][gc,stats     ] Pause Final Mark (N)               1721 us
[3.078s][info][gc,stats     ]   Finish Queues                      82 us
[3.078s][info][gc,stats     ]   Weak References                   342 us
[3.078s][info][gc,stats     ]     Process                         336 us
[3.078s][info][gc,stats     ]   System Purge                      229 us
[3.078s][info][gc,stats     ]     Weak Roots                      229 us
[3.078s][info][gc,stats     ]   Update Region States                3 us
[3.078s][info][gc,stats     ]   Retire TLABs                        7 us
[3.078s][info][gc,stats     ]   Choose Collection Set              55 us
[3.078s][info][gc,stats     ]   Rebuild Free Set                    5 us
[3.078s][info][gc,stats     ]   Initial Evacuation                981 us, parallelism: 1.04x
[3.078s][info][gc,stats     ]     E: <total>                     1019 us
[3.079s][info][gc,stats     ]     E: Thread Roots                 663 us, workers (us): 624,  39, ---, ---, ---, ---, ---, ---, ---, ---, ---, ---, ---, ---, ---, ---, ---, ---, ---, ---, ---, ---, ---, ---, 
[3.079s][info][gc,stats     ]     E: Code Cache Roots               1 us, workers (us):   1,   1, ---, ---, ---, ---, ---, ---, ---, ---, ---, ---, ---, ---, ---, ---, ---, ---, ---, ---, ---, ---, ---, ---, 
[3.079s][info][gc,stats     ]     E: Universe Roots                16 us, workers (us):  16, ---, ---, ---, ---, ---, ---, ---, ---, ---, ---, ---, ---, ---, ---, ---, ---, ---, ---, ---, ---, ---, ---, ---, 
[3.079s][info][gc,stats     ]     E: JNI Handles Roots              2 us, workers (us): ---,   2, ---, ---, ---, ---, ---, ---, ---, ---, ---, ---, ---, ---, ---, ---, ---, ---, ---, ---, ---, ---, ---, ---, 
[3.079s][info][gc,stats     ]     E: Synchronizer Roots             0 us, workers (us):   0, ---, ---, ---, ---, ---, ---, ---, ---, ---, ---, ---, ---, ---, ---, ---, ---, ---, ---, ---, ---, ---, ---, ---, 
[3.079s][info][gc,stats     ]     E: Management Roots               2 us, workers (us):   2, ---, ---, ---, ---, ---, ---, ---, ---, ---, ---, ---, ---, ---, ---, ---, ---, ---, ---, ---, ---, ---, ---, ---, 
[3.079s][info][gc,stats     ]     E: System Dict Roots             11 us, workers (us):  11, ---, ---, ---, ---, ---, ---, ---, ---, ---, ---, ---, ---, ---, ---, ---, ---, ---, ---, ---, ---, ---, ---, ---, 
[3.079s][info][gc,stats     ]     E: CLDG Roots                   322 us, workers (us): ---, 322, ---, ---, ---, ---, ---, ---, ---, ---, ---, ---, ---, ---, ---, ---, ---, ---, ---, ---, ---, ---, ---, ---, 
[3.079s][info][gc,stats     ]     E: JVMTI Roots                    1 us, workers (us): ---,   1, ---, ---, ---, ---, ---, ---, ---, ---, ---, ---, ---, ---, ---, ---, ---, ---, ---, ---, ---, ---, ---, ---, 
[3.079s][info][gc,stats     ] Concurrent Cleanup                    6 us
[3.079s][info][gc,stats     ] Concurrent Evacuation              5089 us
[3.079s][info][gc,stats     ] Pause Init  Update Refs (G)         381 us
[3.079s][info][gc,stats     ] Pause Init  Update Refs (N)          90 us
[3.079s][info][gc,stats     ]   Retire GCLABs                      71 us
[3.079s][info][gc,stats     ] Concurrent Update Refs            16829 us
[3.079s][info][gc,stats     ] Pause Final Update Refs (G)         786 us
[3.079s][info][gc,stats     ] Pause Final Update Refs (N)         373 us
[3.079s][info][gc,stats     ]   Update Roots                      339 us, parallelism: 1.04x
[3.079s][info][gc,stats     ]     UR: <total>                     351 us
[3.079s][info][gc,stats     ]     UR: Thread Roots                351 us, workers (us): 298,  54, ---, ---, ---, ---, ---, ---, ---, ---, ---, ---, ---, ---, ---, ---, ---, ---, ---, ---, ---, ---, ---, ---, 
[3.079s][info][gc,stats     ]   Update Region States                4 us
[3.079s][info][gc,stats     ]   Trash Collection Set                4 us
[3.079s][info][gc,stats     ]   Rebuild Free Set                    6 us
[3.079s][info][gc,stats     ] Concurrent Cleanup                  753 us
[3.079s][info][gc,stats     ] Pacing                            11567 us
[3.079s][info][gc,stats     ] 
[3.079s][info][gc,stats     ] Allocation pacing accrued:
[3.079s][info][gc,stats     ]      12 of   181 ms (  6.4%): main
[3.079s][info][gc,stats     ]      12 of   181 ms (  6.4%): <total>
[3.079s][info][gc,stats     ]       2 of   181 ms (  1.1%): <average total>
[3.079s][info][gc,stats     ]      12 of   181 ms (  6.4%): <average non-zero>
[3.079s][info][gc,stats     ] 
[3.079s][info][gc,metaspace ] Metaspace: 12968K->12968K(1060864K)
[3.079s][info][gc,ergo      ] Pacer for Idle. Initial: 327K, Alloc Tax Rate: 1.0x
[3.203s][info][gc           ] Trigger: Average GC time (46.88 ms) is above the time for allocation rate (22087 KB/s) to deplete free headroom (899K)
[3.203s][info][gc,ergo      ] Free headroom: 1718K (free) - 819K (spike) - 0B (penalties) = 899K
[3.203s][info][gc,ergo      ] Free: 1718K, Max: 256K regular, 1024K humongous, Frag: 0% external, 38% internal; Reserve: 1024K, Max: 256K
[3.203s][info][gc,start     ] GC(11) Concurrent reset
[3.203s][info][gc,task      ] GC(11) Using 2 of 24 workers for concurrent reset
[3.203s][info][gc,ergo      ] GC(11) Pacer for Reset. Non-Taxable: 16384K
[3.203s][info][gc           ] GC(11) Concurrent reset 0.244ms
[3.204s][info][gc,start     ] GC(11) Pause Init Mark
[3.204s][info][gc,task      ] GC(11) Using 2 of 24 workers for init marking
[3.205s][info][gc,ergo      ] GC(11) Pacer for Mark. Expected Live: 4286K, Free: 1718K, Non-Taxable: 171K, Alloc Tax Rate: 3.0x
[3.205s][info][gc           ] GC(11) Pause Init Mark 1.605ms
[3.205s][info][gc,start     ] GC(11) Concurrent marking
[3.205s][info][gc,task      ] GC(11) Using 2 of 24 workers for concurrent marking
[3.236s][info][gc           ] GC(11) Concurrent marking 30.597ms
[3.236s][info][gc,start     ] GC(11) Pause Final Mark
[3.236s][info][gc,task      ] GC(11) Using 2 of 24 workers for final marking
[3.237s][info][gc,ergo      ] GC(11) Adaptive CSet Selection. Target Free: 2321K, Actual Free: 1792K, Max CSet: 682K, Min Garbage: 529K
[3.237s][info][gc,ergo      ] GC(11) Collectable Garbage: 3988K (55%), Immediate: 0B (0%), CSet: 3988K (55%)
[3.237s][info][gc,ergo      ] GC(11) Pacer for Evacuation. Used CSet: 4599K, Free: 1479K, Non-Taxable: 147K, Alloc Tax Rate: 7.6x
[3.237s][info][gc           ] GC(11) Pause Final Mark 1.109ms
[3.237s][info][gc,start     ] GC(11) Concurrent cleanup
[3.237s][info][gc           ] GC(11) Concurrent cleanup 13M->13M(16M) 0.033ms
[3.237s][info][gc,ergo      ] GC(11) Free: 1381K, Max: 256K regular, 768K humongous, Frag: 0% external, 40% internal; Reserve: 1003K, Max: 256K
[3.237s][info][gc,start     ] GC(11) Concurrent evacuation
[3.237s][info][gc,task      ] GC(11) Using 2 of 24 workers for concurrent evacuation
[3.242s][info][gc           ] GC(11) Concurrent evacuation 4.437ms
[3.242s][info][gc,start     ] GC(11) Pause Init Update Refs
[3.242s][info][gc,ergo      ] GC(11) Pacer for Update Refs. Used: 15006K, Free: 1321K, Non-Taxable: 132K, Alloc Tax Rate: 13.9x
[3.242s][info][gc           ] GC(11) Pause Init Update Refs 0.112ms
[3.242s][info][gc,start     ] GC(11) Concurrent update references
[3.242s][info][gc,task      ] GC(11) Using 2 of 24 workers for concurrent reference update
[3.264s][info][gc           ] GC(11) Concurrent update references 22.304ms
[3.265s][info][gc,start     ] GC(11) Pause Final Update Refs
[3.265s][info][gc,task      ] GC(11) Using 2 of 24 workers for final reference update
[3.265s][info][gc           ] GC(11) Pause Final Update Refs 0.306ms
[3.265s][info][gc,start     ] GC(11) Concurrent cleanup
[3.266s][info][gc           ] GC(11) Concurrent cleanup 15M->10M(16M) 0.744ms
[3.266s][info][gc           ] GC(11) Dat log --- cycle is complete
Current gc epoch: 11
heap: ______
capacity: 16777216
used: 11221440
committed: 16777216
bytes_allocated_since_gc_start: 961840
hot_size: 13348
cold_size: 64893
num_regions: 64
hot_region_count: 2
cold_region_count: 24
histogram: Placeholder

[3.266s][info][gc           ] GC(11) Obj count ac histogram
[3.266s][info][gc           ] GC(11) 	0: 8473
[3.266s][info][gc           ] GC(11) 	1: 0
[3.266s][info][gc           ] GC(11) 	2: 0
[3.266s][info][gc           ] GC(11) 	3: 0
[3.266s][info][gc           ] GC(11) 	4: 0
[3.266s][info][gc           ] GC(11) 	5: 0
[3.266s][info][gc           ] GC(11) 	6: 0
[3.266s][info][gc           ] GC(11) 	7: 0
[3.266s][info][gc           ] GC(11) 	8: 0
[3.266s][info][gc           ] GC(11) 	9: 0
[3.266s][info][gc           ] GC(11) 	10: 0
[3.266s][info][gc           ] GC(11) 	11: 0
[3.266s][info][gc           ] GC(11) 	12: 0
[3.266s][info][gc           ] GC(11) 	13: 425
[3.266s][info][gc           ] GC(11) 	14: 730
[3.266s][info][gc           ] GC(11) 	15: 0
[3.266s][info][gc           ] GC(11) 	16: 0
[3.266s][info][gc           ] GC(11) 	17: 0
[3.266s][info][gc           ] GC(11) 	18: 0
[3.266s][info][gc           ] GC(11) 	19: 0
[3.266s][info][gc           ] GC(11) Obj size ac histogram
[3.266s][info][gc           ] GC(11) 	0: 60370
[3.266s][info][gc           ] GC(11) 	1: 0
[3.266s][info][gc           ] GC(11) 	2: 0
[3.266s][info][gc           ] GC(11) 	3: 0
[3.266s][info][gc           ] GC(11) 	4: 0
[3.266s][info][gc           ] GC(11) 	5: 0
[3.266s][info][gc           ] GC(11) 	6: 0
[3.266s][info][gc           ] GC(11) 	7: 0
[3.266s][info][gc           ] GC(11) 	8: 0
[3.266s][info][gc           ] GC(11) 	9: 0
[3.266s][info][gc           ] GC(11) 	10: 0
[3.266s][info][gc           ] GC(11) 	11: 0
[3.266s][info][gc           ] GC(11) 	12: 0
[3.266s][info][gc           ] GC(11) 	13: 4465
[3.266s][info][gc           ] GC(11) 	14: 8827
[3.266s][info][gc           ] GC(11) 	15: 0
[3.266s][info][gc           ] GC(11) 	16: 0
[3.266s][info][gc           ] GC(11) 	17: 0
[3.266s][info][gc           ] GC(11) 	18: 0
[3.266s][info][gc           ] GC(11) 	19: 0
[3.266s][info][gc,ergo      ] Free: 4401K, Max: 256K regular, 1280K humongous, Frag: 65% external, 21% internal; Reserve: 1024K, Max: 256K
[3.266s][info][gc,stats     ] 
[3.266s][info][gc,stats     ] All times are wall-clock times, except per-root-class counters, that are sum over
[3.266s][info][gc,stats     ] all workers. Dividing the <total> over the root stage time estimates parallelism.
[3.266s][info][gc,stats     ] 
[3.266s][info][gc,stats     ] Concurrent Reset                    222 us
[3.266s][info][gc,stats     ] Pause Init Mark (G)                2057 us
[3.266s][info][gc,stats     ] Pause Init Mark (N)                1554 us
[3.266s][info][gc,stats     ]   Accumulate Stats                    6 us
[3.266s][info][gc,stats     ]   Make Parsable                      24 us
[3.266s][info][gc,stats     ]   Update Region States                2 us
[3.266s][info][gc,stats     ]   Scan Roots                       1397 us, parallelism: 1.64x
[3.266s][info][gc,stats     ]     S: <total>                     2289 us
[3.266s][info][gc,stats     ]     S: Thread Roots                1034 us, workers (us): 1033,   1, ---, ---, ---, ---, ---, ---, ---, ---, ---, ---, ---, ---, ---, ---, ---, ---, ---, ---, ---, ---, ---, ---, 
[3.267s][info][gc,stats     ]     S: Universe Roots                18 us, workers (us): ---,  18, ---, ---, ---, ---, ---, ---, ---, ---, ---, ---, ---, ---, ---, ---, ---, ---, ---, ---, ---, ---, ---, ---, 
[3.267s][info][gc,stats     ]     S: JNI Handles Roots              4 us, workers (us): ---,   4, ---, ---, ---, ---, ---, ---, ---, ---, ---, ---, ---, ---, ---, ---, ---, ---, ---, ---, ---, ---, ---, ---, 
[3.267s][info][gc,stats     ]     S: Synchronizer Roots             1 us, workers (us):   1, ---, ---, ---, ---, ---, ---, ---, ---, ---, ---, ---, ---, ---, ---, ---, ---, ---, ---, ---, ---, ---, ---, ---, 
[3.267s][info][gc,stats     ]     S: Management Roots               2 us, workers (us):   2, ---, ---, ---, ---, ---, ---, ---, ---, ---, ---, ---, ---, ---, ---, ---, ---, ---, ---, ---, ---, ---, ---, ---, 
[3.267s][info][gc,stats     ]     S: System Dict Roots             21 us, workers (us):  21, ---, ---, ---, ---, ---, ---, ---, ---, ---, ---, ---, ---, ---, ---, ---, ---, ---, ---, ---, ---, ---, ---, ---, 
[3.267s][info][gc,stats     ]     S: CLDG Roots                  1209 us, workers (us): ---, 1209, ---, ---, ---, ---, ---, ---, ---, ---, ---, ---, ---, ---, ---, ---, ---, ---, ---, ---, ---, ---, ---, ---, 
[3.267s][info][gc,stats     ]     S: JVMTI Roots                    1 us, workers (us): ---,   1, ---, ---, ---, ---, ---, ---, ---, ---, ---, ---, ---, ---, ---, ---, ---, ---, ---, ---, ---, ---, ---, ---, 
[3.267s][info][gc,stats     ]   Resize TLABs                        6 us
[3.267s][info][gc,stats     ] Concurrent Marking                30546 us
[3.267s][info][gc,stats     ] Pause Final Mark (G)               1284 us
[3.267s][info][gc,stats     ] Pause Final Mark (N)               1068 us
[3.267s][info][gc,stats     ]   Finish Queues                      99 us
[3.267s][info][gc,stats     ]   System Purge                      280 us
[3.267s][info][gc,stats     ]     Weak Roots                      279 us
[3.267s][info][gc,stats     ]   Update Region States                4 us
[3.267s][info][gc,stats     ]   Retire TLABs                       13 us
[3.267s][info][gc,stats     ]   Choose Collection Set              64 us
[3.267s][info][gc,stats     ]   Rebuild Free Set                    7 us
[3.267s][info][gc,stats     ]   Initial Evacuation                577 us, parallelism: 0.78x
[3.267s][info][gc,stats     ]     E: <total>                      452 us
[3.267s][info][gc,stats     ]     E: Thread Roots                  81 us, workers (us):   1,  80, ---, ---, ---, ---, ---, ---, ---, ---, ---, ---, ---, ---, ---, ---, ---, ---, ---, ---, ---, ---, ---, ---, 
[3.267s][info][gc,stats     ]     E: Code Cache Roots               1 us, workers (us):   0,   1, ---, ---, ---, ---, ---, ---, ---, ---, ---, ---, ---, ---, ---, ---, ---, ---, ---, ---, ---, ---, ---, ---, 
[3.267s][info][gc,stats     ]     E: Universe Roots                 6 us, workers (us):   6, ---, ---, ---, ---, ---, ---, ---, ---, ---, ---, ---, ---, ---, ---, ---, ---, ---, ---, ---, ---, ---, ---, ---, 
[3.267s][info][gc,stats     ]     E: JNI Handles Roots              1 us, workers (us):   1, ---, ---, ---, ---, ---, ---, ---, ---, ---, ---, ---, ---, ---, ---, ---, ---, ---, ---, ---, ---, ---, ---, ---, 
[3.267s][info][gc,stats     ]     E: Synchronizer Roots             0 us, workers (us):   0, ---, ---, ---, ---, ---, ---, ---, ---, ---, ---, ---, ---, ---, ---, ---, ---, ---, ---, ---, ---, ---, ---, ---, 
[3.267s][info][gc,stats     ]     E: Management Roots               2 us, workers (us):   2, ---, ---, ---, ---, ---, ---, ---, ---, ---, ---, ---, ---, ---, ---, ---, ---, ---, ---, ---, ---, ---, ---, ---, 
[3.267s][info][gc,stats     ]     E: System Dict Roots             25 us, workers (us):  25, ---, ---, ---, ---, ---, ---, ---, ---, ---, ---, ---, ---, ---, ---, ---, ---, ---, ---, ---, ---, ---, ---, ---, 
[3.267s][info][gc,stats     ]     E: CLDG Roots                   334 us, workers (us): 334, ---, ---, ---, ---, ---, ---, ---, ---, ---, ---, ---, ---, ---, ---, ---, ---, ---, ---, ---, ---, ---, ---, ---, 
[3.267s][info][gc,stats     ]     E: JVMTI Roots                    1 us, workers (us):   1, ---, ---, ---, ---, ---, ---, ---, ---, ---, ---, ---, ---, ---, ---, ---, ---, ---, ---, ---, ---, ---, ---, ---, 
[3.267s][info][gc,stats     ] Concurrent Cleanup                    6 us
[3.267s][info][gc,stats     ] Concurrent Evacuation              4419 us
[3.267s][info][gc,stats     ] Pause Init  Update Refs (G)         326 us
[3.267s][info][gc,stats     ] Pause Init  Update Refs (N)          82 us
[3.267s][info][gc,stats     ]   Retire GCLABs                      62 us
[3.267s][info][gc,stats     ] Concurrent Update Refs            22276 us
[3.267s][info][gc,stats     ] Pause Final Update Refs (G)         592 us
[3.267s][info][gc,stats     ] Pause Final Update Refs (N)         263 us
[3.267s][info][gc,stats     ]   Update Roots                      227 us, parallelism: 0.97x
[3.267s][info][gc,stats     ]     UR: <total>                     221 us
[3.267s][info][gc,stats     ]     UR: Thread Roots                221 us, workers (us): 199,  22, ---, ---, ---, ---, ---, ---, ---, ---, ---, ---, ---, ---, ---, ---, ---, ---, ---, ---, ---, ---, ---, ---, 
[3.267s][info][gc,stats     ]   Update Region States                3 us
[3.267s][info][gc,stats     ]   Trash Collection Set                5 us
[3.267s][info][gc,stats     ]   Rebuild Free Set                    7 us
[3.267s][info][gc,stats     ] Concurrent Cleanup                  721 us
[3.267s][info][gc,stats     ] Pacing                            23072 us
[3.267s][info][gc,stats     ] 
[3.267s][info][gc,stats     ] Allocation pacing accrued:
[3.267s][info][gc,stats     ]      23 of   188 ms ( 12.3%): main
[3.267s][info][gc,stats     ]      23 of   188 ms ( 12.3%): <total>
[3.267s][info][gc,stats     ]       4 of   188 ms (  2.0%): <average total>
[3.267s][info][gc,stats     ]      23 of   188 ms ( 12.3%): <average non-zero>
[3.267s][info][gc,stats     ] 
[3.267s][info][gc,metaspace ] Metaspace: 13126K->13126K(1060864K)
[3.267s][info][gc,ergo      ] Pacer for Idle. Initial: 327K, Alloc Tax Rate: 1.0x
[3.362s][info][gc           ] Trigger: Average GC time (51.12 ms) is above the time for allocation rate (22080 KB/s) to deplete free headroom (1022K)
[3.362s][info][gc,ergo      ] Free headroom: 1841K (free) - 819K (spike) - 0B (penalties) = 1022K
[3.362s][info][gc,ergo      ] Free: 1841K, Max: 256K regular, 512K humongous, Frag: 50% external, 40% internal; Reserve: 1024K, Max: 256K
[3.362s][info][gc,start     ] GC(12) Concurrent reset
[3.362s][info][gc,task      ] GC(12) Using 2 of 24 workers for concurrent reset
[3.362s][info][gc,ergo      ] GC(12) Pacer for Reset. Non-Taxable: 16384K
[3.362s][info][gc           ] GC(12) Concurrent reset 0.205ms
[3.362s][info][gc,start     ] GC(12) Pause Init Mark
[3.362s][info][gc,task      ] GC(12) Using 2 of 24 workers for init marking
[3.365s][info][gc,ergo      ] GC(12) Pacer for Mark. Expected Live: 4956K, Free: 1841K, Non-Taxable: 184K, Alloc Tax Rate: 3.3x
[3.365s][info][gc           ] GC(12) Pause Init Mark 2.747ms
[3.365s][info][gc,start     ] GC(12) Concurrent marking
[3.365s][info][gc,task      ] GC(12) Using 2 of 24 workers for concurrent marking
[3.395s][info][gc           ] GC(12) Concurrent marking 29.868ms
[3.395s][info][gc,start     ] GC(12) Pause Final Mark
[3.395s][info][gc,task      ] GC(12) Using 2 of 24 workers for final marking
[3.395s][info][gc,ergo      ] GC(12) Adaptive CSet Selection. Target Free: 2321K, Actual Free: 1792K, Max CSet: 682K, Min Garbage: 529K
[3.395s][info][gc,ergo      ] GC(12) Collectable Garbage: 3709K (55%), Immediate: 0B (0%), CSet: 3709K (55%)
[3.396s][info][gc,ergo      ] GC(12) Pacer for Evacuation. Used CSet: 4352K, Free: 1503K, Non-Taxable: 150K, Alloc Tax Rate: 7.1x
[3.396s][info][gc           ] GC(12) Pause Final Mark 1.009ms
[3.396s][info][gc,start     ] GC(12) Concurrent cleanup
[3.396s][info][gc           ] GC(12) Concurrent cleanup 13M->13M(16M) 0.023ms
[3.396s][info][gc,ergo      ] GC(12) Free: 1427K, Max: 256K regular, 512K humongous, Frag: 34% external, 44% internal; Reserve: 1007K, Max: 256K
[3.396s][info][gc,start     ] GC(12) Concurrent evacuation
[3.396s][info][gc,task      ] GC(12) Using 2 of 24 workers for concurrent evacuation
[3.400s][info][gc           ] GC(12) Concurrent evacuation 3.459ms
[3.400s][info][gc,start     ] GC(12) Pause Init Update Refs
[3.400s][info][gc,ergo      ] GC(12) Pacer for Update Refs. Used: 14824K, Free: 1368K, Non-Taxable: 136K, Alloc Tax Rate: 13.2x
[3.400s][info][gc           ] GC(12) Pause Init Update Refs 0.101ms
[3.400s][info][gc,start     ] GC(12) Concurrent update references
[3.400s][info][gc,task      ] GC(12) Using 2 of 24 workers for concurrent reference update
[3.419s][info][gc           ] GC(12) Concurrent update references 19.374ms
[3.420s][info][gc,start     ] GC(12) Pause Final Update Refs
[3.420s][info][gc,task      ] GC(12) Using 2 of 24 workers for final reference update
[3.420s][info][gc           ] GC(12) Pause Final Update Refs 0.619ms
[3.420s][info][gc,start     ] GC(12) Concurrent cleanup
[3.421s][info][gc           ] GC(12) Concurrent cleanup 14M->10M(16M) 0.476ms
[3.421s][info][gc           ] GC(12) Dat log --- cycle is complete
Current gc epoch: 12
heap: ______
capacity: 16777216
used: 11247992
committed: 16777216
bytes_allocated_since_gc_start: 1008592
hot_size: 28821
cold_size: 53359
num_regions: 64
hot_region_count: 3
cold_region_count: 26
histogram: Placeholder

[3.421s][info][gc           ] GC(12) Obj count ac histogram
[3.421s][info][gc           ] GC(12) 	0: 7862
[3.421s][info][gc           ] GC(12) 	1: 0
[3.421s][info][gc           ] GC(12) 	2: 0
[3.421s][info][gc           ] GC(12) 	3: 0
[3.421s][info][gc           ] GC(12) 	4: 0
[3.421s][info][gc           ] GC(12) 	5: 0
[3.421s][info][gc           ] GC(12) 	6: 0
[3.421s][info][gc           ] GC(12) 	7: 0
[3.421s][info][gc           ] GC(12) 	8: 0
[3.421s][info][gc           ] GC(12) 	9: 0
[3.421s][info][gc           ] GC(12) 	10: 0
[3.421s][info][gc           ] GC(12) 	11: 0
[3.421s][info][gc           ] GC(12) 	12: 0
[3.421s][info][gc           ] GC(12) 	13: 1356
[3.421s][info][gc           ] GC(12) 	14: 1048
[3.421s][info][gc           ] GC(12) 	15: 0
[3.421s][info][gc           ] GC(12) 	16: 0
[3.421s][info][gc           ] GC(12) 	17: 0
[3.421s][info][gc           ] GC(12) 	18: 0
[3.421s][info][gc           ] GC(12) 	19: 0
[3.421s][info][gc           ] GC(12) Obj size ac histogram
[3.421s][info][gc           ] GC(12) 	0: 49429
[3.421s][info][gc           ] GC(12) 	1: 0
[3.421s][info][gc           ] GC(12) 	2: 0
[3.421s][info][gc           ] GC(12) 	3: 0
[3.421s][info][gc           ] GC(12) 	4: 0
[3.421s][info][gc           ] GC(12) 	5: 0
[3.421s][info][gc           ] GC(12) 	6: 0
[3.421s][info][gc           ] GC(12) 	7: 0
[3.421s][info][gc           ] GC(12) 	8: 0
[3.421s][info][gc           ] GC(12) 	9: 0
[3.421s][info][gc           ] GC(12) 	10: 0
[3.421s][info][gc           ] GC(12) 	11: 0
[3.421s][info][gc           ] GC(12) 	12: 0
[3.421s][info][gc           ] GC(12) 	13: 15750
[3.421s][info][gc           ] GC(12) 	14: 12884
[3.421s][info][gc           ] GC(12) 	15: 0
[3.421s][info][gc           ] GC(12) 	16: 0
[3.421s][info][gc           ] GC(12) 	17: 0
[3.421s][info][gc           ] GC(12) 	18: 0
[3.421s][info][gc           ] GC(12) 	19: 0
[3.421s][info][gc,ergo      ] Free: 4285K, Max: 256K regular, 1280K humongous, Frag: 62% external, 20% internal; Reserve: 1024K, Max: 256K
[3.421s][info][gc,stats     ] 
[3.421s][info][gc,stats     ] All times are wall-clock times, except per-root-class counters, that are sum over
[3.421s][info][gc,stats     ] all workers. Dividing the <total> over the root stage time estimates parallelism.
[3.421s][info][gc,stats     ] 
[3.421s][info][gc,stats     ] Concurrent Reset                    188 us
[3.421s][info][gc,stats     ] Pause Init Mark (G)                3218 us
[3.421s][info][gc,stats     ] Pause Init Mark (N)                2698 us
[3.421s][info][gc,stats     ]   Accumulate Stats                    5 us
[3.421s][info][gc,stats     ]   Make Parsable                      20 us
[3.421s][info][gc,stats     ]   Update Region States                2 us
[3.421s][info][gc,stats     ]   Scan Roots                       2547 us, parallelism: 1.16x
[3.421s][info][gc,stats     ]     S: <total>                     2944 us
[3.421s][info][gc,stats     ]     S: Thread Roots                2402 us, workers (us):  31, 2371, ---, ---, ---, ---, ---, ---, ---, ---, ---, ---, ---, ---, ---, ---, ---, ---, ---, ---, ---, ---, ---, ---, 
[3.421s][info][gc,stats     ]     S: Universe Roots                10 us, workers (us):  10, ---, ---, ---, ---, ---, ---, ---, ---, ---, ---, ---, ---, ---, ---, ---, ---, ---, ---, ---, ---, ---, ---, ---, 
[3.421s][info][gc,stats     ]     S: JNI Handles Roots              2 us, workers (us):   2, ---, ---, ---, ---, ---, ---, ---, ---, ---, ---, ---, ---, ---, ---, ---, ---, ---, ---, ---, ---, ---, ---, ---, 
[3.421s][info][gc,stats     ]     S: Synchronizer Roots             0 us, workers (us):   0, ---, ---, ---, ---, ---, ---, ---, ---, ---, ---, ---, ---, ---, ---, ---, ---, ---, ---, ---, ---, ---, ---, ---, 
[3.421s][info][gc,stats     ]     S: Management Roots               1 us, workers (us):   1, ---, ---, ---, ---, ---, ---, ---, ---, ---, ---, ---, ---, ---, ---, ---, ---, ---, ---, ---, ---, ---, ---, ---, 
[3.421s][info][gc,stats     ]     S: System Dict Roots             11 us, workers (us):  11, ---, ---, ---, ---, ---, ---, ---, ---, ---, ---, ---, ---, ---, ---, ---, ---, ---, ---, ---, ---, ---, ---, ---, 
[3.421s][info][gc,stats     ]     S: CLDG Roots                   516 us, workers (us): 516, ---, ---, ---, ---, ---, ---, ---, ---, ---, ---, ---, ---, ---, ---, ---, ---, ---, ---, ---, ---, ---, ---, ---, 
[3.421s][info][gc,stats     ]     S: JVMTI Roots                    0 us, workers (us):   0, ---, ---, ---, ---, ---, ---, ---, ---, ---, ---, ---, ---, ---, ---, ---, ---, ---, ---, ---, ---, ---, ---, ---, 
[3.421s][info][gc,stats     ]   Resize TLABs                        6 us
[3.421s][info][gc,stats     ] Concurrent Marking                29822 us
[3.421s][info][gc,stats     ] Pause Final Mark (G)               1204 us
[3.421s][info][gc,stats     ] Pause Final Mark (N)                969 us
[3.421s][info][gc,stats     ]   Finish Queues                      32 us
[3.421s][info][gc,stats     ]   System Purge                      273 us
[3.421s][info][gc,stats     ]     Weak Roots                      272 us
[3.421s][info][gc,stats     ]   Update Region States                4 us
[3.421s][info][gc,stats     ]   Retire TLABs                       22 us
[3.421s][info][gc,stats     ]   Choose Collection Set              63 us
[3.421s][info][gc,stats     ]   Rebuild Free Set                    7 us
[3.421s][info][gc,stats     ]   Initial Evacuation                547 us, parallelism: 1.15x
[3.421s][info][gc,stats     ]     E: <total>                      630 us
[3.421s][info][gc,stats     ]     E: Thread Roots                 337 us, workers (us): 311,  26, ---, ---, ---, ---, ---, ---, ---, ---, ---, ---, ---, ---, ---, ---, ---, ---, ---, ---, ---, ---, ---, ---, 
[3.421s][info][gc,stats     ]     E: Code Cache Roots               1 us, workers (us):   0,   0, ---, ---, ---, ---, ---, ---, ---, ---, ---, ---, ---, ---, ---, ---, ---, ---, ---, ---, ---, ---, ---, ---, 
[3.421s][info][gc,stats     ]     E: Universe Roots                 2 us, workers (us):   2, ---, ---, ---, ---, ---, ---, ---, ---, ---, ---, ---, ---, ---, ---, ---, ---, ---, ---, ---, ---, ---, ---, ---, 
[3.421s][info][gc,stats     ]     E: JNI Handles Roots              1 us, workers (us):   1, ---, ---, ---, ---, ---, ---, ---, ---, ---, ---, ---, ---, ---, ---, ---, ---, ---, ---, ---, ---, ---, ---, ---, 
[3.421s][info][gc,stats     ]     E: Synchronizer Roots             0 us, workers (us):   0, ---, ---, ---, ---, ---, ---, ---, ---, ---, ---, ---, ---, ---, ---, ---, ---, ---, ---, ---, ---, ---, ---, ---, 
[3.421s][info][gc,stats     ]     E: Management Roots               1 us, workers (us):   1, ---, ---, ---, ---, ---, ---, ---, ---, ---, ---, ---, ---, ---, ---, ---, ---, ---, ---, ---, ---, ---, ---, ---, 
[3.421s][info][gc,stats     ]     E: System Dict Roots              5 us, workers (us):   5, ---, ---, ---, ---, ---, ---, ---, ---, ---, ---, ---, ---, ---, ---, ---, ---, ---, ---, ---, ---, ---, ---, ---, 
[3.421s][info][gc,stats     ]     E: CLDG Roots                   284 us, workers (us): ---, 284, ---, ---, ---, ---, ---, ---, ---, ---, ---, ---, ---, ---, ---, ---, ---, ---, ---, ---, ---, ---, ---, ---, 
[3.421s][info][gc,stats     ]     E: JVMTI Roots                    0 us, workers (us):   0, ---, ---, ---, ---, ---, ---, ---, ---, ---, ---, ---, ---, ---, ---, ---, ---, ---, ---, ---, ---, ---, ---, ---, 
[3.421s][info][gc,stats     ] Concurrent Cleanup                    3 us
[3.421s][info][gc,stats     ] Concurrent Evacuation              3452 us
[3.421s][info][gc,stats     ] Pause Init  Update Refs (G)         382 us
[3.421s][info][gc,stats     ] Pause Init  Update Refs (N)          60 us
[3.421s][info][gc,stats     ]   Retire GCLABs                      37 us
[3.421s][info][gc,stats     ] Concurrent Update Refs            19349 us
[3.421s][info][gc,stats     ] Pause Final Update Refs (G)         951 us
[3.421s][info][gc,stats     ] Pause Final Update Refs (N)         576 us
[3.421s][info][gc,stats     ]   Update Roots                      541 us, parallelism: 1.01x
[3.421s][info][gc,stats     ]     UR: <total>                     549 us
[3.421s][info][gc,stats     ]     UR: Thread Roots                549 us, workers (us): 505,  44, ---, ---, ---, ---, ---, ---, ---, ---, ---, ---, ---, ---, ---, ---, ---, ---, ---, ---, ---, ---, ---, ---, 
[3.421s][info][gc,stats     ]   Update Region States                3 us
[3.421s][info][gc,stats     ]   Trash Collection Set                5 us
[3.421s][info][gc,stats     ]   Rebuild Free Set                    7 us
[3.421s][info][gc,stats     ] Concurrent Cleanup                  465 us
[3.421s][info][gc,stats     ] Pacing                            22384 us
[3.421s][info][gc,stats     ] 
[3.421s][info][gc,stats     ] Allocation pacing accrued:
[3.421s][info][gc,stats     ]      22 of   154 ms ( 14.5%): main
[3.421s][info][gc,stats     ]      22 of   154 ms ( 14.5%): <total>
[3.421s][info][gc,stats     ]       4 of   154 ms (  2.4%): <average total>
[3.421s][info][gc,stats     ]      22 of   154 ms ( 14.5%): <average non-zero>
[3.421s][info][gc,stats     ] 
[3.422s][info][gc,metaspace ] Metaspace: 13256K->13256K(1060864K)
[3.422s][info][gc,ergo      ] Pacer for Idle. Initial: 327K, Alloc Tax Rate: 1.0x
[3.527s][info][gc           ] Trigger: Average GC time (54.87 ms) is above the time for allocation rate (20985 KB/s) to deplete free headroom (1072K)
[3.527s][info][gc,ergo      ] Free headroom: 1891K (free) - 819K (spike) - 0B (penalties) = 1072K
[3.527s][info][gc,ergo      ] Free: 1891K, Max: 256K regular, 768K humongous, Frag: 25% external, 38% internal; Reserve: 1024K, Max: 256K
[3.527s][info][gc,start     ] GC(13) Concurrent reset
[3.527s][info][gc,task      ] GC(13) Using 2 of 24 workers for concurrent reset
[3.527s][info][gc,ergo      ] GC(13) Pacer for Reset. Non-Taxable: 16384K
[3.527s][info][gc           ] GC(13) Concurrent reset 0.156ms
[3.527s][info][gc,start     ] GC(13) Pause Init Mark
[3.527s][info][gc,task      ] GC(13) Using 2 of 24 workers for init marking
[3.528s][info][gc,ergo      ] GC(13) Pacer for Mark. Expected Live: 5684K, Free: 1891K, Non-Taxable: 189K, Alloc Tax Rate: 3.7x
[3.528s][info][gc           ] GC(13) Pause Init Mark 1.121ms
[3.529s][info][gc,start     ] GC(13) Concurrent marking
[3.529s][info][gc,task      ] GC(13) Using 2 of 24 workers for concurrent marking
[3.558s][info][gc           ] GC(13) Concurrent marking 29.288ms
[3.558s][info][gc,start     ] GC(13) Pause Final Mark
[3.558s][info][gc,task      ] GC(13) Using 2 of 24 workers for final marking
[3.558s][info][gc,ergo      ] GC(13) Adaptive CSet Selection. Target Free: 2321K, Actual Free: 1792K, Max CSet: 682K, Min Garbage: 529K
[3.558s][info][gc,ergo      ] GC(13) Collectable Garbage: 3628K (58%), Immediate: 0B (0%), CSet: 3628K (58%)
[3.560s][info][gc,ergo      ] GC(13) Pacer for Evacuation. Used CSet: 4304K, Free: 1592K, Non-Taxable: 159K, Alloc Tax Rate: 6.6x
[3.560s][info][gc           ] GC(13) Pause Final Mark 1.622ms
[3.560s][info][gc,start     ] GC(13) Concurrent cleanup
[3.560s][info][gc           ] GC(13) Concurrent cleanup 13M->13M(16M) 0.019ms
[3.560s][info][gc,ergo      ] GC(13) Free: 1511K, Max: 256K regular, 768K humongous, Frag: 0% external, 34% internal; Reserve: 1011K, Max: 256K
[3.560s][info][gc,start     ] GC(13) Concurrent evacuation
[3.560s][info][gc,task      ] GC(13) Using 2 of 24 workers for concurrent evacuation
[3.564s][info][gc           ] GC(13) Concurrent evacuation 4.220ms
[3.564s][info][gc,start     ] GC(13) Pause Init Update Refs
[3.564s][info][gc,ergo      ] GC(13) Pacer for Update Refs. Used: 14824K, Free: 1511K, Non-Taxable: 151K, Alloc Tax Rate: 12.0x
[3.564s][info][gc           ] GC(13) Pause Init Update Refs 0.127ms
[3.564s][info][gc,start     ] GC(13) Concurrent update references
[3.564s][info][gc,task      ] GC(13) Using 2 of 24 workers for concurrent reference update
[3.585s][info][gc           ] GC(13) Concurrent update references 20.596ms
[3.586s][info][gc,start     ] GC(13) Pause Final Update Refs
[3.586s][info][gc,task      ] GC(13) Using 2 of 24 workers for final reference update
[3.586s][info][gc           ] GC(13) Pause Final Update Refs 0.424ms
[3.586s][info][gc,start     ] GC(13) Concurrent cleanup
[3.587s][info][gc           ] GC(13) Concurrent cleanup 14M->10M(16M) 0.593ms
[3.587s][info][gc           ] GC(13) Dat log --- cycle is complete
Current gc epoch: 13
heap: ______
capacity: 16777216
used: 11145384
committed: 16777216
bytes_allocated_since_gc_start: 712528
hot_size: 21170
cold_size: 65380
num_regions: 64
hot_region_count: 4
cold_region_count: 29
histogram: Placeholder

[3.587s][info][gc           ] GC(13) Obj count ac histogram
[3.587s][info][gc           ] GC(13) 	0: 8865
[3.587s][info][gc           ] GC(13) 	1: 0
[3.587s][info][gc           ] GC(13) 	2: 0
[3.587s][info][gc           ] GC(13) 	3: 0
[3.587s][info][gc           ] GC(13) 	4: 0
[3.587s][info][gc           ] GC(13) 	5: 0
[3.587s][info][gc           ] GC(13) 	6: 0
[3.587s][info][gc           ] GC(13) 	7: 0
[3.587s][info][gc           ] GC(13) 	8: 0
[3.587s][info][gc           ] GC(13) 	9: 0
[3.587s][info][gc           ] GC(13) 	10: 0
[3.587s][info][gc           ] GC(13) 	11: 0
[3.587s][info][gc           ] GC(13) 	12: 0
[3.587s][info][gc           ] GC(13) 	13: 934
[3.587s][info][gc           ] GC(13) 	14: 768
[3.587s][info][gc           ] GC(13) 	15: 0
[3.587s][info][gc           ] GC(13) 	16: 0
[3.587s][info][gc           ] GC(13) 	17: 0
[3.587s][info][gc           ] GC(13) 	18: 0
[3.587s][info][gc           ] GC(13) 	19: 0
[3.587s][info][gc           ] GC(13) Obj size ac histogram
[3.587s][info][gc           ] GC(13) 	0: 61058
[3.587s][info][gc           ] GC(13) 	1: 0
[3.587s][info][gc           ] GC(13) 	2: 0
[3.587s][info][gc           ] GC(13) 	3: 0
[3.587s][info][gc           ] GC(13) 	4: 0
[3.587s][info][gc           ] GC(13) 	5: 0
[3.587s][info][gc           ] GC(13) 	6: 0
[3.587s][info][gc           ] GC(13) 	7: 0
[3.587s][info][gc           ] GC(13) 	8: 0
[3.587s][info][gc           ] GC(13) 	9: 0
[3.587s][info][gc           ] GC(13) 	10: 0
[3.587s][info][gc           ] GC(13) 	11: 0
[3.587s][info][gc           ] GC(13) 	12: 0
[3.587s][info][gc           ] GC(13) 	13: 12466
[3.587s][info][gc           ] GC(13) 	14: 8645
[3.587s][info][gc           ] GC(13) 	15: 0
[3.587s][info][gc           ] GC(13) 	16: 0
[3.587s][info][gc           ] GC(13) 	17: 0
[3.587s][info][gc           ] GC(13) 	18: 0
[3.587s][info][gc           ] GC(13) 	19: 0
[3.587s][info][gc,ergo      ] Free: 4388K, Max: 256K regular, 1024K humongous, Frag: 70% external, 18% internal; Reserve: 1024K, Max: 256K
[3.587s][info][gc,stats     ] 
[3.587s][info][gc,stats     ] All times are wall-clock times, except per-root-class counters, that are sum over
[3.587s][info][gc,stats     ] all workers. Dividing the <total> over the root stage time estimates parallelism.
[3.587s][info][gc,stats     ] 
[3.587s][info][gc,stats     ] Concurrent Reset                    148 us
[3.587s][info][gc,stats     ] Pause Init Mark (G)                1450 us
[3.587s][info][gc,stats     ] Pause Init Mark (N)                1079 us
[3.587s][info][gc,stats     ]   Accumulate Stats                    5 us
[3.587s][info][gc,stats     ]   Make Parsable                      18 us
[3.587s][info][gc,stats     ]   Update Region States                2 us
[3.587s][info][gc,stats     ]   Scan Roots                        953 us, parallelism: 1.46x
[3.587s][info][gc,stats     ]     S: <total>                     1392 us
[3.587s][info][gc,stats     ]     S: Thread Roots                 876 us, workers (us): 849,  27, ---, ---, ---, ---, ---, ---, ---, ---, ---, ---, ---, ---, ---, ---, ---, ---, ---, ---, ---, ---, ---, ---, 
[3.587s][info][gc,stats     ]     S: Universe Roots                13 us, workers (us):  13, ---, ---, ---, ---, ---, ---, ---, ---, ---, ---, ---, ---, ---, ---, ---, ---, ---, ---, ---, ---, ---, ---, ---, 
[3.587s][info][gc,stats     ]     S: JNI Handles Roots              3 us, workers (us):   3, ---, ---, ---, ---, ---, ---, ---, ---, ---, ---, ---, ---, ---, ---, ---, ---, ---, ---, ---, ---, ---, ---, ---, 
[3.587s][info][gc,stats     ]     S: Synchronizer Roots             0 us, workers (us):   0, ---, ---, ---, ---, ---, ---, ---, ---, ---, ---, ---, ---, ---, ---, ---, ---, ---, ---, ---, ---, ---, ---, ---, 
[3.587s][info][gc,stats     ]     S: Management Roots               1 us, workers (us):   1, ---, ---, ---, ---, ---, ---, ---, ---, ---, ---, ---, ---, ---, ---, ---, ---, ---, ---, ---, ---, ---, ---, ---, 
[3.587s][info][gc,stats     ]     S: System Dict Roots             16 us, workers (us):  16, ---, ---, ---, ---, ---, ---, ---, ---, ---, ---, ---, ---, ---, ---, ---, ---, ---, ---, ---, ---, ---, ---, ---, 
[3.587s][info][gc,stats     ]     S: CLDG Roots                   482 us, workers (us): ---, 482, ---, ---, ---, ---, ---, ---, ---, ---, ---, ---, ---, ---, ---, ---, ---, ---, ---, ---, ---, ---, ---, ---, 
[3.587s][info][gc,stats     ]     S: JVMTI Roots                    0 us, workers (us):   0, ---, ---, ---, ---, ---, ---, ---, ---, ---, ---, ---, ---, ---, ---, ---, ---, ---, ---, ---, ---, ---, ---, ---, 
[3.587s][info][gc,stats     ]   Resize TLABs                        4 us
[3.587s][info][gc,stats     ] Concurrent Marking                29259 us
[3.587s][info][gc,stats     ] Pause Final Mark (G)               1784 us
[3.587s][info][gc,stats     ] Pause Final Mark (N)               1581 us
[3.587s][info][gc,stats     ]   Finish Queues                      96 us
[3.587s][info][gc,stats     ]   System Purge                      269 us
[3.587s][info][gc,stats     ]     Weak Roots                      268 us
[3.587s][info][gc,stats     ]   Update Region States                5 us
[3.587s][info][gc,stats     ]   Retire TLABs                        6 us
[3.587s][info][gc,stats     ]   Choose Collection Set              65 us
[3.587s][info][gc,stats     ]   Rebuild Free Set                    7 us
[3.587s][info][gc,stats     ]   Initial Evacuation               1112 us, parallelism: 1.07x
[3.587s][info][gc,stats     ]     E: <total>                     1188 us
[3.587s][info][gc,stats     ]     E: Thread Roots                 890 us, workers (us): 857,  34, ---, ---, ---, ---, ---, ---, ---, ---, ---, ---, ---, ---, ---, ---, ---, ---, ---, ---, ---, ---, ---, ---, 
[3.587s][info][gc,stats     ]     E: Code Cache Roots               1 us, workers (us):   0,   0, ---, ---, ---, ---, ---, ---, ---, ---, ---, ---, ---, ---, ---, ---, ---, ---, ---, ---, ---, ---, ---, ---, 
[3.587s][info][gc,stats     ]     E: Universe Roots                 4 us, workers (us):   4, ---, ---, ---, ---, ---, ---, ---, ---, ---, ---, ---, ---, ---, ---, ---, ---, ---, ---, ---, ---, ---, ---, ---, 
[3.587s][info][gc,stats     ]     E: JNI Handles Roots              1 us, workers (us): ---,   1, ---, ---, ---, ---, ---, ---, ---, ---, ---, ---, ---, ---, ---, ---, ---, ---, ---, ---, ---, ---, ---, ---, 
[3.587s][info][gc,stats     ]     E: Synchronizer Roots             0 us, workers (us): ---,   0, ---, ---, ---, ---, ---, ---, ---, ---, ---, ---, ---, ---, ---, ---, ---, ---, ---, ---, ---, ---, ---, ---, 
[3.587s][info][gc,stats     ]     E: Management Roots               2 us, workers (us): ---,   2, ---, ---, ---, ---, ---, ---, ---, ---, ---, ---, ---, ---, ---, ---, ---, ---, ---, ---, ---, ---, ---, ---, 
[3.587s][info][gc,stats     ]     E: System Dict Roots              8 us, workers (us):   8, ---, ---, ---, ---, ---, ---, ---, ---, ---, ---, ---, ---, ---, ---, ---, ---, ---, ---, ---, ---, ---, ---, ---, 
[3.587s][info][gc,stats     ]     E: CLDG Roots                   280 us, workers (us): ---, 280, ---, ---, ---, ---, ---, ---, ---, ---, ---, ---, ---, ---, ---, ---, ---, ---, ---, ---, ---, ---, ---, ---, 
[3.587s][info][gc,stats     ]     E: JVMTI Roots                    1 us, workers (us): ---,   1, ---, ---, ---, ---, ---, ---, ---, ---, ---, ---, ---, ---, ---, ---, ---, ---, ---, ---, ---, ---, ---, ---, 
[3.587s][info][gc,stats     ] Concurrent Cleanup                    4 us
[3.587s][info][gc,stats     ] Concurrent Evacuation              4209 us
[3.587s][info][gc,stats     ] Pause Init  Update Refs (G)         479 us
[3.587s][info][gc,stats     ] Pause Init  Update Refs (N)          85 us
[3.587s][info][gc,stats     ]   Retire GCLABs                      60 us
[3.587s][info][gc,stats     ] Concurrent Update Refs            20575 us
[3.587s][info][gc,stats     ] Pause Final Update Refs (G)         967 us
[3.587s][info][gc,stats     ] Pause Final Update Refs (N)         366 us
[3.587s][info][gc,stats     ]   Update Roots                      330 us, parallelism: 1.03x
[3.588s][info][gc,stats     ]     UR: <total>                     339 us
[3.588s][info][gc,stats     ]     UR: Thread Roots                339 us, workers (us): 295,  44, ---, ---, ---, ---, ---, ---, ---, ---, ---, ---, ---, ---, ---, ---, ---, ---, ---, ---, ---, ---, ---, ---, 
[3.588s][info][gc,stats     ]   Update Region States                3 us
[3.588s][info][gc,stats     ]   Trash Collection Set                5 us
[3.588s][info][gc,stats     ]   Rebuild Free Set                    7 us
[3.588s][info][gc,stats     ] Concurrent Cleanup                  573 us
[3.588s][info][gc,stats     ] Pacing                            21460 us
[3.588s][info][gc,stats     ] 
[3.588s][info][gc,stats     ] Allocation pacing accrued:
[3.588s][info][gc,stats     ]      21 of   166 ms ( 12.9%): main
[3.588s][info][gc,stats     ]      21 of   166 ms ( 12.9%): <total>
[3.588s][info][gc,stats     ]       4 of   166 ms (  2.2%): <average total>
[3.588s][info][gc,stats     ]      21 of   166 ms ( 12.9%): <average non-zero>
[3.588s][info][gc,stats     ] 
[3.588s][info][gc,metaspace ] Metaspace: 13357K->13449K(1060864K)
[3.588s][info][gc,ergo      ] Pacer for Idle. Initial: 327K, Alloc Tax Rate: 1.0x
[3.718s][info][gc           ] Trigger: Average GC time (58.85 ms) is above the time for allocation rate (17510 KB/s) to deplete free headroom (1007K)
[3.718s][info][gc,ergo      ] Free headroom: 1826K (free) - 819K (spike) - 0B (penalties) = 1007K
[3.718s][info][gc,ergo      ] Free: 1826K, Max: 256K regular, 512K humongous, Frag: 34% external, 35% internal; Reserve: 1024K, Max: 256K
[3.718s][info][gc,start     ] GC(14) Concurrent reset
[3.718s][info][gc,task      ] GC(14) Using 2 of 24 workers for concurrent reset
[3.718s][info][gc,ergo      ] GC(14) Pacer for Reset. Non-Taxable: 16384K
[3.718s][info][gc           ] GC(14) Concurrent reset 0.142ms
[3.718s][info][gc,start     ] GC(14) Pause Init Mark
[3.719s][info][gc,task      ] GC(14) Using 2 of 24 workers for init marking
[3.721s][info][gc,ergo      ] GC(14) Pacer for Mark. Expected Live: 6406K, Free: 1826K, Non-Taxable: 182K, Alloc Tax Rate: 4.3x
[3.721s][info][gc           ] GC(14) Pause Init Mark 2.852ms
[3.721s][info][gc,start     ] GC(14) Concurrent marking
[3.721s][info][gc,task      ] GC(14) Using 2 of 24 workers for concurrent marking
[3.743s][info][gc           ] GC(14) Concurrent marking 21.059ms
[3.743s][info][gc,start     ] GC(14) Pause Final Mark
[3.743s][info][gc,task      ] GC(14) Using 2 of 24 workers for final marking
[3.743s][info][gc,ergo      ] GC(14) Adaptive CSet Selection. Target Free: 2321K, Actual Free: 2113K, Max CSet: 682K, Min Garbage: 208K
[3.743s][info][gc,ergo      ] GC(14) Collectable Garbage: 5588K (65%), Immediate: 577K (6%), CSet: 5011K (58%)
[3.744s][info][gc,ergo      ] GC(14) Pacer for Evacuation. Used CSet: 5632K, Free: 2183K, Non-Taxable: 218K, Alloc Tax Rate: 6.3x
[3.744s][info][gc           ] GC(14) Pause Final Mark 1.326ms
[3.744s][info][gc,start     ] GC(14) Concurrent cleanup
[3.744s][info][gc           ] GC(14) Concurrent cleanup 13M->12M(16M) 0.084ms
[3.744s][info][gc,ergo      ] GC(14) Free: 2156K, Max: 256K regular, 768K humongous, Frag: 25% external, 35% internal; Reserve: 971K, Max: 256K
[3.744s][info][gc,start     ] GC(14) Concurrent evacuation
[3.744s][info][gc,task      ] GC(14) Using 2 of 24 workers for concurrent evacuation
[3.747s][info][gc           ] GC(14) Concurrent evacuation 2.531ms
[3.747s][info][gc,start     ] GC(14) Pause Init Update Refs
[3.747s][info][gc,ergo      ] GC(14) Pacer for Update Refs. Used: 14138K, Free: 2129K, Non-Taxable: 212K, Alloc Tax Rate: 8.1x
[3.747s][info][gc           ] GC(14) Pause Init Update Refs 0.129ms
[3.747s][info][gc,start     ] GC(14) Concurrent update references
[3.747s][info][gc,task      ] GC(14) Using 2 of 24 workers for concurrent reference update
[3.766s][info][gc           ] GC(14) Concurrent update references 18.460ms
[3.766s][info][gc,start     ] GC(14) Pause Final Update Refs
[3.766s][info][gc,task      ] GC(14) Using 2 of 24 workers for final reference update
[3.766s][info][gc           ] GC(14) Pause Final Update Refs 0.473ms
[3.767s][info][gc,start     ] GC(14) Concurrent cleanup
[3.767s][info][gc           ] GC(14) Concurrent cleanup 14M->8M(16M) 0.888ms
[3.767s][info][gc           ] GC(14) Dat log --- cycle is complete
Current gc epoch: 14
heap: ______
capacity: 16777216
used: 8972424
committed: 16777216
bytes_allocated_since_gc_start: 543384
hot_size: 13330
cold_size: 66142
num_regions: 64
hot_region_count: 18446744073709551613
cold_region_count: 32
histogram: Placeholder

[3.767s][info][gc           ] GC(14) Obj count ac histogram
[3.767s][info][gc           ] GC(14) 	0: 9126
[3.767s][info][gc           ] GC(14) 	1: 0
[3.767s][info][gc           ] GC(14) 	2: 0
[3.767s][info][gc           ] GC(14) 	3: 0
[3.767s][info][gc           ] GC(14) 	4: 0
[3.767s][info][gc           ] GC(14) 	5: 0
[3.767s][info][gc           ] GC(14) 	6: 0
[3.767s][info][gc           ] GC(14) 	7: 0
[3.768s][info][gc           ] GC(14) 	8: 0
[3.768s][info][gc           ] GC(14) 	9: 0
[3.768s][info][gc           ] GC(14) 	10: 0
[3.768s][info][gc           ] GC(14) 	11: 0
[3.768s][info][gc           ] GC(14) 	12: 0
[3.768s][info][gc           ] GC(14) 	13: 320
[3.768s][info][gc           ] GC(14) 	14: 1170
[3.768s][info][gc           ] GC(14) 	15: 0
[3.768s][info][gc           ] GC(14) 	16: 0
[3.768s][info][gc           ] GC(14) 	17: 0
[3.768s][info][gc           ] GC(14) 	18: 0
[3.768s][info][gc           ] GC(14) 	19: 0
[3.768s][info][gc           ] GC(14) Obj size ac histogram
[3.768s][info][gc           ] GC(14) 	0: 59800
[3.768s][info][gc           ] GC(14) 	1: 0
[3.768s][info][gc           ] GC(14) 	2: 0
[3.768s][info][gc           ] GC(14) 	3: 0
[3.768s][info][gc           ] GC(14) 	4: 0
[3.768s][info][gc           ] GC(14) 	5: 0
[3.768s][info][gc           ] GC(14) 	6: 0
[3.768s][info][gc           ] GC(14) 	7: 0
[3.768s][info][gc           ] GC(14) 	8: 0
[3.768s][info][gc           ] GC(14) 	9: 0
[3.768s][info][gc           ] GC(14) 	10: 0
[3.768s][info][gc           ] GC(14) 	11: 0
[3.768s][info][gc           ] GC(14) 	12: 0
[3.768s][info][gc           ] GC(14) 	13: 3285
[3.768s][info][gc           ] GC(14) 	14: 9859
[3.768s][info][gc           ] GC(14) 	15: 0
[3.768s][info][gc           ] GC(14) 	16: 0
[3.768s][info][gc           ] GC(14) 	17: 0
[3.768s][info][gc           ] GC(14) 	18: 0
[3.768s][info][gc           ] GC(14) 	19: 0
[3.768s][info][gc,ergo      ] Free: 6597K, Max: 256K regular, 1536K humongous, Frag: 70% external, 16% internal; Reserve: 1024K, Max: 256K
[3.768s][info][gc,stats     ] 
[3.768s][info][gc,stats     ] All times are wall-clock times, except per-root-class counters, that are sum over
[3.768s][info][gc,stats     ] all workers. Dividing the <total> over the root stage time estimates parallelism.
[3.768s][info][gc,stats     ] 
[3.768s][info][gc,stats     ] Concurrent Reset                    125 us
[3.768s][info][gc,stats     ] Pause Init Mark (G)                3250 us
[3.768s][info][gc,stats     ] Pause Init Mark (N)                2807 us
[3.768s][info][gc,stats     ]   Accumulate Stats                    5 us
[3.768s][info][gc,stats     ]   Make Parsable                      32 us
[3.768s][info][gc,stats     ]   Update Region States                2 us
[3.768s][info][gc,stats     ]   Scan Roots                       2656 us, parallelism: 1.52x
[3.768s][info][gc,stats     ]     S: <total>                     4030 us
[3.768s][info][gc,stats     ]     S: Thread Roots                2533 us, workers (us):   4, 2529, ---, ---, ---, ---, ---, ---, ---, ---, ---, ---, ---, ---, ---, ---, ---, ---, ---, ---, ---, ---, ---, ---, 
[3.768s][info][gc,stats     ]     S: Universe Roots                20 us, workers (us):  20, ---, ---, ---, ---, ---, ---, ---, ---, ---, ---, ---, ---, ---, ---, ---, ---, ---, ---, ---, ---, ---, ---, ---, 
[3.768s][info][gc,stats     ]     S: JNI Handles Roots              3 us, workers (us):   3, ---, ---, ---, ---, ---, ---, ---, ---, ---, ---, ---, ---, ---, ---, ---, ---, ---, ---, ---, ---, ---, ---, ---, 
[3.768s][info][gc,stats     ]     S: Synchronizer Roots             1 us, workers (us): ---,   1, ---, ---, ---, ---, ---, ---, ---, ---, ---, ---, ---, ---, ---, ---, ---, ---, ---, ---, ---, ---, ---, ---, 
[3.768s][info][gc,stats     ]     S: Management Roots               2 us, workers (us): ---,   2, ---, ---, ---, ---, ---, ---, ---, ---, ---, ---, ---, ---, ---, ---, ---, ---, ---, ---, ---, ---, ---, ---, 
[3.768s][info][gc,stats     ]     S: System Dict Roots             30 us, workers (us): ---,  30, ---, ---, ---, ---, ---, ---, ---, ---, ---, ---, ---, ---, ---, ---, ---, ---, ---, ---, ---, ---, ---, ---, 
[3.768s][info][gc,stats     ]     S: CLDG Roots                  1440 us, workers (us): 1440, ---, ---, ---, ---, ---, ---, ---, ---, ---, ---, ---, ---, ---, ---, ---, ---, ---, ---, ---, ---, ---, ---, ---, 
[3.768s][info][gc,stats     ]     S: JVMTI Roots                    1 us, workers (us):   1, ---, ---, ---, ---, ---, ---, ---, ---, ---, ---, ---, ---, ---, ---, ---, ---, ---, ---, ---, ---, ---, ---, ---, 
[3.768s][info][gc,stats     ]   Resize TLABs                        5 us
[3.768s][info][gc,stats     ] Concurrent Marking                21008 us
[3.768s][info][gc,stats     ] Pause Final Mark (G)               1543 us
[3.768s][info][gc,stats     ] Pause Final Mark (N)               1284 us
[3.768s][info][gc,stats     ]   Finish Queues                      61 us
[3.768s][info][gc,stats     ]   System Purge                      284 us
[3.768s][info][gc,stats     ]     Weak Roots                      283 us
[3.768s][info][gc,stats     ]   Update Region States                4 us
[3.768s][info][gc,stats     ]   Retire TLABs                       13 us
[3.768s][info][gc,stats     ]   Choose Collection Set              65 us
[3.768s][info][gc,stats     ]   Rebuild Free Set                    7 us
[3.768s][info][gc,stats     ]   Initial Evacuation                825 us, parallelism: 0.87x
[3.768s][info][gc,stats     ]     E: <total>                      716 us
[3.768s][info][gc,stats     ]     E: Thread Roots                 486 us, workers (us): 484,   2, ---, ---, ---, ---, ---, ---, ---, ---, ---, ---, ---, ---, ---, ---, ---, ---, ---, ---, ---, ---, ---, ---, 
[3.768s][info][gc,stats     ]     E: Code Cache Roots               1 us, workers (us):   0,   0, ---, ---, ---, ---, ---, ---, ---, ---, ---, ---, ---, ---, ---, ---, ---, ---, ---, ---, ---, ---, ---, ---, 
[3.768s][info][gc,stats     ]     E: Universe Roots                 3 us, workers (us):   3, ---, ---, ---, ---, ---, ---, ---, ---, ---, ---, ---, ---, ---, ---, ---, ---, ---, ---, ---, ---, ---, ---, ---, 
[3.768s][info][gc,stats     ]     E: JNI Handles Roots              1 us, workers (us):   1, ---, ---, ---, ---, ---, ---, ---, ---, ---, ---, ---, ---, ---, ---, ---, ---, ---, ---, ---, ---, ---, ---, ---, 
[3.768s][info][gc,stats     ]     E: Synchronizer Roots             0 us, workers (us):   0, ---, ---, ---, ---, ---, ---, ---, ---, ---, ---, ---, ---, ---, ---, ---, ---, ---, ---, ---, ---, ---, ---, ---, 
[3.768s][info][gc,stats     ]     E: Management Roots               1 us, workers (us):   1, ---, ---, ---, ---, ---, ---, ---, ---, ---, ---, ---, ---, ---, ---, ---, ---, ---, ---, ---, ---, ---, ---, ---, 
[3.768s][info][gc,stats     ]     E: System Dict Roots              6 us, workers (us):   6, ---, ---, ---, ---, ---, ---, ---, ---, ---, ---, ---, ---, ---, ---, ---, ---, ---, ---, ---, ---, ---, ---, ---, 
[3.768s][info][gc,stats     ]     E: CLDG Roots                   218 us, workers (us): ---, 218, ---, ---, ---, ---, ---, ---, ---, ---, ---, ---, ---, ---, ---, ---, ---, ---, ---, ---, ---, ---, ---, ---, 
[3.768s][info][gc,stats     ]     E: JVMTI Roots                    0 us, workers (us):   0, ---, ---, ---, ---, ---, ---, ---, ---, ---, ---, ---, ---, ---, ---, ---, ---, ---, ---, ---, ---, ---, ---, ---, 
[3.768s][info][gc,stats     ] Concurrent Cleanup                   44 us
[3.768s][info][gc,stats     ] Concurrent Evacuation              2515 us
[3.768s][info][gc,stats     ] Pause Init  Update Refs (G)         411 us
[3.769s][info][gc,stats     ] Pause Init  Update Refs (N)          88 us
[3.769s][info][gc,stats     ]   Retire GCLABs                      48 us
[3.769s][info][gc,stats     ] Concurrent Update Refs            18432 us
[3.769s][info][gc,stats     ] Pause Final Update Refs (G)         818 us
[3.769s][info][gc,stats     ] Pause Final Update Refs (N)         430 us
[3.769s][info][gc,stats     ]   Update Roots                      394 us, parallelism: 0.98x
[3.769s][info][gc,stats     ]     UR: <total>                     385 us
[3.769s][info][gc,stats     ]     UR: Thread Roots                385 us, workers (us):  62, 323, ---, ---, ---, ---, ---, ---, ---, ---, ---, ---, ---, ---, ---, ---, ---, ---, ---, ---, ---, ---, ---, ---, 
[3.769s][info][gc,stats     ]   Update Region States                3 us
[3.769s][info][gc,stats     ]   Trash Collection Set                5 us
[3.769s][info][gc,stats     ]   Rebuild Free Set                    7 us
[3.769s][info][gc,stats     ] Concurrent Cleanup                  863 us
[3.769s][info][gc,stats     ] Pacing                            12040 us
[3.769s][info][gc,stats     ] 
[3.769s][info][gc,stats     ] Allocation pacing accrued:
[3.769s][info][gc,stats     ]      12 of   181 ms (  6.6%): Thread-0
[3.769s][info][gc,stats     ]      12 of   181 ms (  6.6%): <total>
[3.769s][info][gc,stats     ]       2 of   181 ms (  0.9%): <average total>
[3.769s][info][gc,stats     ]      12 of   181 ms (  6.6%): <average non-zero>
[3.769s][info][gc,stats     ] 
[3.769s][info][gc,metaspace ] Metaspace: 14031K->14064K(1062912K)
[3.769s][info][gc,ergo      ] Pacer for Idle. Initial: 327K, Alloc Tax Rate: 1.0x
[9.183s][info][gc           ] Trigger: Free (1564K) is below minimum threshold (1638K)
[9.183s][info][gc,ergo      ] Free: 1564K, Max: 256K regular, 768K humongous, Frag: 0% external, 38% internal; Reserve: 1024K, Max: 256K
[9.183s][info][gc,start     ] GC(15) Concurrent reset
[9.183s][info][gc,task      ] GC(15) Using 2 of 24 workers for concurrent reset
[9.183s][info][gc,ergo      ] GC(15) Pacer for Reset. Non-Taxable: 16384K
[9.183s][info][gc           ] GC(15) Concurrent reset 0.213ms
[9.183s][info][gc,start     ] GC(15) Pause Init Mark (process weakrefs)
[9.183s][info][gc,task      ] GC(15) Using 2 of 24 workers for init marking
[9.185s][info][gc,ergo      ] GC(15) Pacer for Mark. Expected Live: 6317K, Free: 1564K, Non-Taxable: 156K, Alloc Tax Rate: 4.9x
[9.185s][info][gc           ] GC(15) Pause Init Mark (process weakrefs) 1.940ms
[9.185s][info][gc,start     ] GC(15) Concurrent marking (process weakrefs)
[9.185s][info][gc,task      ] GC(15) Using 2 of 24 workers for concurrent marking
[9.210s][info][gc           ] GC(15) Concurrent marking (process weakrefs) 24.654ms
[9.210s][info][gc,start     ] GC(15) Concurrent precleaning
[9.210s][info][gc,task      ] GC(15) Using 1 of 24 workers for concurrent preclean
[9.210s][info][gc,ergo      ] GC(15) Pacer for Precleaning. Non-Taxable: 16384K
[9.211s][info][gc           ] GC(15) Concurrent precleaning 1.369ms
[9.212s][info][gc,start     ] GC(15) Pause Final Mark (process weakrefs)
[9.212s][info][gc,task      ] GC(15) Using 2 of 24 workers for final marking
[9.213s][info][gc,ergo      ] GC(15) Adaptive CSet Selection. Target Free: 2321K, Actual Free: 1792K, Max CSet: 682K, Min Garbage: 529K
[9.213s][info][gc,ergo      ] GC(15) Collectable Garbage: 3702K (60%), Immediate: 0B (0%), CSet: 3702K (60%)
[9.214s][info][gc,ergo      ] GC(15) Pacer for Evacuation. Used CSet: 4350K, Free: 2655K, Non-Taxable: 265K, Alloc Tax Rate: 4.0x
[9.214s][info][gc           ] GC(15) Pause Final Mark (process weakrefs) 2.607ms
[9.215s][info][gc,start     ] GC(15) Concurrent cleanup
[9.215s][info][gc           ] GC(15) Concurrent cleanup 12M->12M(16M) 0.054ms
[9.215s][info][gc,ergo      ] GC(15) Free: 2655K, Max: 256K regular, 768K humongous, Frag: 0% external, 48% internal; Reserve: 938K, Max: 256K
[9.215s][info][gc,start     ] GC(15) Concurrent evacuation
[9.215s][info][gc,task      ] GC(15) Using 2 of 24 workers for concurrent evacuation
[9.221s][info][gc           ] GC(15) Concurrent evacuation 6.095ms
[9.221s][info][gc,start     ] GC(15) Pause Init Update Refs
[9.221s][info][gc,ergo      ] GC(15) Pacer for Update Refs. Used: 13792K, Free: 2399K, Non-Taxable: 239K, Alloc Tax Rate: 7.0x
[9.221s][info][gc           ] GC(15) Pause Init Update Refs 0.144ms
[9.221s][info][gc,start     ] GC(15) Concurrent update references
[9.221s][info][gc,task      ] GC(15) Using 2 of 24 workers for concurrent reference update
[9.240s][info][gc           ] GC(15) Concurrent update references 18.408ms
[9.240s][info][gc,start     ] GC(15) Pause Final Update Refs
[9.240s][info][gc,task      ] GC(15) Using 2 of 24 workers for final reference update
[9.240s][info][gc           ] GC(15) Pause Final Update Refs 0.188ms
[9.240s][info][gc,start     ] GC(15) Concurrent cleanup
[9.240s][info][gc           ] GC(15) Concurrent cleanup 13M->9M(16M) 0.431ms
[9.240s][info][gc           ] GC(15) Dat log --- cycle is complete
Current gc epoch: 15
heap: ______
capacity: 16777216
used: 9668576
committed: 16777216
bytes_allocated_since_gc_start: 0
hot_size: 23863
cold_size: 59086
num_regions: 64
hot_region_count: 18446744073709551611
cold_region_count: 35
histogram: Placeholder

[9.240s][info][gc           ] GC(15) Obj count ac histogram
[9.240s][info][gc           ] GC(15) 	0: 8926
[9.240s][info][gc           ] GC(15) 	1: 0
[9.240s][info][gc           ] GC(15) 	2: 0
[9.240s][info][gc           ] GC(15) 	3: 0
[9.240s][info][gc           ] GC(15) 	4: 0
[9.240s][info][gc           ] GC(15) 	5: 0
[9.240s][info][gc           ] GC(15) 	6: 0
[9.240s][info][gc           ] GC(15) 	7: 0
[9.240s][info][gc           ] GC(15) 	8: 0
[9.240s][info][gc           ] GC(15) 	9: 0
[9.240s][info][gc           ] GC(15) 	10: 0
[9.240s][info][gc           ] GC(15) 	11: 0
[9.240s][info][gc           ] GC(15) 	12: 0
[9.240s][info][gc           ] GC(15) 	13: 1089
[9.241s][info][gc           ] GC(15) 	14: 2042
[9.241s][info][gc           ] GC(15) 	15: 0
[9.241s][info][gc           ] GC(15) 	16: 0
[9.241s][info][gc           ] GC(15) 	17: 0
[9.241s][info][gc           ] GC(15) 	18: 0
[9.241s][info][gc           ] GC(15) 	19: 0
[9.241s][info][gc           ] GC(15) Obj size ac histogram
[9.241s][info][gc           ] GC(15) 	0: 56238
[9.241s][info][gc           ] GC(15) 	1: 0
[9.241s][info][gc           ] GC(15) 	2: 0
[9.241s][info][gc           ] GC(15) 	3: 0
[9.241s][info][gc           ] GC(15) 	4: 0
[9.241s][info][gc           ] GC(15) 	5: 0
[9.241s][info][gc           ] GC(15) 	6: 0
[9.241s][info][gc           ] GC(15) 	7: 0
[9.241s][info][gc           ] GC(15) 	8: 0
[9.241s][info][gc           ] GC(15) 	9: 0
[9.241s][info][gc           ] GC(15) 	10: 0
[9.241s][info][gc           ] GC(15) 	11: 0
[9.241s][info][gc           ] GC(15) 	12: 0
[9.241s][info][gc           ] GC(15) 	13: 8293
[9.241s][info][gc           ] GC(15) 	14: 15218
[9.241s][info][gc           ] GC(15) 	15: 0
[9.241s][info][gc           ] GC(15) 	16: 0
[9.241s][info][gc           ] GC(15) 	17: 0
[9.241s][info][gc           ] GC(15) 	18: 0
[9.241s][info][gc           ] GC(15) 	19: 0
[9.241s][info][gc,ergo      ] Free: 5918K, Max: 256K regular, 1792K humongous, Frag: 54% external, 29% internal; Reserve: 1024K, Max: 256K
[9.241s][info][gc,stats     ] 
[9.241s][info][gc,stats     ] All times are wall-clock times, except per-root-class counters, that are sum over
[9.241s][info][gc,stats     ] all workers. Dividing the <total> over the root stage time estimates parallelism.
[9.241s][info][gc,stats     ] 
[9.241s][info][gc,stats     ] Concurrent Reset                    192 us
[9.241s][info][gc,stats     ] Pause Init Mark (G)                2224 us
[9.241s][info][gc,stats     ] Pause Init Mark (N)                1892 us
[9.241s][info][gc,stats     ]   Accumulate Stats                    6 us
[9.241s][info][gc,stats     ]   Make Parsable                      17 us
[9.241s][info][gc,stats     ]   Update Region States                2 us
[9.241s][info][gc,stats     ]   Scan Roots                       1743 us, parallelism: 1.06x
[9.241s][info][gc,stats     ]     S: <total>                     1842 us
[9.241s][info][gc,stats     ]     S: Thread Roots                 212 us, workers (us):   2, 211, ---, ---, ---, ---, ---, ---, ---, ---, ---, ---, ---, ---, ---, ---, ---, ---, ---, ---, ---, ---, ---, ---, 
[9.241s][info][gc,stats     ]     S: Universe Roots                21 us, workers (us):  21, ---, ---, ---, ---, ---, ---, ---, ---, ---, ---, ---, ---, ---, ---, ---, ---, ---, ---, ---, ---, ---, ---, ---, 
[9.241s][info][gc,stats     ]     S: JNI Handles Roots              4 us, workers (us):   4, ---, ---, ---, ---, ---, ---, ---, ---, ---, ---, ---, ---, ---, ---, ---, ---, ---, ---, ---, ---, ---, ---, ---, 
[9.241s][info][gc,stats     ]     S: Synchronizer Roots             0 us, workers (us): ---,   0, ---, ---, ---, ---, ---, ---, ---, ---, ---, ---, ---, ---, ---, ---, ---, ---, ---, ---, ---, ---, ---, ---, 
[9.241s][info][gc,stats     ]     S: Management Roots               2 us, workers (us): ---,   2, ---, ---, ---, ---, ---, ---, ---, ---, ---, ---, ---, ---, ---, ---, ---, ---, ---, ---, ---, ---, ---, ---, 
[9.241s][info][gc,stats     ]     S: System Dict Roots             34 us, workers (us): ---,  34, ---, ---, ---, ---, ---, ---, ---, ---, ---, ---, ---, ---, ---, ---, ---, ---, ---, ---, ---, ---, ---, ---, 
[9.241s][info][gc,stats     ]     S: CLDG Roots                  1567 us, workers (us): 1567, ---, ---, ---, ---, ---, ---, ---, ---, ---, ---, ---, ---, ---, ---, ---, ---, ---, ---, ---, ---, ---, ---, ---, 
[9.241s][info][gc,stats     ]     S: JVMTI Roots                    1 us, workers (us):   1, ---, ---, ---, ---, ---, ---, ---, ---, ---, ---, ---, ---, ---, ---, ---, ---, ---, ---, ---, ---, ---, ---, ---, 
[9.241s][info][gc,stats     ]   Resize TLABs                        6 us
[9.241s][info][gc,stats     ] Concurrent Marking                24625 us
[9.241s][info][gc,stats     ] Concurrent Precleaning             1347 us
[9.241s][info][gc,stats     ] Pause Final Mark (G)               3045 us
[9.241s][info][gc,stats     ] Pause Final Mark (N)               2564 us
[9.241s][info][gc,stats     ]   Finish Queues                      99 us
[9.241s][info][gc,stats     ]   Weak References                   614 us
[9.241s][info][gc,stats     ]     Process                         606 us
[9.241s][info][gc,stats     ]   System Purge                      463 us
[9.241s][info][gc,stats     ]     Weak Roots                      463 us
[9.241s][info][gc,stats     ]   Update Region States                3 us
[9.241s][info][gc,stats     ]   Retire TLABs                        6 us
[9.241s][info][gc,stats     ]   Choose Collection Set              63 us
[9.241s][info][gc,stats     ]   Rebuild Free Set                    7 us
[9.241s][info][gc,stats     ]   Initial Evacuation               1285 us, parallelism: 0.60x
[9.241s][info][gc,stats     ]     E: <total>                      765 us
[9.241s][info][gc,stats     ]     E: Thread Roots                  92 us, workers (us):   1,  91, ---, ---, ---, ---, ---, ---, ---, ---, ---, ---, ---, ---, ---, ---, ---, ---, ---, ---, ---, ---, ---, ---, 
[9.241s][info][gc,stats     ]     E: Code Cache Roots               2 us, workers (us):   1,   1, ---, ---, ---, ---, ---, ---, ---, ---, ---, ---, ---, ---, ---, ---, ---, ---, ---, ---, ---, ---, ---, ---, 
[9.241s][info][gc,stats     ]     E: Universe Roots                 5 us, workers (us):   5, ---, ---, ---, ---, ---, ---, ---, ---, ---, ---, ---, ---, ---, ---, ---, ---, ---, ---, ---, ---, ---, ---, ---, 
[9.241s][info][gc,stats     ]     E: JNI Handles Roots              1 us, workers (us):   1, ---, ---, ---, ---, ---, ---, ---, ---, ---, ---, ---, ---, ---, ---, ---, ---, ---, ---, ---, ---, ---, ---, ---, 
[9.241s][info][gc,stats     ]     E: Synchronizer Roots             0 us, workers (us):   0, ---, ---, ---, ---, ---, ---, ---, ---, ---, ---, ---, ---, ---, ---, ---, ---, ---, ---, ---, ---, ---, ---, ---, 
[9.241s][info][gc,stats     ]     E: Management Roots               2 us, workers (us):   2, ---, ---, ---, ---, ---, ---, ---, ---, ---, ---, ---, ---, ---, ---, ---, ---, ---, ---, ---, ---, ---, ---, ---, 
[9.241s][info][gc,stats     ]     E: System Dict Roots             25 us, workers (us):  25, ---, ---, ---, ---, ---, ---, ---, ---, ---, ---, ---, ---, ---, ---, ---, ---, ---, ---, ---, ---, ---, ---, ---, 
[9.241s][info][gc,stats     ]     E: CLDG Roots                   637 us, workers (us): 637, ---, ---, ---, ---, ---, ---, ---, ---, ---, ---, ---, ---, ---, ---, ---, ---, ---, ---, ---, ---, ---, ---, ---, 
[9.241s][info][gc,stats     ]     E: JVMTI Roots                    1 us, workers (us):   1, ---, ---, ---, ---, ---, ---, ---, ---, ---, ---, ---, ---, ---, ---, ---, ---, ---, ---, ---, ---, ---, ---, ---, 
[9.241s][info][gc,stats     ] Concurrent Cleanup                    6 us
[9.241s][info][gc,stats     ] Concurrent Evacuation              6076 us
[9.241s][info][gc,stats     ] Pause Init  Update Refs (G)         407 us
[9.241s][info][gc,stats     ] Pause Init  Update Refs (N)         104 us
[9.241s][info][gc,stats     ]   Retire GCLABs                      80 us
[9.241s][info][gc,stats     ] Concurrent Update Refs            18384 us
[9.241s][info][gc,stats     ] Pause Final Update Refs (G)         424 us
[9.241s][info][gc,stats     ] Pause Final Update Refs (N)         146 us
[9.241s][info][gc,stats     ]   Update Roots                      111 us, parallelism: 0.48x
[9.241s][info][gc,stats     ]     UR: <total>                      53 us
[9.241s][info][gc,stats     ]     UR: Thread Roots                 53 us, workers (us):  30,  23, ---, ---, ---, ---, ---, ---, ---, ---, ---, ---, ---, ---, ---, ---, ---, ---, ---, ---, ---, ---, ---, ---, 
[9.241s][info][gc,stats     ]   Update Region States                3 us
[9.241s][info][gc,stats     ]   Trash Collection Set                5 us
[9.241s][info][gc,stats     ]   Rebuild Free Set                    7 us
[9.241s][info][gc,stats     ] Concurrent Cleanup                  422 us
[9.241s][info][gc,stats     ] 
[9.241s][info][gc,stats     ] Allocation pacing accrued:
[9.241s][info][gc,stats     ]       0 of  5472 ms (  0.0%): <total>
[9.241s][info][gc,stats     ]       0 of  5472 ms (  0.0%): <average total>
[9.241s][info][gc,stats     ] 
[9.241s][info][gc,metaspace ] Metaspace: 14239K->14239K(1062912K)
[9.241s][info][gc,ergo      ] Pacer for Idle. Initial: 327K, Alloc Tax Rate: 1.0x
[20.186s][info][gc           ] Trigger: Free (1243K) is below minimum threshold (1638K)
[20.186s][info][gc,ergo      ] Free: 1243K, Max: 256K regular, 256K humongous, Frag: 0% external, 46% internal; Reserve: 1024K, Max: 256K
[20.186s][info][gc,start     ] GC(16) Concurrent reset
[20.186s][info][gc,task      ] GC(16) Using 2 of 24 workers for concurrent reset
[20.186s][info][gc,ergo      ] GC(16) Pacer for Reset. Non-Taxable: 16384K
[20.186s][info][gc           ] GC(16) Concurrent reset 0.314ms
[20.187s][info][gc,start     ] GC(16) Pause Init Mark
[20.187s][info][gc,task      ] GC(16) Using 2 of 24 workers for init marking
[20.189s][info][gc,ergo      ] GC(16) Pacer for Mark. Expected Live: 6434K, Free: 1243K, Non-Taxable: 124K, Alloc Tax Rate: 6.3x
[20.189s][info][gc           ] GC(16) Pause Init Mark 1.902ms
[20.189s][info][gc,start     ] GC(16) Concurrent marking
[20.189s][info][gc,task      ] GC(16) Using 2 of 24 workers for concurrent marking
[20.213s][info][gc           ] GC(16) Concurrent marking 24.077ms
[20.213s][info][gc,start     ] GC(16) Pause Final Mark
[20.213s][info][gc,task      ] GC(16) Using 2 of 24 workers for final marking
[20.214s][info][gc,ergo      ] GC(16) Adaptive CSet Selection. Target Free: 2321K, Actual Free: 1280K, Max CSet: 682K, Min Garbage: 1041K
[20.214s][info][gc,ergo      ] GC(16) Collectable Garbage: 1246K (42%), Immediate: 0B (0%), CSet: 1246K (42%)
[20.215s][info][gc,ergo      ] GC(16) Pacer for Evacuation. Used CSet: 1875K, Free: 3833K, Non-Taxable: 383K, Alloc Tax Rate: 1.2x
[20.215s][info][gc           ] GC(16) Pause Final Mark 1.654ms
[20.215s][info][gc,start     ] GC(16) Concurrent cleanup
[20.215s][info][gc           ] GC(16) Concurrent cleanup 11M->11M(16M) 0.055ms
[20.215s][info][gc,ergo      ] GC(16) Free: 3833K, Max: 256K regular, 256K humongous, Frag: 0% external, 50% internal; Reserve: 1001K, Max: 256K
[20.215s][info][gc,start     ] GC(16) Concurrent evacuation
[20.215s][info][gc,task      ] GC(16) Using 2 of 24 workers for concurrent evacuation
[20.220s][info][gc           ] GC(16) Concurrent evacuation 5.266ms
[20.220s][info][gc,start     ] GC(16) Pause Init Update Refs
[20.220s][info][gc,ergo      ] GC(16) Pacer for Update Refs. Used: 12125K, Free: 3833K, Non-Taxable: 383K, Alloc Tax Rate: 3.9x
[20.221s][info][gc           ] GC(16) Pause Init Update Refs 0.095ms
[20.221s][info][gc,start     ] GC(16) Concurrent update references
[20.221s][info][gc,task      ] GC(16) Using 2 of 24 workers for concurrent reference update
[20.239s][info][gc           ] GC(16) Concurrent update references 18.252ms
[20.239s][info][gc,start     ] GC(16) Pause Final Update Refs
[20.239s][info][gc,task      ] GC(16) Using 2 of 24 workers for final reference update
[20.239s][info][gc           ] GC(16) Pause Final Update Refs 0.169ms
[20.239s][info][gc,start     ] GC(16) Concurrent cleanup
[20.240s][info][gc           ] GC(16) Concurrent cleanup 11M->10M(16M) 0.328ms
[20.240s][info][gc           ] GC(16) Dat log --- cycle is complete
Current gc epoch: 16
heap: ______
capacity: 16777216
used: 10496856
committed: 16777216
bytes_allocated_since_gc_start: 0
hot_size: 44655
cold_size: 35838
num_regions: 64
hot_region_count: 18446744073709551607
cold_region_count: 37
histogram: Placeholder

[20.240s][info][gc           ] GC(16) Obj count ac histogram
[20.240s][info][gc           ] GC(16) 	0: 5628
[20.240s][info][gc           ] GC(16) 	1: 0
[20.240s][info][gc           ] GC(16) 	2: 0
[20.240s][info][gc           ] GC(16) 	3: 0
[20.240s][info][gc           ] GC(16) 	4: 0
[20.240s][info][gc           ] GC(16) 	5: 0
[20.240s][info][gc           ] GC(16) 	6: 0
[20.240s][info][gc           ] GC(16) 	7: 0
[20.240s][info][gc           ] GC(16) 	8: 0
[20.240s][info][gc           ] GC(16) 	9: 0
[20.240s][info][gc           ] GC(16) 	10: 0
[20.240s][info][gc           ] GC(16) 	11: 0
[20.240s][info][gc           ] GC(16) 	12: 0
[20.240s][info][gc           ] GC(16) 	13: 4026
[20.240s][info][gc           ] GC(16) 	14: 0
[20.240s][info][gc           ] GC(16) 	15: 0
[20.240s][info][gc           ] GC(16) 	16: 0
[20.240s][info][gc           ] GC(16) 	17: 0
[20.240s][info][gc           ] GC(16) 	18: 0
[20.240s][info][gc           ] GC(16) 	19: 0
[20.240s][info][gc           ] GC(16) Obj size ac histogram
[20.240s][info][gc           ] GC(16) 	0: 34939
[20.240s][info][gc           ] GC(16) 	1: 0
[20.240s][info][gc           ] GC(16) 	2: 0
[20.240s][info][gc           ] GC(16) 	3: 0
[20.240s][info][gc           ] GC(16) 	4: 0
[20.240s][info][gc           ] GC(16) 	5: 0
[20.240s][info][gc           ] GC(16) 	6: 0
[20.240s][info][gc           ] GC(16) 	7: 0
[20.240s][info][gc           ] GC(16) 	8: 0
[20.240s][info][gc           ] GC(16) 	9: 0
[20.240s][info][gc           ] GC(16) 	10: 0
[20.240s][info][gc           ] GC(16) 	11: 0
[20.240s][info][gc           ] GC(16) 	12: 0
[20.240s][info][gc           ] GC(16) 	13: 44012
[20.240s][info][gc           ] GC(16) 	14: 0
[20.240s][info][gc           ] GC(16) 	15: 0
[20.240s][info][gc           ] GC(16) 	16: 0
[20.240s][info][gc           ] GC(16) 	17: 0
[20.240s][info][gc           ] GC(16) 	18: 0
[20.240s][info][gc           ] GC(16) 	19: 0
[20.240s][info][gc,ergo      ] Free: 5109K, Max: 256K regular, 512K humongous, Frag: 60% external, 44% internal; Reserve: 1024K, Max: 256K
[20.240s][info][gc,stats     ] 
[20.240s][info][gc,stats     ] All times are wall-clock times, except per-root-class counters, that are sum over
[20.240s][info][gc,stats     ] all workers. Dividing the <total> over the root stage time estimates parallelism.
[20.240s][info][gc,stats     ] 
[20.240s][info][gc,stats     ] Concurrent Reset                    181 us
[20.240s][info][gc,stats     ] Pause Init Mark (G)                2258 us
[20.240s][info][gc,stats     ] Pause Init Mark (N)                1852 us
[20.240s][info][gc,stats     ]   Accumulate Stats                    6 us
[20.240s][info][gc,stats     ]   Make Parsable                      28 us
[20.240s][info][gc,stats     ]   Update Region States                2 us
[20.240s][info][gc,stats     ]   Scan Roots                       1689 us, parallelism: 1.07x
[20.240s][info][gc,stats     ]     S: <total>                     1805 us
[20.240s][info][gc,stats     ]     S: Thread Roots                 226 us, workers (us):   2, 224, ---, ---, ---, ---, ---, ---, ---, ---, ---, ---, ---, ---, ---, ---, ---, ---, ---, ---, ---, ---, ---, ---, 
[20.240s][info][gc,stats     ]     S: Universe Roots                21 us, workers (us):  21, ---, ---, ---, ---, ---, ---, ---, ---, ---, ---, ---, ---, ---, ---, ---, ---, ---, ---, ---, ---, ---, ---, ---, 
[20.240s][info][gc,stats     ]     S: JNI Handles Roots              4 us, workers (us):   4, ---, ---, ---, ---, ---, ---, ---, ---, ---, ---, ---, ---, ---, ---, ---, ---, ---, ---, ---, ---, ---, ---, ---, 
[20.240s][info][gc,stats     ]     S: Synchronizer Roots             1 us, workers (us): ---,   1, ---, ---, ---, ---, ---, ---, ---, ---, ---, ---, ---, ---, ---, ---, ---, ---, ---, ---, ---, ---, ---, ---, 
[20.240s][info][gc,stats     ]     S: Management Roots               2 us, workers (us): ---,   2, ---, ---, ---, ---, ---, ---, ---, ---, ---, ---, ---, ---, ---, ---, ---, ---, ---, ---, ---, ---, ---, ---, 
[20.240s][info][gc,stats     ]     S: System Dict Roots             31 us, workers (us): ---,  31, ---, ---, ---, ---, ---, ---, ---, ---, ---, ---, ---, ---, ---, ---, ---, ---, ---, ---, ---, ---, ---, ---, 
[20.240s][info][gc,stats     ]     S: CLDG Roots                  1520 us, workers (us): 1520, ---, ---, ---, ---, ---, ---, ---, ---, ---, ---, ---, ---, ---, ---, ---, ---, ---, ---, ---, ---, ---, ---, ---, 
[20.240s][info][gc,stats     ]     S: JVMTI Roots                    1 us, workers (us):   1, ---, ---, ---, ---, ---, ---, ---, ---, ---, ---, ---, ---, ---, ---, ---, ---, ---, ---, ---, ---, ---, ---, ---, 
[20.240s][info][gc,stats     ]   Resize TLABs                        6 us
[20.240s][info][gc,stats     ] Concurrent Marking                24025 us
[20.241s][info][gc,stats     ] Pause Final Mark (G)               1868 us
[20.241s][info][gc,stats     ] Pause Final Mark (N)               1611 us
[20.241s][info][gc,stats     ]   Finish Queues                     101 us
[20.241s][info][gc,stats     ]   System Purge                      624 us
[20.241s][info][gc,stats     ]     Weak Roots                      623 us
[20.241s][info][gc,stats     ]   Update Region States                5 us
[20.241s][info][gc,stats     ]   Retire TLABs                        7 us
[20.241s][info][gc,stats     ]   Choose Collection Set              85 us
[20.241s][info][gc,stats     ]   Rebuild Free Set                    7 us
[20.241s][info][gc,stats     ]   Initial Evacuation                757 us, parallelism: 0.69x
[20.241s][info][gc,stats     ]     E: <total>                      522 us
[20.241s][info][gc,stats     ]     E: Thread Roots                  72 us, workers (us):   1,  71, ---, ---, ---, ---, ---, ---, ---, ---, ---, ---, ---, ---, ---, ---, ---, ---, ---, ---, ---, ---, ---, ---, 
[20.241s][info][gc,stats     ]     E: Code Cache Roots               1 us, workers (us):   0,   1, ---, ---, ---, ---, ---, ---, ---, ---, ---, ---, ---, ---, ---, ---, ---, ---, ---, ---, ---, ---, ---, ---, 
[20.241s][info][gc,stats     ]     E: Universe Roots                12 us, workers (us):  12, ---, ---, ---, ---, ---, ---, ---, ---, ---, ---, ---, ---, ---, ---, ---, ---, ---, ---, ---, ---, ---, ---, ---, 
[20.241s][info][gc,stats     ]     E: JNI Handles Roots              2 us, workers (us): ---,   2, ---, ---, ---, ---, ---, ---, ---, ---, ---, ---, ---, ---, ---, ---, ---, ---, ---, ---, ---, ---, ---, ---, 
[20.241s][info][gc,stats     ]     E: Synchronizer Roots             0 us, workers (us):   0, ---, ---, ---, ---, ---, ---, ---, ---, ---, ---, ---, ---, ---, ---, ---, ---, ---, ---, ---, ---, ---, ---, ---, 
[20.241s][info][gc,stats     ]     E: Management Roots               1 us, workers (us):   1, ---, ---, ---, ---, ---, ---, ---, ---, ---, ---, ---, ---, ---, ---, ---, ---, ---, ---, ---, ---, ---, ---, ---, 
[20.241s][info][gc,stats     ]     E: System Dict Roots             11 us, workers (us):  11, ---, ---, ---, ---, ---, ---, ---, ---, ---, ---, ---, ---, ---, ---, ---, ---, ---, ---, ---, ---, ---, ---, ---, 
[20.241s][info][gc,stats     ]     E: CLDG Roots                   421 us, workers (us): 421, ---, ---, ---, ---, ---, ---, ---, ---, ---, ---, ---, ---, ---, ---, ---, ---, ---, ---, ---, ---, ---, ---, ---, 
[20.241s][info][gc,stats     ]     E: JVMTI Roots                    1 us, workers (us): ---,   1, ---, ---, ---, ---, ---, ---, ---, ---, ---, ---, ---, ---, ---, ---, ---, ---, ---, ---, ---, ---, ---, ---, 
[20.241s][info][gc,stats     ] Concurrent Cleanup                    6 us
[20.241s][info][gc,stats     ] Concurrent Evacuation              5246 us
[20.241s][info][gc,stats     ] Pause Init  Update Refs (G)         408 us
[20.241s][info][gc,stats     ] Pause Init  Update Refs (N)          52 us
[20.241s][info][gc,stats     ]   Retire GCLABs                      30 us
[20.241s][info][gc,stats     ] Concurrent Update Refs            18223 us
[20.241s][info][gc,stats     ] Pause Final Update Refs (G)         488 us
[20.241s][info][gc,stats     ] Pause Final Update Refs (N)         125 us
[20.241s][info][gc,stats     ]   Update Roots                       90 us, parallelism: 0.90x
[20.241s][info][gc,stats     ]     UR: <total>                      81 us
[20.241s][info][gc,stats     ]     UR: Thread Roots                 81 us, workers (us):  58,  23, ---, ---, ---, ---, ---, ---, ---, ---, ---, ---, ---, ---, ---, ---, ---, ---, ---, ---, ---, ---, ---, ---, 
[20.241s][info][gc,stats     ]   Update Region States                3 us
[20.241s][info][gc,stats     ]   Trash Collection Set                4 us
[20.241s][info][gc,stats     ]   Rebuild Free Set                    6 us
[20.241s][info][gc,stats     ] Concurrent Cleanup                  304 us
[20.241s][info][gc,stats     ] 
[20.241s][info][gc,stats     ] Allocation pacing accrued:
[20.241s][info][gc,stats     ]       0 of 11000 ms (  0.0%): <total>
[20.241s][info][gc,stats     ]       0 of 11000 ms (  0.0%): <average total>
[20.241s][info][gc,stats     ] 
[20.241s][info][gc,metaspace ] Metaspace: 14239K->14239K(1062912K)
[20.241s][info][gc,ergo      ] Pacer for Idle. Initial: 327K, Alloc Tax Rate: 1.0x
[23.186s][info][gc           ] Trigger: Free (1578K) is below minimum threshold (1638K)
[23.186s][info][gc,ergo      ] Free: 1578K, Max: 256K regular, 512K humongous, Frag: 0% external, 31% internal; Reserve: 1024K, Max: 256K
[23.187s][info][gc,start     ] GC(17) Concurrent reset
[23.187s][info][gc,task      ] GC(17) Using 2 of 24 workers for concurrent reset
[23.187s][info][gc,ergo      ] GC(17) Pacer for Reset. Non-Taxable: 16384K
[23.187s][info][gc           ] GC(17) Concurrent reset 0.190ms
[23.187s][info][gc,start     ] GC(17) Pause Init Mark
[23.187s][info][gc,task      ] GC(17) Using 2 of 24 workers for init marking
[23.189s][info][gc,ergo      ] GC(17) Pacer for Mark. Expected Live: 6827K, Free: 1578K, Non-Taxable: 157K, Alloc Tax Rate: 5.3x
[23.189s][info][gc           ] GC(17) Pause Init Mark 1.820ms
[23.189s][info][gc,start     ] GC(17) Concurrent marking
[23.189s][info][gc,task      ] GC(17) Using 2 of 24 workers for concurrent marking
[23.212s][info][gc           ] GC(17) Concurrent marking 23.537ms
[23.213s][info][gc,start     ] GC(17) Pause Final Mark
[23.213s][info][gc,task      ] GC(17) Using 2 of 24 workers for final marking
[23.213s][info][gc,ergo      ] GC(17) Adaptive CSet Selection. Target Free: 2321K, Actual Free: 1536K, Max CSet: 682K, Min Garbage: 785K
[23.213s][info][gc,ergo      ] GC(17) Collectable Garbage: 449K (23%), Immediate: 0B (0%), CSet: 449K (23%)
[23.214s][info][gc,ergo      ] GC(17) Pacer for Evacuation. Used CSet: 995K, Free: 4644K, Non-Taxable: 464K, Alloc Tax Rate: 1.1x
[23.214s][info][gc           ] GC(17) Pause Final Mark 1.673ms
[23.214s][info][gc,start     ] GC(17) Concurrent cleanup
[23.214s][info][gc           ] GC(17) Concurrent cleanup 10M->10M(16M) 0.054ms
[23.214s][info][gc,ergo      ] GC(17) Free: 4644K, Max: 256K regular, 512K humongous, Frag: 0% external, 46% internal; Reserve: 1001K, Max: 256K
[23.214s][info][gc,start     ] GC(17) Concurrent evacuation
[23.214s][info][gc,task      ] GC(17) Using 2 of 24 workers for concurrent evacuation
[23.217s][info][gc           ] GC(17) Concurrent evacuation 2.487ms
[23.217s][info][gc,start     ] GC(17) Pause Init Update Refs
[23.217s][info][gc,ergo      ] GC(17) Pacer for Update Refs. Used: 11487K, Free: 4644K, Non-Taxable: 464K, Alloc Tax Rate: 3.0x
[23.217s][info][gc           ] GC(17) Pause Init Update Refs 0.117ms
[23.217s][info][gc,start     ] GC(17) Concurrent update references
[23.217s][info][gc,task      ] GC(17) Using 2 of 24 workers for concurrent reference update
[23.234s][info][gc           ] GC(17) Concurrent update references 16.827ms
[23.234s][info][gc,start     ] GC(17) Pause Final Update Refs
[23.234s][info][gc,task      ] GC(17) Using 2 of 24 workers for final reference update
[23.234s][info][gc           ] GC(17) Pause Final Update Refs 0.081ms
[23.234s][info][gc,start     ] GC(17) Concurrent cleanup
[23.235s][info][gc           ] GC(17) Concurrent cleanup 11M->10M(16M) 0.179ms
[23.235s][info][gc           ] GC(17) Dat log --- cycle is complete
Current gc epoch: 17
heap: ______
capacity: 16777216
used: 10743744
committed: 16777216
bytes_allocated_since_gc_start: 0
hot_size: 16990
cold_size: 52889
num_regions: 64
hot_region_count: 18446744073709551606
cold_region_count: 40
histogram: Placeholder

[23.235s][info][gc           ] GC(17) Obj count ac histogram
[23.235s][info][gc           ] GC(17) 	0: 3138
[23.235s][info][gc           ] GC(17) 	1: 0
[23.235s][info][gc           ] GC(17) 	2: 0
[23.235s][info][gc           ] GC(17) 	3: 0
[23.235s][info][gc           ] GC(17) 	4: 0
[23.235s][info][gc           ] GC(17) 	5: 0
[23.235s][info][gc           ] GC(17) 	6: 0
[23.235s][info][gc           ] GC(17) 	7: 0
[23.235s][info][gc           ] GC(17) 	8: 0
[23.235s][info][gc           ] GC(17) 	9: 0
[23.235s][info][gc           ] GC(17) 	10: 0
[23.235s][info][gc           ] GC(17) 	11: 0
[23.235s][info][gc           ] GC(17) 	12: 0
[23.235s][info][gc           ] GC(17) 	13: 1305
[23.235s][info][gc           ] GC(17) 	14: 0
[23.235s][info][gc           ] GC(17) 	15: 0
[23.235s][info][gc           ] GC(17) 	16: 0
[23.235s][info][gc           ] GC(17) 	17: 0
[23.235s][info][gc           ] GC(17) 	18: 0
[23.235s][info][gc           ] GC(17) 	19: 0
[23.235s][info][gc           ] GC(17) Obj size ac histogram
[23.235s][info][gc           ] GC(17) 	0: 52889
[23.235s][info][gc           ] GC(17) 	1: 0
[23.235s][info][gc           ] GC(17) 	2: 0
[23.235s][info][gc           ] GC(17) 	3: 0
[23.235s][info][gc           ] GC(17) 	4: 0
[23.235s][info][gc           ] GC(17) 	5: 0
[23.235s][info][gc           ] GC(17) 	6: 0
[23.235s][info][gc           ] GC(17) 	7: 0
[23.235s][info][gc           ] GC(17) 	8: 0
[23.235s][info][gc           ] GC(17) 	9: 0
[23.235s][info][gc           ] GC(17) 	10: 0
[23.235s][info][gc           ] GC(17) 	11: 0
[23.235s][info][gc           ] GC(17) 	12: 0
[23.235s][info][gc           ] GC(17) 	13: 16990
[23.235s][info][gc           ] GC(17) 	14: 0
[23.235s][info][gc           ] GC(17) 	15: 0
[23.235s][info][gc           ] GC(17) 	16: 0
[23.235s][info][gc           ] GC(17) 	17: 0
[23.235s][info][gc           ] GC(17) 	18: 0
[23.235s][info][gc           ] GC(17) 	19: 0
[23.235s][info][gc,ergo      ] Free: 4868K, Max: 256K regular, 256K humongous, Frag: 50% external, 47% internal; Reserve: 1024K, Max: 256K
[23.235s][info][gc,stats     ] 
[23.235s][info][gc,stats     ] All times are wall-clock times, except per-root-class counters, that are sum over
[23.235s][info][gc,stats     ] all workers. Dividing the <total> over the root stage time estimates parallelism.
[23.235s][info][gc,stats     ] 
[23.235s][info][gc,stats     ] Concurrent Reset                    169 us
[23.235s][info][gc,stats     ] Pause Init Mark (G)                2164 us
[23.235s][info][gc,stats     ] Pause Init Mark (N)                1774 us
[23.235s][info][gc,stats     ]   Accumulate Stats                    5 us
[23.235s][info][gc,stats     ]   Make Parsable                      16 us
[23.235s][info][gc,stats     ]   Update Region States                2 us
[23.235s][info][gc,stats     ]   Scan Roots                       1623 us, parallelism: 1.00x
[23.235s][info][gc,stats     ]     S: <total>                     1622 us
[23.235s][info][gc,stats     ]     S: Thread Roots                 100 us, workers (us):   2,  99, ---, ---, ---, ---, ---, ---, ---, ---, ---, ---, ---, ---, ---, ---, ---, ---, ---, ---, ---, ---, ---, ---, 
[23.235s][info][gc,stats     ]     S: Universe Roots                18 us, workers (us):  18, ---, ---, ---, ---, ---, ---, ---, ---, ---, ---, ---, ---, ---, ---, ---, ---, ---, ---, ---, ---, ---, ---, ---, 
[23.235s][info][gc,stats     ]     S: JNI Handles Roots              3 us, workers (us):   3, ---, ---, ---, ---, ---, ---, ---, ---, ---, ---, ---, ---, ---, ---, ---, ---, ---, ---, ---, ---, ---, ---, ---, 
[23.235s][info][gc,stats     ]     S: Synchronizer Roots             0 us, workers (us): ---,   0, ---, ---, ---, ---, ---, ---, ---, ---, ---, ---, ---, ---, ---, ---, ---, ---, ---, ---, ---, ---, ---, ---, 
[23.235s][info][gc,stats     ]     S: Management Roots               2 us, workers (us): ---,   2, ---, ---, ---, ---, ---, ---, ---, ---, ---, ---, ---, ---, ---, ---, ---, ---, ---, ---, ---, ---, ---, ---, 
[23.235s][info][gc,stats     ]     S: System Dict Roots             31 us, workers (us): ---,  31, ---, ---, ---, ---, ---, ---, ---, ---, ---, ---, ---, ---, ---, ---, ---, ---, ---, ---, ---, ---, ---, ---, 
[23.235s][info][gc,stats     ]     S: CLDG Roots                  1467 us, workers (us): 1467, ---, ---, ---, ---, ---, ---, ---, ---, ---, ---, ---, ---, ---, ---, ---, ---, ---, ---, ---, ---, ---, ---, ---, 
[23.235s][info][gc,stats     ]     S: JVMTI Roots                    1 us, workers (us):   1, ---, ---, ---, ---, ---, ---, ---, ---, ---, ---, ---, ---, ---, ---, ---, ---, ---, ---, ---, ---, ---, ---, ---, 
[23.235s][info][gc,stats     ]   Resize TLABs                        6 us
[23.235s][info][gc,stats     ] Concurrent Marking                23508 us
[23.235s][info][gc,stats     ] Pause Final Mark (G)               1806 us
[23.235s][info][gc,stats     ] Pause Final Mark (N)               1659 us
[23.236s][info][gc,stats     ]   Finish Queues                     103 us
[23.236s][info][gc,stats     ]   System Purge                      652 us
[23.236s][info][gc,stats     ]     Weak Roots                      651 us
[23.236s][info][gc,stats     ]   Update Region States                2 us
[23.236s][info][gc,stats     ]   Retire TLABs                        3 us
[23.236s][info][gc,stats     ]   Choose Collection Set              22 us
[23.236s][info][gc,stats     ]   Rebuild Free Set                    2 us
[23.236s][info][gc,stats     ]   Initial Evacuation                861 us, parallelism: 0.57x
[23.236s][info][gc,stats     ]     E: <total>                      488 us
[23.236s][info][gc,stats     ]     E: Thread Roots                  64 us, workers (us):  63,   1, ---, ---, ---, ---, ---, ---, ---, ---, ---, ---, ---, ---, ---, ---, ---, ---, ---, ---, ---, ---, ---, ---, 
[23.236s][info][gc,stats     ]     E: Code Cache Roots               1 us, workers (us):   1,   1, ---, ---, ---, ---, ---, ---, ---, ---, ---, ---, ---, ---, ---, ---, ---, ---, ---, ---, ---, ---, ---, ---, 
[23.236s][info][gc,stats     ]     E: Universe Roots                 6 us, workers (us):   6, ---, ---, ---, ---, ---, ---, ---, ---, ---, ---, ---, ---, ---, ---, ---, ---, ---, ---, ---, ---, ---, ---, ---, 
[23.236s][info][gc,stats     ]     E: JNI Handles Roots              1 us, workers (us):   1, ---, ---, ---, ---, ---, ---, ---, ---, ---, ---, ---, ---, ---, ---, ---, ---, ---, ---, ---, ---, ---, ---, ---, 
[23.236s][info][gc,stats     ]     E: Synchronizer Roots             1 us, workers (us): ---,   1, ---, ---, ---, ---, ---, ---, ---, ---, ---, ---, ---, ---, ---, ---, ---, ---, ---, ---, ---, ---, ---, ---, 
[23.236s][info][gc,stats     ]     E: Management Roots               2 us, workers (us): ---,   2, ---, ---, ---, ---, ---, ---, ---, ---, ---, ---, ---, ---, ---, ---, ---, ---, ---, ---, ---, ---, ---, ---, 
[23.236s][info][gc,stats     ]     E: System Dict Roots             13 us, workers (us): ---,  13, ---, ---, ---, ---, ---, ---, ---, ---, ---, ---, ---, ---, ---, ---, ---, ---, ---, ---, ---, ---, ---, ---, 
[23.236s][info][gc,stats     ]     E: CLDG Roots                   400 us, workers (us): ---, 400, ---, ---, ---, ---, ---, ---, ---, ---, ---, ---, ---, ---, ---, ---, ---, ---, ---, ---, ---, ---, ---, ---, 
[23.236s][info][gc,stats     ]     E: JVMTI Roots                    1 us, workers (us):   1, ---, ---, ---, ---, ---, ---, ---, ---, ---, ---, ---, ---, ---, ---, ---, ---, ---, ---, ---, ---, ---, ---, ---, 
[23.236s][info][gc,stats     ] Concurrent Cleanup                    6 us
[23.236s][info][gc,stats     ] Concurrent Evacuation              2467 us
[23.236s][info][gc,stats     ] Pause Init  Update Refs (G)         434 us
[23.236s][info][gc,stats     ] Pause Init  Update Refs (N)          74 us
[23.236s][info][gc,stats     ]   Retire GCLABs                      51 us
[23.236s][info][gc,stats     ] Concurrent Update Refs            16797 us
[23.236s][info][gc,stats     ] Pause Final Update Refs (G)         230 us
[23.236s][info][gc,stats     ] Pause Final Update Refs (N)          62 us
[23.236s][info][gc,stats     ]   Update Roots                       50 us, parallelism: 0.94x
[23.236s][info][gc,stats     ]     UR: <total>                      47 us
[23.236s][info][gc,stats     ]     UR: Thread Roots                 47 us, workers (us):  27,  20, ---, ---, ---, ---, ---, ---, ---, ---, ---, ---, ---, ---, ---, ---, ---, ---, ---, ---, ---, ---, ---, ---, 
[23.236s][info][gc,stats     ]   Update Region States                1 us
[23.236s][info][gc,stats     ]   Trash Collection Set                1 us
[23.236s][info][gc,stats     ]   Rebuild Free Set                    2 us
[23.236s][info][gc,stats     ] Concurrent Cleanup                  152 us
[23.236s][info][gc,stats     ] 
[23.236s][info][gc,stats     ] Allocation pacing accrued:
[23.236s][info][gc,stats     ]       0 of  2995 ms (  0.0%): <total>
[23.236s][info][gc,stats     ]       0 of  2995 ms (  0.0%): <average total>
[23.236s][info][gc,stats     ] 
[23.236s][info][gc,metaspace ] Metaspace: 14239K->14239K(1062912K)
[23.236s][info][gc,ergo      ] Pacer for Idle. Initial: 327K, Alloc Tax Rate: 1.0x
[26.187s][info][gc           ] Failed to allocate Shared, 128K
[26.187s][info][gc           ] Cancelling GC: Allocation Failure
[26.188s][info][gc           ] Trigger: Handle Allocation Failure
[26.188s][info][gc,ergo      ] Free: 1162K, Max: 253K regular, 0B humongous, Frag: 0% external, 43% internal; Reserve: 1024K, Max: 256K
[26.188s][info][gc,start     ] GC(18) Pause Degenerated GC (Outside of Cycle)
[26.188s][info][gc,task      ] GC(18) Using 13 of 24 workers for stw degenerated gc
[26.188s][info][gc,ergo      ] GC(18) Pacer for Reset. Non-Taxable: 16384K
[26.189s][info][gc,ergo      ] GC(18) Pacer for Mark. Expected Live: 7219K, Free: 1162K, Non-Taxable: 116K, Alloc Tax Rate: 7.6x
[26.202s][info][gc,stringtable] GC(18) Cleaned string and symbol table, strings: 5465 processed, 0 removed, symbols: 48584 processed, 8 removed
[26.202s][info][gc,ergo       ] GC(18) Adaptive CSet Selection. Target Free: 2321K, Actual Free: 1024K, Max CSet: 682K, Min Garbage: 1297K
[26.202s][info][gc,ergo       ] GC(18) Collectable Garbage: 1144K (46%), Immediate: 0B (0%), CSet: 1144K (46%)
[26.202s][info][gc,ergo       ] GC(18) Pacer for Evacuation. Used CSet: 1792K, Free: 4595K, Non-Taxable: 459K, Alloc Tax Rate: 1.1x
[26.204s][info][gc            ] GC(18) Cancelling GC: Allocation Failure During Evacuation
[26.205s][info][gc            ] GC(18) Cannot finish degeneration, upgrading to Full GC
[26.205s][info][gc,phases,start] GC(18) Phase 1: Mark live objects
[26.211s][info][gc,stringtable ] GC(18) Cleaned string and symbol table, strings: 5465 processed, 0 removed, symbols: 48576 processed, 6 removed
[26.211s][info][gc,phases      ] GC(18) Phase 1: Mark live objects 5.585ms
[26.211s][info][gc,phases,start] GC(18) Phase 2: Compute new object addresses
[26.213s][info][gc,phases      ] GC(18) Phase 2: Compute new object addresses 2.276ms
[26.213s][info][gc,phases,start] GC(18) Phase 3: Adjust pointers
[26.215s][info][gc,phases      ] GC(18) Phase 3: Adjust pointers 1.735ms
[26.215s][info][gc,phases,start] GC(18) Phase 4: Move objects
[26.217s][info][gc,phases      ] GC(18) Phase 4: Move objects 1.650ms
[26.217s][info][gc,ergo        ] GC(18) Good progress for free space: 7045K, need 163K
[26.217s][info][gc,ergo        ] GC(18) Good progress for used space: 3412K, need 256K
[26.217s][info][gc             ] GC(18) Pause Degenerated GC (Outside of Cycle) 10M->8M(16M) 28.456ms
[26.217s][info][gc,ergo        ] Free: 7045K, Max: 256K regular, 2048K humongous, Frag: 43% external, 52% internal; Reserve: 1024K, Max: 256K
[26.217s][info][gc,stats       ] 
[26.217s][info][gc,stats       ] All times are wall-clock times, except per-root-class counters, that are sum over
[26.217s][info][gc,stats       ] all workers. Dividing the <total> over the root stage time estimates parallelism.
[26.217s][info][gc,stats       ] 
[26.217s][info][gc,stats       ]   Accumulate Stats                    5 us
[26.217s][info][gc,stats       ]   Make Parsable                      11 us
[26.217s][info][gc,stats       ]   Update Region States                1 us
[26.217s][info][gc,stats       ]   Scan Roots                        680 us, parallelism: 1.69x
[26.217s][info][gc,stats       ]     S: <total>                     1152 us
[26.217s][info][gc,stats       ]     S: Thread Roots                 362 us, workers (us):   2,   3,  24,  37,   8,   7,   2, 197,  36,  43,   2,   1,   0, ---, ---, ---, ---, ---, ---, ---, ---, ---, ---, ---, 
[26.217s][info][gc,stats       ]     S: Universe Roots                19 us, workers (us):  19, ---, ---, ---, ---, ---, ---, ---, ---, ---, ---, ---, ---, ---, ---, ---, ---, ---, ---, ---, ---, ---, ---, ---, 
[26.217s][info][gc,stats       ]     S: JNI Handles Roots             13 us, workers (us): ---, ---,  13, ---, ---, ---, ---, ---, ---, ---, ---, ---, ---, ---, ---, ---, ---, ---, ---, ---, ---, ---, ---, ---, 
[26.217s][info][gc,stats       ]     S: Synchronizer Roots             0 us, workers (us): ---,   0, ---, ---, ---, ---, ---, ---, ---, ---, ---, ---, ---, ---, ---, ---, ---, ---, ---, ---, ---, ---, ---, ---, 
[26.217s][info][gc,stats       ]     S: Management Roots               2 us, workers (us): ---,   2, ---, ---, ---, ---, ---, ---, ---, ---, ---, ---, ---, ---, ---, ---, ---, ---, ---, ---, ---, ---, ---, ---, 
[26.217s][info][gc,stats       ]     S: System Dict Roots             42 us, workers (us): ---,  42, ---, ---, ---, ---, ---, ---, ---, ---, ---, ---, ---, ---, ---, ---, ---, ---, ---, ---, ---, ---, ---, ---, 
[26.217s][info][gc,stats       ]     S: CLDG Roots                   712 us, workers (us): 597, ---,  22,  29,  22,  22,  22, ---, ---, ---, ---, ---, ---, ---, ---, ---, ---, ---, ---, ---, ---, ---, ---, ---, 
[26.217s][info][gc,stats       ]     S: JVMTI Roots                    1 us, workers (us): ---, ---,   1, ---, ---, ---, ---, ---, ---, ---, ---, ---, ---, ---, ---, ---, ---, ---, ---, ---, ---, ---, ---, ---, 
[26.217s][info][gc,stats       ]   Resize TLABs                        4 us
[26.217s][info][gc,stats       ]   Finish Queues                    8037 us
[26.217s][info][gc,stats       ]   Weak References                  1402 us
[26.217s][info][gc,stats       ]     Process                        1394 us
[26.217s][info][gc,stats       ]   System Purge                      147 us
[26.217s][info][gc,stats       ]     Unload Classes                 1078 us
[26.217s][info][gc,stats       ]     Cleanup                        1847 us, parallelism: 10.71x
[26.217s][info][gc,stats       ]       CU: <total>                 19777 us
[26.217s][info][gc,stats       ]       CU: Code Cache Roots           80 us, workers (us):   2,   2,   2,   2,   2,   5,   3,  30,  21,   4,   2,   2,   3, ---, ---, ---, ---, ---, ---, ---, ---, ---, ---, ---, 
[26.217s][info][gc,stats       ]       CU: Code Cache Cleaning         2 us, workers (us):   0,   0,   0,   0,   0,   0,   0,   0,   0,   0,   0,   0,   0, ---, ---, ---, ---, ---, ---, ---, ---, ---, ---, ---, 
[26.217s][info][gc,stats       ]       CU: String Table Roots       4146 us, workers (us): 400, 351, 346, 325, 321, 317, 317, 290, 299, 317, 295, 283, 286, ---, ---, ---, ---, ---, ---, ---, ---, ---, ---, ---, 
[26.217s][info][gc,stats       ]       CU: Resolved Table Roots      183 us, workers (us):   0,   0, 180,   0,   0,   0,   0,   0,   0,   1,   0,   0,   0, ---, ---, ---, ---, ---, ---, ---, ---, ---, ---, ---, 
[26.217s][info][gc,stats       ]       CU: CLDG Roots              15366 us, workers (us): 1195, 1197, 1017, 1197, 1193, 1195, 1198, 1197, 1195, 1194, 1195, 1199, 1195, ---, ---, ---, ---, ---, ---, ---, ---, ---, ---, ---, 
[26.217s][info][gc,stats       ]     Weak Roots                      147 us
[26.217s][info][gc,stats       ]     CLDG                            353 us
[26.217s][info][gc,stats       ]   Update Region States                2 us
[26.217s][info][gc,stats       ]   Retire TLABs                        4 us
[26.217s][info][gc,stats       ]   Choose Collection Set              37 us
[26.217s][info][gc,stats       ]   Rebuild Free Set                    2 us
[26.217s][info][gc,stats       ]   Initial Evacuation                  5 us
[26.217s][info][gc,stats       ] Pause Degenerated GC (G)          28796 us
[26.217s][info][gc,stats       ] Pause Degenerated GC (N)          28413 us
[26.217s][info][gc,stats       ]   Pre Heap Dump                       1 us
[26.217s][info][gc,stats       ]   Prepare                           387 us
[26.217s][info][gc,stats       ]     Update Roots                    281 us, parallelism: 2.19x
[26.217s][info][gc,stats       ]       FU: <total>                   617 us
[26.217s][info][gc,stats       ]       FU: Thread Roots              113 us, workers (us):  17,   1,   1,  19,  21,   1,  22,   1,   1,  26,   1,   2,   1, ---, ---, ---, ---, ---, ---, ---, ---, ---, ---, ---, 
[26.217s][info][gc,stats       ]       FU: Code Cache Roots            4 us, workers (us):   0,   0,   0,   0,   0,   0,   1,   0,   0,   1,   0,   0,   0, ---, ---, ---, ---, ---, ---, ---, ---, ---, ---, ---, 
[26.217s][info][gc,stats       ]       FU: Universe Roots              4 us, workers (us):   4, ---, ---, ---, ---, ---, ---, ---, ---, ---, ---, ---, ---, ---, ---, ---, ---, ---, ---, ---, ---, ---, ---, ---, 
[26.217s][info][gc,stats       ]       FU: JNI Handles Roots           1 us, workers (us):   1, ---, ---, ---, ---, ---, ---, ---, ---, ---, ---, ---, ---, ---, ---, ---, ---, ---, ---, ---, ---, ---, ---, ---, 
[26.217s][info][gc,stats       ]       FU: Synchronizer Roots          0 us, workers (us): ---,   0, ---, ---, ---, ---, ---, ---, ---, ---, ---, ---, ---, ---, ---, ---, ---, ---, ---, ---, ---, ---, ---, ---, 
[26.217s][info][gc,stats       ]       FU: Management Roots            1 us, workers (us): ---,   1, ---, ---, ---, ---, ---, ---, ---, ---, ---, ---, ---, ---, ---, ---, ---, ---, ---, ---, ---, ---, ---, ---, 
[26.217s][info][gc,stats       ]       FU: System Dict Roots           7 us, workers (us): ---,   7, ---, ---, ---, ---, ---, ---, ---, ---, ---, ---, ---, ---, ---, ---, ---, ---, ---, ---, ---, ---, ---, ---, 
[26.217s][info][gc,stats       ]       FU: CLDG Roots                486 us, workers (us): ---,  54, 146, ---, ---,  57, ---,  54,  54, ---, 121, ---, ---, ---, ---, ---, ---, ---, ---, ---, ---, ---, ---, ---, 
[26.217s][info][gc,stats       ]       FU: JVMTI Roots                 0 us, workers (us):   0, ---, ---, ---, ---, ---, ---, ---, ---, ---, ---, ---, ---, ---, ---, ---, ---, ---, ---, ---, ---, ---, ---, ---, 
[26.217s][info][gc,stats       ]   Scan Roots                        227 us, parallelism: 1.45x
[26.217s][info][gc,stats       ]     FS: <total>                     330 us
[26.217s][info][gc,stats       ]     FS: Thread Roots                 78 us, workers (us):   0,   3,  10,   9,  23,   0,  18,  12,   0,   0,   0,   0,   0, ---, ---, ---, ---, ---, ---, ---, ---, ---, ---, ---, 
[26.217s][info][gc,stats       ]     FS: Universe Roots                7 us, workers (us):   7, ---, ---, ---, ---, ---, ---, ---, ---, ---, ---, ---, ---, ---, ---, ---, ---, ---, ---, ---, ---, ---, ---, ---, 
[26.217s][info][gc,stats       ]     FS: JNI Handles Roots             2 us, workers (us): ---,   2, ---, ---, ---, ---, ---, ---, ---, ---, ---, ---, ---, ---, ---, ---, ---, ---, ---, ---, ---, ---, ---, ---, 
[26.217s][info][gc,stats       ]     FS: Synchronizer Roots            0 us, workers (us): ---,   0, ---, ---, ---, ---, ---, ---, ---, ---, ---, ---, ---, ---, ---, ---, ---, ---, ---, ---, ---, ---, ---, ---, 
[26.217s][info][gc,stats       ]     FS: Management Roots              1 us, workers (us): ---,   1, ---, ---, ---, ---, ---, ---, ---, ---, ---, ---, ---, ---, ---, ---, ---, ---, ---, ---, ---, ---, ---, ---, 
[26.217s][info][gc,stats       ]     FS: System Dict Roots            12 us, workers (us): ---, ---,  12, ---, ---, ---, ---, ---, ---, ---, ---, ---, ---, ---, ---, ---, ---, ---, ---, ---, ---, ---, ---, ---, 
[26.217s][info][gc,stats       ]     FS: CLDG Roots                  230 us, workers (us): 197,   9, ---,  10,   4,   9, ---, ---, ---, ---, ---, ---, ---, ---, ---, ---, ---, ---, ---, ---, ---, ---, ---, ---, 
[26.217s][info][gc,stats       ]     FS: JVMTI Roots                   0 us, workers (us): ---,   0, ---, ---, ---, ---, ---, ---, ---, ---, ---, ---, ---, ---, ---, ---, ---, ---, ---, ---, ---, ---, ---, ---, 
[26.217s][info][gc,stats       ]   Mark                             5572 us
[26.217s][info][gc,stats       ]     Finish Queues                  3713 us
[26.217s][info][gc,stats       ]     Weak References                 334 us
[26.217s][info][gc,stats       ]       Process                       330 us
[26.217s][info][gc,stats       ]     System Purge                     82 us
[26.217s][info][gc,stats       ]       Unload Classes                138 us
[26.217s][info][gc,stats       ]       Cleanup                       921 us, parallelism: 11.55x
[26.217s][info][gc,stats       ]         CU: <total>               10634 us
[26.217s][info][gc,stats       ]         CU: Code Cache Roots          9 us, workers (us):   1,   1,   1,   1,   1,   1,   1,   1,   1,   1,   0,   1,   1, ---, ---, ---, ---, ---, ---, ---, ---, ---, ---, ---, 
[26.217s][info][gc,stats       ]         CU: Code Cache Cleaning        9 us, workers (us):   0,   0,   4,   0,   0,   1,   2,   0,   0,   1,   0,   0,   0, ---, ---, ---, ---, ---, ---, ---, ---, ---, ---, ---, 
[26.217s][info][gc,stats       ]         CU: String Table Roots     1962 us, workers (us): 162, 163, 158, 158, 154, 154, 151, 149, 146, 146, 143, 140, 137, ---, ---, ---, ---, ---, ---, ---, ---, ---, ---, ---, 
[26.217s][info][gc,stats       ]         CU: Resolved Table Roots       87 us, workers (us):   0,   0,  87,   0,   0,   0,   0,   0,   0,   0,   0,   0,   0, ---, ---, ---, ---, ---, ---, ---, ---, ---, ---, ---, 
[26.217s][info][gc,stats       ]         CU: CLDG Roots             8566 us, workers (us): 667, 666, 577, 666, 667, 665, 664, 666, 666, 663, 665, 666, 667, ---, ---, ---, ---, ---, ---, ---, ---, ---, ---, ---, 
[26.217s][info][gc,stats       ]       Weak Roots                     82 us
[26.217s][info][gc,stats       ]       CLDG                            0 us
[26.217s][info][gc,stats       ]   Calculate Addresses              2271 us
[26.217s][info][gc,stats       ]     Regular Objects                2266 us
[26.217s][info][gc,stats       ]     Humongous Objects                 1 us
[26.217s][info][gc,stats       ]   Adjust Pointers                  1729 us
[26.217s][info][gc,stats       ]     FA: <total>                     652 us
[26.218s][info][gc,stats       ]     FA: Thread Roots                 94 us, workers (us):  18,   2,   1,   1,  15,  16,   1,   9,   1,   1,   1,   6,  24, ---, ---, ---, ---, ---, ---, ---, ---, ---, ---, ---, 
[26.218s][info][gc,stats       ]     FA: Code Cache Roots              5 us, workers (us):   0,   1,   0,   0,   0,   0,   0,   0,   0,   0,   0,   1,   1, ---, ---, ---, ---, ---, ---, ---, ---, ---, ---, ---, 
[26.218s][info][gc,stats       ]     FA: Universe Roots                3 us, workers (us):   3, ---, ---, ---, ---, ---, ---, ---, ---, ---, ---, ---, ---, ---, ---, ---, ---, ---, ---, ---, ---, ---, ---, ---, 
[26.218s][info][gc,stats       ]     FA: JNI Handles Roots             1 us, workers (us): ---, ---,   1, ---, ---, ---, ---, ---, ---, ---, ---, ---, ---, ---, ---, ---, ---, ---, ---, ---, ---, ---, ---, ---, 
[26.218s][info][gc,stats       ]     FA: Synchronizer Roots            0 us, workers (us):   0, ---, ---, ---, ---, ---, ---, ---, ---, ---, ---, ---, ---, ---, ---, ---, ---, ---, ---, ---, ---, ---, ---, ---, 
[26.218s][info][gc,stats       ]     FA: Management Roots              1 us, workers (us):   1, ---, ---, ---, ---, ---, ---, ---, ---, ---, ---, ---, ---, ---, ---, ---, ---, ---, ---, ---, ---, ---, ---, ---, 
[26.218s][info][gc,stats       ]     FA: System Dict Roots             8 us, workers (us):   8, ---, ---, ---, ---, ---, ---, ---, ---, ---, ---, ---, ---, ---, ---, ---, ---, ---, ---, ---, ---, ---, ---, ---, 
[26.218s][info][gc,stats       ]     FA: CLDG Roots                  540 us, workers (us): ---, ---, 137,  72, ---, ---,  72, ---,  72,  71, 116, ---, ---, ---, ---, ---, ---, ---, ---, ---, ---, ---, ---, ---, 
[26.218s][info][gc,stats       ]     FA: JVMTI Roots                   0 us, workers (us): ---, ---,   0, ---, ---, ---, ---, ---, ---, ---, ---, ---, ---, ---, ---, ---, ---, ---, ---, ---, ---, ---, ---, ---, 
[26.218s][info][gc,stats       ]   Copy Objects                     1645 us
[26.218s][info][gc,stats       ]     Regular Objects                1169 us
[26.218s][info][gc,stats       ]     Humongous Objects                 1 us
[26.218s][info][gc,stats       ]     Reset Complete Bitmap            29 us
[26.218s][info][gc,stats       ]     Rebuild Region Sets             445 us
[26.218s][info][gc,stats       ]   Resize TLABs                        4 us
[26.218s][info][gc,stats       ]   Post Heap Dump                      1 us
[26.218s][info][gc,stats       ] 
[26.218s][info][gc,stats       ] Allocation pacing accrued:
[26.218s][info][gc,stats       ]       0 of  2982 ms (  0.0%): <total>
[26.218s][info][gc,stats       ]       0 of  2982 ms (  0.0%): <average total>
[26.218s][info][gc,stats       ] 
[26.218s][info][gc,metaspace   ] Metaspace: 14239K->14126K(1062912K)
[26.218s][info][gc,ergo        ] Pacer for Idle. Initial: 327K, Alloc Tax Rate: 1.0x
[26.219s][info][gc             ] Trigger: Average GC time (53.96 ms) is above the time for allocation rate (69208 KB/s) to deplete free headroom (2457K)
[26.219s][info][gc,ergo        ] Free headroom: 4915K (free) - 819K (spike) - 1638K (penalties) = 2457K
[26.219s][info][gc,ergo        ] Free: 4915K, Max: 256K regular, 2048K humongous, Frag: 39% external, 35% internal; Reserve: 1024K, Max: 256K
[26.219s][info][gc,start       ] GC(19) Concurrent reset
[26.219s][info][gc,task        ] GC(19) Using 2 of 24 workers for concurrent reset
[26.219s][info][gc,ergo        ] GC(19) Pacer for Reset. Non-Taxable: 16384K
[26.219s][info][gc             ] GC(19) Concurrent reset 0.132ms
[26.219s][info][gc,start       ] GC(19) Pause Init Mark
[26.219s][info][gc,task        ] GC(19) Using 2 of 24 workers for init marking
[26.220s][info][gc,ergo        ] GC(19) Pacer for Mark. Expected Live: 9095K, Free: 4915K, Non-Taxable: 491K, Alloc Tax Rate: 2.3x
[26.220s][info][gc             ] GC(19) Pause Init Mark 0.732ms
[26.220s][info][gc,start       ] GC(19) Concurrent marking
[26.220s][info][gc,task        ] GC(19) Using 2 of 24 workers for concurrent marking
[26.237s][info][gc             ] GC(19) Concurrent marking 16.604ms
[26.237s][info][gc,start       ] GC(19) Pause Final Mark
[26.237s][info][gc,task        ] GC(19) Using 2 of 24 workers for final marking
[26.237s][info][gc,ergo        ] GC(19) Adaptive CSet Selection. Target Free: 2321K, Actual Free: 4864K, Max CSet: 682K, Min Garbage: 0B
[26.237s][info][gc,ergo        ] GC(19) Collectable Garbage: 1280K (71%), Immediate: 512K (28%), CSet: 768K (42%)
[26.238s][info][gc,ergo        ] GC(19) Pacer for Evacuation. Used CSet: 1342K, Free: 7235K, Non-Taxable: 723K, Alloc Tax Rate: 1.1x
[26.238s][info][gc             ] GC(19) Pause Final Mark 1.176ms
[26.238s][info][gc,start       ] GC(19) Concurrent cleanup
[26.238s][info][gc             ] GC(19) Concurrent cleanup 8M->7M(16M) 0.158ms
[26.238s][info][gc,ergo        ] GC(19) Free: 7235K, Max: 256K regular, 2048K humongous, Frag: 53% external, 46% internal; Reserve: 780K, Max: 256K
[26.238s][info][gc,start       ] GC(19) Concurrent evacuation
[26.238s][info][gc,task        ] GC(19) Using 2 of 24 workers for concurrent evacuation
[26.240s][info][gc             ] GC(19) Concurrent evacuation 2.165ms
[26.240s][info][gc,start       ] GC(19) Pause Init Update Refs
[26.240s][info][gc,ergo        ] GC(19) Pacer for Update Refs. Used: 9084K, Free: 6979K, Non-Taxable: 697K, Alloc Tax Rate: 1.6x
[26.240s][info][gc             ] GC(19) Pause Init Update Refs 0.097ms
[26.241s][info][gc,start       ] GC(19) Concurrent update references
[26.241s][info][gc,task        ] GC(19) Using 2 of 24 workers for concurrent reference update
[26.254s][info][gc             ] GC(19) Concurrent update references 13.900ms
[26.255s][info][gc,start       ] GC(19) Pause Final Update Refs
[26.255s][info][gc,task        ] GC(19) Using 2 of 24 workers for final reference update
[26.255s][info][gc             ] GC(19) Pause Final Update Refs 0.114ms
[26.255s][info][gc,start       ] GC(19) Concurrent cleanup
[26.255s][info][gc             ] GC(19) Concurrent cleanup 8M->7M(16M) 0.188ms
[26.255s][info][gc             ] GC(19) Dat log --- cycle is complete
Current gc epoch: 18
heap: ______
capacity: 16777216
used: 7927792
committed: 16777216
bytes_allocated_since_gc_start: 0
hot_size: 74169
cold_size: 78547
num_regions: 64
hot_region_count: 18446744073709551592
cold_region_count: 44
histogram: Placeholder

[26.255s][info][gc             ] GC(19) Obj count ac histogram
[26.255s][info][gc             ] GC(19) 	0: 10148
[26.255s][info][gc             ] GC(19) 	1: 0
[26.255s][info][gc             ] GC(19) 	2: 0
[26.255s][info][gc             ] GC(19) 	3: 0
[26.255s][info][gc             ] GC(19) 	4: 0
[26.255s][info][gc             ] GC(19) 	5: 0
[26.255s][info][gc             ] GC(19) 	6: 0
[26.255s][info][gc             ] GC(19) 	7: 0
[26.255s][info][gc             ] GC(19) 	8: 0
[26.255s][info][gc             ] GC(19) 	9: 0
[26.255s][info][gc             ] GC(19) 	10: 0
[26.255s][info][gc             ] GC(19) 	11: 0
[26.255s][info][gc             ] GC(19) 	12: 0
[26.255s][info][gc             ] GC(19) 	13: 8418
[26.255s][info][gc             ] GC(19) 	14: 1
[26.255s][info][gc             ] GC(19) 	15: 0
[26.255s][info][gc             ] GC(19) 	16: 0
[26.255s][info][gc             ] GC(19) 	17: 0
[26.255s][info][gc             ] GC(19) 	18: 0
[26.255s][info][gc             ] GC(19) 	19: 0
[26.255s][info][gc             ] GC(19) Obj size ac histogram
[26.255s][info][gc             ] GC(19) 	0: 67871
[26.255s][info][gc             ] GC(19) 	1: 0
[26.255s][info][gc             ] GC(19) 	2: 0
[26.255s][info][gc             ] GC(19) 	3: 0
[26.255s][info][gc             ] GC(19) 	4: 0
[26.255s][info][gc             ] GC(19) 	5: 0
[26.255s][info][gc             ] GC(19) 	6: 0
[26.255s][info][gc             ] GC(19) 	7: 0
[26.255s][info][gc             ] GC(19) 	8: 0
[26.255s][info][gc             ] GC(19) 	9: 0
[26.255s][info][gc             ] GC(19) 	10: 0
[26.255s][info][gc             ] GC(19) 	11: 0
[26.255s][info][gc             ] GC(19) 	12: 0
[26.255s][info][gc             ] GC(19) 	13: 64251
[26.255s][info][gc             ] GC(19) 	14: 7
[26.255s][info][gc             ] GC(19) 	15: 0
[26.255s][info][gc             ] GC(19) 	16: 0
[26.255s][info][gc             ] GC(19) 	17: 0
[26.255s][info][gc             ] GC(19) 	18: 0
[26.255s][info][gc             ] GC(19) 	19: 0
[26.255s][info][gc,ergo        ] Free: 7618K, Max: 256K regular, 1280K humongous, Frag: 73% external, 46% internal; Reserve: 1024K, Max: 256K
[26.255s][info][gc,stats       ] 
[26.255s][info][gc,stats       ] All times are wall-clock times, except per-root-class counters, that are sum over
[26.255s][info][gc,stats       ] all workers. Dividing the <total> over the root stage time estimates parallelism.
[26.255s][info][gc,stats       ] 
[26.255s][info][gc,stats       ] Concurrent Reset                    123 us
[26.255s][info][gc,stats       ] Pause Init Mark (G)                 900 us
[26.255s][info][gc,stats       ] Pause Init Mark (N)                 706 us
[26.255s][info][gc,stats       ]   Accumulate Stats                    3 us
[26.255s][info][gc,stats       ]   Make Parsable                       4 us
[26.255s][info][gc,stats       ]   Update Region States                1 us
[26.255s][info][gc,stats       ]   Scan Roots                        631 us, parallelism: 1.03x
[26.255s][info][gc,stats       ]     S: <total>                      650 us
[26.255s][info][gc,stats       ]     S: Thread Roots                  59 us, workers (us):   1,  59, ---, ---, ---, ---, ---, ---, ---, ---, ---, ---, ---, ---, ---, ---, ---, ---, ---, ---, ---, ---, ---, ---, 
[26.255s][info][gc,stats       ]     S: Universe Roots                 8 us, workers (us):   8, ---, ---, ---, ---, ---, ---, ---, ---, ---, ---, ---, ---, ---, ---, ---, ---, ---, ---, ---, ---, ---, ---, ---, 
[26.255s][info][gc,stats       ]     S: JNI Handles Roots              1 us, workers (us):   1, ---, ---, ---, ---, ---, ---, ---, ---, ---, ---, ---, ---, ---, ---, ---, ---, ---, ---, ---, ---, ---, ---, ---, 
[26.255s][info][gc,stats       ]     S: Synchronizer Roots             0 us, workers (us):   0, ---, ---, ---, ---, ---, ---, ---, ---, ---, ---, ---, ---, ---, ---, ---, ---, ---, ---, ---, ---, ---, ---, ---, 
[26.255s][info][gc,stats       ]     S: Management Roots               1 us, workers (us):   1, ---, ---, ---, ---, ---, ---, ---, ---, ---, ---, ---, ---, ---, ---, ---, ---, ---, ---, ---, ---, ---, ---, ---, 
[26.255s][info][gc,stats       ]     S: System Dict Roots             12 us, workers (us):  12, ---, ---, ---, ---, ---, ---, ---, ---, ---, ---, ---, ---, ---, ---, ---, ---, ---, ---, ---, ---, ---, ---, ---, 
[26.255s][info][gc,stats       ]     S: CLDG Roots                   568 us, workers (us): 568, ---, ---, ---, ---, ---, ---, ---, ---, ---, ---, ---, ---, ---, ---, ---, ---, ---, ---, ---, ---, ---, ---, ---, 
[26.255s][info][gc,stats       ]     S: JVMTI Roots                    0 us, workers (us):   0, ---, ---, ---, ---, ---, ---, ---, ---, ---, ---, ---, ---, ---, ---, ---, ---, ---, ---, ---, ---, ---, ---, ---, 
[26.255s][info][gc,stats       ]   Resize TLABs                        2 us
[26.255s][info][gc,stats       ] Concurrent Marking                16592 us
[26.255s][info][gc,stats       ] Pause Final Mark (G)               1244 us
[26.255s][info][gc,stats       ] Pause Final Mark (N)               1161 us
[26.255s][info][gc,stats       ]   Finish Queues                     110 us
[26.255s][info][gc,stats       ]   System Purge                      395 us
[26.255s][info][gc,stats       ]     Weak Roots                      395 us
[26.256s][info][gc,stats       ]   Update Region States                2 us
[26.256s][info][gc,stats       ]   Retire TLABs                        2 us
[26.256s][info][gc,stats       ]   Choose Collection Set              25 us
[26.256s][info][gc,stats       ]   Rebuild Free Set                    2 us
[26.256s][info][gc,stats       ]   Initial Evacuation                616 us, parallelism: 0.32x
[26.256s][info][gc,stats       ]     E: <total>                      198 us
[26.256s][info][gc,stats       ]     E: Thread Roots                  37 us, workers (us):  36,   1, ---, ---, ---, ---, ---, ---, ---, ---, ---, ---, ---, ---, ---, ---, ---, ---, ---, ---, ---, ---, ---, ---, 
[26.256s][info][gc,stats       ]     E: Code Cache Roots               1 us, workers (us):   0,   0, ---, ---, ---, ---, ---, ---, ---, ---, ---, ---, ---, ---, ---, ---, ---, ---, ---, ---, ---, ---, ---, ---, 
[26.256s][info][gc,stats       ]     E: Universe Roots                 2 us, workers (us):   2, ---, ---, ---, ---, ---, ---, ---, ---, ---, ---, ---, ---, ---, ---, ---, ---, ---, ---, ---, ---, ---, ---, ---, 
[26.256s][info][gc,stats       ]     E: JNI Handles Roots              0 us, workers (us):   0, ---, ---, ---, ---, ---, ---, ---, ---, ---, ---, ---, ---, ---, ---, ---, ---, ---, ---, ---, ---, ---, ---, ---, 
[26.256s][info][gc,stats       ]     E: Synchronizer Roots             0 us, workers (us): ---,   0, ---, ---, ---, ---, ---, ---, ---, ---, ---, ---, ---, ---, ---, ---, ---, ---, ---, ---, ---, ---, ---, ---, 
[26.256s][info][gc,stats       ]     E: Management Roots               1 us, workers (us): ---,   1, ---, ---, ---, ---, ---, ---, ---, ---, ---, ---, ---, ---, ---, ---, ---, ---, ---, ---, ---, ---, ---, ---, 
[26.256s][info][gc,stats       ]     E: System Dict Roots              6 us, workers (us): ---,   6, ---, ---, ---, ---, ---, ---, ---, ---, ---, ---, ---, ---, ---, ---, ---, ---, ---, ---, ---, ---, ---, ---, 
[26.256s][info][gc,stats       ]     E: CLDG Roots                   151 us, workers (us): ---, 151, ---, ---, ---, ---, ---, ---, ---, ---, ---, ---, ---, ---, ---, ---, ---, ---, ---, ---, ---, ---, ---, ---, 
[26.256s][info][gc,stats       ]     E: JVMTI Roots                    0 us, workers (us):   0, ---, ---, ---, ---, ---, ---, ---, ---, ---, ---, ---, ---, ---, ---, ---, ---, ---, ---, ---, ---, ---, ---, ---, 
[26.256s][info][gc,stats       ] Concurrent Cleanup                  139 us
[26.256s][info][gc,stats       ] Concurrent Evacuation              2152 us
[26.256s][info][gc,stats       ] Pause Init  Update Refs (G)         307 us
[26.256s][info][gc,stats       ] Pause Init  Update Refs (N)          79 us
[26.256s][info][gc,stats       ]   Retire GCLABs                      65 us
[26.256s][info][gc,stats       ] Concurrent Update Refs            13880 us
[26.256s][info][gc,stats       ] Pause Final Update Refs (G)         263 us
[26.256s][info][gc,stats       ] Pause Final Update Refs (N)          96 us
[26.256s][info][gc,stats       ]   Update Roots                       79 us, parallelism: 0.75x
[26.256s][info][gc,stats       ]     UR: <total>                      59 us
[26.256s][info][gc,stats       ]     UR: Thread Roots                 59 us, workers (us):  40,  20, ---, ---, ---, ---, ---, ---, ---, ---, ---, ---, ---, ---, ---, ---, ---, ---, ---, ---, ---, ---, ---, ---, 
[26.256s][info][gc,stats       ]   Update Region States                2 us
[26.256s][info][gc,stats       ]   Trash Collection Set                2 us
[26.256s][info][gc,stats       ]   Rebuild Free Set                    4 us
[26.256s][info][gc,stats       ] Concurrent Cleanup                  171 us
[26.256s][info][gc,stats       ] 
[26.256s][info][gc,stats       ] Allocation pacing accrued:
[26.256s][info][gc,stats       ]       0 of    38 ms (  0.0%): <total>
[26.256s][info][gc,stats       ]       0 of    38 ms (  0.0%): <average total>
[26.256s][info][gc,stats       ] 
[26.256s][info][gc,metaspace   ] Metaspace: 14126K->14126K(1062912K)
[26.256s][info][gc,ergo        ] Pacer for Idle. Initial: 327K, Alloc Tax Rate: 1.0x
[38.457s][info][gc             ] Cancelling GC: Stopping VM
[38.458s][info][gc,heap,exit   ] Heap
[38.458s][info][gc,heap,exit   ] Shenandoah Heap
[38.458s][info][gc,heap,exit   ]  16384K max, 16384K soft max, 16384K committed, 9424K used
[38.458s][info][gc,heap,exit   ]  64 x 256K regions
[38.458s][info][gc,heap,exit   ] Status: cancelled
[38.458s][info][gc,heap,exit   ] Reserved region:
[38.458s][info][gc,heap,exit   ]  - [0x00000000ff000000, 0x0000000100000000) 
[38.458s][info][gc,heap,exit   ] Collection set:
[38.458s][info][gc,heap,exit   ]  - map (vanilla): 0x0000000000013fc0
[38.458s][info][gc,heap,exit   ]  - map (biased):  0x0000000000010000
[38.458s][info][gc,heap,exit   ] 
[38.458s][info][gc,heap,exit   ]  Metaspace       used 14127K, capacity 14542K, committed 14720K, reserved 1062912K
[38.458s][info][gc,heap,exit   ]   class space    used 1688K, capacity 1860K, committed 1920K, reserved 1048576K
[38.458s][info][gc,stats       ] 
[38.458s][info][gc,stats       ] GC STATISTICS:
[38.458s][info][gc,stats       ]   "(G)" (gross) pauses include VM time: time to notify and block threads, do the pre-
[38.458s][info][gc,stats       ]         and post-safepoint housekeeping. Use -XX:+PrintSafepointStatistics to dissect.
[38.458s][info][gc,stats       ]   "(N)" (net) pauses are the times spent in the actual GC code.
[38.458s][info][gc,stats       ]   "a" is average time for each phase, look at levels to see if average makes sense.
[38.458s][info][gc,stats       ]   "lvls" are quantiles: 0% (minimum), 25%, 50% (median), 75%, 100% (maximum).
[38.458s][info][gc,stats       ] 
[38.458s][info][gc,stats       ]   All times are wall-clock times, except per-root-class counters, that are sum over
[38.458s][info][gc,stats       ]   all workers. Dividing the <total> over the root stage time estimates parallelism.
[38.458s][info][gc,stats       ] 
[38.458s][info][gc,stats       ]   Pacing delays are measured from entering the pacing code till exiting it. Therefore,
[38.458s][info][gc,stats       ]   observed pacing delays may be higher than the threshold when paced thread spent more
[38.458s][info][gc,stats       ]   time in the pacing code. It usually happens when thread is de-scheduled while paced,
[38.458s][info][gc,stats       ]   OS takes longer to unblock the thread, or JVM experiences an STW pause.
[38.458s][info][gc,stats       ] 
[38.458s][info][gc,stats       ]   Higher delay would prevent application outpacing the GC, but it will hide the GC latencies
[38.458s][info][gc,stats       ]   from the STW pause times. Pacing affects the individual threads, and so it would also be
[38.458s][info][gc,stats       ]   invisible to the usual profiling tools, but would add up to end-to-end application latency.
[38.458s][info][gc,stats       ]   Raise max pacing delay with care.
[38.458s][info][gc,stats       ] 
[38.458s][info][gc,stats       ] Concurrent Reset               =    0.004 s (a =      227 us) (n =    19) (lvls, us =      123,      133,      166,      188,     1324)
[38.458s][info][gc,stats       ] Pause Init Mark (G)            =    0.044 s (a =     2292 us) (n =    19) (lvls, us =      898,     1543,     1953,     2363,     4116)
[38.458s][info][gc,stats       ] Pause Init Mark (N)            =    0.035 s (a =     1854 us) (n =    19) (lvls, us =      688,     1074,     1523,     1875,     3773)
[38.458s][info][gc,stats       ]   Accumulate Stats             =    0.000 s (a =        5 us) (n =    20) (lvls, us =        3,        4,        5,        5,        6)
[38.458s][info][gc,stats       ]   Make Parsable                =    0.001 s (a =       28 us) (n =    20) (lvls, us =        4,       16,       24,       37,       77)
[38.458s][info][gc,stats       ]   Update Region States         =    0.000 s (a =        2 us) (n =    20) (lvls, us =        1,        1,        2,        2,        2)
[38.459s][info][gc,stats       ]   Scan Roots                   =    0.032 s (a =     1615 us) (n =    20) (lvls, us =      564,      951,     1387,     1738,     3671)
[38.459s][info][gc,stats       ]     S: <total>                 =    0.044 s (a =     2224 us) (n =    20) (lvls, us =      650,     1387,     1797,     2578,     4780)
[38.459s][info][gc,stats       ]     S: Thread Roots            =    0.022 s (a =     1111 us) (n =    20) (lvls, us =       59,      291,      547,     1289,     3579)
[38.459s][info][gc,stats       ]     S: Universe Roots          =    0.000 s (a =       21 us) (n =    20) (lvls, us =        8,       18,       19,       21,       66)
[38.459s][info][gc,stats       ]     S: JNI Handles Roots       =    0.000 s (a =        6 us) (n =    20) (lvls, us =        1,        3,        3,        4,       20)
[38.459s][info][gc,stats       ]     S: Synchronizer Roots      =    0.000 s (a =        1 us) (n =    20) (lvls, us =        0,        0,        0,        1,        1)
[38.459s][info][gc,stats       ]     S: Management Roots        =    0.000 s (a =        2 us) (n =    20) (lvls, us =        1,        2,        2,        2,        6)
[38.459s][info][gc,stats       ]     S: System Dict Roots       =    0.001 s (a =       36 us) (n =    20) (lvls, us =       11,       19,       30,       41,      124)
[38.459s][info][gc,stats       ]     S: CLDG Roots              =    0.021 s (a =     1047 us) (n =    20) (lvls, us =      480,      676,     1152,     1348,     1621)
[38.459s][info][gc,stats       ]     S: JVMTI Roots             =    0.000 s (a =        1 us) (n =    20) (lvls, us =        0,        1,        1,        1,        1)
[38.459s][info][gc,stats       ]   Resize TLABs                 =    0.000 s (a =        5 us) (n =    20) (lvls, us =        2,        4,        5,        6,       13)
[38.459s][info][gc,stats       ] Concurrent Marking             =    0.370 s (a =    19453 us) (n =    19) (lvls, us =     3027,    14258,    17188,    24609,    30546)
[38.459s][info][gc,stats       ] Concurrent Precleaning         =    0.004 s (a =      934 us) (n =     4) (lvls, us =      451,      451,      934,      996,     1347)
[38.459s][info][gc,stats       ] Pause Final Mark (G)           =    0.036 s (a =     1900 us) (n =    19) (lvls, us =     1152,     1270,     1641,     2090,     3635)
[38.459s][info][gc,stats       ] Pause Final Mark (N)           =    0.032 s (a =     1663 us) (n =    19) (lvls, us =      969,     1133,     1465,     1816,     3294)
[38.459s][info][gc,stats       ]   Finish Queues                =    0.010 s (a =      512 us) (n =    20) (lvls, us =       32,       90,      102,      117,     8037)
[38.459s][info][gc,stats       ]   Weak References              =    0.003 s (a =      688 us) (n =     5) (lvls, us =      342,      342,      453,      613,     1402)
[38.459s][info][gc,stats       ]     Process                    =    0.003 s (a =      679 us) (n =     5) (lvls, us =      336,      336,      438,      605,     1394)
[38.459s][info][gc,stats       ]   System Purge                 =    0.006 s (a =      307 us) (n =    20) (lvls, us =       89,      195,      273,      395,      652)
[38.459s][info][gc,stats       ]     Unload Classes             =    0.001 s (a =     1078 us) (n =     1) (lvls, us =     1074,     1074,     1074,     1074,     1078)
[38.459s][info][gc,stats       ]     Cleanup                    =    0.002 s (a =     1847 us) (n =     1) (lvls, us =     1836,     1836,     1836,     1836,     1847)
[38.459s][info][gc,stats       ]       CU: <total>              =    0.020 s (a =    19777 us) (n =     1) (lvls, us =    19727,    19727,    19727,    19727,    19777)
[38.459s][info][gc,stats       ]       CU: Code Cache Roots     =    0.000 s (a =       80 us) (n =     1) (lvls, us =       79,       79,       79,       79,       80)
[38.459s][info][gc,stats       ]       CU: Code Cache Cleaning  =    0.000 s (a =        2 us) (n =     1) (lvls, us =        2,        2,        2,        2,        2)
[38.459s][info][gc,stats       ]       CU: String Table Roots   =    0.004 s (a =     4146 us) (n =     1) (lvls, us =     4141,     4141,     4141,     4141,     4146)
[38.459s][info][gc,stats       ]       CU: Resolved Table Roots =    0.000 s (a =      183 us) (n =     1) (lvls, us =      182,      182,      182,      182,      183)
[38.459s][info][gc,stats       ]       CU: CLDG Roots           =    0.015 s (a =    15366 us) (n =     1) (lvls, us =    15234,    15234,    15234,    15234,    15366)
[38.459s][info][gc,stats       ]     Weak Roots                 =    0.006 s (a =      306 us) (n =    20) (lvls, us =       88,      193,      273,      395,      651)
[38.459s][info][gc,stats       ]     CLDG                       =    0.000 s (a =      353 us) (n =     1) (lvls, us =      352,      352,      352,      352,      353)
[38.459s][info][gc,stats       ]   Update Region States         =    0.000 s (a =        3 us) (n =    20) (lvls, us =        2,        2,        3,        4,        5)
[38.459s][info][gc,stats       ]   Retire TLABs                 =    0.000 s (a =       15 us) (n =    20) (lvls, us =        2,        4,       12,       23,       39)
[38.459s][info][gc,stats       ]   Choose Collection Set        =    0.001 s (a =       52 us) (n =    20) (lvls, us =       21,       37,       55,       63,       85)
[38.459s][info][gc,stats       ]   Rebuild Free Set             =    0.000 s (a =        5 us) (n =    20) (lvls, us =        2,        2,        6,        7,        7)
[38.459s][info][gc,stats       ]   Initial Evacuation           =    0.020 s (a =      978 us) (n =    20) (lvls, us =        5,      615,      838,     1211,     2225)
[38.459s][info][gc,stats       ]     E: <total>                 =    0.018 s (a =      970 us) (n =    19) (lvls, us =      197,      500,      715,     1172,     2515)
[38.459s][info][gc,stats       ]     E: Thread Roots            =    0.008 s (a =      445 us) (n =    19) (lvls, us =       37,       81,      279,      588,     1330)
[38.459s][info][gc,stats       ]     E: Code Cache Roots        =    0.000 s (a =        1 us) (n =    19) (lvls, us =        1,        1,        1,        1,        6)
[38.459s][info][gc,stats       ]     E: Universe Roots          =    0.000 s (a =        9 us) (n =    19) (lvls, us =        2,        3,        5,        6,       75)
[38.459s][info][gc,stats       ]     E: JNI Handles Roots       =    0.000 s (a =        1 us) (n =    19) (lvls, us =        0,        1,        1,        2,        2)
[38.459s][info][gc,stats       ]     E: Synchronizer Roots      =    0.000 s (a =        0 us) (n =    19) (lvls, us =        0,        0,        0,        0,        1)
[38.459s][info][gc,stats       ]     E: Management Roots        =    0.000 s (a =        2 us) (n =    19) (lvls, us =        1,        1,        2,        2,        3)
[38.459s][info][gc,stats       ]     E: System Dict Roots       =    0.001 s (a =       28 us) (n =    19) (lvls, us =        5,        8,       18,       29,      161)
[38.459s][info][gc,stats       ]     E: CLDG Roots              =    0.009 s (a =      482 us) (n =    19) (lvls, us =      150,      271,      334,      428,     1202)
[38.459s][info][gc,stats       ]     E: JVMTI Roots             =    0.000 s (a =        1 us) (n =    19) (lvls, us =        0,        0,        1,        1,        1)
[38.459s][info][gc,stats       ] Concurrent Cleanup             =    0.000 s (a =       18 us) (n =    19) (lvls, us =        3,        6,        6,        6,      139)
[38.459s][info][gc,stats       ] Concurrent Evacuation          =    0.073 s (a =     3839 us) (n =    19) (lvls, us =     1934,     2148,     3516,     4922,     6076)
[38.459s][info][gc,stats       ] Pause Init  Update Refs (G)    =    0.009 s (a =      489 us) (n =    19) (lvls, us =      209,      287,      381,      408,     2720)
[38.459s][info][gc,stats       ] Pause Init  Update Refs (N)    =    0.001 s (a =       68 us) (n =    19) (lvls, us =       21,       52,       68,       82,      104)
[38.459s][info][gc,stats       ]   Retire GCLABs                =    0.001 s (a =       48 us) (n =    19) (lvls, us =       13,       31,       46,       60,       80)
[38.459s][info][gc,stats       ] Concurrent Update Refs         =    0.282 s (a =    14865 us) (n =    19) (lvls, us =     5137,    11914,    15039,    18164,    22276)
[38.459s][info][gc,stats       ] Pause Final Update Refs (G)    =    0.016 s (a =      858 us) (n =    19) (lvls, us =      229,      424,      572,      951,     2766)
[38.460s][info][gc,stats       ] Pause Final Update Refs (N)    =    0.010 s (a =      518 us) (n =    19) (lvls, us =       62,      145,      254,      430,     2294)
[38.460s][info][gc,stats       ]   Update Roots                 =    0.009 s (a =      490 us) (n =    19) (lvls, us =       50,      109,      232,      393,     2259)
[38.460s][info][gc,stats       ]     UR: <total>                =    0.009 s (a =      484 us) (n =    19) (lvls, us =       47,       81,      242,      383,     2186)
[38.460s][info][gc,stats       ]     UR: Thread Roots           =    0.009 s (a =      484 us) (n =    19) (lvls, us =       47,       81,      242,      383,     2186)
[38.460s][info][gc,stats       ]   Update Region States         =    0.000 s (a =        3 us) (n =    19) (lvls, us =        1,        1,        3,        3,        4)
[38.460s][info][gc,stats       ]   Trash Collection Set         =    0.000 s (a =        4 us) (n =    19) (lvls, us =        1,        2,        4,        5,        6)
[38.460s][info][gc,stats       ]   Rebuild Free Set             =    0.000 s (a =        5 us) (n =    19) (lvls, us =        2,        2,        6,        6,        7)
[38.460s][info][gc,stats       ] Concurrent Cleanup             =    0.012 s (a =      636 us) (n =    19) (lvls, us =      152,      326,      572,      777,     1217)
[38.460s][info][gc,stats       ] Pause Degenerated GC (G)       =    0.029 s (a =    28796 us) (n =     1) (lvls, us =    28711,    28711,    28711,    28711,    28796)
[38.460s][info][gc,stats       ] Pause Degenerated GC (N)       =    0.028 s (a =    28413 us) (n =     1) (lvls, us =    28320,    28320,    28320,    28320,    28413)
[38.460s][info][gc,stats       ]   Pre Heap Dump                =    0.000 s (a =        1 us) (n =     1) (lvls, us =        1,        1,        1,        1,        1)
[38.460s][info][gc,stats       ]   Prepare                      =    0.000 s (a =      387 us) (n =     1) (lvls, us =      385,      385,      385,      385,      387)
[38.460s][info][gc,stats       ]     Update Roots               =    0.000 s (a =      281 us) (n =     1) (lvls, us =      281,      281,      281,      281,      281)
[38.460s][info][gc,stats       ]       FU: <total>              =    0.001 s (a =      617 us) (n =     1) (lvls, us =      615,      615,      615,      615,      617)
[38.460s][info][gc,stats       ]       FU: Thread Roots         =    0.000 s (a =      113 us) (n =     1) (lvls, us =      111,      111,      111,      111,      113)
[38.460s][info][gc,stats       ]       FU: Code Cache Roots     =    0.000 s (a =        4 us) (n =     1) (lvls, us =        4,        4,        4,        4,        4)
[38.460s][info][gc,stats       ]       FU: Universe Roots       =    0.000 s (a =        4 us) (n =     1) (lvls, us =        4,        4,        4,        4,        4)
[38.460s][info][gc,stats       ]       FU: JNI Handles Roots    =    0.000 s (a =        1 us) (n =     1) (lvls, us =        1,        1,        1,        1,        1)
[38.460s][info][gc,stats       ]       FU: Synchronizer Roots   =    0.000 s (a =        0 us) (n =     1) (lvls, us =        0,        0,        0,        0,        0)
[38.460s][info][gc,stats       ]       FU: Management Roots     =    0.000 s (a =        1 us) (n =     1) (lvls, us =        1,        1,        1,        1,        1)
[38.460s][info][gc,stats       ]       FU: System Dict Roots    =    0.000 s (a =        7 us) (n =     1) (lvls, us =        7,        7,        7,        7,        7)
[38.460s][info][gc,stats       ]       FU: CLDG Roots           =    0.000 s (a =      486 us) (n =     1) (lvls, us =      484,      484,      484,      484,      486)
[38.460s][info][gc,stats       ]       FU: JVMTI Roots          =    0.000 s (a =        0 us) (n =     1) (lvls, us =        0,        0,        0,        0,        0)
[38.460s][info][gc,stats       ]   Scan Roots                   =    0.000 s (a =      227 us) (n =     1) (lvls, us =      227,      227,      227,      227,      227)
[38.460s][info][gc,stats       ]     FS: <total>                =    0.000 s (a =      330 us) (n =     1) (lvls, us =      330,      330,      330,      330,      330)
[38.460s][info][gc,stats       ]     FS: Thread Roots           =    0.000 s (a =       78 us) (n =     1) (lvls, us =       78,       78,       78,       78,       78)
[38.460s][info][gc,stats       ]     FS: Universe Roots         =    0.000 s (a =        7 us) (n =     1) (lvls, us =        7,        7,        7,        7,        7)
[38.460s][info][gc,stats       ]     FS: JNI Handles Roots      =    0.000 s (a =        2 us) (n =     1) (lvls, us =        2,        2,        2,        2,        2)
[38.460s][info][gc,stats       ]     FS: Synchronizer Roots     =    0.000 s (a =        0 us) (n =     1) (lvls, us =        0,        0,        0,        0,        0)
[38.460s][info][gc,stats       ]     FS: Management Roots       =    0.000 s (a =        1 us) (n =     1) (lvls, us =        1,        1,        1,        1,        1)
[38.460s][info][gc,stats       ]     FS: System Dict Roots      =    0.000 s (a =       12 us) (n =     1) (lvls, us =       12,       12,       12,       12,       12)
[38.460s][info][gc,stats       ]     FS: CLDG Roots             =    0.000 s (a =      230 us) (n =     1) (lvls, us =      229,      229,      229,      229,      230)
[38.460s][info][gc,stats       ]     FS: JVMTI Roots            =    0.000 s (a =        0 us) (n =     1) (lvls, us =        0,        0,        0,        0,        0)
[38.460s][info][gc,stats       ]   Mark                         =    0.006 s (a =     5572 us) (n =     1) (lvls, us =     5566,     5566,     5566,     5566,     5572)
[38.460s][info][gc,stats       ]     Finish Queues              =    0.004 s (a =     3713 us) (n =     1) (lvls, us =     3711,     3711,     3711,     3711,     3713)
[38.460s][info][gc,stats       ]     Weak References            =    0.000 s (a =      334 us) (n =     1) (lvls, us =      334,      334,      334,      334,      334)
[38.460s][info][gc,stats       ]       Process                  =    0.000 s (a =      330 us) (n =     1) (lvls, us =      330,      330,      330,      330,      330)
[38.460s][info][gc,stats       ]     System Purge               =    0.000 s (a =       82 us) (n =     1) (lvls, us =       82,       82,       82,       82,       82)
[38.460s][info][gc,stats       ]       Unload Classes           =    0.000 s (a =      138 us) (n =     1) (lvls, us =      137,      137,      137,      137,      138)
[38.460s][info][gc,stats       ]       Cleanup                  =    0.001 s (a =      921 us) (n =     1) (lvls, us =      920,      920,      920,      920,      921)
[38.460s][info][gc,stats       ]         CU: <total>            =    0.011 s (a =    10634 us) (n =     1) (lvls, us =    10547,    10547,    10547,    10547,    10634)
[38.460s][info][gc,stats       ]         CU: Code Cache Roots   =    0.000 s (a =        9 us) (n =     1) (lvls, us =        9,        9,        9,        9,        9)
[38.460s][info][gc,stats       ]         CU: Code Cache Cleaning =    0.000 s (a =        9 us) (n =     1) (lvls, us =        9,        9,        9,        9,        9)
[38.460s][info][gc,stats       ]         CU: String Table Roots =    0.002 s (a =     1962 us) (n =     1) (lvls, us =     1953,     1953,     1953,     1953,     1962)
[38.460s][info][gc,stats       ]         CU: Resolved Table Roots =    0.000 s (a =       87 us) (n =     1) (lvls, us =       87,       87,       87,       87,       87)
[38.460s][info][gc,stats       ]         CU: CLDG Roots         =    0.009 s (a =     8566 us) (n =     1) (lvls, us =     8555,     8555,     8555,     8555,     8566)
[38.460s][info][gc,stats       ]       Weak Roots               =    0.000 s (a =       82 us) (n =     1) (lvls, us =       82,       82,       82,       82,       82)
[38.460s][info][gc,stats       ]       CLDG                     =    0.000 s (a =        0 us) (n =     1) (lvls, us =        0,        0,        0,        0,        0)
[38.460s][info][gc,stats       ]   Calculate Addresses          =    0.002 s (a =     2271 us) (n =     1) (lvls, us =     2266,     2266,     2266,     2266,     2271)
[38.460s][info][gc,stats       ]     Regular Objects            =    0.002 s (a =     2266 us) (n =     1) (lvls, us =     2266,     2266,     2266,     2266,     2266)
[38.460s][info][gc,stats       ]     Humongous Objects          =    0.000 s (a =        1 us) (n =     1) (lvls, us =        1,        1,        1,        1,        1)
[38.460s][info][gc,stats       ]   Adjust Pointers              =    0.002 s (a =     1729 us) (n =     1) (lvls, us =     1719,     1719,     1719,     1719,     1729)
[38.460s][info][gc,stats       ]     FA: <total>                =    0.001 s (a =      652 us) (n =     1) (lvls, us =      650,      650,      650,      650,      652)
[38.460s][info][gc,stats       ]     FA: Thread Roots           =    0.000 s (a =       94 us) (n =     1) (lvls, us =       94,       94,       94,       94,       94)
[38.460s][info][gc,stats       ]     FA: Code Cache Roots       =    0.000 s (a =        5 us) (n =     1) (lvls, us =        5,        5,        5,        5,        5)
[38.460s][info][gc,stats       ]     FA: Universe Roots         =    0.000 s (a =        3 us) (n =     1) (lvls, us =        3,        3,        3,        3,        3)
[38.461s][info][gc,stats       ]     FA: JNI Handles Roots      =    0.000 s (a =        1 us) (n =     1) (lvls, us =        1,        1,        1,        1,        1)
[38.461s][info][gc,stats       ]     FA: Synchronizer Roots     =    0.000 s (a =        0 us) (n =     1) (lvls, us =        0,        0,        0,        0,        0)
[38.461s][info][gc,stats       ]     FA: Management Roots       =    0.000 s (a =        1 us) (n =     1) (lvls, us =        1,        1,        1,        1,        1)
[38.461s][info][gc,stats       ]     FA: System Dict Roots      =    0.000 s (a =        8 us) (n =     1) (lvls, us =        8,        8,        8,        8,        8)
[38.461s][info][gc,stats       ]     FA: CLDG Roots             =    0.001 s (a =      540 us) (n =     1) (lvls, us =      539,      539,      539,      539,      540)
[38.461s][info][gc,stats       ]     FA: JVMTI Roots            =    0.000 s (a =        0 us) (n =     1) (lvls, us =        0,        0,        0,        0,        0)
[38.461s][info][gc,stats       ]   Copy Objects                 =    0.002 s (a =     1645 us) (n =     1) (lvls, us =     1641,     1641,     1641,     1641,     1645)
[38.461s][info][gc,stats       ]     Regular Objects            =    0.001 s (a =     1169 us) (n =     1) (lvls, us =     1152,     1152,     1152,     1152,     1169)
[38.461s][info][gc,stats       ]     Humongous Objects          =    0.000 s (a =        1 us) (n =     1) (lvls, us =        1,        1,        1,        1,        1)
[38.461s][info][gc,stats       ]     Reset Complete Bitmap      =    0.000 s (a =       29 us) (n =     1) (lvls, us =       29,       29,       29,       29,       29)
[38.461s][info][gc,stats       ]     Rebuild Region Sets        =    0.000 s (a =      445 us) (n =     1) (lvls, us =      443,      443,      443,      443,      445)
[38.461s][info][gc,stats       ]   Resize TLABs                 =    0.000 s (a =        4 us) (n =     1) (lvls, us =        4,        4,        4,        4,        4)
[38.461s][info][gc,stats       ]   Post Heap Dump               =    0.000 s (a =        1 us) (n =     1) (lvls, us =        1,        1,        1,        1,        1)
[38.461s][info][gc,stats       ] Pacing                         =    0.213 s (a =    10649 us) (n =    20) (lvls, us =        0,        0,    11133,    20117,    31806)
[38.461s][info][gc,stats       ] 
[38.461s][info][gc,stats       ] 
[38.461s][info][gc,stats       ] Under allocation pressure, concurrent cycles may cancel, and either continue cycle
[38.461s][info][gc,stats       ] under stop-the-world pause or result in stop-the-world Full GC. Increase heap size,
[38.461s][info][gc,stats       ] tune GC heuristics, set more aggressive pacing delay, or lower allocation rate
[38.461s][info][gc,stats       ] to avoid Degenerated and Full GC cycles.
[38.461s][info][gc,stats       ] 
[38.461s][info][gc,stats       ]    19 successful concurrent GCs
[38.461s][info][gc,stats       ]       0 invoked explicitly
[38.461s][info][gc,stats       ]       0 invoked implicitly
[38.461s][info][gc,stats       ] 
[38.461s][info][gc,stats       ]     1 Degenerated GCs
[38.461s][info][gc,stats       ]       1 caused by allocation failure
[38.461s][info][gc,stats       ]         1 happened at Outside of Cycle
[38.461s][info][gc,stats       ]       1 upgraded to Full GC
[38.461s][info][gc,stats       ] 
[38.461s][info][gc,stats       ]     1 Full GCs
[38.461s][info][gc,stats       ]       0 invoked explicitly
[38.461s][info][gc,stats       ]       0 invoked implicitly
[38.461s][info][gc,stats       ]       0 caused by allocation failure
[38.461s][info][gc,stats       ]       1 upgraded from Degenerated GC
[38.461s][info][gc,stats       ] 
[38.461s][info][gc,stats       ] 
