[0.035s][info][gc,init] Regions: 64 x 256K
[0.035s][info][gc,init] Humongous object threshold: 256K
[0.035s][info][gc,init] Max TLAB size: 256K
[0.036s][info][gc,init] GC threads: 24 parallel, 12 concurrent
[0.036s][info][gc     ] Heuristics ergonomically sets -XX:+ExplicitGCInvokesConcurrent
[0.036s][info][gc     ] Heuristics ergonomically sets -XX:+ShenandoahImplicitGCInvokesConcurrent
[0.036s][info][gc,init] Shenandoah GC mode: Snapshot-At-The-Beginning (SATB)
[0.036s][info][gc,init] Shenandoah heuristics: Adaptive
[0.040s][info][gc,ergo] Pacer for Idle. Initial: 327K, Alloc Tax Rate: 1.0x
[0.040s][info][gc,init] Initialize Shenandoah heap: 2048K initial, 2048K min, 16384K max
[0.040s][info][gc,init] Safepointing mechanism: global-page poll
[0.040s][info][gc     ] Using Shenandoah
[0.040s][info][gc,heap,coops] Heap address: 0x00000000ff000000, size: 16 MB, Compressed Oops mode: 32-bit
[0.088s][info][gc,init      ] Reference processing: parallel discovery, parallel processing
[0.329s][info][gc           ] Trigger: Learning 1 of 5. Free (11264K) is below initial threshold (11468K)
[0.329s][info][gc,ergo      ] Free: 11264K, Max: 256K regular, 11264K humongous, Frag: 0% external, 0% internal; Reserve: 1024K, Max: 256K
[0.329s][info][gc,start     ] GC(0) Concurrent reset
[0.330s][info][gc,task      ] GC(0) Using 7 of 24 workers for concurrent reset
[0.330s][info][gc,ergo      ] GC(0) Pacer for Reset. Non-Taxable: 16384K
[0.330s][info][gc           ] GC(0) Concurrent reset 1.325ms
[0.331s][info][gc,start     ] GC(0) Pause Init Mark (process weakrefs)
[0.332s][info][gc,task      ] GC(0) Using 13 of 24 workers for init marking
[0.334s][info][gc,ergo      ] GC(0) Pacer for Mark. Expected Live: 1638K, Free: 11264K, Non-Taxable: 1126K, Alloc Tax Rate: 0.2x
[0.334s][info][gc           ] GC(0) Pause Init Mark (process weakrefs) 3.619ms
[0.334s][info][gc,start     ] GC(0) Concurrent marking (process weakrefs)
[0.334s][info][gc,task      ] GC(0) Using 7 of 24 workers for concurrent marking
[0.337s][info][gc           ] GC(0) Concurrent marking (process weakrefs) 3.087ms
[0.338s][info][gc,start     ] GC(0) Concurrent precleaning
[0.338s][info][gc,task      ] GC(0) Using 1 of 24 workers for concurrent preclean
[0.338s][info][gc,ergo      ] GC(0) Pacer for Precleaning. Non-Taxable: 16384K
[0.338s][info][gc           ] GC(0) Concurrent precleaning 0.505ms
[0.338s][info][gc,start     ] GC(0) Pause Final Mark (process weakrefs)
[0.338s][info][gc,task      ] GC(0) Using 13 of 24 workers for final marking
[0.339s][info][gc,ergo      ] GC(0) Adaptive CSet Selection. Target Free: 2321K, Actual Free: 12032K, Max CSet: 682K, Min Garbage: 0B
[0.339s][info][gc,ergo      ] GC(0) Collectable Garbage: 3288K (99%), Immediate: 0B (0%), CSet: 3288K (99%)
[0.341s][info][gc,ergo      ] GC(0) Pacer for Evacuation. Used CSet: 3840K, Free: 11008K, Non-Taxable: 1100K, Alloc Tax Rate: 1.1x
[0.341s][info][gc           ] GC(0) Pause Final Mark (process weakrefs) 3.204ms
[0.341s][info][gc,start     ] GC(0) Concurrent cleanup
[0.341s][info][gc           ] GC(0) Concurrent cleanup 4M->4M(4M) 0.027ms
[0.341s][info][gc,ergo      ] GC(0) Free: 10752K, Max: 256K regular, 10752K humongous, Frag: 0% external, 0% internal; Reserve: 896K, Max: 256K
[0.342s][info][gc,start     ] GC(0) Concurrent evacuation
[0.342s][info][gc,task      ] GC(0) Using 7 of 24 workers for concurrent evacuation
[0.344s][info][gc           ] GC(0) Concurrent evacuation 2.129ms
[0.344s][info][gc,start     ] GC(0) Pause Init Update Refs
[0.344s][info][gc,ergo      ] GC(0) Pacer for Update Refs. Used: 5428K, Free: 10752K, Non-Taxable: 1075K, Alloc Tax Rate: 1.1x
[0.344s][info][gc           ] GC(0) Pause Init Update Refs 0.073ms
[0.344s][info][gc,start     ] GC(0) Concurrent update references
[0.344s][info][gc,task      ] GC(0) Using 7 of 24 workers for concurrent reference update
[0.348s][info][gc           ] GC(0) Concurrent update references 3.864ms
[0.348s][info][gc,start     ] GC(0) Pause Final Update Refs
[0.348s][info][gc,task      ] GC(0) Using 13 of 24 workers for final reference update
[0.349s][info][gc           ] GC(0) Pause Final Update Refs 0.499ms
[0.349s][info][gc,start     ] GC(0) Concurrent cleanup
[0.349s][info][gc           ] GC(0) Concurrent cleanup 5M->1M(5M) 0.518ms
[0.349s][info][gc           ] GC(0) Dat log --- cycle is complete
Current gc epoch: 0
heap: ______
capacity: 5767168
used: 1626880
committed: 5767168
bytes_allocated_since_gc_start: 524288
hot_size: 33032
cold_size: 37600
num_regions: 64
hot_region_count: 2
cold_region_count: 2
histogram: Placeholder

[0.349s][info][gc           ] GC(0) Obj count ac histogram
[0.349s][info][gc           ] GC(0) 	0: 4799
[0.349s][info][gc           ] GC(0) 	1: 0
[0.349s][info][gc           ] GC(0) 	2: 0
[0.349s][info][gc           ] GC(0) 	3: 0
[0.349s][info][gc           ] GC(0) 	4: 0
[0.349s][info][gc           ] GC(0) 	5: 0
[0.349s][info][gc           ] GC(0) 	6: 0
[0.349s][info][gc           ] GC(0) 	7: 0
[0.349s][info][gc           ] GC(0) 	8: 0
[0.349s][info][gc           ] GC(0) 	9: 0
[0.349s][info][gc           ] GC(0) 	10: 0
[0.349s][info][gc           ] GC(0) 	11: 0
[0.349s][info][gc           ] GC(0) 	12: 0
[0.349s][info][gc           ] GC(0) 	13: 0
[0.349s][info][gc           ] GC(0) 	14: 3204
[0.349s][info][gc           ] GC(0) 	15: 0
[0.349s][info][gc           ] GC(0) 	16: 0
[0.349s][info][gc           ] GC(0) 	17: 0
[0.349s][info][gc           ] GC(0) 	18: 0
[0.349s][info][gc           ] GC(0) 	19: 0
[0.349s][info][gc           ] GC(0) Obj size ac histogram
[0.349s][info][gc           ] GC(0) 	0: 29288
[0.349s][info][gc           ] GC(0) 	1: 0
[0.349s][info][gc           ] GC(0) 	2: 0
[0.349s][info][gc           ] GC(0) 	3: 0
[0.349s][info][gc           ] GC(0) 	4: 0
[0.349s][info][gc           ] GC(0) 	5: 0
[0.349s][info][gc           ] GC(0) 	6: 0
[0.349s][info][gc           ] GC(0) 	7: 0
[0.349s][info][gc           ] GC(0) 	8: 0
[0.349s][info][gc           ] GC(0) 	9: 0
[0.350s][info][gc           ] GC(0) 	10: 0
[0.350s][info][gc           ] GC(0) 	11: 0
[0.350s][info][gc           ] GC(0) 	12: 0
[0.350s][info][gc           ] GC(0) 	13: 0
[0.350s][info][gc           ] GC(0) 	14: 29571
[0.350s][info][gc           ] GC(0) 	15: 0
[0.350s][info][gc           ] GC(0) 	16: 0
[0.350s][info][gc           ] GC(0) 	17: 0
[0.350s][info][gc           ] GC(0) 	18: 0
[0.350s][info][gc           ] GC(0) 	19: 0
[0.350s][info][gc,ergo      ] Free: 13771K, Max: 256K regular, 9728K humongous, Frag: 29% external, 2% internal; Reserve: 1024K, Max: 256K
[0.350s][info][gc,stats     ] 
[0.350s][info][gc,stats     ] All times are wall-clock times, except per-root-class counters, that are sum over
[0.350s][info][gc,stats     ] all workers. Dividing the <total> over the root stage time estimates parallelism.
[0.350s][info][gc,stats     ] 
[0.350s][info][gc,stats     ] Concurrent Reset                   1307 us
[0.350s][info][gc,stats     ] Pause Init Mark (G)                4013 us
[0.350s][info][gc,stats     ] Pause Init Mark (N)                3566 us
[0.350s][info][gc,stats     ]   Accumulate Stats                    4 us
[0.350s][info][gc,stats     ]   Make Parsable                      78 us
[0.350s][info][gc,stats     ]   Update Region States                2 us
[0.350s][info][gc,stats     ]   Scan Roots                       2494 us, parallelism: 1.91x
[0.350s][info][gc,stats     ]     S: <total>                     4761 us
[0.350s][info][gc,stats     ]     S: Thread Roots                3276 us, workers (us):   1,   1,   1,   1,   1,   2,   2, 2389,  25, 251, 269, 309,  23, ---, ---, ---, ---, ---, ---, ---, ---, ---, ---, ---, 
[0.350s][info][gc,stats     ]     S: Universe Roots                50 us, workers (us):  50, ---, ---, ---, ---, ---, ---, ---, ---, ---, ---, ---, ---, ---, ---, ---, ---, ---, ---, ---, ---, ---, ---, ---, 
[0.350s][info][gc,stats     ]     S: JNI Handles Roots              6 us, workers (us): ---,   6, ---, ---, ---, ---, ---, ---, ---, ---, ---, ---, ---, ---, ---, ---, ---, ---, ---, ---, ---, ---, ---, ---, 
[0.350s][info][gc,stats     ]     S: Synchronizer Roots             1 us, workers (us): ---,   1, ---, ---, ---, ---, ---, ---, ---, ---, ---, ---, ---, ---, ---, ---, ---, ---, ---, ---, ---, ---, ---, ---, 
[0.350s][info][gc,stats     ]     S: Management Roots               3 us, workers (us): ---,   3, ---, ---, ---, ---, ---, ---, ---, ---, ---, ---, ---, ---, ---, ---, ---, ---, ---, ---, ---, ---, ---, ---, 
[0.350s][info][gc,stats     ]     S: System Dict Roots             95 us, workers (us): ---, ---,  95, ---, ---, ---, ---, ---, ---, ---, ---, ---, ---, ---, ---, ---, ---, ---, ---, ---, ---, ---, ---, ---, 
[0.350s][info][gc,stats     ]     S: CLDG Roots                  1329 us, workers (us):  75, 920, ---,  88,  85,  83,  79, ---, ---, ---, ---, ---, ---, ---, ---, ---, ---, ---, ---, ---, ---, ---, ---, ---, 
[0.350s][info][gc,stats     ]     S: JVMTI Roots                    1 us, workers (us): ---,   1, ---, ---, ---, ---, ---, ---, ---, ---, ---, ---, ---, ---, ---, ---, ---, ---, ---, ---, ---, ---, ---, ---, 
[0.350s][info][gc,stats     ]   Resize TLABs                        4 us
[0.350s][info][gc,stats     ] Concurrent Marking                 3021 us
[0.350s][info][gc,stats     ] Concurrent Precleaning              486 us
[0.350s][info][gc,stats     ] Pause Final Mark (G)               3407 us
[0.350s][info][gc,stats     ] Pause Final Mark (N)               3174 us
[0.350s][info][gc,stats     ]   Finish Queues                     336 us
[0.350s][info][gc,stats     ]   Weak References                   439 us
[0.350s][info][gc,stats     ]     Process                         423 us
[0.350s][info][gc,stats     ]   System Purge                       87 us
[0.350s][info][gc,stats     ]     Weak Roots                       86 us
[0.350s][info][gc,stats     ]   Update Region States                3 us
[0.350s][info][gc,stats     ]   Retire TLABs                       40 us
[0.350s][info][gc,stats     ]   Choose Collection Set              61 us
[0.350s][info][gc,stats     ]   Rebuild Free Set                    5 us
[0.350s][info][gc,stats     ]   Initial Evacuation               2183 us, parallelism: 1.62x
[0.350s][info][gc,stats     ]     E: <total>                     3537 us
[0.350s][info][gc,stats     ]     E: Thread Roots                1952 us, workers (us):   1,   1,   1,   1,   1,   1,  36,   1,   1,  21,   1,   1, 1886, ---, ---, ---, ---, ---, ---, ---, ---, ---, ---, ---, 
[0.350s][info][gc,stats     ]     E: Code Cache Roots               6 us, workers (us):   0,   0,   0,   0,   0,   0,   1,   0,   1,   1,   1,   0,   1, ---, ---, ---, ---, ---, ---, ---, ---, ---, ---, ---, 
[0.350s][info][gc,stats     ]     E: Universe Roots                89 us, workers (us):  89, ---, ---, ---, ---, ---, ---, ---, ---, ---, ---, ---, ---, ---, ---, ---, ---, ---, ---, ---, ---, ---, ---, ---, 
[0.350s][info][gc,stats     ]     E: JNI Handles Roots              2 us, workers (us): ---, ---, ---,   2, ---, ---, ---, ---, ---, ---, ---, ---, ---, ---, ---, ---, ---, ---, ---, ---, ---, ---, ---, ---, 
[0.350s][info][gc,stats     ]     E: Synchronizer Roots             0 us, workers (us): ---,   0, ---, ---, ---, ---, ---, ---, ---, ---, ---, ---, ---, ---, ---, ---, ---, ---, ---, ---, ---, ---, ---, ---, 
[0.350s][info][gc,stats     ]     E: Management Roots               2 us, workers (us): ---,   2, ---, ---, ---, ---, ---, ---, ---, ---, ---, ---, ---, ---, ---, ---, ---, ---, ---, ---, ---, ---, ---, ---, 
[0.350s][info][gc,stats     ]     E: System Dict Roots            105 us, workers (us): ---, ---, 105, ---, ---, ---, ---, ---, ---, ---, ---, ---, ---, ---, ---, ---, ---, ---, ---, ---, ---, ---, ---, ---, 
[0.350s][info][gc,stats     ]     E: CLDG Roots                  1379 us, workers (us): 165, ---, 120, ---, ---, ---,  18, ---, ---, ---, 196, 777, 104, ---, ---, ---, ---, ---, ---, ---, ---, ---, ---, ---, 
[0.350s][info][gc,stats     ]     E: JVMTI Roots                    1 us, workers (us): ---,   1, ---, ---, ---, ---, ---, ---, ---, ---, ---, ---, ---, ---, ---, ---, ---, ---, ---, ---, ---, ---, ---, ---, 
[0.350s][info][gc,stats     ] Concurrent Cleanup                    6 us
[0.350s][info][gc,stats     ] Concurrent Evacuation              2111 us
[0.350s][info][gc,stats     ] Pause Init  Update Refs (G)         247 us
[0.350s][info][gc,stats     ] Pause Init  Update Refs (N)          51 us
[0.350s][info][gc,stats     ]   Retire GCLABs                      37 us
[0.350s][info][gc,stats     ] Concurrent Update Refs             3837 us
[0.350s][info][gc,stats     ] Pause Final Update Refs (G)         817 us
[0.350s][info][gc,stats     ] Pause Final Update Refs (N)         468 us
[0.350s][info][gc,stats     ]   Update Roots                      443 us, parallelism: 1.01x
[0.350s][info][gc,stats     ]     UR: <total>                     446 us
[0.350s][info][gc,stats     ]     UR: Thread Roots                446 us, workers (us): 414,  24,   3,   2,   0,   0,   0,   0,   0,   0,   0,   1,   0, ---, ---, ---, ---, ---, ---, ---, ---, ---, ---, ---, 
[0.350s][info][gc,stats     ]   Update Region States                2 us
[0.350s][info][gc,stats     ]   Trash Collection Set                4 us
[0.350s][info][gc,stats     ]   Rebuild Free Set                    4 us
[0.351s][info][gc,stats     ] Concurrent Cleanup                  493 us
[0.351s][info][gc,stats     ] Pacing                            11145 us
[0.351s][info][gc,stats     ] 
[0.351s][info][gc,stats     ] Allocation pacing accrued:
[0.351s][info][gc,stats     ]      11 of   311 ms (  3.6%): Finalizer
[0.351s][info][gc,stats     ]      11 of   311 ms (  3.6%): <total>
[0.351s][info][gc,stats     ]       2 of   311 ms (  0.6%): <average total>
[0.351s][info][gc,stats     ]      11 of   311 ms (  3.6%): <average non-zero>
[0.351s][info][gc,stats     ] 
[0.351s][info][gc,metaspace ] Metaspace: 5271K->5315K(1056768K)
[0.351s][info][gc,ergo      ] Pacer for Idle. Initial: 327K, Alloc Tax Rate: 1.0x
[0.435s][info][gc           ] Trigger: Learning 2 of 5. Free (11467K) is below initial threshold (11468K)
[0.435s][info][gc,ergo      ] Free: 11467K, Max: 256K regular, 9728K humongous, Frag: 14% external, 2% internal; Reserve: 1024K, Max: 256K
[0.435s][info][gc,start     ] GC(1) Concurrent reset
[0.435s][info][gc,task      ] GC(1) Using 4 of 24 workers for concurrent reset
[0.435s][info][gc,ergo      ] GC(1) Pacer for Reset. Non-Taxable: 16384K
[0.435s][info][gc           ] GC(1) Concurrent reset 0.118ms
[0.435s][info][gc,start     ] GC(1) Pause Init Mark
[0.435s][info][gc,task      ] GC(1) Using 7 of 24 workers for init marking
[0.436s][info][gc,ergo      ] GC(1) Pacer for Mark. Expected Live: 785K, Free: 11467K, Non-Taxable: 1146K, Alloc Tax Rate: 0.1x
[0.436s][info][gc           ] GC(1) Pause Init Mark 1.426ms
[0.436s][info][gc,start     ] GC(1) Concurrent marking
[0.437s][info][gc,task      ] GC(1) Using 4 of 24 workers for concurrent marking
[0.444s][info][gc           ] GC(1) Concurrent marking 7.304ms
[0.444s][info][gc,start     ] GC(1) Pause Final Mark
[0.444s][info][gc,task      ] GC(1) Using 7 of 24 workers for final marking
[0.444s][info][gc,ergo      ] GC(1) Adaptive CSet Selection. Target Free: 2321K, Actual Free: 12032K, Max CSet: 682K, Min Garbage: 0B
[0.444s][info][gc,ergo      ] GC(1) Collectable Garbage: 2623K (97%), Immediate: 0B (0%), CSet: 2623K (97%)
[0.446s][info][gc,ergo      ] GC(1) Pacer for Evacuation. Used CSet: 3124K, Free: 11034K, Non-Taxable: 1103K, Alloc Tax Rate: 1.1x
[0.446s][info][gc           ] GC(1) Pause Final Mark 1.643ms
[0.446s][info][gc,start     ] GC(1) Concurrent cleanup
[0.446s][info][gc           ] GC(1) Concurrent cleanup 4M->4M(6M) 0.057ms
[0.446s][info][gc,ergo      ] GC(1) Free: 11008K, Max: 256K regular, 9728K humongous, Frag: 12% external, 0% internal; Reserve: 989K, Max: 256K
[0.446s][info][gc,start     ] GC(1) Concurrent evacuation
[0.446s][info][gc,task      ] GC(1) Using 4 of 24 workers for concurrent evacuation
[0.449s][info][gc           ] GC(1) Concurrent evacuation 2.974ms
[0.449s][info][gc,start     ] GC(1) Pause Init Update Refs
[0.449s][info][gc,ergo      ] GC(1) Pacer for Update Refs. Used: 5101K, Free: 10778K, Non-Taxable: 1077K, Alloc Tax Rate: 1.1x
[0.449s][info][gc           ] GC(1) Pause Init Update Refs 0.096ms
[0.449s][info][gc,start     ] GC(1) Concurrent update references
[0.449s][info][gc,task      ] GC(1) Using 4 of 24 workers for concurrent reference update
[0.453s][info][gc           ] GC(1) Concurrent update references 3.999ms
[0.453s][info][gc,start     ] GC(1) Pause Final Update Refs
[0.453s][info][gc,task      ] GC(1) Using 7 of 24 workers for final reference update
[0.454s][info][gc           ] GC(1) Pause Final Update Refs 0.898ms
[0.454s][info][gc,start     ] GC(1) Concurrent cleanup
[0.455s][info][gc           ] GC(1) Concurrent cleanup 4M->1M(6M) 0.666ms
[0.455s][info][gc           ] GC(1) Dat log --- cycle is complete
Current gc epoch: 1
heap: ______
capacity: 6815744
used: 2024256
committed: 6815744
bytes_allocated_since_gc_start: 497216
hot_size: 23018
cold_size: 41199
num_regions: 64
hot_region_count: 2
cold_region_count: 4
histogram: Placeholder

[0.455s][info][gc           ] GC(1) Obj count ac histogram
[0.455s][info][gc           ] GC(1) 	0: 5820
[0.455s][info][gc           ] GC(1) 	1: 0
[0.455s][info][gc           ] GC(1) 	2: 0
[0.455s][info][gc           ] GC(1) 	3: 0
[0.455s][info][gc           ] GC(1) 	4: 0
[0.455s][info][gc           ] GC(1) 	5: 0
[0.455s][info][gc           ] GC(1) 	6: 0
[0.455s][info][gc           ] GC(1) 	7: 0
[0.455s][info][gc           ] GC(1) 	8: 0
[0.455s][info][gc           ] GC(1) 	9: 0
[0.455s][info][gc           ] GC(1) 	10: 0
[0.455s][info][gc           ] GC(1) 	11: 0
[0.455s][info][gc           ] GC(1) 	12: 0
[0.455s][info][gc           ] GC(1) 	13: 914
[0.455s][info][gc           ] GC(1) 	14: 1575
[0.455s][info][gc           ] GC(1) 	15: 0
[0.455s][info][gc           ] GC(1) 	16: 0
[0.455s][info][gc           ] GC(1) 	17: 0
[0.455s][info][gc           ] GC(1) 	18: 0
[0.455s][info][gc           ] GC(1) 	19: 0
[0.455s][info][gc           ] GC(1) Obj size ac histogram
[0.455s][info][gc           ] GC(1) 	0: 36583
[0.455s][info][gc           ] GC(1) 	1: 0
[0.455s][info][gc           ] GC(1) 	2: 0
[0.455s][info][gc           ] GC(1) 	3: 0
[0.455s][info][gc           ] GC(1) 	4: 0
[0.455s][info][gc           ] GC(1) 	5: 0
[0.455s][info][gc           ] GC(1) 	6: 0
[0.455s][info][gc           ] GC(1) 	7: 0
[0.455s][info][gc           ] GC(1) 	8: 0
[0.455s][info][gc           ] GC(1) 	9: 0
[0.455s][info][gc           ] GC(1) 	10: 0
[0.455s][info][gc           ] GC(1) 	11: 0
[0.455s][info][gc           ] GC(1) 	12: 0
[0.455s][info][gc           ] GC(1) 	13: 7766
[0.455s][info][gc           ] GC(1) 	14: 14567
[0.455s][info][gc           ] GC(1) 	15: 0
[0.455s][info][gc           ] GC(1) 	16: 0
[0.455s][info][gc           ] GC(1) 	17: 0
[0.455s][info][gc           ] GC(1) 	18: 0
[0.455s][info][gc           ] GC(1) 	19: 0
[0.455s][info][gc,ergo      ] Free: 13383K, Max: 256K regular, 10752K humongous, Frag: 18% external, 3% internal; Reserve: 1024K, Max: 256K
[0.455s][info][gc,stats     ] 
[0.455s][info][gc,stats     ] All times are wall-clock times, except per-root-class counters, that are sum over
[0.456s][info][gc,stats     ] all workers. Dividing the <total> over the root stage time estimates parallelism.
[0.456s][info][gc,stats     ] 
[0.456s][info][gc,stats     ] Concurrent Reset                    101 us
[0.456s][info][gc,stats     ] Pause Init Mark (G)                1753 us
[0.456s][info][gc,stats     ] Pause Init Mark (N)                1392 us
[0.456s][info][gc,stats     ]   Accumulate Stats                    4 us
[0.456s][info][gc,stats     ]   Make Parsable                      40 us
[0.456s][info][gc,stats     ]   Update Region States                2 us
[0.456s][info][gc,stats     ]   Scan Roots                       1278 us, parallelism: 1.45x
[0.456s][info][gc,stats     ]     S: <total>                     1854 us
[0.456s][info][gc,stats     ]     S: Thread Roots                1220 us, workers (us):  31,   2,   2,   1, 1141,  35,   8, ---, ---, ---, ---, ---, ---, ---, ---, ---, ---, ---, ---, ---, ---, ---, ---, ---, 
[0.456s][info][gc,stats     ]     S: Universe Roots                15 us, workers (us):  15, ---, ---, ---, ---, ---, ---, ---, ---, ---, ---, ---, ---, ---, ---, ---, ---, ---, ---, ---, ---, ---, ---, ---, 
[0.456s][info][gc,stats     ]     S: JNI Handles Roots              9 us, workers (us): ---, ---,   9, ---, ---, ---, ---, ---, ---, ---, ---, ---, ---, ---, ---, ---, ---, ---, ---, ---, ---, ---, ---, ---, 
[0.456s][info][gc,stats     ]     S: Synchronizer Roots             0 us, workers (us):   0, ---, ---, ---, ---, ---, ---, ---, ---, ---, ---, ---, ---, ---, ---, ---, ---, ---, ---, ---, ---, ---, ---, ---, 
[0.456s][info][gc,stats     ]     S: Management Roots               1 us, workers (us):   1, ---, ---, ---, ---, ---, ---, ---, ---, ---, ---, ---, ---, ---, ---, ---, ---, ---, ---, ---, ---, ---, ---, ---, 
[0.456s][info][gc,stats     ]     S: System Dict Roots             34 us, workers (us):  34, ---, ---, ---, ---, ---, ---, ---, ---, ---, ---, ---, ---, ---, ---, ---, ---, ---, ---, ---, ---, ---, ---, ---, 
[0.456s][info][gc,stats     ]     S: CLDG Roots                   574 us, workers (us): ---,  59, 475,  39, ---, ---, ---, ---, ---, ---, ---, ---, ---, ---, ---, ---, ---, ---, ---, ---, ---, ---, ---, ---, 
[0.456s][info][gc,stats     ]     S: JVMTI Roots                    1 us, workers (us): ---,   1, ---, ---, ---, ---, ---, ---, ---, ---, ---, ---, ---, ---, ---, ---, ---, ---, ---, ---, ---, ---, ---, ---, 
[0.456s][info][gc,stats     ]   Resize TLABs                        4 us
[0.456s][info][gc,stats     ] Concurrent Marking                 7253 us
[0.456s][info][gc,stats     ] Pause Final Mark (G)               1854 us
[0.456s][info][gc,stats     ] Pause Final Mark (N)               1613 us
[0.456s][info][gc,stats     ]   Finish Queues                     169 us
[0.456s][info][gc,stats     ]   System Purge                       86 us
[0.456s][info][gc,stats     ]     Weak Roots                       84 us
[0.456s][info][gc,stats     ]   Update Region States                3 us
[0.456s][info][gc,stats     ]   Retire TLABs                       14 us
[0.456s][info][gc,stats     ]   Choose Collection Set              48 us
[0.456s][info][gc,stats     ]   Rebuild Free Set                    5 us
[0.456s][info][gc,stats     ]   Initial Evacuation               1270 us, parallelism: 1.25x
[0.456s][info][gc,stats     ]     E: <total>                     1588 us
[0.456s][info][gc,stats     ]     E: Thread Roots                1187 us, workers (us):   1,  24, 1123,  17,   1,   0,  19, ---, ---, ---, ---, ---, ---, ---, ---, ---, ---, ---, ---, ---, ---, ---, ---, ---, 
[0.456s][info][gc,stats     ]     E: Code Cache Roots               3 us, workers (us):   1,   0,   1,   0,   0,   0,   1, ---, ---, ---, ---, ---, ---, ---, ---, ---, ---, ---, ---, ---, ---, ---, ---, ---, 
[0.456s][info][gc,stats     ]     E: Universe Roots                 5 us, workers (us):   5, ---, ---, ---, ---, ---, ---, ---, ---, ---, ---, ---, ---, ---, ---, ---, ---, ---, ---, ---, ---, ---, ---, ---, 
[0.456s][info][gc,stats     ]     E: JNI Handles Roots              2 us, workers (us): ---, ---,   2, ---, ---, ---, ---, ---, ---, ---, ---, ---, ---, ---, ---, ---, ---, ---, ---, ---, ---, ---, ---, ---, 
[0.456s][info][gc,stats     ]     E: Synchronizer Roots             0 us, workers (us): ---,   0, ---, ---, ---, ---, ---, ---, ---, ---, ---, ---, ---, ---, ---, ---, ---, ---, ---, ---, ---, ---, ---, ---, 
[0.456s][info][gc,stats     ]     E: Management Roots               2 us, workers (us): ---, ---,   2, ---, ---, ---, ---, ---, ---, ---, ---, ---, ---, ---, ---, ---, ---, ---, ---, ---, ---, ---, ---, ---, 
[0.456s][info][gc,stats     ]     E: System Dict Roots             68 us, workers (us): ---,  68, ---, ---, ---, ---, ---, ---, ---, ---, ---, ---, ---, ---, ---, ---, ---, ---, ---, ---, ---, ---, ---, ---, 
[0.456s][info][gc,stats     ]     E: CLDG Roots                   320 us, workers (us): ---,  33, ---,  78, 210, ---, ---, ---, ---, ---, ---, ---, ---, ---, ---, ---, ---, ---, ---, ---, ---, ---, ---, ---, 
[0.456s][info][gc,stats     ]     E: JVMTI Roots                    1 us, workers (us):   1, ---, ---, ---, ---, ---, ---, ---, ---, ---, ---, ---, ---, ---, ---, ---, ---, ---, ---, ---, ---, ---, ---, ---, 
[0.456s][info][gc,stats     ] Concurrent Cleanup                    6 us
[0.456s][info][gc,stats     ] Concurrent Evacuation              2953 us
[0.456s][info][gc,stats     ] Pause Init  Update Refs (G)         419 us
[0.456s][info][gc,stats     ] Pause Init  Update Refs (N)          58 us
[0.456s][info][gc,stats     ]   Retire GCLABs                      38 us
[0.456s][info][gc,stats     ] Concurrent Update Refs             3972 us
[0.456s][info][gc,stats     ] Pause Final Update Refs (G)        1086 us
[0.456s][info][gc,stats     ] Pause Final Update Refs (N)         883 us
[0.456s][info][gc,stats     ]   Update Roots                      869 us, parallelism: 1.05x
[0.456s][info][gc,stats     ]     UR: <total>                     910 us
[0.456s][info][gc,stats     ]     UR: Thread Roots                910 us, workers (us): 826,  22,  22,   7,  31,   1,   1, ---, ---, ---, ---, ---, ---, ---, ---, ---, ---, ---, ---, ---, ---, ---, ---, ---, 
[0.456s][info][gc,stats     ]   Update Region States                1 us
[0.456s][info][gc,stats     ]   Trash Collection Set                2 us
[0.456s][info][gc,stats     ]   Rebuild Free Set                    3 us
[0.456s][info][gc,stats     ] Concurrent Cleanup                  640 us
[0.456s][info][gc,stats     ] 
[0.456s][info][gc,stats     ] Allocation pacing accrued:
[0.456s][info][gc,stats     ]       0 of   106 ms (  0.0%): <total>
[0.456s][info][gc,stats     ]       0 of   106 ms (  0.0%): <average total>
[0.456s][info][gc,stats     ] 
[0.456s][info][gc,metaspace ] Metaspace: 5481K->5481K(1056768K)
[0.456s][info][gc,ergo      ] Pacer for Idle. Initial: 327K, Alloc Tax Rate: 1.0x
[0.545s][info][gc           ] Trigger: Learning 3 of 5. Free (11361K) is below initial threshold (11468K)
[0.545s][info][gc,ergo      ] Free: 11361K, Max: 256K regular, 10752K humongous, Frag: 3% external, 5% internal; Reserve: 1024K, Max: 256K
[0.545s][info][gc,start     ] GC(2) Concurrent reset
[0.545s][info][gc,task      ] GC(2) Using 3 of 24 workers for concurrent reset
[0.545s][info][gc,ergo      ] GC(2) Pacer for Reset. Non-Taxable: 16384K
[0.546s][info][gc           ] GC(2) Concurrent reset 0.139ms
[0.546s][info][gc,start     ] GC(2) Pause Init Mark
[0.546s][info][gc,task      ] GC(2) Using 4 of 24 workers for init marking
[0.547s][info][gc,ergo      ] GC(2) Pacer for Mark. Expected Live: 987K, Free: 11361K, Non-Taxable: 1136K, Alloc Tax Rate: 0.1x
[0.547s][info][gc           ] GC(2) Pause Init Mark 0.857ms
[0.547s][info][gc,start     ] GC(2) Concurrent marking
[0.547s][info][gc,task      ] GC(2) Using 3 of 24 workers for concurrent marking
[0.555s][info][gc           ] GC(2) Concurrent marking 8.545ms
[0.556s][info][gc,start     ] GC(2) Pause Final Mark
[0.556s][info][gc,task      ] GC(2) Using 4 of 24 workers for final marking
[0.556s][info][gc,ergo      ] GC(2) Adaptive CSet Selection. Target Free: 2321K, Actual Free: 11776K, Max CSet: 682K, Min Garbage: 0B
[0.556s][info][gc,ergo      ] GC(2) Collectable Garbage: 2320K (94%), Immediate: 0B (0%), CSet: 2320K (94%)
[0.557s][info][gc,ergo      ] GC(2) Pacer for Evacuation. Used CSet: 3000K, Free: 10784K, Non-Taxable: 1078K, Alloc Tax Rate: 1.1x
[0.557s][info][gc           ] GC(2) Pause Final Mark 1.180ms
[0.557s][info][gc,start     ] GC(2) Concurrent cleanup
[0.557s][info][gc           ] GC(2) Concurrent cleanup 4M->4M(6M) 0.032ms
[0.557s][info][gc,ergo      ] GC(2) Free: 10752K, Max: 256K regular, 10752K humongous, Frag: 0% external, 0% internal; Reserve: 993K, Max: 256K
[0.557s][info][gc,start     ] GC(2) Concurrent evacuation
[0.557s][info][gc,task      ] GC(2) Using 3 of 24 workers for concurrent evacuation
[0.562s][info][gc           ] GC(2) Concurrent evacuation 4.865ms
[0.562s][info][gc,start     ] GC(2) Pause Init Update Refs
[0.562s][info][gc,ergo      ] GC(2) Pacer for Update Refs. Used: 5409K, Free: 10528K, Non-Taxable: 1052K, Alloc Tax Rate: 1.1x
[0.562s][info][gc           ] GC(2) Pause Init Update Refs 0.099ms
[0.562s][info][gc,start     ] GC(2) Concurrent update references
[0.562s][info][gc,task      ] GC(2) Using 3 of 24 workers for concurrent reference update
[0.570s][info][gc           ] GC(2) Concurrent update references 7.508ms
[0.570s][info][gc,start     ] GC(2) Pause Final Update Refs
[0.570s][info][gc,task      ] GC(2) Using 4 of 24 workers for final reference update
[0.571s][info][gc           ] GC(2) Pause Final Update Refs 0.493ms
[0.571s][info][gc,start     ] GC(2) Concurrent cleanup
[0.571s][info][gc           ] GC(2) Concurrent cleanup 5M->2M(7M) 0.746ms
[0.571s][info][gc           ] GC(2) Dat log --- cycle is complete
Current gc epoch: 2
heap: ______
capacity: 7340032
used: 2466872
committed: 7340032
bytes_allocated_since_gc_start: 517656
hot_size: 37083
cold_size: 50023
num_regions: 64
hot_region_count: 1
cold_region_count: 6
histogram: Placeholder

[0.571s][info][gc           ] GC(2) Obj count ac histogram
[0.571s][info][gc           ] GC(2) 	0: 6775
[0.571s][info][gc           ] GC(2) 	1: 0
[0.571s][info][gc           ] GC(2) 	2: 0
[0.571s][info][gc           ] GC(2) 	3: 0
[0.571s][info][gc           ] GC(2) 	4: 0
[0.571s][info][gc           ] GC(2) 	5: 0
[0.571s][info][gc           ] GC(2) 	6: 0
[0.571s][info][gc           ] GC(2) 	7: 0
[0.571s][info][gc           ] GC(2) 	8: 0
[0.571s][info][gc           ] GC(2) 	9: 0
[0.571s][info][gc           ] GC(2) 	10: 0
[0.571s][info][gc           ] GC(2) 	11: 0
[0.571s][info][gc           ] GC(2) 	12: 0
[0.571s][info][gc           ] GC(2) 	13: 2669
[0.571s][info][gc           ] GC(2) 	14: 1674
[0.571s][info][gc           ] GC(2) 	15: 0
[0.571s][info][gc           ] GC(2) 	16: 0
[0.571s][info][gc           ] GC(2) 	17: 0
[0.572s][info][gc           ] GC(2) 	18: 0
[0.572s][info][gc           ] GC(2) 	19: 0
[0.572s][info][gc           ] GC(2) Obj size ac histogram
[0.572s][info][gc           ] GC(2) 	0: 46025
[0.572s][info][gc           ] GC(2) 	1: 0
[0.572s][info][gc           ] GC(2) 	2: 0
[0.572s][info][gc           ] GC(2) 	3: 0
[0.572s][info][gc           ] GC(2) 	4: 0
[0.572s][info][gc           ] GC(2) 	5: 0
[0.572s][info][gc           ] GC(2) 	6: 0
[0.572s][info][gc           ] GC(2) 	7: 0
[0.572s][info][gc           ] GC(2) 	8: 0
[0.572s][info][gc           ] GC(2) 	9: 0
[0.572s][info][gc           ] GC(2) 	10: 0
[0.572s][info][gc           ] GC(2) 	11: 0
[0.572s][info][gc           ] GC(2) 	12: 0
[0.572s][info][gc           ] GC(2) 	13: 23102
[0.572s][info][gc           ] GC(2) 	14: 13540
[0.572s][info][gc           ] GC(2) 	15: 0
[0.572s][info][gc           ] GC(2) 	16: 0
[0.572s][info][gc           ] GC(2) 	17: 0
[0.572s][info][gc           ] GC(2) 	18: 0
[0.572s][info][gc           ] GC(2) 	19: 0
[0.572s][info][gc,ergo      ] Free: 12950K, Max: 256K regular, 10240K humongous, Frag: 20% external, 4% internal; Reserve: 1024K, Max: 256K
[0.572s][info][gc,stats     ] 
[0.572s][info][gc,stats     ] All times are wall-clock times, except per-root-class counters, that are sum over
[0.572s][info][gc,stats     ] all workers. Dividing the <total> over the root stage time estimates parallelism.
[0.572s][info][gc,stats     ] 
[0.572s][info][gc,stats     ] Concurrent Reset                    122 us
[0.572s][info][gc,stats     ] Pause Init Mark (G)                1249 us
[0.572s][info][gc,stats     ] Pause Init Mark (N)                 817 us
[0.572s][info][gc,stats     ]   Accumulate Stats                    4 us
[0.572s][info][gc,stats     ]   Make Parsable                      33 us
[0.572s][info][gc,stats     ]   Update Region States                2 us
[0.572s][info][gc,stats     ]   Scan Roots                        705 us, parallelism: 1.75x
[0.572s][info][gc,stats     ]     S: <total>                     1236 us
[0.572s][info][gc,stats     ]     S: Thread Roots                 670 us, workers (us):  41,   2, 588,  39, ---, ---, ---, ---, ---, ---, ---, ---, ---, ---, ---, ---, ---, ---, ---, ---, ---, ---, ---, ---, 
[0.572s][info][gc,stats     ]     S: Universe Roots                21 us, workers (us):  21, ---, ---, ---, ---, ---, ---, ---, ---, ---, ---, ---, ---, ---, ---, ---, ---, ---, ---, ---, ---, ---, ---, ---, 
[0.572s][info][gc,stats     ]     S: JNI Handles Roots              3 us, workers (us):   3, ---, ---, ---, ---, ---, ---, ---, ---, ---, ---, ---, ---, ---, ---, ---, ---, ---, ---, ---, ---, ---, ---, ---, 
[0.572s][info][gc,stats     ]     S: Synchronizer Roots             1 us, workers (us): ---,   1, ---, ---, ---, ---, ---, ---, ---, ---, ---, ---, ---, ---, ---, ---, ---, ---, ---, ---, ---, ---, ---, ---, 
[0.572s][info][gc,stats     ]     S: Management Roots               2 us, workers (us): ---,   2, ---, ---, ---, ---, ---, ---, ---, ---, ---, ---, ---, ---, ---, ---, ---, ---, ---, ---, ---, ---, ---, ---, 
[0.572s][info][gc,stats     ]     S: System Dict Roots             30 us, workers (us): ---,  30, ---, ---, ---, ---, ---, ---, ---, ---, ---, ---, ---, ---, ---, ---, ---, ---, ---, ---, ---, ---, ---, ---, 
[0.572s][info][gc,stats     ]     S: CLDG Roots                   510 us, workers (us):  48, 462, ---, ---, ---, ---, ---, ---, ---, ---, ---, ---, ---, ---, ---, ---, ---, ---, ---, ---, ---, ---, ---, ---, 
[0.572s][info][gc,stats     ]     S: JVMTI Roots                    1 us, workers (us):   1, ---, ---, ---, ---, ---, ---, ---, ---, ---, ---, ---, ---, ---, ---, ---, ---, ---, ---, ---, ---, ---, ---, ---, 
[0.572s][info][gc,stats     ]   Resize TLABs                        4 us
[0.572s][info][gc,stats     ] Concurrent Marking                 8494 us
[0.572s][info][gc,stats     ] Pause Final Mark (G)               1330 us
[0.572s][info][gc,stats     ] Pause Final Mark (N)               1142 us
[0.572s][info][gc,stats     ]   Finish Queues                     120 us
[0.572s][info][gc,stats     ]   System Purge                       98 us
[0.572s][info][gc,stats     ]     Weak Roots                       97 us
[0.572s][info][gc,stats     ]   Update Region States                3 us
[0.572s][info][gc,stats     ]   Retire TLABs                       27 us
[0.572s][info][gc,stats     ]   Choose Collection Set              48 us
[0.572s][info][gc,stats     ]   Rebuild Free Set                    6 us
[0.572s][info][gc,stats     ]   Initial Evacuation                821 us, parallelism: 1.15x
[0.572s][info][gc,stats     ]     E: <total>                      944 us
[0.572s][info][gc,stats     ]     E: Thread Roots                 706 us, workers (us): 649,   1,  21,  35, ---, ---, ---, ---, ---, ---, ---, ---, ---, ---, ---, ---, ---, ---, ---, ---, ---, ---, ---, ---, 
[0.572s][info][gc,stats     ]     E: Code Cache Roots               2 us, workers (us):   0,   0,   1,   0, ---, ---, ---, ---, ---, ---, ---, ---, ---, ---, ---, ---, ---, ---, ---, ---, ---, ---, ---, ---, 
[0.572s][info][gc,stats     ]     E: Universe Roots                 5 us, workers (us):   5, ---, ---, ---, ---, ---, ---, ---, ---, ---, ---, ---, ---, ---, ---, ---, ---, ---, ---, ---, ---, ---, ---, ---, 
[0.572s][info][gc,stats     ]     E: JNI Handles Roots              1 us, workers (us):   1, ---, ---, ---, ---, ---, ---, ---, ---, ---, ---, ---, ---, ---, ---, ---, ---, ---, ---, ---, ---, ---, ---, ---, 
[0.572s][info][gc,stats     ]     E: Synchronizer Roots             0 us, workers (us): ---,   0, ---, ---, ---, ---, ---, ---, ---, ---, ---, ---, ---, ---, ---, ---, ---, ---, ---, ---, ---, ---, ---, ---, 
[0.572s][info][gc,stats     ]     E: Management Roots               2 us, workers (us): ---,   2, ---, ---, ---, ---, ---, ---, ---, ---, ---, ---, ---, ---, ---, ---, ---, ---, ---, ---, ---, ---, ---, ---, 
[0.572s][info][gc,stats     ]     E: System Dict Roots             13 us, workers (us): ---,  13, ---, ---, ---, ---, ---, ---, ---, ---, ---, ---, ---, ---, ---, ---, ---, ---, ---, ---, ---, ---, ---, ---, 
[0.572s][info][gc,stats     ]     E: CLDG Roots                   214 us, workers (us): ---, 161, ---,  53, ---, ---, ---, ---, ---, ---, ---, ---, ---, ---, ---, ---, ---, ---, ---, ---, ---, ---, ---, ---, 
[0.572s][info][gc,stats     ]     E: JVMTI Roots                    1 us, workers (us):   1, ---, ---, ---, ---, ---, ---, ---, ---, ---, ---, ---, ---, ---, ---, ---, ---, ---, ---, ---, ---, ---, ---, ---, 
[0.572s][info][gc,stats     ] Concurrent Cleanup                    6 us
[0.572s][info][gc,stats     ] Concurrent Evacuation              4847 us
[0.572s][info][gc,stats     ] Pause Init  Update Refs (G)         447 us
[0.572s][info][gc,stats     ] Pause Init  Update Refs (N)          57 us
[0.572s][info][gc,stats     ]   Retire GCLABs                      37 us
[0.572s][info][gc,stats     ] Concurrent Update Refs             7459 us
[0.572s][info][gc,stats     ] Pause Final Update Refs (G)         866 us
[0.572s][info][gc,stats     ] Pause Final Update Refs (N)         450 us
[0.572s][info][gc,stats     ]   Update Roots                      416 us, parallelism: 1.05x
[0.572s][info][gc,stats     ]     UR: <total>                     438 us
[0.572s][info][gc,stats     ]     UR: Thread Roots                438 us, workers (us): 373,  32,  28,   6, ---, ---, ---, ---, ---, ---, ---, ---, ---, ---, ---, ---, ---, ---, ---, ---, ---, ---, ---, ---, 
[0.572s][info][gc,stats     ]   Update Region States                4 us
[0.572s][info][gc,stats     ]   Trash Collection Set                4 us
[0.572s][info][gc,stats     ]   Rebuild Free Set                    6 us
[0.573s][info][gc,stats     ] Concurrent Cleanup                  720 us
[0.573s][info][gc,stats     ] 
[0.573s][info][gc,stats     ] Allocation pacing accrued:
[0.573s][info][gc,stats     ]       0 of   116 ms (  0.0%): <total>
[0.573s][info][gc,stats     ]       0 of   116 ms (  0.0%): <average total>
[0.573s][info][gc,stats     ] 
[0.573s][info][gc,metaspace ] Metaspace: 5607K->5948K(1056768K)
[0.573s][info][gc,ergo      ] Pacer for Idle. Initial: 327K, Alloc Tax Rate: 1.0x
[0.657s][info][gc           ] Trigger: Learning 4 of 5. Free (11447K) is below initial threshold (11468K)
[0.657s][info][gc,ergo      ] Free: 11447K, Max: 256K regular, 10240K humongous, Frag: 10% external, 6% internal; Reserve: 1024K, Max: 256K
[0.657s][info][gc,start     ] GC(3) Concurrent reset
[0.657s][info][gc,task      ] GC(3) Using 2 of 24 workers for concurrent reset
[0.657s][info][gc,ergo      ] GC(3) Pacer for Reset. Non-Taxable: 16384K
[0.658s][info][gc           ] GC(3) Concurrent reset 0.113ms
[0.658s][info][gc,start     ] GC(3) Pause Init Mark
[0.658s][info][gc,task      ] GC(3) Using 3 of 24 workers for init marking
[0.660s][info][gc,ergo      ] GC(3) Pacer for Mark. Expected Live: 1176K, Free: 11447K, Non-Taxable: 1144K, Alloc Tax Rate: 0.1x
[0.660s][info][gc           ] GC(3) Pause Init Mark 1.642ms
[0.660s][info][gc,start     ] GC(3) Concurrent marking
[0.660s][info][gc,task      ] GC(3) Using 2 of 24 workers for concurrent marking
[0.671s][info][gc           ] GC(3) Concurrent marking 10.799ms
[0.671s][info][gc,start     ] GC(3) Pause Final Mark
[0.671s][info][gc,task      ] GC(3) Using 3 of 24 workers for final marking
[0.671s][info][gc,ergo      ] GC(3) Adaptive CSet Selection. Target Free: 2321K, Actual Free: 12032K, Max CSet: 682K, Min Garbage: 0B
[0.671s][info][gc,ergo      ] GC(3) Collectable Garbage: 2190K (88%), Immediate: 0B (0%), CSet: 2190K (88%)
[0.672s][info][gc,ergo      ] GC(3) Pacer for Evacuation. Used CSet: 2783K, Free: 11165K, Non-Taxable: 1116K, Alloc Tax Rate: 1.1x
[0.672s][info][gc           ] GC(3) Pause Final Mark 1.354ms
[0.672s][info][gc,start     ] GC(3) Concurrent cleanup
[0.672s][info][gc           ] GC(3) Concurrent cleanup 4M->4M(7M) 0.053ms
[0.672s][info][gc,ergo      ] GC(3) Free: 11125K, Max: 256K regular, 10240K humongous, Frag: 7% external, 1% internal; Reserve: 916K, Max: 256K
[0.672s][info][gc,start     ] GC(3) Concurrent evacuation
[0.672s][info][gc,task      ] GC(3) Using 2 of 24 workers for concurrent evacuation
[0.677s][info][gc           ] GC(3) Concurrent evacuation 4.398ms
[0.677s][info][gc,start     ] GC(3) Pause Init Update Refs
[0.677s][info][gc,ergo      ] GC(3) Pacer for Update Refs. Used: 5185K, Free: 10909K, Non-Taxable: 1090K, Alloc Tax Rate: 1.1x
[0.677s][info][gc           ] GC(3) Pause Init Update Refs 0.099ms
[0.677s][info][gc,start     ] GC(3) Concurrent update references
[0.677s][info][gc,task      ] GC(3) Using 2 of 24 workers for concurrent reference update
[0.683s][info][gc           ] GC(3) Concurrent update references 5.392ms
[0.683s][info][gc,start     ] GC(3) Pause Final Update Refs
[0.683s][info][gc,task      ] GC(3) Using 3 of 24 workers for final reference update
[0.683s][info][gc           ] GC(3) Pause Final Update Refs 0.532ms
[0.683s][info][gc,start     ] GC(3) Concurrent cleanup
[0.684s][info][gc           ] GC(3) Concurrent cleanup 5M->2M(7M) 0.423ms
[0.684s][info][gc           ] GC(3) Dat log --- cycle is complete
Current gc epoch: 3
heap: ______
capacity: 7340032
used: 2459680
committed: 7340032
bytes_allocated_since_gc_start: 517000
hot_size: 25149
cold_size: 50663
num_regions: 64
hot_region_count: 18446744073709551615
cold_region_count: 8
histogram: Placeholder

[0.684s][info][gc           ] GC(3) Obj count ac histogram
[0.684s][info][gc           ] GC(3) 	0: 6696
[0.684s][info][gc           ] GC(3) 	1: 0
[0.684s][info][gc           ] GC(3) 	2: 0
[0.684s][info][gc           ] GC(3) 	3: 0
[0.684s][info][gc           ] GC(3) 	4: 0
[0.684s][info][gc           ] GC(3) 	5: 0
[0.684s][info][gc           ] GC(3) 	6: 0
[0.684s][info][gc           ] GC(3) 	7: 0
[0.684s][info][gc           ] GC(3) 	8: 0
[0.684s][info][gc           ] GC(3) 	9: 0
[0.684s][info][gc           ] GC(3) 	10: 0
[0.684s][info][gc           ] GC(3) 	11: 0
[0.684s][info][gc           ] GC(3) 	12: 0
[0.684s][info][gc           ] GC(3) 	13: 515
[0.684s][info][gc           ] GC(3) 	14: 2376
[0.684s][info][gc           ] GC(3) 	15: 0
[0.684s][info][gc           ] GC(3) 	16: 0
[0.684s][info][gc           ] GC(3) 	17: 0
[0.684s][info][gc           ] GC(3) 	18: 0
[0.684s][info][gc           ] GC(3) 	19: 0
[0.684s][info][gc           ] GC(3) Obj size ac histogram
[0.684s][info][gc           ] GC(3) 	0: 47658
[0.684s][info][gc           ] GC(3) 	1: 0
[0.684s][info][gc           ] GC(3) 	2: 0
[0.684s][info][gc           ] GC(3) 	3: 0
[0.684s][info][gc           ] GC(3) 	4: 0
[0.684s][info][gc           ] GC(3) 	5: 0
[0.684s][info][gc           ] GC(3) 	6: 0
[0.684s][info][gc           ] GC(3) 	7: 0
[0.684s][info][gc           ] GC(3) 	8: 0
[0.684s][info][gc           ] GC(3) 	9: 0
[0.684s][info][gc           ] GC(3) 	10: 0
[0.684s][info][gc           ] GC(3) 	11: 0
[0.684s][info][gc           ] GC(3) 	12: 0
[0.684s][info][gc           ] GC(3) 	13: 4526
[0.684s][info][gc           ] GC(3) 	14: 19928
[0.684s][info][gc           ] GC(3) 	15: 0
[0.684s][info][gc           ] GC(3) 	16: 0
[0.684s][info][gc           ] GC(3) 	17: 0
[0.684s][info][gc           ] GC(3) 	18: 0
[0.684s][info][gc           ] GC(3) 	19: 0
[0.684s][info][gc,ergo      ] Free: 12957K, Max: 256K regular, 11264K humongous, Frag: 12% external, 2% internal; Reserve: 1024K, Max: 256K
[0.684s][info][gc,stats     ] 
[0.684s][info][gc,stats     ] All times are wall-clock times, except per-root-class counters, that are sum over
[0.684s][info][gc,stats     ] all workers. Dividing the <total> over the root stage time estimates parallelism.
[0.684s][info][gc,stats     ] 
[0.684s][info][gc,stats     ] Concurrent Reset                     95 us
[0.684s][info][gc,stats     ] Pause Init Mark (G)                2203 us
[0.684s][info][gc,stats     ] Pause Init Mark (N)                1597 us
[0.684s][info][gc,stats     ]   Accumulate Stats                    4 us
[0.684s][info][gc,stats     ]   Make Parsable                      33 us
[0.684s][info][gc,stats     ]   Update Region States                2 us
[0.684s][info][gc,stats     ]   Scan Roots                       1460 us, parallelism: 1.42x
[0.684s][info][gc,stats     ]     S: <total>                     2070 us
[0.684s][info][gc,stats     ]     S: Thread Roots                1359 us, workers (us):   2,  60, 1297, ---, ---, ---, ---, ---, ---, ---, ---, ---, ---, ---, ---, ---, ---, ---, ---, ---, ---, ---, ---, ---, 
[0.684s][info][gc,stats     ]     S: Universe Roots                19 us, workers (us):  19, ---, ---, ---, ---, ---, ---, ---, ---, ---, ---, ---, ---, ---, ---, ---, ---, ---, ---, ---, ---, ---, ---, ---, 
[0.684s][info][gc,stats     ]     S: JNI Handles Roots              3 us, workers (us):   3, ---, ---, ---, ---, ---, ---, ---, ---, ---, ---, ---, ---, ---, ---, ---, ---, ---, ---, ---, ---, ---, ---, ---, 
[0.685s][info][gc,stats     ]     S: Synchronizer Roots             0 us, workers (us):   0, ---, ---, ---, ---, ---, ---, ---, ---, ---, ---, ---, ---, ---, ---, ---, ---, ---, ---, ---, ---, ---, ---, ---, 
[0.685s][info][gc,stats     ]     S: Management Roots               2 us, workers (us):   2, ---, ---, ---, ---, ---, ---, ---, ---, ---, ---, ---, ---, ---, ---, ---, ---, ---, ---, ---, ---, ---, ---, ---, 
[0.685s][info][gc,stats     ]     S: System Dict Roots             16 us, workers (us):  16, ---, ---, ---, ---, ---, ---, ---, ---, ---, ---, ---, ---, ---, ---, ---, ---, ---, ---, ---, ---, ---, ---, ---, 
[0.685s][info][gc,stats     ]     S: CLDG Roots                   670 us, workers (us): 670, ---, ---, ---, ---, ---, ---, ---, ---, ---, ---, ---, ---, ---, ---, ---, ---, ---, ---, ---, ---, ---, ---, ---, 
[0.685s][info][gc,stats     ]     S: JVMTI Roots                    1 us, workers (us):   1, ---, ---, ---, ---, ---, ---, ---, ---, ---, ---, ---, ---, ---, ---, ---, ---, ---, ---, ---, ---, ---, ---, ---, 
[0.685s][info][gc,stats     ]   Resize TLABs                        6 us
[0.685s][info][gc,stats     ] Concurrent Marking                10747 us
[0.685s][info][gc,stats     ] Pause Final Mark (G)               1586 us
[0.685s][info][gc,stats     ] Pause Final Mark (N)               1312 us
[0.685s][info][gc,stats     ]   Finish Queues                     115 us
[0.685s][info][gc,stats     ]   System Purge                      159 us
[0.685s][info][gc,stats     ]     Weak Roots                      158 us
[0.685s][info][gc,stats     ]   Update Region States                4 us
[0.685s][info][gc,stats     ]   Retire TLABs                       13 us
[0.685s][info][gc,stats     ]   Choose Collection Set              53 us
[0.685s][info][gc,stats     ]   Rebuild Free Set                    6 us
[0.685s][info][gc,stats     ]   Initial Evacuation                940 us, parallelism: 1.16x
[0.685s][info][gc,stats     ]     E: <total>                     1092 us
[0.685s][info][gc,stats     ]     E: Thread Roots                 508 us, workers (us): 469,  38,   1, ---, ---, ---, ---, ---, ---, ---, ---, ---, ---, ---, ---, ---, ---, ---, ---, ---, ---, ---, ---, ---, 
[0.685s][info][gc,stats     ]     E: Code Cache Roots               1 us, workers (us):   0,   0,   0, ---, ---, ---, ---, ---, ---, ---, ---, ---, ---, ---, ---, ---, ---, ---, ---, ---, ---, ---, ---, ---, 
[0.685s][info][gc,stats     ]     E: Universe Roots                 4 us, workers (us):   4, ---, ---, ---, ---, ---, ---, ---, ---, ---, ---, ---, ---, ---, ---, ---, ---, ---, ---, ---, ---, ---, ---, ---, 
[0.685s][info][gc,stats     ]     E: JNI Handles Roots              1 us, workers (us):   1, ---, ---, ---, ---, ---, ---, ---, ---, ---, ---, ---, ---, ---, ---, ---, ---, ---, ---, ---, ---, ---, ---, ---, 
[0.685s][info][gc,stats     ]     E: Synchronizer Roots             0 us, workers (us):   0, ---, ---, ---, ---, ---, ---, ---, ---, ---, ---, ---, ---, ---, ---, ---, ---, ---, ---, ---, ---, ---, ---, ---, 
[0.685s][info][gc,stats     ]     E: Management Roots               1 us, workers (us):   1, ---, ---, ---, ---, ---, ---, ---, ---, ---, ---, ---, ---, ---, ---, ---, ---, ---, ---, ---, ---, ---, ---, ---, 
[0.685s][info][gc,stats     ]     E: System Dict Roots             22 us, workers (us): ---,  22, ---, ---, ---, ---, ---, ---, ---, ---, ---, ---, ---, ---, ---, ---, ---, ---, ---, ---, ---, ---, ---, ---, 
[0.685s][info][gc,stats     ]     E: CLDG Roots                   555 us, workers (us): ---, ---, 555, ---, ---, ---, ---, ---, ---, ---, ---, ---, ---, ---, ---, ---, ---, ---, ---, ---, ---, ---, ---, ---, 
[0.685s][info][gc,stats     ]     E: JVMTI Roots                    0 us, workers (us):   0, ---, ---, ---, ---, ---, ---, ---, ---, ---, ---, ---, ---, ---, ---, ---, ---, ---, ---, ---, ---, ---, ---, ---, 
[0.685s][info][gc,stats     ] Concurrent Cleanup                    6 us
[0.685s][info][gc,stats     ] Concurrent Evacuation              4379 us
[0.685s][info][gc,stats     ] Pause Init  Update Refs (G)         369 us
[0.685s][info][gc,stats     ] Pause Init  Update Refs (N)          58 us
[0.685s][info][gc,stats     ]   Retire GCLABs                      36 us
[0.685s][info][gc,stats     ] Concurrent Update Refs             5363 us
[0.685s][info][gc,stats     ] Pause Final Update Refs (G)         880 us
[0.685s][info][gc,stats     ] Pause Final Update Refs (N)         489 us
[0.685s][info][gc,stats     ]   Update Roots                      456 us, parallelism: 1.05x
[0.685s][info][gc,stats     ]     UR: <total>                     477 us
[0.685s][info][gc,stats     ]     UR: Thread Roots                477 us, workers (us): 417,  33,  26, ---, ---, ---, ---, ---, ---, ---, ---, ---, ---, ---, ---, ---, ---, ---, ---, ---, ---, ---, ---, ---, 
[0.685s][info][gc,stats     ]   Update Region States                3 us
[0.685s][info][gc,stats     ]   Trash Collection Set                4 us
[0.685s][info][gc,stats     ]   Rebuild Free Set                    7 us
[0.685s][info][gc,stats     ] Concurrent Cleanup                  399 us
[0.685s][info][gc,stats     ] 
[0.685s][info][gc,stats     ] Allocation pacing accrued:
[0.685s][info][gc,stats     ]       0 of   113 ms (  0.0%): <total>
[0.685s][info][gc,stats     ]       0 of   113 ms (  0.0%): <average total>
[0.685s][info][gc,stats     ] 
[0.685s][info][gc,metaspace ] Metaspace: 6926K->7187K(1056768K)
[0.685s][info][gc,ergo      ] Pacer for Idle. Initial: 327K, Alloc Tax Rate: 1.0x
[0.763s][info][gc           ] Trigger: Learning 5 of 5. Free (11452K) is below initial threshold (11468K)
[0.763s][info][gc,ergo      ] Free: 11452K, Max: 256K regular, 11264K humongous, Frag: 0% external, 4% internal; Reserve: 1024K, Max: 256K
[0.763s][info][gc,start     ] GC(4) Concurrent reset
[0.763s][info][gc,task      ] GC(4) Using 2 of 24 workers for concurrent reset
[0.763s][info][gc,ergo      ] GC(4) Pacer for Reset. Non-Taxable: 16384K
[0.763s][info][gc           ] GC(4) Concurrent reset 0.174ms
[0.763s][info][gc,start     ] GC(4) Pause Init Mark
[0.763s][info][gc,task      ] GC(4) Using 2 of 24 workers for init marking
[0.764s][info][gc,ergo      ] GC(4) Pacer for Mark. Expected Live: 1244K, Free: 11452K, Non-Taxable: 1145K, Alloc Tax Rate: 0.1x
[0.764s][info][gc           ] GC(4) Pause Init Mark 1.207ms
[0.764s][info][gc,start     ] GC(4) Concurrent marking
[0.764s][info][gc,task      ] GC(4) Using 2 of 24 workers for concurrent marking
[0.777s][info][gc           ] GC(4) Concurrent marking 13.070ms
[0.777s][info][gc,start     ] GC(4) Pause Final Mark
[0.778s][info][gc,task      ] GC(4) Using 2 of 24 workers for final marking
[0.778s][info][gc,ergo      ] GC(4) Adaptive CSet Selection. Target Free: 2321K, Actual Free: 11520K, Max CSet: 682K, Min Garbage: 0B
[0.778s][info][gc,ergo      ] GC(4) Collectable Garbage: 2137K (93%), Immediate: 0B (0%), CSet: 2137K (93%)
[0.780s][info][gc,ergo      ] GC(4) Pacer for Evacuation. Used CSet: 2776K, Free: 10741K, Non-Taxable: 1074K, Alloc Tax Rate: 1.1x
[0.780s][info][gc           ] GC(4) Pause Final Mark 2.235ms
[0.780s][info][gc,start     ] GC(4) Concurrent cleanup
[0.780s][info][gc           ] GC(4) Concurrent cleanup 4M->4M(7M) 0.053ms
[0.780s][info][gc,ergo      ] GC(4) Free: 10613K, Max: 256K regular, 10496K humongous, Frag: 0% external, 1% internal; Reserve: 812K, Max: 256K
[0.780s][info][gc,start     ] GC(4) Concurrent evacuation
[0.780s][info][gc,task      ] GC(4) Using 2 of 24 workers for concurrent evacuation
[0.786s][info][gc           ] GC(4) Concurrent evacuation 5.858ms
[0.786s][info][gc,start     ] GC(4) Pause Init Update Refs
[0.786s][info][gc,ergo      ] GC(4) Pacer for Update Refs. Used: 5795K, Free: 10357K, Non-Taxable: 1035K, Alloc Tax Rate: 1.1x
[0.786s][info][gc           ] GC(4) Pause Init Update Refs 0.127ms
[0.786s][info][gc,start     ] GC(4) Concurrent update references
[0.786s][info][gc,task      ] GC(4) Using 2 of 24 workers for concurrent reference update
[0.793s][info][gc           ] GC(4) Concurrent update references 6.423ms
[0.793s][info][gc,start     ] GC(4) Pause Final Update Refs
[0.793s][info][gc,task      ] GC(4) Using 2 of 24 workers for final reference update
[0.793s][info][gc           ] GC(4) Pause Final Update Refs 0.258ms
[0.793s][info][gc,start     ] GC(4) Concurrent cleanup
[0.794s][info][gc           ] GC(4) Concurrent cleanup 5M->3M(7M) 0.399ms
[0.794s][info][gc           ] GC(4) Dat log --- cycle is complete
Current gc epoch: 4
heap: ______
capacity: 7864320
used: 3205016
committed: 7864320
bytes_allocated_since_gc_start: 1103456
hot_size: 53789
cold_size: 27921
num_regions: 64
hot_region_count: 18446744073709551615
cold_region_count: 10
histogram: Placeholder

[0.794s][info][gc           ] GC(4) Obj count ac histogram
[0.794s][info][gc           ] GC(4) 	0: 4110
[0.794s][info][gc           ] GC(4) 	1: 0
[0.794s][info][gc           ] GC(4) 	2: 0
[0.794s][info][gc           ] GC(4) 	3: 0
[0.794s][info][gc           ] GC(4) 	4: 0
[0.794s][info][gc           ] GC(4) 	5: 0
[0.794s][info][gc           ] GC(4) 	6: 0
[0.794s][info][gc           ] GC(4) 	7: 0
[0.794s][info][gc           ] GC(4) 	8: 0
[0.794s][info][gc           ] GC(4) 	9: 0
[0.794s][info][gc           ] GC(4) 	10: 0
[0.794s][info][gc           ] GC(4) 	11: 0
[0.794s][info][gc           ] GC(4) 	12: 0
[0.794s][info][gc           ] GC(4) 	13: 5274
[0.794s][info][gc           ] GC(4) 	14: 1587
[0.794s][info][gc           ] GC(4) 	15: 0
[0.794s][info][gc           ] GC(4) 	16: 0
[0.794s][info][gc           ] GC(4) 	17: 0
[0.794s][info][gc           ] GC(4) 	18: 0
[0.794s][info][gc           ] GC(4) 	19: 0
[0.794s][info][gc           ] GC(4) Obj size ac histogram
[0.794s][info][gc           ] GC(4) 	0: 27715
[0.794s][info][gc           ] GC(4) 	1: 0
[0.794s][info][gc           ] GC(4) 	2: 0
[0.794s][info][gc           ] GC(4) 	3: 0
[0.794s][info][gc           ] GC(4) 	4: 0
[0.794s][info][gc           ] GC(4) 	5: 0
[0.794s][info][gc           ] GC(4) 	6: 0
[0.794s][info][gc           ] GC(4) 	7: 0
[0.794s][info][gc           ] GC(4) 	8: 0
[0.794s][info][gc           ] GC(4) 	9: 0
[0.794s][info][gc           ] GC(4) 	10: 0
[0.794s][info][gc           ] GC(4) 	11: 0
[0.794s][info][gc           ] GC(4) 	12: 0
[0.794s][info][gc           ] GC(4) 	13: 38982
[0.794s][info][gc           ] GC(4) 	14: 14158
[0.794s][info][gc           ] GC(4) 	15: 0
[0.794s][info][gc           ] GC(4) 	16: 0
[0.794s][info][gc           ] GC(4) 	17: 0
[0.794s][info][gc           ] GC(4) 	18: 0
[0.794s][info][gc           ] GC(4) 	19: 0
[0.794s][info][gc,ergo      ] Free: 12230K, Max: 256K regular, 9728K humongous, Frag: 18% external, 2% internal; Reserve: 1024K, Max: 256K
[0.794s][info][gc,stats     ] 
[0.794s][info][gc,stats     ] All times are wall-clock times, except per-root-class counters, that are sum over
[0.794s][info][gc,stats     ] all workers. Dividing the <total> over the root stage time estimates parallelism.
[0.794s][info][gc,stats     ] 
[0.794s][info][gc,stats     ] Concurrent Reset                    157 us
[0.794s][info][gc,stats     ] Pause Init Mark (G)                1470 us
[0.794s][info][gc,stats     ] Pause Init Mark (N)                1163 us
[0.794s][info][gc,stats     ]   Accumulate Stats                    4 us
[0.794s][info][gc,stats     ]   Make Parsable                      39 us
[0.794s][info][gc,stats     ]   Update Region States                2 us
[0.794s][info][gc,stats     ]   Scan Roots                       1044 us, parallelism: 1.67x
[0.794s][info][gc,stats     ]     S: <total>                     1742 us
[0.794s][info][gc,stats     ]     S: Thread Roots                 955 us, workers (us):  55, 900, ---, ---, ---, ---, ---, ---, ---, ---, ---, ---, ---, ---, ---, ---, ---, ---, ---, ---, ---, ---, ---, ---, 
[0.794s][info][gc,stats     ]     S: Universe Roots                19 us, workers (us):  19, ---, ---, ---, ---, ---, ---, ---, ---, ---, ---, ---, ---, ---, ---, ---, ---, ---, ---, ---, ---, ---, ---, ---, 
[0.794s][info][gc,stats     ]     S: JNI Handles Roots              3 us, workers (us):   3, ---, ---, ---, ---, ---, ---, ---, ---, ---, ---, ---, ---, ---, ---, ---, ---, ---, ---, ---, ---, ---, ---, ---, 
[0.794s][info][gc,stats     ]     S: Synchronizer Roots             1 us, workers (us): ---,   1, ---, ---, ---, ---, ---, ---, ---, ---, ---, ---, ---, ---, ---, ---, ---, ---, ---, ---, ---, ---, ---, ---, 
[0.794s][info][gc,stats     ]     S: Management Roots               2 us, workers (us): ---,   2, ---, ---, ---, ---, ---, ---, ---, ---, ---, ---, ---, ---, ---, ---, ---, ---, ---, ---, ---, ---, ---, ---, 
[0.794s][info][gc,stats     ]     S: System Dict Roots             20 us, workers (us): ---,  20, ---, ---, ---, ---, ---, ---, ---, ---, ---, ---, ---, ---, ---, ---, ---, ---, ---, ---, ---, ---, ---, ---, 
[0.794s][info][gc,stats     ]     S: CLDG Roots                   741 us, workers (us): 741, ---, ---, ---, ---, ---, ---, ---, ---, ---, ---, ---, ---, ---, ---, ---, ---, ---, ---, ---, ---, ---, ---, ---, 
[0.794s][info][gc,stats     ]     S: JVMTI Roots                    1 us, workers (us):   1, ---, ---, ---, ---, ---, ---, ---, ---, ---, ---, ---, ---, ---, ---, ---, ---, ---, ---, ---, ---, ---, ---, ---, 
[0.794s][info][gc,stats     ]   Resize TLABs                        4 us
[0.795s][info][gc,stats     ] Concurrent Marking                13046 us
[0.795s][info][gc,stats     ] Pause Final Mark (G)               2489 us
[0.795s][info][gc,stats     ] Pause Final Mark (N)               2192 us
[0.795s][info][gc,stats     ]   Finish Queues                     118 us
[0.795s][info][gc,stats     ]   System Purge                      289 us
[0.795s][info][gc,stats     ]     Weak Roots                      288 us
[0.795s][info][gc,stats     ]   Update Region States                4 us
[0.795s][info][gc,stats     ]   Retire TLABs                       37 us
[0.795s][info][gc,stats     ]   Choose Collection Set              51 us
[0.795s][info][gc,stats     ]   Rebuild Free Set                    6 us
[0.795s][info][gc,stats     ]   Initial Evacuation               1666 us, parallelism: 0.96x
[0.795s][info][gc,stats     ]     E: <total>                     1596 us
[0.795s][info][gc,stats     ]     E: Thread Roots                 771 us, workers (us): 770,   1, ---, ---, ---, ---, ---, ---, ---, ---, ---, ---, ---, ---, ---, ---, ---, ---, ---, ---, ---, ---, ---, ---, 
[0.795s][info][gc,stats     ]     E: Code Cache Roots               1 us, workers (us):   0,   0, ---, ---, ---, ---, ---, ---, ---, ---, ---, ---, ---, ---, ---, ---, ---, ---, ---, ---, ---, ---, ---, ---, 
[0.795s][info][gc,stats     ]     E: Universe Roots                 5 us, workers (us):   5, ---, ---, ---, ---, ---, ---, ---, ---, ---, ---, ---, ---, ---, ---, ---, ---, ---, ---, ---, ---, ---, ---, ---, 
[0.795s][info][gc,stats     ]     E: JNI Handles Roots              1 us, workers (us):   1, ---, ---, ---, ---, ---, ---, ---, ---, ---, ---, ---, ---, ---, ---, ---, ---, ---, ---, ---, ---, ---, ---, ---, 
[0.795s][info][gc,stats     ]     E: Synchronizer Roots             1 us, workers (us): ---,   1, ---, ---, ---, ---, ---, ---, ---, ---, ---, ---, ---, ---, ---, ---, ---, ---, ---, ---, ---, ---, ---, ---, 
[0.795s][info][gc,stats     ]     E: Management Roots               2 us, workers (us):   2, ---, ---, ---, ---, ---, ---, ---, ---, ---, ---, ---, ---, ---, ---, ---, ---, ---, ---, ---, ---, ---, ---, ---, 
[0.795s][info][gc,stats     ]     E: System Dict Roots             28 us, workers (us): ---,  28, ---, ---, ---, ---, ---, ---, ---, ---, ---, ---, ---, ---, ---, ---, ---, ---, ---, ---, ---, ---, ---, ---, 
[0.795s][info][gc,stats     ]     E: CLDG Roots                   787 us, workers (us): ---, 787, ---, ---, ---, ---, ---, ---, ---, ---, ---, ---, ---, ---, ---, ---, ---, ---, ---, ---, ---, ---, ---, ---, 
[0.795s][info][gc,stats     ]     E: JVMTI Roots                    1 us, workers (us):   1, ---, ---, ---, ---, ---, ---, ---, ---, ---, ---, ---, ---, ---, ---, ---, ---, ---, ---, ---, ---, ---, ---, ---, 
[0.795s][info][gc,stats     ] Concurrent Cleanup                    6 us
[0.795s][info][gc,stats     ] Concurrent Evacuation              5838 us
[0.795s][info][gc,stats     ] Pause Init  Update Refs (G)         470 us
[0.795s][info][gc,stats     ] Pause Init  Update Refs (N)          86 us
[0.795s][info][gc,stats     ]   Retire GCLABs                      65 us
[0.795s][info][gc,stats     ] Concurrent Update Refs             6394 us
[0.795s][info][gc,stats     ] Pause Final Update Refs (G)         551 us
[0.795s][info][gc,stats     ] Pause Final Update Refs (N)         215 us
[0.795s][info][gc,stats     ]   Update Roots                      182 us, parallelism: 0.79x
[0.795s][info][gc,stats     ]     UR: <total>                     144 us
[0.795s][info][gc,stats     ]     UR: Thread Roots                144 us, workers (us): 101,  43, ---, ---, ---, ---, ---, ---, ---, ---, ---, ---, ---, ---, ---, ---, ---, ---, ---, ---, ---, ---, ---, ---, 
[0.795s][info][gc,stats     ]   Update Region States                3 us
[0.795s][info][gc,stats     ]   Trash Collection Set                4 us
[0.795s][info][gc,stats     ]   Rebuild Free Set                    6 us
[0.795s][info][gc,stats     ] Concurrent Cleanup                  376 us
[0.795s][info][gc,stats     ] 
[0.795s][info][gc,stats     ] Allocation pacing accrued:
[0.795s][info][gc,stats     ]       0 of   110 ms (  0.0%): <total>
[0.795s][info][gc,stats     ]       0 of   110 ms (  0.0%): <average total>
[0.795s][info][gc,stats     ] 
[0.795s][info][gc,metaspace ] Metaspace: 7885K->8185K(1056768K)
[0.795s][info][gc,ergo      ] Pacer for Idle. Initial: 327K, Alloc Tax Rate: 1.0x
[1.368s][info][gc           ] Trigger: Free (1628K) is below minimum threshold (1638K)
[1.368s][info][gc,ergo      ] Free: 1628K, Max: 256K regular, 1280K humongous, Frag: 0% external, 20% internal; Reserve: 1024K, Max: 256K
[1.368s][info][gc,start     ] GC(5) Concurrent reset
[1.368s][info][gc,task      ] GC(5) Using 2 of 24 workers for concurrent reset
[1.368s][info][gc,ergo      ] GC(5) Pacer for Reset. Non-Taxable: 16384K
[1.368s][info][gc           ] GC(5) Concurrent reset 0.318ms
[1.369s][info][gc,start     ] GC(5) Pause Init Mark (process weakrefs)
[1.369s][info][gc,task      ] GC(5) Using 2 of 24 workers for init marking
[1.371s][info][gc,ergo      ] GC(5) Pacer for Mark. Expected Live: 1320K, Free: 1628K, Non-Taxable: 162K, Alloc Tax Rate: 1.0x
[1.371s][info][gc           ] GC(5) Pause Init Mark (process weakrefs) 2.526ms
[1.371s][info][gc,start     ] GC(5) Concurrent marking (process weakrefs)
[1.371s][info][gc,task      ] GC(5) Using 2 of 24 workers for concurrent marking
[1.390s][info][gc           ] GC(5) Concurrent marking (process weakrefs) 19.124ms
[1.391s][info][gc,start     ] GC(5) Concurrent precleaning
[1.391s][info][gc,task      ] GC(5) Using 1 of 24 workers for concurrent preclean
[1.391s][info][gc,ergo      ] GC(5) Pacer for Precleaning. Non-Taxable: 16384K
[1.392s][info][gc           ] GC(5) Concurrent precleaning 0.995ms
[1.392s][info][gc,start     ] GC(5) Pause Final Mark (process weakrefs)
[1.392s][info][gc,task      ] GC(5) Using 2 of 24 workers for final marking
[1.393s][info][gc,ergo      ] GC(5) Adaptive CSet Selection. Target Free: 2321K, Actual Free: 2304K, Max CSet: 682K, Min Garbage: 17474B
[1.393s][info][gc,ergo      ] GC(5) Collectable Garbage: 9000K (85%), Immediate: 0B (0%), CSet: 9000K (85%)
[1.395s][info][gc,ergo      ] GC(5) Pacer for Evacuation. Used CSet: 9664K, Free: 1733K, Non-Taxable: 173K, Alloc Tax Rate: 13.6x
[1.395s][info][gc           ] GC(5) Pause Final Mark (process weakrefs) 3.193ms
[1.395s][info][gc,start     ] GC(5) Concurrent cleanup
[1.395s][info][gc           ] GC(5) Concurrent cleanup 13M->13M(14M) 0.053ms
[1.395s][info][gc,ergo      ] GC(5) Free: 1708K, Max: 256K regular, 1280K humongous, Frag: 0% external, 33% internal; Reserve: 845K, Max: 256K
[1.395s][info][gc,start     ] GC(5) Concurrent evacuation
[1.395s][info][gc,task      ] GC(5) Using 2 of 24 workers for concurrent evacuation
[1.400s][info][gc           ] GC(5) Concurrent evacuation 5.311ms
[1.401s][info][gc,start     ] GC(5) Pause Init Update Refs
[1.401s][info][gc,ergo      ] GC(5) Pacer for Update Refs. Used: 14565K, Free: 1628K, Non-Taxable: 162K, Alloc Tax Rate: 10.9x
[1.401s][info][gc           ] GC(5) Pause Init Update Refs 0.127ms
[1.401s][info][gc,start     ] GC(5) Concurrent update references
[1.401s][info][gc,task      ] GC(5) Using 2 of 24 workers for concurrent reference update
[1.413s][info][gc           ] GC(5) Concurrent update references 11.707ms
[1.413s][info][gc,start     ] GC(5) Pause Final Update Refs
[1.413s][info][gc,task      ] GC(5) Using 2 of 24 workers for final reference update
[1.413s][info][gc           ] GC(5) Pause Final Update Refs 0.309ms
[1.413s][info][gc,start     ] GC(5) Concurrent cleanup
[1.415s][info][gc           ] GC(5) Concurrent cleanup 14M->5M(15M) 1.448ms
[1.415s][info][gc           ] GC(5) Dat log --- cycle is complete
Current gc epoch: 5
heap: ______
capacity: 15728640
used: 5305984
committed: 15728640
bytes_allocated_since_gc_start: 434752
hot_size: 59205
cold_size: 25739
num_regions: 64
hot_region_count: 1
cold_region_count: 11
histogram: Placeholder

[1.415s][info][gc           ] GC(5) Obj count ac histogram
[1.415s][info][gc           ] GC(5) 	0: 4153
[1.415s][info][gc           ] GC(5) 	1: 0
[1.415s][info][gc           ] GC(5) 	2: 0
[1.415s][info][gc           ] GC(5) 	3: 0
[1.415s][info][gc           ] GC(5) 	4: 0
[1.415s][info][gc           ] GC(5) 	5: 0
[1.415s][info][gc           ] GC(5) 	6: 0
[1.415s][info][gc           ] GC(5) 	7: 0
[1.415s][info][gc           ] GC(5) 	8: 0
[1.415s][info][gc           ] GC(5) 	9: 0
[1.415s][info][gc           ] GC(5) 	10: 0
[1.415s][info][gc           ] GC(5) 	11: 0
[1.415s][info][gc           ] GC(5) 	12: 0
[1.415s][info][gc           ] GC(5) 	13: 29
[1.415s][info][gc           ] GC(5) 	14: 6859
[1.415s][info][gc           ] GC(5) 	15: 0
[1.415s][info][gc           ] GC(5) 	16: 0
[1.415s][info][gc           ] GC(5) 	17: 0
[1.415s][info][gc           ] GC(5) 	18: 0
[1.415s][info][gc           ] GC(5) 	19: 0
[1.415s][info][gc           ] GC(5) Obj size ac histogram
[1.415s][info][gc           ] GC(5) 	0: 25259
[1.415s][info][gc           ] GC(5) 	1: 0
[1.415s][info][gc           ] GC(5) 	2: 0
[1.415s][info][gc           ] GC(5) 	3: 0
[1.415s][info][gc           ] GC(5) 	4: 0
[1.415s][info][gc           ] GC(5) 	5: 0
[1.415s][info][gc           ] GC(5) 	6: 0
[1.415s][info][gc           ] GC(5) 	7: 0
[1.415s][info][gc           ] GC(5) 	8: 0
[1.415s][info][gc           ] GC(5) 	9: 0
[1.415s][info][gc           ] GC(5) 	10: 0
[1.415s][info][gc           ] GC(5) 	11: 0
[1.415s][info][gc           ] GC(5) 	12: 0
[1.415s][info][gc           ] GC(5) 	13: 1291
[1.415s][info][gc           ] GC(5) 	14: 56450
[1.415s][info][gc           ] GC(5) 	15: 0
[1.415s][info][gc           ] GC(5) 	16: 0
[1.415s][info][gc           ] GC(5) 	17: 0
[1.415s][info][gc           ] GC(5) 	18: 0
[1.415s][info][gc           ] GC(5) 	19: 0
[1.415s][info][gc,ergo      ] Free: 10178K, Max: 256K regular, 2816K humongous, Frag: 72% external, 5% internal; Reserve: 1024K, Max: 256K
[1.415s][info][gc,stats     ] 
[1.415s][info][gc,stats     ] All times are wall-clock times, except per-root-class counters, that are sum over
[1.415s][info][gc,stats     ] all workers. Dividing the <total> over the root stage time estimates parallelism.
[1.415s][info][gc,stats     ] 
[1.415s][info][gc,stats     ] Concurrent Reset                    279 us
[1.415s][info][gc,stats     ] Pause Init Mark (G)                3010 us
[1.415s][info][gc,stats     ] Pause Init Mark (N)                2477 us
[1.415s][info][gc,stats     ]   Accumulate Stats                    6 us
[1.415s][info][gc,stats     ]   Make Parsable                      59 us
[1.415s][info][gc,stats     ]   Update Region States                2 us
[1.415s][info][gc,stats     ]   Scan Roots                       2284 us, parallelism: 1.62x
[1.415s][info][gc,stats     ]     S: <total>                     3697 us
[1.415s][info][gc,stats     ]     S: Thread Roots                2109 us, workers (us): 2007, 102, ---, ---, ---, ---, ---, ---, ---, ---, ---, ---, ---, ---, ---, ---, ---, ---, ---, ---, ---, ---, ---, ---, 
[1.415s][info][gc,stats     ]     S: Universe Roots                15 us, workers (us):  15, ---, ---, ---, ---, ---, ---, ---, ---, ---, ---, ---, ---, ---, ---, ---, ---, ---, ---, ---, ---, ---, ---, ---, 
[1.415s][info][gc,stats     ]     S: JNI Handles Roots             14 us, workers (us):  14, ---, ---, ---, ---, ---, ---, ---, ---, ---, ---, ---, ---, ---, ---, ---, ---, ---, ---, ---, ---, ---, ---, ---, 
[1.416s][info][gc,stats     ]     S: Synchronizer Roots             0 us, workers (us):   0, ---, ---, ---, ---, ---, ---, ---, ---, ---, ---, ---, ---, ---, ---, ---, ---, ---, ---, ---, ---, ---, ---, ---, 
[1.416s][info][gc,stats     ]     S: Management Roots               2 us, workers (us):   2, ---, ---, ---, ---, ---, ---, ---, ---, ---, ---, ---, ---, ---, ---, ---, ---, ---, ---, ---, ---, ---, ---, ---, 
[1.416s][info][gc,stats     ]     S: System Dict Roots             35 us, workers (us):  35, ---, ---, ---, ---, ---, ---, ---, ---, ---, ---, ---, ---, ---, ---, ---, ---, ---, ---, ---, ---, ---, ---, ---, 
[1.416s][info][gc,stats     ]     S: CLDG Roots                  1521 us, workers (us): ---, 1521, ---, ---, ---, ---, ---, ---, ---, ---, ---, ---, ---, ---, ---, ---, ---, ---, ---, ---, ---, ---, ---, ---, 
[1.416s][info][gc,stats     ]     S: JVMTI Roots                    1 us, workers (us):   1, ---, ---, ---, ---, ---, ---, ---, ---, ---, ---, ---, ---, ---, ---, ---, ---, ---, ---, ---, ---, ---, ---, ---, 
[1.416s][info][gc,stats     ]   Resize TLABs                        6 us
[1.416s][info][gc,stats     ] Concurrent Marking                19073 us
[1.416s][info][gc,stats     ] Concurrent Precleaning              957 us
[1.416s][info][gc,stats     ] Pause Final Mark (G)               3492 us
[1.416s][info][gc,stats     ] Pause Final Mark (N)               3153 us
[1.416s][info][gc,stats     ]   Finish Queues                     118 us
[1.416s][info][gc,stats     ]   Weak References                   614 us
[1.416s][info][gc,stats     ]     Process                         602 us
[1.416s][info][gc,stats     ]   System Purge                      436 us
[1.416s][info][gc,stats     ]     Weak Roots                      435 us
[1.416s][info][gc,stats     ]   Update Region States                3 us
[1.416s][info][gc,stats     ]   Retire TLABs                        5 us
[1.416s][info][gc,stats     ]   Choose Collection Set              65 us
[1.416s][info][gc,stats     ]   Rebuild Free Set                    6 us
[1.416s][info][gc,stats     ]   Initial Evacuation               1883 us, parallelism: 0.80x
[1.416s][info][gc,stats     ]     E: <total>                     1508 us
[1.416s][info][gc,stats     ]     E: Thread Roots                 371 us, workers (us): 369,   1, ---, ---, ---, ---, ---, ---, ---, ---, ---, ---, ---, ---, ---, ---, ---, ---, ---, ---, ---, ---, ---, ---, 
[1.416s][info][gc,stats     ]     E: Code Cache Roots               1 us, workers (us):   0,   0, ---, ---, ---, ---, ---, ---, ---, ---, ---, ---, ---, ---, ---, ---, ---, ---, ---, ---, ---, ---, ---, ---, 
[1.416s][info][gc,stats     ]     E: Universe Roots                 3 us, workers (us):   3, ---, ---, ---, ---, ---, ---, ---, ---, ---, ---, ---, ---, ---, ---, ---, ---, ---, ---, ---, ---, ---, ---, ---, 
[1.416s][info][gc,stats     ]     E: JNI Handles Roots              2 us, workers (us): ---,   2, ---, ---, ---, ---, ---, ---, ---, ---, ---, ---, ---, ---, ---, ---, ---, ---, ---, ---, ---, ---, ---, ---, 
[1.416s][info][gc,stats     ]     E: Synchronizer Roots             0 us, workers (us):   0, ---, ---, ---, ---, ---, ---, ---, ---, ---, ---, ---, ---, ---, ---, ---, ---, ---, ---, ---, ---, ---, ---, ---, 
[1.416s][info][gc,stats     ]     E: Management Roots               1 us, workers (us):   1, ---, ---, ---, ---, ---, ---, ---, ---, ---, ---, ---, ---, ---, ---, ---, ---, ---, ---, ---, ---, ---, ---, ---, 
[1.416s][info][gc,stats     ]     E: System Dict Roots             17 us, workers (us):  17, ---, ---, ---, ---, ---, ---, ---, ---, ---, ---, ---, ---, ---, ---, ---, ---, ---, ---, ---, ---, ---, ---, ---, 
[1.416s][info][gc,stats     ]     E: CLDG Roots                  1112 us, workers (us): ---, 1112, ---, ---, ---, ---, ---, ---, ---, ---, ---, ---, ---, ---, ---, ---, ---, ---, ---, ---, ---, ---, ---, ---, 
[1.416s][info][gc,stats     ]     E: JVMTI Roots                    1 us, workers (us): ---,   1, ---, ---, ---, ---, ---, ---, ---, ---, ---, ---, ---, ---, ---, ---, ---, ---, ---, ---, ---, ---, ---, ---, 
[1.416s][info][gc,stats     ] Concurrent Cleanup                    6 us
[1.416s][info][gc,stats     ] Concurrent Evacuation              5292 us
[1.416s][info][gc,stats     ] Pause Init  Update Refs (G)         411 us
[1.416s][info][gc,stats     ] Pause Init  Update Refs (N)          66 us
[1.416s][info][gc,stats     ]   Retire GCLABs                      40 us
[1.416s][info][gc,stats     ] Concurrent Update Refs            11679 us
[1.416s][info][gc,stats     ] Pause Final Update Refs (G)         656 us
[1.416s][info][gc,stats     ] Pause Final Update Refs (N)         268 us
[1.416s][info][gc,stats     ]   Update Roots                      235 us, parallelism: 0.83x
[1.416s][info][gc,stats     ]     UR: <total>                     195 us
[1.416s][info][gc,stats     ]     UR: Thread Roots                195 us, workers (us): 148,  47, ---, ---, ---, ---, ---, ---, ---, ---, ---, ---, ---, ---, ---, ---, ---, ---, ---, ---, ---, ---, ---, ---, 
[1.416s][info][gc,stats     ]   Update Region States                3 us
[1.416s][info][gc,stats     ]   Trash Collection Set                6 us
[1.416s][info][gc,stats     ]   Rebuild Free Set                    7 us
[1.416s][info][gc,stats     ] Concurrent Cleanup                 1423 us
[1.416s][info][gc,stats     ] Pacing                            20954 us
[1.416s][info][gc,stats     ] 
[1.416s][info][gc,stats     ] Allocation pacing accrued:
[1.416s][info][gc,stats     ]      21 of   621 ms (  3.4%): main
[1.416s][info][gc,stats     ]      21 of   621 ms (  3.4%): <total>
[1.416s][info][gc,stats     ]       3 of   621 ms (  0.6%): <average total>
[1.416s][info][gc,stats     ]      21 of   621 ms (  3.4%): <average non-zero>
[1.416s][info][gc,stats     ] 
[1.416s][info][gc,metaspace ] Metaspace: 12569K->12569K(1060864K)
[1.416s][info][gc,ergo      ] Pacer for Idle. Initial: 327K, Alloc Tax Rate: 1.0x
[1.771s][info][gc           ] Trigger: Free (1489K) is below minimum threshold (1638K)
[1.771s][info][gc,ergo      ] Free: 1489K, Max: 256K regular, 768K humongous, Frag: 25% external, 35% internal; Reserve: 1024K, Max: 256K
[1.771s][info][gc,start     ] GC(6) Concurrent reset
[1.771s][info][gc,task      ] GC(6) Using 2 of 24 workers for concurrent reset
[1.771s][info][gc,ergo      ] GC(6) Pacer for Reset. Non-Taxable: 16384K
[1.771s][info][gc           ] GC(6) Concurrent reset 0.244ms
[1.772s][info][gc,start     ] GC(6) Pause Init Mark
[1.772s][info][gc,task      ] GC(6) Using 2 of 24 workers for init marking
[1.773s][info][gc,ergo      ] GC(6) Pacer for Mark. Expected Live: 1762K, Free: 1489K, Non-Taxable: 148K, Alloc Tax Rate: 1.4x
[1.773s][info][gc           ] GC(6) Pause Init Mark 1.546ms
[1.773s][info][gc,start     ] GC(6) Concurrent marking
[1.773s][info][gc,task      ] GC(6) Using 2 of 24 workers for concurrent marking
[1.791s][info][gc           ] GC(6) Concurrent marking 17.394ms
[1.791s][info][gc,start     ] GC(6) Pause Final Mark
[1.791s][info][gc,task      ] GC(6) Using 2 of 24 workers for final marking
[1.791s][info][gc,ergo      ] GC(6) Adaptive CSet Selection. Target Free: 2321K, Actual Free: 2560K, Max CSet: 682K, Min Garbage: 0B
[1.791s][info][gc,ergo      ] GC(6) Collectable Garbage: 9997K (92%), Immediate: 512K (4%), CSet: 9485K (88%)
[1.792s][info][gc,ergo      ] GC(6) Pacer for Evacuation. Used CSet: 10098K, Free: 1844K, Non-Taxable: 184K, Alloc Tax Rate: 13.4x
[1.792s][info][gc           ] GC(6) Pause Final Mark 0.961ms
[1.792s][info][gc,start     ] GC(6) Concurrent cleanup
[1.792s][info][gc           ] GC(6) Concurrent cleanup 13M->13M(15M) 0.119ms
[1.792s][info][gc,ergo      ] GC(6) Free: 1844K, Max: 256K regular, 768K humongous, Frag: 50% external, 9% internal; Reserve: 983K, Max: 256K
[1.792s][info][gc,start     ] GC(6) Concurrent evacuation
[1.792s][info][gc,task      ] GC(6) Using 2 of 24 workers for concurrent evacuation
[1.798s][info][gc           ] GC(6) Concurrent evacuation 5.996ms
[1.798s][info][gc,start     ] GC(6) Pause Init Update Refs
[1.799s][info][gc,ergo      ] GC(6) Pacer for Update Refs. Used: 14414K, Free: 1641K, Non-Taxable: 164K, Alloc Tax Rate: 10.7x
[1.799s][info][gc           ] GC(6) Pause Init Update Refs 0.100ms
[1.799s][info][gc,start     ] GC(6) Concurrent update references
[1.799s][info][gc,task      ] GC(6) Using 2 of 24 workers for concurrent reference update
[1.815s][info][gc           ] GC(6) Concurrent update references 16.414ms
[1.815s][info][gc,start     ] GC(6) Pause Final Update Refs
[1.815s][info][gc,task      ] GC(6) Using 2 of 24 workers for final reference update
[1.815s][info][gc           ] GC(6) Pause Final Update Refs 0.222ms
[1.816s][info][gc,start     ] GC(6) Concurrent cleanup
[1.817s][info][gc           ] GC(6) Concurrent cleanup 14M->4M(15M) 1.621ms
[1.817s][info][gc           ] GC(6) Dat log --- cycle is complete
Current gc epoch: 6
heap: ______
capacity: 16515072
used: 4472864
committed: 16515072
bytes_allocated_since_gc_start: 277944
hot_size: 41088
cold_size: 37431
num_regions: 64
hot_region_count: 1
cold_region_count: 13
histogram: Placeholder

[1.817s][info][gc           ] GC(6) Obj count ac histogram
[1.817s][info][gc           ] GC(6) 	0: 2687
[1.817s][info][gc           ] GC(6) 	1: 0
[1.817s][info][gc           ] GC(6) 	2: 0
[1.817s][info][gc           ] GC(6) 	3: 0
[1.817s][info][gc           ] GC(6) 	4: 0
[1.817s][info][gc           ] GC(6) 	5: 0
[1.817s][info][gc           ] GC(6) 	6: 0
[1.817s][info][gc           ] GC(6) 	7: 0
[1.817s][info][gc           ] GC(6) 	8: 0
[1.817s][info][gc           ] GC(6) 	9: 0
[1.817s][info][gc           ] GC(6) 	10: 0
[1.817s][info][gc           ] GC(6) 	11: 0
[1.817s][info][gc           ] GC(6) 	12: 0
[1.817s][info][gc           ] GC(6) 	13: 4583
[1.817s][info][gc           ] GC(6) 	14: 897
[1.817s][info][gc           ] GC(6) 	15: 0
[1.817s][info][gc           ] GC(6) 	16: 0
[1.817s][info][gc           ] GC(6) 	17: 0
[1.817s][info][gc           ] GC(6) 	18: 0
[1.817s][info][gc           ] GC(6) 	19: 0
[1.817s][info][gc           ] GC(6) Obj size ac histogram
[1.817s][info][gc           ] GC(6) 	0: 36227
[1.817s][info][gc           ] GC(6) 	1: 0
[1.817s][info][gc           ] GC(6) 	2: 0
[1.817s][info][gc           ] GC(6) 	3: 0
[1.817s][info][gc           ] GC(6) 	4: 0
[1.817s][info][gc           ] GC(6) 	5: 0
[1.817s][info][gc           ] GC(6) 	6: 0
[1.817s][info][gc           ] GC(6) 	7: 0
[1.817s][info][gc           ] GC(6) 	8: 0
[1.817s][info][gc           ] GC(6) 	9: 0
[1.817s][info][gc           ] GC(6) 	10: 0
[1.817s][info][gc           ] GC(6) 	11: 0
[1.817s][info][gc           ] GC(6) 	12: 0
[1.817s][info][gc           ] GC(6) 	13: 31949
[1.817s][info][gc           ] GC(6) 	14: 8691
[1.817s][info][gc           ] GC(6) 	15: 0
[1.817s][info][gc           ] GC(6) 	16: 0
[1.817s][info][gc           ] GC(6) 	17: 0
[1.817s][info][gc           ] GC(6) 	18: 0
[1.818s][info][gc           ] GC(6) 	19: 0
[1.818s][info][gc,ergo      ] Free: 10991K, Max: 256K regular, 3072K humongous, Frag: 71% external, 4% internal; Reserve: 1024K, Max: 256K
[1.818s][info][gc,stats     ] 
[1.818s][info][gc,stats     ] All times are wall-clock times, except per-root-class counters, that are sum over
[1.818s][info][gc,stats     ] all workers. Dividing the <total> over the root stage time estimates parallelism.
[1.818s][info][gc,stats     ] 
[1.818s][info][gc,stats     ] Concurrent Reset                    197 us
[1.818s][info][gc,stats     ] Pause Init Mark (G)                2008 us
[1.818s][info][gc,stats     ] Pause Init Mark (N)                1501 us
[1.818s][info][gc,stats     ]   Accumulate Stats                    5 us
[1.818s][info][gc,stats     ]   Make Parsable                      40 us
[1.818s][info][gc,stats     ]   Update Region States                2 us
[1.818s][info][gc,stats     ]   Scan Roots                       1350 us, parallelism: 1.24x
[1.818s][info][gc,stats     ]     S: <total>                     1672 us
[1.818s][info][gc,stats     ]     S: Thread Roots                 400 us, workers (us): 398,   2, ---, ---, ---, ---, ---, ---, ---, ---, ---, ---, ---, ---, ---, ---, ---, ---, ---, ---, ---, ---, ---, ---, 
[1.818s][info][gc,stats     ]     S: Universe Roots                20 us, workers (us):  20, ---, ---, ---, ---, ---, ---, ---, ---, ---, ---, ---, ---, ---, ---, ---, ---, ---, ---, ---, ---, ---, ---, ---, 
[1.818s][info][gc,stats     ]     S: JNI Handles Roots              4 us, workers (us):   4, ---, ---, ---, ---, ---, ---, ---, ---, ---, ---, ---, ---, ---, ---, ---, ---, ---, ---, ---, ---, ---, ---, ---, 
[1.818s][info][gc,stats     ]     S: Synchronizer Roots             0 us, workers (us):   0, ---, ---, ---, ---, ---, ---, ---, ---, ---, ---, ---, ---, ---, ---, ---, ---, ---, ---, ---, ---, ---, ---, ---, 
[1.818s][info][gc,stats     ]     S: Management Roots               2 us, workers (us):   2, ---, ---, ---, ---, ---, ---, ---, ---, ---, ---, ---, ---, ---, ---, ---, ---, ---, ---, ---, ---, ---, ---, ---, 
[1.818s][info][gc,stats     ]     S: System Dict Roots             23 us, workers (us):  23, ---, ---, ---, ---, ---, ---, ---, ---, ---, ---, ---, ---, ---, ---, ---, ---, ---, ---, ---, ---, ---, ---, ---, 
[1.818s][info][gc,stats     ]     S: CLDG Roots                  1222 us, workers (us): ---, 1222, ---, ---, ---, ---, ---, ---, ---, ---, ---, ---, ---, ---, ---, ---, ---, ---, ---, ---, ---, ---, ---, ---, 
[1.818s][info][gc,stats     ]     S: JVMTI Roots                    1 us, workers (us): ---,   1, ---, ---, ---, ---, ---, ---, ---, ---, ---, ---, ---, ---, ---, ---, ---, ---, ---, ---, ---, ---, ---, ---, 
[1.818s][info][gc,stats     ]   Resize TLABs                        4 us
[1.818s][info][gc,stats     ] Concurrent Marking                17342 us
[1.818s][info][gc,stats     ] Pause Final Mark (G)               1221 us
[1.818s][info][gc,stats     ] Pause Final Mark (N)                921 us
[1.818s][info][gc,stats     ]   Finish Queues                     106 us
[1.818s][info][gc,stats     ]   System Purge                      193 us
[1.818s][info][gc,stats     ]     Weak Roots                      191 us
[1.818s][info][gc,stats     ]   Update Region States                4 us
[1.818s][info][gc,stats     ]   Retire TLABs                        5 us
[1.818s][info][gc,stats     ]   Choose Collection Set              65 us
[1.818s][info][gc,stats     ]   Rebuild Free Set                   15 us
[1.818s][info][gc,stats     ]   Initial Evacuation                511 us, parallelism: 0.89x
[1.818s][info][gc,stats     ]     E: <total>                      457 us
[1.818s][info][gc,stats     ]     E: Thread Roots                 213 us, workers (us):   1, 213, ---, ---, ---, ---, ---, ---, ---, ---, ---, ---, ---, ---, ---, ---, ---, ---, ---, ---, ---, ---, ---, ---, 
[1.818s][info][gc,stats     ]     E: Code Cache Roots               1 us, workers (us):   0,   0, ---, ---, ---, ---, ---, ---, ---, ---, ---, ---, ---, ---, ---, ---, ---, ---, ---, ---, ---, ---, ---, ---, 
[1.818s][info][gc,stats     ]     E: Universe Roots                 2 us, workers (us):   2, ---, ---, ---, ---, ---, ---, ---, ---, ---, ---, ---, ---, ---, ---, ---, ---, ---, ---, ---, ---, ---, ---, ---, 
[1.818s][info][gc,stats     ]     E: JNI Handles Roots              2 us, workers (us): ---,   2, ---, ---, ---, ---, ---, ---, ---, ---, ---, ---, ---, ---, ---, ---, ---, ---, ---, ---, ---, ---, ---, ---, 
[1.818s][info][gc,stats     ]     E: Synchronizer Roots             0 us, workers (us):   0, ---, ---, ---, ---, ---, ---, ---, ---, ---, ---, ---, ---, ---, ---, ---, ---, ---, ---, ---, ---, ---, ---, ---, 
[1.818s][info][gc,stats     ]     E: Management Roots               1 us, workers (us):   1, ---, ---, ---, ---, ---, ---, ---, ---, ---, ---, ---, ---, ---, ---, ---, ---, ---, ---, ---, ---, ---, ---, ---, 
[1.818s][info][gc,stats     ]     E: System Dict Roots             10 us, workers (us):  10, ---, ---, ---, ---, ---, ---, ---, ---, ---, ---, ---, ---, ---, ---, ---, ---, ---, ---, ---, ---, ---, ---, ---, 
[1.818s][info][gc,stats     ]     E: CLDG Roots                   228 us, workers (us): 228, ---, ---, ---, ---, ---, ---, ---, ---, ---, ---, ---, ---, ---, ---, ---, ---, ---, ---, ---, ---, ---, ---, ---, 
[1.818s][info][gc,stats     ]     E: JVMTI Roots                    1 us, workers (us): ---,   1, ---, ---, ---, ---, ---, ---, ---, ---, ---, ---, ---, ---, ---, ---, ---, ---, ---, ---, ---, ---, ---, ---, 
[1.818s][info][gc,stats     ] Concurrent Cleanup                   73 us
[1.818s][info][gc,stats     ] Concurrent Evacuation              5978 us
[1.818s][info][gc,stats     ] Pause Init  Update Refs (G)         451 us
[1.818s][info][gc,stats     ] Pause Init  Update Refs (N)          57 us
[1.818s][info][gc,stats     ]   Retire GCLABs                      35 us
[1.818s][info][gc,stats     ] Concurrent Update Refs            16386 us
[1.818s][info][gc,stats     ] Pause Final Update Refs (G)         399 us
[1.818s][info][gc,stats     ] Pause Final Update Refs (N)         209 us
[1.818s][info][gc,stats     ]   Update Roots                      196 us, parallelism: 0.89x
[1.818s][info][gc,stats     ]     UR: <total>                     175 us
[1.818s][info][gc,stats     ]     UR: Thread Roots                175 us, workers (us): 123,  52, ---, ---, ---, ---, ---, ---, ---, ---, ---, ---, ---, ---, ---, ---, ---, ---, ---, ---, ---, ---, ---, ---, 
[1.818s][info][gc,stats     ]   Update Region States                1 us
[1.818s][info][gc,stats     ]   Trash Collection Set                2 us
[1.818s][info][gc,stats     ]   Rebuild Free Set                    3 us
[1.818s][info][gc,stats     ] Concurrent Cleanup                 1598 us
[1.818s][info][gc,stats     ] Pacing                            22517 us
[1.818s][info][gc,stats     ] 
[1.818s][info][gc,stats     ] Allocation pacing accrued:
[1.818s][info][gc,stats     ]      23 of   402 ms (  5.6%): main
[1.818s][info][gc,stats     ]      23 of   402 ms (  5.6%): <total>
[1.818s][info][gc,stats     ]       4 of   402 ms (  0.9%): <average total>
[1.818s][info][gc,stats     ]      23 of   402 ms (  5.6%): <average non-zero>
[1.818s][info][gc,stats     ] 
[1.819s][info][gc,metaspace ] Metaspace: 12569K->12569K(1060864K)
[1.819s][info][gc,ergo      ] Pacer for Idle. Initial: 327K, Alloc Tax Rate: 1.0x
[2.210s][info][gc           ] Trigger: Free (1572K) is below minimum threshold (1638K)
[2.210s][info][gc,ergo      ] Free: 1572K, Max: 256K regular, 1024K humongous, Frag: 0% external, 31% internal; Reserve: 1024K, Max: 256K
[2.210s][info][gc,start     ] GC(7) Concurrent reset
[2.210s][info][gc,task      ] GC(7) Using 2 of 24 workers for concurrent reset
[2.210s][info][gc,ergo      ] GC(7) Pacer for Reset. Non-Taxable: 16384K
[2.211s][info][gc           ] GC(7) Concurrent reset 0.226ms
[2.211s][info][gc,start     ] GC(7) Pause Init Mark
[2.211s][info][gc,task      ] GC(7) Using 2 of 24 workers for init marking
[2.212s][info][gc,ergo      ] GC(7) Pacer for Mark. Expected Live: 2145K, Free: 1572K, Non-Taxable: 157K, Alloc Tax Rate: 1.7x
[2.212s][info][gc           ] GC(7) Pause Init Mark 0.999ms
[2.212s][info][gc,start     ] GC(7) Concurrent marking
[2.212s][info][gc,task      ] GC(7) Using 2 of 24 workers for concurrent marking
[2.238s][info][gc           ] GC(7) Concurrent marking 26.397ms
[2.239s][info][gc,start     ] GC(7) Pause Final Mark
[2.239s][info][gc,task      ] GC(7) Using 2 of 24 workers for final marking
[2.239s][info][gc,ergo      ] GC(7) Adaptive CSet Selection. Target Free: 2321K, Actual Free: 2048K, Max CSet: 682K, Min Garbage: 273K
[2.239s][info][gc,ergo      ] GC(7) Collectable Garbage: 10047K (94%), Immediate: 0B (0%), CSet: 10047K (94%)
[2.239s][info][gc,ergo      ] GC(7) Pacer for Evacuation. Used CSet: 10691K, Free: 1458K, Non-Taxable: 145K, Alloc Tax Rate: 17.9x
[2.240s][info][gc           ] GC(7) Pause Final Mark 0.966ms
[2.240s][info][gc,start     ] GC(7) Concurrent cleanup
[2.240s][info][gc           ] GC(7) Concurrent cleanup 13M->13M(15M) 0.028ms
[2.240s][info][gc,ergo      ] GC(7) Free: 1238K, Max: 256K regular, 768K humongous, Frag: 0% external, 30% internal; Reserve: 999K, Max: 256K
[2.240s][info][gc,start     ] GC(7) Concurrent evacuation
[2.240s][info][gc,task      ] GC(7) Using 2 of 24 workers for concurrent evacuation
[2.242s][info][gc           ] GC(7) Concurrent evacuation 2.082ms
[2.242s][info][gc,start     ] GC(7) Pause Init Update Refs
[2.242s][info][gc,ergo      ] GC(7) Pacer for Update Refs. Used: 14864K, Free: 982K, Non-Taxable: 100657B, Alloc Tax Rate: 18.5x
[2.242s][info][gc           ] GC(7) Pause Init Update Refs 0.057ms
[2.242s][info][gc,start     ] GC(7) Concurrent update references
[2.242s][info][gc,task      ] GC(7) Using 2 of 24 workers for concurrent reference update
[2.255s][info][gc           ] GC(7) Concurrent update references 12.788ms
[2.255s][info][gc,start     ] GC(7) Pause Final Update Refs
[2.255s][info][gc,task      ] GC(7) Using 2 of 24 workers for final reference update
[2.255s][info][gc           ] GC(7) Pause Final Update Refs 0.168ms
[2.255s][info][gc,start     ] GC(7) Concurrent cleanup
[2.257s][info][gc           ] GC(7) Concurrent cleanup 14M->4M(16M) 1.629ms
[2.257s][info][gc           ] GC(7) Dat log --- cycle is complete
Current gc epoch: 7
heap: ______
capacity: 16777216
used: 4273744
committed: 16777216
bytes_allocated_since_gc_start: 279232
hot_size: 30882
cold_size: 51508
num_regions: 64
hot_region_count: 2
cold_region_count: 16
histogram: Placeholder

[2.257s][info][gc           ] GC(7) Obj count ac histogram
[2.257s][info][gc           ] GC(7) 	0: 2558
[2.257s][info][gc           ] GC(7) 	1: 0
[2.257s][info][gc           ] GC(7) 	2: 0
[2.257s][info][gc           ] GC(7) 	3: 0
[2.257s][info][gc           ] GC(7) 	4: 0
[2.257s][info][gc           ] GC(7) 	5: 0
[2.257s][info][gc           ] GC(7) 	6: 0
[2.257s][info][gc           ] GC(7) 	7: 0
[2.257s][info][gc           ] GC(7) 	8: 0
[2.257s][info][gc           ] GC(7) 	9: 0
[2.257s][info][gc           ] GC(7) 	10: 0
[2.257s][info][gc           ] GC(7) 	11: 0
[2.257s][info][gc           ] GC(7) 	12: 0
[2.257s][info][gc           ] GC(7) 	13: 580
[2.257s][info][gc           ] GC(7) 	14: 971
[2.257s][info][gc           ] GC(7) 	15: 0
[2.257s][info][gc           ] GC(7) 	16: 0
[2.257s][info][gc           ] GC(7) 	17: 0
[2.257s][info][gc           ] GC(7) 	18: 0
[2.257s][info][gc           ] GC(7) 	19: 0
[2.257s][info][gc           ] GC(7) Obj size ac histogram
[2.257s][info][gc           ] GC(7) 	0: 49755
[2.257s][info][gc           ] GC(7) 	1: 0
[2.257s][info][gc           ] GC(7) 	2: 0
[2.257s][info][gc           ] GC(7) 	3: 0
[2.257s][info][gc           ] GC(7) 	4: 0
[2.257s][info][gc           ] GC(7) 	5: 0
[2.257s][info][gc           ] GC(7) 	6: 0
[2.257s][info][gc           ] GC(7) 	7: 0
[2.257s][info][gc           ] GC(7) 	8: 0
[2.257s][info][gc           ] GC(7) 	9: 0
[2.257s][info][gc           ] GC(7) 	10: 0
[2.257s][info][gc           ] GC(7) 	11: 0
[2.257s][info][gc           ] GC(7) 	12: 0
[2.257s][info][gc           ] GC(7) 	13: 20408
[2.257s][info][gc           ] GC(7) 	14: 10378
[2.257s][info][gc           ] GC(7) 	15: 0
[2.257s][info][gc           ] GC(7) 	16: 0
[2.257s][info][gc           ] GC(7) 	17: 0
[2.257s][info][gc           ] GC(7) 	18: 0
[2.257s][info][gc           ] GC(7) 	19: 0
[2.257s][info][gc,ergo      ] Free: 11186K, Max: 256K regular, 10240K humongous, Frag: 0% external, 7% internal; Reserve: 1024K, Max: 256K
[2.257s][info][gc,stats     ] 
[2.257s][info][gc,stats     ] All times are wall-clock times, except per-root-class counters, that are sum over
[2.257s][info][gc,stats     ] all workers. Dividing the <total> over the root stage time estimates parallelism.
[2.257s][info][gc,stats     ] 
[2.257s][info][gc,stats     ] Concurrent Reset                    206 us
[2.257s][info][gc,stats     ] Pause Init Mark (G)                1403 us
[2.257s][info][gc,stats     ] Pause Init Mark (N)                 977 us
[2.257s][info][gc,stats     ]   Accumulate Stats                    3 us
[2.257s][info][gc,stats     ]   Make Parsable                      18 us
[2.257s][info][gc,stats     ]   Update Region States                1 us
[2.257s][info][gc,stats     ]   Scan Roots                        898 us, parallelism: 1.26x
[2.258s][info][gc,stats     ]     S: <total>                     1130 us
[2.258s][info][gc,stats     ]     S: Thread Roots                 261 us, workers (us):   1, 259, ---, ---, ---, ---, ---, ---, ---, ---, ---, ---, ---, ---, ---, ---, ---, ---, ---, ---, ---, ---, ---, ---, 
[2.258s][info][gc,stats     ]     S: Universe Roots                14 us, workers (us):  14, ---, ---, ---, ---, ---, ---, ---, ---, ---, ---, ---, ---, ---, ---, ---, ---, ---, ---, ---, ---, ---, ---, ---, 
[2.258s][info][gc,stats     ]     S: JNI Handles Roots              3 us, workers (us):   3, ---, ---, ---, ---, ---, ---, ---, ---, ---, ---, ---, ---, ---, ---, ---, ---, ---, ---, ---, ---, ---, ---, ---, 
[2.258s][info][gc,stats     ]     S: Synchronizer Roots             1 us, workers (us): ---,   1, ---, ---, ---, ---, ---, ---, ---, ---, ---, ---, ---, ---, ---, ---, ---, ---, ---, ---, ---, ---, ---, ---, 
[2.258s][info][gc,stats     ]     S: Management Roots               2 us, workers (us): ---,   2, ---, ---, ---, ---, ---, ---, ---, ---, ---, ---, ---, ---, ---, ---, ---, ---, ---, ---, ---, ---, ---, ---, 
[2.258s][info][gc,stats     ]     S: System Dict Roots             28 us, workers (us): ---,  28, ---, ---, ---, ---, ---, ---, ---, ---, ---, ---, ---, ---, ---, ---, ---, ---, ---, ---, ---, ---, ---, ---, 
[2.258s][info][gc,stats     ]     S: CLDG Roots                   821 us, workers (us): 821, ---, ---, ---, ---, ---, ---, ---, ---, ---, ---, ---, ---, ---, ---, ---, ---, ---, ---, ---, ---, ---, ---, ---, 
[2.258s][info][gc,stats     ]     S: JVMTI Roots                    1 us, workers (us):   1, ---, ---, ---, ---, ---, ---, ---, ---, ---, ---, ---, ---, ---, ---, ---, ---, ---, ---, ---, ---, ---, ---, ---, 
[2.258s][info][gc,stats     ]   Resize TLABs                        3 us
[2.258s][info][gc,stats     ] Concurrent Marking                26347 us
[2.258s][info][gc,stats     ] Pause Final Mark (G)               1081 us
[2.258s][info][gc,stats     ] Pause Final Mark (N)                941 us
[2.258s][info][gc,stats     ]   Finish Queues                     105 us
[2.258s][info][gc,stats     ]   System Purge                      366 us
[2.258s][info][gc,stats     ]     Weak Roots                      365 us
[2.258s][info][gc,stats     ]   Update Region States                2 us
[2.258s][info][gc,stats     ]   Retire TLABs                        3 us
[2.258s][info][gc,stats     ]   Choose Collection Set              32 us
[2.258s][info][gc,stats     ]   Rebuild Free Set                    3 us
[2.258s][info][gc,stats     ]   Initial Evacuation                417 us, parallelism: 0.77x
[2.258s][info][gc,stats     ]     E: <total>                      322 us
[2.258s][info][gc,stats     ]     E: Thread Roots                 165 us, workers (us):  28, 136, ---, ---, ---, ---, ---, ---, ---, ---, ---, ---, ---, ---, ---, ---, ---, ---, ---, ---, ---, ---, ---, ---, 
[2.258s][info][gc,stats     ]     E: Code Cache Roots               1 us, workers (us):   0,   1, ---, ---, ---, ---, ---, ---, ---, ---, ---, ---, ---, ---, ---, ---, ---, ---, ---, ---, ---, ---, ---, ---, 
[2.258s][info][gc,stats     ]     E: Universe Roots                 3 us, workers (us):   3, ---, ---, ---, ---, ---, ---, ---, ---, ---, ---, ---, ---, ---, ---, ---, ---, ---, ---, ---, ---, ---, ---, ---, 
[2.258s][info][gc,stats     ]     E: JNI Handles Roots              1 us, workers (us):   1, ---, ---, ---, ---, ---, ---, ---, ---, ---, ---, ---, ---, ---, ---, ---, ---, ---, ---, ---, ---, ---, ---, ---, 
[2.258s][info][gc,stats     ]     E: Synchronizer Roots             0 us, workers (us):   0, ---, ---, ---, ---, ---, ---, ---, ---, ---, ---, ---, ---, ---, ---, ---, ---, ---, ---, ---, ---, ---, ---, ---, 
[2.258s][info][gc,stats     ]     E: Management Roots               1 us, workers (us):   1, ---, ---, ---, ---, ---, ---, ---, ---, ---, ---, ---, ---, ---, ---, ---, ---, ---, ---, ---, ---, ---, ---, ---, 
[2.258s][info][gc,stats     ]     E: System Dict Roots              5 us, workers (us):   5, ---, ---, ---, ---, ---, ---, ---, ---, ---, ---, ---, ---, ---, ---, ---, ---, ---, ---, ---, ---, ---, ---, ---, 
[2.258s][info][gc,stats     ]     E: CLDG Roots                   147 us, workers (us): 147, ---, ---, ---, ---, ---, ---, ---, ---, ---, ---, ---, ---, ---, ---, ---, ---, ---, ---, ---, ---, ---, ---, ---, 
[2.258s][info][gc,stats     ]     E: JVMTI Roots                    0 us, workers (us):   0, ---, ---, ---, ---, ---, ---, ---, ---, ---, ---, ---, ---, ---, ---, ---, ---, ---, ---, ---, ---, ---, ---, ---, 
[2.258s][info][gc,stats     ] Concurrent Cleanup                    6 us
[2.258s][info][gc,stats     ] Concurrent Evacuation              2064 us
[2.258s][info][gc,stats     ] Pause Init  Update Refs (G)         295 us
[2.258s][info][gc,stats     ] Pause Init  Update Refs (N)          34 us
[2.258s][info][gc,stats     ]   Retire GCLABs                      22 us
[2.258s][info][gc,stats     ] Concurrent Update Refs            12761 us
[2.258s][info][gc,stats     ] Pause Final Update Refs (G)         428 us
[2.258s][info][gc,stats     ] Pause Final Update Refs (N)         139 us
[2.258s][info][gc,stats     ]   Update Roots                      117 us, parallelism: 0.96x
[2.258s][info][gc,stats     ]     UR: <total>                     112 us
[2.258s][info][gc,stats     ]     UR: Thread Roots                112 us, workers (us):  95,  18, ---, ---, ---, ---, ---, ---, ---, ---, ---, ---, ---, ---, ---, ---, ---, ---, ---, ---, ---, ---, ---, ---, 
[2.258s][info][gc,stats     ]   Update Region States                2 us
[2.258s][info][gc,stats     ]   Trash Collection Set                4 us
[2.258s][info][gc,stats     ]   Rebuild Free Set                    4 us
[2.258s][info][gc,stats     ] Concurrent Cleanup                 1598 us
[2.258s][info][gc,stats     ] Pacing                            24190 us
[2.258s][info][gc,stats     ] 
[2.258s][info][gc,stats     ] Allocation pacing accrued:
[2.258s][info][gc,stats     ]      24 of   440 ms (  5.5%): main
[2.258s][info][gc,stats     ]      24 of   440 ms (  5.5%): <total>
[2.258s][info][gc,stats     ]       4 of   440 ms (  0.9%): <average total>
[2.258s][info][gc,stats     ]      24 of   440 ms (  5.5%): <average non-zero>
[2.258s][info][gc,stats     ] 
[2.258s][info][gc,metaspace ] Metaspace: 12569K->12569K(1060864K)
[2.258s][info][gc,ergo      ] Pacer for Idle. Initial: 327K, Alloc Tax Rate: 1.0x
[2.633s][info][gc           ] Trigger: Free (1494K) is below minimum threshold (1638K)
[2.633s][info][gc,ergo      ] Free: 1494K, Max: 256K regular, 512K humongous, Frag: 0% external, 41% internal; Reserve: 1024K, Max: 256K
[2.633s][info][gc,start     ] GC(8) Concurrent reset
[2.633s][info][gc,task      ] GC(8) Using 2 of 24 workers for concurrent reset
[2.633s][info][gc,ergo      ] GC(8) Pacer for Reset. Non-Taxable: 16384K
[2.633s][info][gc           ] GC(8) Concurrent reset 0.221ms
[2.634s][info][gc,start     ] GC(8) Pause Init Mark
[2.634s][info][gc,task      ] GC(8) Using 2 of 24 workers for init marking
[2.635s][info][gc,ergo      ] GC(8) Pacer for Mark. Expected Live: 2474K, Free: 1494K, Non-Taxable: 149K, Alloc Tax Rate: 2.0x
[2.635s][info][gc           ] GC(8) Pause Init Mark 1.621ms
[2.635s][info][gc,start     ] GC(8) Concurrent marking
[2.635s][info][gc,task      ] GC(8) Using 2 of 24 workers for concurrent marking
[2.654s][info][gc           ] GC(8) Concurrent marking 18.589ms
[2.654s][info][gc,start     ] GC(8) Pause Final Mark
[2.654s][info][gc,task      ] GC(8) Using 2 of 24 workers for final marking
[2.655s][info][gc,ergo      ] GC(8) Adaptive CSet Selection. Target Free: 2321K, Actual Free: 1857K, Max CSet: 682K, Min Garbage: 464K
[2.655s][info][gc,ergo      ] GC(8) Collectable Garbage: 9503K (93%), Immediate: 321K (3%), CSet: 9182K (90%)
[2.655s][info][gc,ergo      ] GC(8) Pacer for Evacuation. Used CSet: 9691K, Free: 1743K, Non-Taxable: 174K, Alloc Tax Rate: 13.6x
[2.655s][info][gc           ] GC(8) Pause Final Mark 1.040ms
[2.655s][info][gc,start     ] GC(8) Concurrent cleanup
[2.655s][info][gc           ] GC(8) Concurrent cleanup 13M->13M(16M) 0.106ms
[2.655s][info][gc,ergo      ] GC(8) Free: 1743K, Max: 256K regular, 768K humongous, Frag: 25% external, 24% internal; Reserve: 1021K, Max: 256K
[2.655s][info][gc,start     ] GC(8) Concurrent evacuation
[2.655s][info][gc,task      ] GC(8) Using 2 of 24 workers for concurrent evacuation
[2.657s][info][gc           ] GC(8) Concurrent evacuation 2.088ms
[2.658s][info][gc,start     ] GC(8) Pause Init Update Refs
[2.658s][info][gc,ergo      ] GC(8) Pacer for Update Refs. Used: 14572K, Free: 1519K, Non-Taxable: 151K, Alloc Tax Rate: 11.7x
[2.658s][info][gc           ] GC(8) Pause Init Update Refs 0.101ms
[2.658s][info][gc,start     ] GC(8) Concurrent update references
[2.658s][info][gc,task      ] GC(8) Using 2 of 24 workers for concurrent reference update
[2.672s][info][gc           ] GC(8) Concurrent update references 14.205ms
[2.672s][info][gc,start     ] GC(8) Pause Final Update Refs
[2.673s][info][gc,task      ] GC(8) Using 2 of 24 workers for final reference update
[2.673s][info][gc           ] GC(8) Pause Final Update Refs 0.315ms
[2.673s][info][gc,start     ] GC(8) Concurrent cleanup
[2.674s][info][gc           ] GC(8) Concurrent cleanup 14M->5M(16M) 1.395ms
[2.674s][info][gc           ] GC(8) Dat log --- cycle is complete
Current gc epoch: 8
heap: ______
capacity: 16777216
used: 5259592
committed: 16777216
bytes_allocated_since_gc_start: 528328
hot_size: 22982
cold_size: 42231
num_regions: 64
hot_region_count: 2
cold_region_count: 18
histogram: Placeholder

[2.674s][info][gc           ] GC(8) Obj count ac histogram
[2.674s][info][gc           ] GC(8) 	0: 6564
[2.674s][info][gc           ] GC(8) 	1: 0
[2.674s][info][gc           ] GC(8) 	2: 0
[2.674s][info][gc           ] GC(8) 	3: 0
[2.674s][info][gc           ] GC(8) 	4: 0
[2.674s][info][gc           ] GC(8) 	5: 0
[2.674s][info][gc           ] GC(8) 	6: 0
[2.674s][info][gc           ] GC(8) 	7: 0
[2.674s][info][gc           ] GC(8) 	8: 0
[2.674s][info][gc           ] GC(8) 	9: 0
[2.674s][info][gc           ] GC(8) 	10: 0
[2.674s][info][gc           ] GC(8) 	11: 0
[2.674s][info][gc           ] GC(8) 	12: 0
[2.674s][info][gc           ] GC(8) 	13: 0
[2.674s][info][gc           ] GC(8) 	14: 2396
[2.674s][info][gc           ] GC(8) 	15: 0
[2.674s][info][gc           ] GC(8) 	16: 0
[2.674s][info][gc           ] GC(8) 	17: 0
[2.674s][info][gc           ] GC(8) 	18: 0
[2.674s][info][gc           ] GC(8) 	19: 0
[2.674s][info][gc           ] GC(8) Obj size ac histogram
[2.674s][info][gc           ] GC(8) 	0: 39674
[2.674s][info][gc           ] GC(8) 	1: 0
[2.674s][info][gc           ] GC(8) 	2: 0
[2.674s][info][gc           ] GC(8) 	3: 0
[2.674s][info][gc           ] GC(8) 	4: 0
[2.674s][info][gc           ] GC(8) 	5: 0
[2.675s][info][gc           ] GC(8) 	6: 0
[2.675s][info][gc           ] GC(8) 	7: 0
[2.675s][info][gc           ] GC(8) 	8: 0
[2.675s][info][gc           ] GC(8) 	9: 0
[2.675s][info][gc           ] GC(8) 	10: 0
[2.675s][info][gc           ] GC(8) 	11: 0
[2.675s][info][gc           ] GC(8) 	12: 0
[2.675s][info][gc           ] GC(8) 	13: 0
[2.675s][info][gc           ] GC(8) 	14: 22600
[2.675s][info][gc           ] GC(8) 	15: 0
[2.675s][info][gc           ] GC(8) 	16: 0
[2.675s][info][gc           ] GC(8) 	17: 0
[2.675s][info][gc           ] GC(8) 	18: 0
[2.675s][info][gc           ] GC(8) 	19: 0
[2.675s][info][gc,ergo      ] Free: 10223K, Max: 256K regular, 7424K humongous, Frag: 22% external, 9% internal; Reserve: 1024K, Max: 256K
[2.675s][info][gc,stats     ] 
[2.675s][info][gc,stats     ] All times are wall-clock times, except per-root-class counters, that are sum over
[2.675s][info][gc,stats     ] all workers. Dividing the <total> over the root stage time estimates parallelism.
[2.675s][info][gc,stats     ] 
[2.675s][info][gc,stats     ] Concurrent Reset                    203 us
[2.675s][info][gc,stats     ] Pause Init Mark (G)                1996 us
[2.675s][info][gc,stats     ] Pause Init Mark (N)                1580 us
[2.675s][info][gc,stats     ]   Accumulate Stats                    5 us
[2.675s][info][gc,stats     ]   Make Parsable                      26 us
[2.675s][info][gc,stats     ]   Update Region States                2 us
[2.675s][info][gc,stats     ]   Scan Roots                       1442 us, parallelism: 1.13x
[2.675s][info][gc,stats     ]     S: <total>                     1626 us
[2.675s][info][gc,stats     ]     S: Thread Roots                 327 us, workers (us): 325,   2, ---, ---, ---, ---, ---, ---, ---, ---, ---, ---, ---, ---, ---, ---, ---, ---, ---, ---, ---, ---, ---, ---, 
[2.675s][info][gc,stats     ]     S: Universe Roots                16 us, workers (us):  16, ---, ---, ---, ---, ---, ---, ---, ---, ---, ---, ---, ---, ---, ---, ---, ---, ---, ---, ---, ---, ---, ---, ---, 
[2.675s][info][gc,stats     ]     S: JNI Handles Roots              7 us, workers (us): ---,   7, ---, ---, ---, ---, ---, ---, ---, ---, ---, ---, ---, ---, ---, ---, ---, ---, ---, ---, ---, ---, ---, ---, 
[2.675s][info][gc,stats     ]     S: Synchronizer Roots             0 us, workers (us):   0, ---, ---, ---, ---, ---, ---, ---, ---, ---, ---, ---, ---, ---, ---, ---, ---, ---, ---, ---, ---, ---, ---, ---, 
[2.675s][info][gc,stats     ]     S: Management Roots               2 us, workers (us):   2, ---, ---, ---, ---, ---, ---, ---, ---, ---, ---, ---, ---, ---, ---, ---, ---, ---, ---, ---, ---, ---, ---, ---, 
[2.675s][info][gc,stats     ]     S: System Dict Roots             29 us, workers (us):  29, ---, ---, ---, ---, ---, ---, ---, ---, ---, ---, ---, ---, ---, ---, ---, ---, ---, ---, ---, ---, ---, ---, ---, 
[2.675s][info][gc,stats     ]     S: CLDG Roots                  1235 us, workers (us): ---, 1235, ---, ---, ---, ---, ---, ---, ---, ---, ---, ---, ---, ---, ---, ---, ---, ---, ---, ---, ---, ---, ---, ---, 
[2.675s][info][gc,stats     ]     S: JVMTI Roots                   10 us, workers (us): ---,  10, ---, ---, ---, ---, ---, ---, ---, ---, ---, ---, ---, ---, ---, ---, ---, ---, ---, ---, ---, ---, ---, ---, 
[2.675s][info][gc,stats     ]   Resize TLABs                        5 us
[2.675s][info][gc,stats     ] Concurrent Marking                18567 us
[2.675s][info][gc,stats     ] Pause Final Mark (G)               1180 us
[2.675s][info][gc,stats     ] Pause Final Mark (N)                993 us
[2.675s][info][gc,stats     ]   Finish Queues                      96 us
[2.675s][info][gc,stats     ]   System Purge                      396 us
[2.675s][info][gc,stats     ]     Weak Roots                      395 us
[2.675s][info][gc,stats     ]   Update Region States                4 us
[2.675s][info][gc,stats     ]   Retire TLABs                       18 us
[2.675s][info][gc,stats     ]   Choose Collection Set              69 us
[2.675s][info][gc,stats     ]   Rebuild Free Set                    5 us
[2.675s][info][gc,stats     ]   Initial Evacuation                385 us, parallelism: 0.85x
[2.675s][info][gc,stats     ]     E: <total>                      326 us
[2.675s][info][gc,stats     ]     E: Thread Roots                 195 us, workers (us): 177,  18, ---, ---, ---, ---, ---, ---, ---, ---, ---, ---, ---, ---, ---, ---, ---, ---, ---, ---, ---, ---, ---, ---, 
[2.675s][info][gc,stats     ]     E: Code Cache Roots               0 us, workers (us):   0,   0, ---, ---, ---, ---, ---, ---, ---, ---, ---, ---, ---, ---, ---, ---, ---, ---, ---, ---, ---, ---, ---, ---, 
[2.675s][info][gc,stats     ]     E: Universe Roots                18 us, workers (us):  18, ---, ---, ---, ---, ---, ---, ---, ---, ---, ---, ---, ---, ---, ---, ---, ---, ---, ---, ---, ---, ---, ---, ---, 
[2.675s][info][gc,stats     ]     E: JNI Handles Roots              1 us, workers (us):   1, ---, ---, ---, ---, ---, ---, ---, ---, ---, ---, ---, ---, ---, ---, ---, ---, ---, ---, ---, ---, ---, ---, ---, 
[2.675s][info][gc,stats     ]     E: Synchronizer Roots             0 us, workers (us):   0, ---, ---, ---, ---, ---, ---, ---, ---, ---, ---, ---, ---, ---, ---, ---, ---, ---, ---, ---, ---, ---, ---, ---, 
[2.675s][info][gc,stats     ]     E: Management Roots               1 us, workers (us):   1, ---, ---, ---, ---, ---, ---, ---, ---, ---, ---, ---, ---, ---, ---, ---, ---, ---, ---, ---, ---, ---, ---, ---, 
[2.675s][info][gc,stats     ]     E: System Dict Roots              4 us, workers (us):   4, ---, ---, ---, ---, ---, ---, ---, ---, ---, ---, ---, ---, ---, ---, ---, ---, ---, ---, ---, ---, ---, ---, ---, 
[2.675s][info][gc,stats     ]     E: CLDG Roots                   106 us, workers (us): ---, 106, ---, ---, ---, ---, ---, ---, ---, ---, ---, ---, ---, ---, ---, ---, ---, ---, ---, ---, ---, ---, ---, ---, 
[2.675s][info][gc,stats     ]     E: JVMTI Roots                    0 us, workers (us):   0, ---, ---, ---, ---, ---, ---, ---, ---, ---, ---, ---, ---, ---, ---, ---, ---, ---, ---, ---, ---, ---, ---, ---, 
[2.675s][info][gc,stats     ] Concurrent Cleanup                   82 us
[2.675s][info][gc,stats     ] Concurrent Evacuation              2073 us
[2.675s][info][gc,stats     ] Pause Init  Update Refs (G)         437 us
[2.675s][info][gc,stats     ] Pause Init  Update Refs (N)          60 us
[2.675s][info][gc,stats     ]   Retire GCLABs                      36 us
[2.675s][info][gc,stats     ] Concurrent Update Refs            14183 us
[2.675s][info][gc,stats     ] Pause Final Update Refs (G)         657 us
[2.675s][info][gc,stats     ] Pause Final Update Refs (N)         273 us
[2.675s][info][gc,stats     ]   Update Roots                      238 us, parallelism: 0.80x
[2.675s][info][gc,stats     ]     UR: <total>                     191 us
[2.675s][info][gc,stats     ]     UR: Thread Roots                191 us, workers (us):  45, 146, ---, ---, ---, ---, ---, ---, ---, ---, ---, ---, ---, ---, ---, ---, ---, ---, ---, ---, ---, ---, ---, ---, 
[2.675s][info][gc,stats     ]   Update Region States                3 us
[2.675s][info][gc,stats     ]   Trash Collection Set                6 us
[2.675s][info][gc,stats     ]   Rebuild Free Set                    7 us
[2.675s][info][gc,stats     ] Concurrent Cleanup                 1371 us
[2.675s][info][gc,stats     ] Pacing                            19924 us
[2.675s][info][gc,stats     ] 
[2.675s][info][gc,stats     ] Allocation pacing accrued:
[2.675s][info][gc,stats     ]      20 of   417 ms (  4.8%): main
[2.675s][info][gc,stats     ]      20 of   417 ms (  4.8%): <total>
[2.675s][info][gc,stats     ]       3 of   417 ms (  0.8%): <average total>
[2.676s][info][gc,stats     ]      20 of   417 ms (  4.8%): <average non-zero>
[2.676s][info][gc,stats     ] 
[2.676s][info][gc,metaspace ] Metaspace: 12569K->12569K(1060864K)
[2.676s][info][gc,ergo      ] Pacer for Idle. Initial: 327K, Alloc Tax Rate: 1.0x
[2.963s][info][gc           ] Trigger: Average GC time (42.69 ms) is above the time for allocation rate (27119 KB/s) to deplete free headroom (988K)
[2.963s][info][gc,ergo      ] Free headroom: 1807K (free) - 819K (spike) - 0B (penalties) = 988K
[2.963s][info][gc,ergo      ] Free: 1807K, Max: 256K regular, 1024K humongous, Frag: 0% external, 41% internal; Reserve: 1024K, Max: 256K
[2.963s][info][gc,start     ] GC(9) Concurrent reset
[2.963s][info][gc,task      ] GC(9) Using 2 of 24 workers for concurrent reset
[2.963s][info][gc,ergo      ] GC(9) Pacer for Reset. Non-Taxable: 16384K
[2.963s][info][gc           ] GC(9) Concurrent reset 0.198ms
[2.963s][info][gc,start     ] GC(9) Pause Init Mark
[2.963s][info][gc,task      ] GC(9) Using 2 of 24 workers for init marking
[2.967s][info][gc,ergo      ] GC(9) Pacer for Mark. Expected Live: 2918K, Free: 1807K, Non-Taxable: 180K, Alloc Tax Rate: 2.0x
[2.967s][info][gc           ] GC(9) Pause Init Mark 3.786ms
[2.967s][info][gc,start     ] GC(9) Concurrent marking
[2.967s][info][gc,task      ] GC(9) Using 2 of 24 workers for concurrent marking
[2.992s][info][gc           ] GC(9) Concurrent marking 24.777ms
[2.992s][info][gc,start     ] GC(9) Pause Final Mark
[2.992s][info][gc,task      ] GC(9) Using 2 of 24 workers for final marking
[2.993s][info][gc,ergo      ] GC(9) Adaptive CSet Selection. Target Free: 2321K, Actual Free: 1824K, Max CSet: 682K, Min Garbage: 496K
[2.993s][info][gc,ergo      ] GC(9) Collectable Garbage: 5033K (62%), Immediate: 33280B (0%), CSet: 5001K (61%)
[2.993s][info][gc,ergo      ] GC(9) Pacer for Evacuation. Used CSet: 5632K, Free: 1603K, Non-Taxable: 160K, Alloc Tax Rate: 8.6x
[2.993s][info][gc           ] GC(9) Pause Final Mark 1.010ms
[2.993s][info][gc,start     ] GC(9) Concurrent cleanup
[2.993s][info][gc           ] GC(9) Concurrent cleanup 13M->13M(16M) 0.031ms
[2.993s][info][gc,ergo      ] GC(9) Free: 1603K, Max: 256K regular, 768K humongous, Frag: 25% external, 43% internal; Reserve: 999K, Max: 256K
[2.993s][info][gc,start     ] GC(9) Concurrent evacuation
[2.993s][info][gc,task      ] GC(9) Using 2 of 24 workers for concurrent evacuation
[2.997s][info][gc           ] GC(9) Concurrent evacuation 4.182ms
[2.998s][info][gc,start     ] GC(9) Pause Init Update Refs
[2.998s][info][gc,ergo      ] GC(9) Pacer for Update Refs. Used: 14654K, Free: 1603K, Non-Taxable: 160K, Alloc Tax Rate: 11.2x
[2.998s][info][gc           ] GC(9) Pause Init Update Refs 0.094ms
[2.998s][info][gc,start     ] GC(9) Concurrent update references
[2.998s][info][gc,task      ] GC(9) Using 2 of 24 workers for concurrent reference update
[3.012s][info][gc           ] GC(9) Concurrent update references 14.454ms
[3.012s][info][gc,start     ] GC(9) Pause Final Update Refs
[3.012s][info][gc,task      ] GC(9) Using 2 of 24 workers for final reference update
[3.013s][info][gc           ] GC(9) Pause Final Update Refs 0.442ms
[3.013s][info][gc,start     ] GC(9) Concurrent cleanup
[3.014s][info][gc           ] GC(9) Concurrent cleanup 14M->9M(16M) 0.828ms
[3.014s][info][gc           ] GC(9) Dat log --- cycle is complete
Current gc epoch: 9
heap: ______
capacity: 16777216
used: 9501040
committed: 16777216
bytes_allocated_since_gc_start: 504584
hot_size: 31567
cold_size: 49158
num_regions: 64
hot_region_count: 3
cold_region_count: 20
histogram: Placeholder

[3.014s][info][gc           ] GC(9) Obj count ac histogram
[3.014s][info][gc           ] GC(9) 	0: 6759
[3.014s][info][gc           ] GC(9) 	1: 0
[3.014s][info][gc           ] GC(9) 	2: 0
[3.014s][info][gc           ] GC(9) 	3: 0
[3.014s][info][gc           ] GC(9) 	4: 0
[3.014s][info][gc           ] GC(9) 	5: 0
[3.014s][info][gc           ] GC(9) 	6: 0
[3.014s][info][gc           ] GC(9) 	7: 0
[3.014s][info][gc           ] GC(9) 	8: 0
[3.014s][info][gc           ] GC(9) 	9: 0
[3.014s][info][gc           ] GC(9) 	10: 0
[3.014s][info][gc           ] GC(9) 	11: 0
[3.014s][info][gc           ] GC(9) 	12: 0
[3.014s][info][gc           ] GC(9) 	13: 1
[3.014s][info][gc           ] GC(9) 	14: 2361
[3.014s][info][gc           ] GC(9) 	15: 0
[3.014s][info][gc           ] GC(9) 	16: 0
[3.014s][info][gc           ] GC(9) 	17: 0
[3.014s][info][gc           ] GC(9) 	18: 0
[3.014s][info][gc           ] GC(9) 	19: 0
[3.014s][info][gc           ] GC(9) Obj size ac histogram
[3.014s][info][gc           ] GC(9) 	0: 46074
[3.014s][info][gc           ] GC(9) 	1: 0
[3.014s][info][gc           ] GC(9) 	2: 0
[3.014s][info][gc           ] GC(9) 	3: 0
[3.014s][info][gc           ] GC(9) 	4: 0
[3.014s][info][gc           ] GC(9) 	5: 0
[3.014s][info][gc           ] GC(9) 	6: 0
[3.014s][info][gc           ] GC(9) 	7: 0
[3.014s][info][gc           ] GC(9) 	8: 0
[3.014s][info][gc           ] GC(9) 	9: 0
[3.014s][info][gc           ] GC(9) 	10: 0
[3.014s][info][gc           ] GC(9) 	11: 0
[3.014s][info][gc           ] GC(9) 	12: 0
[3.014s][info][gc           ] GC(9) 	13: 9
[3.014s][info][gc           ] GC(9) 	14: 31266
[3.014s][info][gc           ] GC(9) 	15: 0
[3.014s][info][gc           ] GC(9) 	16: 0
[3.014s][info][gc           ] GC(9) 	17: 0
[3.014s][info][gc           ] GC(9) 	18: 0
[3.014s][info][gc           ] GC(9) 	19: 0
[3.014s][info][gc,ergo      ] Free: 6081K, Max: 256K regular, 2816K humongous, Frag: 48% external, 18% internal; Reserve: 1024K, Max: 256K
[3.014s][info][gc,stats     ] 
[3.014s][info][gc,stats     ] All times are wall-clock times, except per-root-class counters, that are sum over
[3.014s][info][gc,stats     ] all workers. Dividing the <total> over the root stage time estimates parallelism.
[3.014s][info][gc,stats     ] 
[3.014s][info][gc,stats     ] Concurrent Reset                    178 us
[3.014s][info][gc,stats     ] Pause Init Mark (G)                4249 us
[3.014s][info][gc,stats     ] Pause Init Mark (N)                3740 us
[3.014s][info][gc,stats     ]   Accumulate Stats                    5 us
[3.014s][info][gc,stats     ]   Make Parsable                      38 us
[3.014s][info][gc,stats     ]   Update Region States                2 us
[3.014s][info][gc,stats     ]   Scan Roots                       3570 us, parallelism: 1.28x
[3.014s][info][gc,stats     ]     S: <total>                     4580 us
[3.014s][info][gc,stats     ]     S: Thread Roots                3447 us, workers (us):  52, 3396, ---, ---, ---, ---, ---, ---, ---, ---, ---, ---, ---, ---, ---, ---, ---, ---, ---, ---, ---, ---, ---, ---, 
[3.014s][info][gc,stats     ]     S: Universe Roots                20 us, workers (us):  20, ---, ---, ---, ---, ---, ---, ---, ---, ---, ---, ---, ---, ---, ---, ---, ---, ---, ---, ---, ---, ---, ---, ---, 
[3.014s][info][gc,stats     ]     S: JNI Handles Roots              3 us, workers (us):   3, ---, ---, ---, ---, ---, ---, ---, ---, ---, ---, ---, ---, ---, ---, ---, ---, ---, ---, ---, ---, ---, ---, ---, 
[3.014s][info][gc,stats     ]     S: Synchronizer Roots             1 us, workers (us): ---,   1, ---, ---, ---, ---, ---, ---, ---, ---, ---, ---, ---, ---, ---, ---, ---, ---, ---, ---, ---, ---, ---, ---, 
[3.014s][info][gc,stats     ]     S: Management Roots               2 us, workers (us): ---,   2, ---, ---, ---, ---, ---, ---, ---, ---, ---, ---, ---, ---, ---, ---, ---, ---, ---, ---, ---, ---, ---, ---, 
[3.014s][info][gc,stats     ]     S: System Dict Roots             27 us, workers (us): ---,  27, ---, ---, ---, ---, ---, ---, ---, ---, ---, ---, ---, ---, ---, ---, ---, ---, ---, ---, ---, ---, ---, ---, 
[3.014s][info][gc,stats     ]     S: CLDG Roots                  1079 us, workers (us): 1079, ---, ---, ---, ---, ---, ---, ---, ---, ---, ---, ---, ---, ---, ---, ---, ---, ---, ---, ---, ---, ---, ---, ---, 
[3.015s][info][gc,stats     ]     S: JVMTI Roots                    1 us, workers (us):   1, ---, ---, ---, ---, ---, ---, ---, ---, ---, ---, ---, ---, ---, ---, ---, ---, ---, ---, ---, ---, ---, ---, ---, 
[3.015s][info][gc,stats     ]   Resize TLABs                        6 us
[3.015s][info][gc,stats     ] Concurrent Marking                24726 us
[3.015s][info][gc,stats     ] Pause Final Mark (G)               1205 us
[3.015s][info][gc,stats     ] Pause Final Mark (N)                956 us
[3.015s][info][gc,stats     ]   Finish Queues                     103 us
[3.015s][info][gc,stats     ]   System Purge                      312 us
[3.015s][info][gc,stats     ]     Weak Roots                      311 us
[3.015s][info][gc,stats     ]   Update Region States                3 us
[3.015s][info][gc,stats     ]   Retire TLABs                       43 us
[3.015s][info][gc,stats     ]   Choose Collection Set              62 us
[3.015s][info][gc,stats     ]   Rebuild Free Set                    7 us
[3.015s][info][gc,stats     ]   Initial Evacuation                403 us, parallelism: 0.87x
[3.015s][info][gc,stats     ]     E: <total>                      351 us
[3.015s][info][gc,stats     ]     E: Thread Roots                 163 us, workers (us): 163,   1, ---, ---, ---, ---, ---, ---, ---, ---, ---, ---, ---, ---, ---, ---, ---, ---, ---, ---, ---, ---, ---, ---, 
[3.015s][info][gc,stats     ]     E: Code Cache Roots               0 us, workers (us):   0,   0, ---, ---, ---, ---, ---, ---, ---, ---, ---, ---, ---, ---, ---, ---, ---, ---, ---, ---, ---, ---, ---, ---, 
[3.015s][info][gc,stats     ]     E: Universe Roots                 2 us, workers (us):   2, ---, ---, ---, ---, ---, ---, ---, ---, ---, ---, ---, ---, ---, ---, ---, ---, ---, ---, ---, ---, ---, ---, ---, 
[3.015s][info][gc,stats     ]     E: JNI Handles Roots              1 us, workers (us): ---,   1, ---, ---, ---, ---, ---, ---, ---, ---, ---, ---, ---, ---, ---, ---, ---, ---, ---, ---, ---, ---, ---, ---, 
[3.015s][info][gc,stats     ]     E: Synchronizer Roots             0 us, workers (us):   0, ---, ---, ---, ---, ---, ---, ---, ---, ---, ---, ---, ---, ---, ---, ---, ---, ---, ---, ---, ---, ---, ---, ---, 
[3.015s][info][gc,stats     ]     E: Management Roots               1 us, workers (us):   1, ---, ---, ---, ---, ---, ---, ---, ---, ---, ---, ---, ---, ---, ---, ---, ---, ---, ---, ---, ---, ---, ---, ---, 
[3.015s][info][gc,stats     ]     E: System Dict Roots             10 us, workers (us):  10, ---, ---, ---, ---, ---, ---, ---, ---, ---, ---, ---, ---, ---, ---, ---, ---, ---, ---, ---, ---, ---, ---, ---, 
[3.015s][info][gc,stats     ]     E: CLDG Roots                   172 us, workers (us): ---, 172, ---, ---, ---, ---, ---, ---, ---, ---, ---, ---, ---, ---, ---, ---, ---, ---, ---, ---, ---, ---, ---, ---, 
[3.015s][info][gc,stats     ]     E: JVMTI Roots                    0 us, workers (us):   0, ---, ---, ---, ---, ---, ---, ---, ---, ---, ---, ---, ---, ---, ---, ---, ---, ---, ---, ---, ---, ---, ---, ---, 
[3.015s][info][gc,stats     ] Concurrent Cleanup                    6 us
[3.015s][info][gc,stats     ] Concurrent Evacuation              4164 us
[3.015s][info][gc,stats     ] Pause Init  Update Refs (G)         345 us
[3.015s][info][gc,stats     ] Pause Init  Update Refs (N)          65 us
[3.015s][info][gc,stats     ]   Retire GCLABs                      46 us
[3.015s][info][gc,stats     ] Concurrent Update Refs            14425 us
[3.015s][info][gc,stats     ] Pause Final Update Refs (G)         637 us
[3.015s][info][gc,stats     ] Pause Final Update Refs (N)         430 us
[3.015s][info][gc,stats     ]   Update Roots                      418 us, parallelism: 0.99x
[3.015s][info][gc,stats     ]     UR: <total>                     416 us
[3.015s][info][gc,stats     ]     UR: Thread Roots                416 us, workers (us): 387,  29, ---, ---, ---, ---, ---, ---, ---, ---, ---, ---, ---, ---, ---, ---, ---, ---, ---, ---, ---, ---, ---, ---, 
[3.015s][info][gc,stats     ]   Update Region States                1 us
[3.015s][info][gc,stats     ]   Trash Collection Set                2 us
[3.015s][info][gc,stats     ]   Rebuild Free Set                    2 us
[3.015s][info][gc,stats     ] Concurrent Cleanup                  803 us
[3.015s][info][gc,stats     ] Pacing                            30155 us
[3.015s][info][gc,stats     ] 
[3.015s][info][gc,stats     ] Allocation pacing accrued:
[3.015s][info][gc,stats     ]      30 of   340 ms (  8.9%): main
[3.015s][info][gc,stats     ]      30 of   340 ms (  8.9%): <total>
[3.015s][info][gc,stats     ]       5 of   340 ms (  1.5%): <average total>
[3.015s][info][gc,stats     ]      30 of   340 ms (  8.9%): <average non-zero>
[3.015s][info][gc,stats     ] 
[3.015s][info][gc,metaspace ] Metaspace: 12968K->12968K(1060864K)
[3.015s][info][gc,ergo      ] Pacer for Idle. Initial: 327K, Alloc Tax Rate: 1.0x
[3.124s][info][gc           ] Trigger: Average GC time (46.68 ms) is above the time for allocation rate (28088 KB/s) to deplete free headroom (1217K)
[3.124s][info][gc,ergo      ] Free headroom: 2037K (free) - 819K (spike) - 0B (penalties) = 1217K
[3.124s][info][gc,ergo      ] Free: 2037K, Max: 256K regular, 1280K humongous, Frag: 0% external, 43% internal; Reserve: 1024K, Max: 256K
[3.124s][info][gc,start     ] GC(10) Concurrent reset
[3.124s][info][gc,task      ] GC(10) Using 2 of 24 workers for concurrent reset
[3.124s][info][gc,ergo      ] GC(10) Pacer for Reset. Non-Taxable: 16384K
[3.124s][info][gc           ] GC(10) Concurrent reset 0.183ms
[3.125s][info][gc,start     ] GC(10) Pause Init Mark (process weakrefs)
[3.125s][info][gc,task      ] GC(10) Using 2 of 24 workers for init marking
[3.126s][info][gc,ergo      ] GC(10) Pacer for Mark. Expected Live: 3683K, Free: 2037K, Non-Taxable: 203K, Alloc Tax Rate: 2.2x
[3.126s][info][gc           ] GC(10) Pause Init Mark (process weakrefs) 1.003ms
[3.126s][info][gc,start     ] GC(10) Concurrent marking (process weakrefs)
[3.126s][info][gc,task      ] GC(10) Using 2 of 24 workers for concurrent marking
[3.150s][info][gc           ] GC(10) Concurrent marking (process weakrefs) 24.093ms
[3.150s][info][gc,start     ] GC(10) Concurrent precleaning
[3.150s][info][gc,task      ] GC(10) Using 1 of 24 workers for concurrent preclean
[3.150s][info][gc,ergo      ] GC(10) Pacer for Precleaning. Non-Taxable: 16384K
[3.151s][info][gc           ] GC(10) Concurrent precleaning 0.961ms
[3.151s][info][gc,start     ] GC(10) Pause Final Mark (process weakrefs)
[3.151s][info][gc,task      ] GC(10) Using 2 of 24 workers for final marking
[3.152s][info][gc,ergo      ] GC(10) Adaptive CSet Selection. Target Free: 2321K, Actual Free: 2048K, Max CSet: 682K, Min Garbage: 273K
[3.152s][info][gc,ergo      ] GC(10) Collectable Garbage: 4224K (57%), Immediate: 0B (0%), CSet: 4224K (57%)
[3.153s][info][gc,ergo      ] GC(10) Pacer for Evacuation. Used CSet: 4864K, Free: 1742K, Non-Taxable: 174K, Alloc Tax Rate: 6.8x
[3.153s][info][gc           ] GC(10) Pause Final Mark (process weakrefs) 1.452ms
[3.153s][info][gc,start     ] GC(10) Concurrent cleanup
[3.153s][info][gc           ] GC(10) Concurrent cleanup 13M->13M(16M) 0.061ms
[3.153s][info][gc,ergo      ] GC(10) Free: 1729K, Max: 256K regular, 1024K humongous, Frag: 0% external, 43% internal; Reserve: 1009K, Max: 256K
[3.153s][info][gc,start     ] GC(10) Concurrent evacuation
[3.153s][info][gc,task      ] GC(10) Using 2 of 24 workers for concurrent evacuation
[3.157s][info][gc           ] GC(10) Concurrent evacuation 4.408ms
[3.157s][info][gc,start     ] GC(10) Pause Init Update Refs
[3.158s][info][gc,ergo      ] GC(10) Pacer for Update Refs. Used: 14776K, Free: 1607K, Non-Taxable: 160K, Alloc Tax Rate: 11.2x
[3.158s][info][gc           ] GC(10) Pause Init Update Refs 0.070ms
[3.158s][info][gc,start     ] GC(10) Concurrent update references
[3.158s][info][gc,task      ] GC(10) Using 2 of 24 workers for concurrent reference update
[3.176s][info][gc           ] GC(10) Concurrent update references 18.885ms
[3.177s][info][gc,start     ] GC(10) Pause Final Update Refs
[3.177s][info][gc,task      ] GC(10) Using 2 of 24 workers for final reference update
[3.177s][info][gc           ] GC(10) Pause Final Update Refs 0.316ms
[3.177s][info][gc,start     ] GC(10) Concurrent cleanup
[3.178s][info][gc           ] GC(10) Concurrent cleanup 14M->10M(16M) 0.683ms
[3.178s][info][gc           ] GC(10) Dat log --- cycle is complete
Current gc epoch: 10
heap: ______
capacity: 16777216
used: 10536760
committed: 16777216
bytes_allocated_since_gc_start: 826248
hot_size: 35393
cold_size: 46467
num_regions: 64
hot_region_count: 4
cold_region_count: 22
histogram: Placeholder

[3.178s][info][gc           ] GC(10) Obj count ac histogram
[3.178s][info][gc           ] GC(10) 	0: 7288
[3.178s][info][gc           ] GC(10) 	1: 0
[3.178s][info][gc           ] GC(10) 	2: 0
[3.178s][info][gc           ] GC(10) 	3: 0
[3.178s][info][gc           ] GC(10) 	4: 0
[3.178s][info][gc           ] GC(10) 	5: 0
[3.178s][info][gc           ] GC(10) 	6: 0
[3.178s][info][gc           ] GC(10) 	7: 0
[3.178s][info][gc           ] GC(10) 	8: 0
[3.178s][info][gc           ] GC(10) 	9: 0
[3.178s][info][gc           ] GC(10) 	10: 0
[3.178s][info][gc           ] GC(10) 	11: 0
[3.178s][info][gc           ] GC(10) 	12: 0
[3.178s][info][gc           ] GC(10) 	13: 1082
[3.178s][info][gc           ] GC(10) 	14: 1647
[3.178s][info][gc           ] GC(10) 	15: 0
[3.178s][info][gc           ] GC(10) 	16: 0
[3.178s][info][gc           ] GC(10) 	17: 0
[3.178s][info][gc           ] GC(10) 	18: 0
[3.178s][info][gc           ] GC(10) 	19: 0
[3.178s][info][gc           ] GC(10) Obj size ac histogram
[3.178s][info][gc           ] GC(10) 	0: 44343
[3.178s][info][gc           ] GC(10) 	1: 0
[3.178s][info][gc           ] GC(10) 	2: 0
[3.178s][info][gc           ] GC(10) 	3: 0
[3.178s][info][gc           ] GC(10) 	4: 0
[3.178s][info][gc           ] GC(10) 	5: 0
[3.178s][info][gc           ] GC(10) 	6: 0
[3.178s][info][gc           ] GC(10) 	7: 0
[3.178s][info][gc           ] GC(10) 	8: 0
[3.178s][info][gc           ] GC(10) 	9: 0
[3.178s][info][gc           ] GC(10) 	10: 0
[3.178s][info][gc           ] GC(10) 	11: 0
[3.178s][info][gc           ] GC(10) 	12: 0
[3.178s][info][gc           ] GC(10) 	13: 9541
[3.178s][info][gc           ] GC(10) 	14: 25564
[3.178s][info][gc           ] GC(10) 	15: 0
[3.178s][info][gc           ] GC(10) 	16: 0
[3.178s][info][gc           ] GC(10) 	17: 0
[3.178s][info][gc           ] GC(10) 	18: 0
[3.178s][info][gc           ] GC(10) 	19: 0
[3.178s][info][gc,ergo      ] Free: 5070K, Max: 256K regular, 2560K humongous, Frag: 42% external, 23% internal; Reserve: 1024K, Max: 256K
[3.178s][info][gc,stats     ] 
[3.178s][info][gc,stats     ] All times are wall-clock times, except per-root-class counters, that are sum over
[3.178s][info][gc,stats     ] all workers. Dividing the <total> over the root stage time estimates parallelism.
[3.178s][info][gc,stats     ] 
[3.178s][info][gc,stats     ] Concurrent Reset                    167 us
[3.178s][info][gc,stats     ] Pause Init Mark (G)                1434 us
[3.178s][info][gc,stats     ] Pause Init Mark (N)                 961 us
[3.178s][info][gc,stats     ]   Accumulate Stats                    5 us
[3.178s][info][gc,stats     ]   Make Parsable                      27 us
[3.178s][info][gc,stats     ]   Update Region States                2 us
[3.178s][info][gc,stats     ]   Scan Roots                        812 us, parallelism: 1.45x
[3.178s][info][gc,stats     ]     S: <total>                     1174 us
[3.178s][info][gc,stats     ]     S: Thread Roots                 434 us, workers (us):   1, 433, ---, ---, ---, ---, ---, ---, ---, ---, ---, ---, ---, ---, ---, ---, ---, ---, ---, ---, ---, ---, ---, ---, 
[3.178s][info][gc,stats     ]     S: Universe Roots                11 us, workers (us):  11, ---, ---, ---, ---, ---, ---, ---, ---, ---, ---, ---, ---, ---, ---, ---, ---, ---, ---, ---, ---, ---, ---, ---, 
[3.178s][info][gc,stats     ]     S: JNI Handles Roots              2 us, workers (us):   2, ---, ---, ---, ---, ---, ---, ---, ---, ---, ---, ---, ---, ---, ---, ---, ---, ---, ---, ---, ---, ---, ---, ---, 
[3.178s][info][gc,stats     ]     S: Synchronizer Roots             0 us, workers (us):   0, ---, ---, ---, ---, ---, ---, ---, ---, ---, ---, ---, ---, ---, ---, ---, ---, ---, ---, ---, ---, ---, ---, ---, 
[3.178s][info][gc,stats     ]     S: Management Roots               1 us, workers (us):   1, ---, ---, ---, ---, ---, ---, ---, ---, ---, ---, ---, ---, ---, ---, ---, ---, ---, ---, ---, ---, ---, ---, ---, 
[3.178s][info][gc,stats     ]     S: System Dict Roots             14 us, workers (us):  14, ---, ---, ---, ---, ---, ---, ---, ---, ---, ---, ---, ---, ---, ---, ---, ---, ---, ---, ---, ---, ---, ---, ---, 
[3.178s][info][gc,stats     ]     S: CLDG Roots                   711 us, workers (us): 711, ---, ---, ---, ---, ---, ---, ---, ---, ---, ---, ---, ---, ---, ---, ---, ---, ---, ---, ---, ---, ---, ---, ---, 
[3.179s][info][gc,stats     ]     S: JVMTI Roots                    0 us, workers (us):   0, ---, ---, ---, ---, ---, ---, ---, ---, ---, ---, ---, ---, ---, ---, ---, ---, ---, ---, ---, ---, ---, ---, ---, 
[3.179s][info][gc,stats     ]   Resize TLABs                        4 us
[3.179s][info][gc,stats     ] Concurrent Marking                24041 us
[3.179s][info][gc,stats     ] Concurrent Precleaning              942 us
[3.179s][info][gc,stats     ] Pause Final Mark (G)               1703 us
[3.179s][info][gc,stats     ] Pause Final Mark (N)               1412 us
[3.179s][info][gc,stats     ]   Finish Queues                      92 us
[3.179s][info][gc,stats     ]   Weak References                   438 us
[3.179s][info][gc,stats     ]     Process                         430 us
[3.179s][info][gc,stats     ]   System Purge                      164 us
[3.179s][info][gc,stats     ]     Weak Roots                      164 us
[3.179s][info][gc,stats     ]   Update Region States                1 us
[3.179s][info][gc,stats     ]   Retire TLABs                       10 us
[3.179s][info][gc,stats     ]   Choose Collection Set              23 us
[3.179s][info][gc,stats     ]   Rebuild Free Set                    2 us
[3.179s][info][gc,stats     ]   Initial Evacuation                663 us, parallelism: 0.89x
[3.179s][info][gc,stats     ]     E: <total>                      591 us
[3.179s][info][gc,stats     ]     E: Thread Roots                 429 us, workers (us): 412,  17, ---, ---, ---, ---, ---, ---, ---, ---, ---, ---, ---, ---, ---, ---, ---, ---, ---, ---, ---, ---, ---, ---, 
[3.179s][info][gc,stats     ]     E: Code Cache Roots               1 us, workers (us):   1,   0, ---, ---, ---, ---, ---, ---, ---, ---, ---, ---, ---, ---, ---, ---, ---, ---, ---, ---, ---, ---, ---, ---, 
[3.179s][info][gc,stats     ]     E: Universe Roots                20 us, workers (us):  20, ---, ---, ---, ---, ---, ---, ---, ---, ---, ---, ---, ---, ---, ---, ---, ---, ---, ---, ---, ---, ---, ---, ---, 
[3.179s][info][gc,stats     ]     E: JNI Handles Roots             11 us, workers (us): ---,  11, ---, ---, ---, ---, ---, ---, ---, ---, ---, ---, ---, ---, ---, ---, ---, ---, ---, ---, ---, ---, ---, ---, 
[3.179s][info][gc,stats     ]     E: Synchronizer Roots             0 us, workers (us):   0, ---, ---, ---, ---, ---, ---, ---, ---, ---, ---, ---, ---, ---, ---, ---, ---, ---, ---, ---, ---, ---, ---, ---, 
[3.179s][info][gc,stats     ]     E: Management Roots               2 us, workers (us):   2, ---, ---, ---, ---, ---, ---, ---, ---, ---, ---, ---, ---, ---, ---, ---, ---, ---, ---, ---, ---, ---, ---, ---, 
[3.179s][info][gc,stats     ]     E: System Dict Roots             13 us, workers (us):  13, ---, ---, ---, ---, ---, ---, ---, ---, ---, ---, ---, ---, ---, ---, ---, ---, ---, ---, ---, ---, ---, ---, ---, 
[3.179s][info][gc,stats     ]     E: CLDG Roots                   115 us, workers (us): ---, 115, ---, ---, ---, ---, ---, ---, ---, ---, ---, ---, ---, ---, ---, ---, ---, ---, ---, ---, ---, ---, ---, ---, 
[3.179s][info][gc,stats     ]     E: JVMTI Roots                    0 us, workers (us): ---,   0, ---, ---, ---, ---, ---, ---, ---, ---, ---, ---, ---, ---, ---, ---, ---, ---, ---, ---, ---, ---, ---, ---, 
[3.179s][info][gc,stats     ] Concurrent Cleanup                    7 us
[3.179s][info][gc,stats     ] Concurrent Evacuation              4382 us
[3.179s][info][gc,stats     ] Pause Init  Update Refs (G)         313 us
[3.179s][info][gc,stats     ] Pause Init  Update Refs (N)          54 us
[3.179s][info][gc,stats     ]   Retire GCLABs                      45 us
[3.179s][info][gc,stats     ] Concurrent Update Refs            18857 us
[3.179s][info][gc,stats     ] Pause Final Update Refs (G)         571 us
[3.179s][info][gc,stats     ] Pause Final Update Refs (N)         299 us
[3.179s][info][gc,stats     ]   Update Roots                      282 us, parallelism: 0.85x
[3.179s][info][gc,stats     ]     UR: <total>                     239 us
[3.179s][info][gc,stats     ]     UR: Thread Roots                239 us, workers (us): 211,  29, ---, ---, ---, ---, ---, ---, ---, ---, ---, ---, ---, ---, ---, ---, ---, ---, ---, ---, ---, ---, ---, ---, 
[3.179s][info][gc,stats     ]   Update Region States                2 us
[3.179s][info][gc,stats     ]   Trash Collection Set                3 us
[3.179s][info][gc,stats     ]   Rebuild Free Set                    4 us
[3.179s][info][gc,stats     ] Concurrent Cleanup                  660 us
[3.179s][info][gc,stats     ] Pacing                            11179 us
[3.179s][info][gc,stats     ] 
[3.179s][info][gc,stats     ] Allocation pacing accrued:
[3.179s][info][gc,stats     ]      11 of   164 ms (  6.8%): main
[3.179s][info][gc,stats     ]      11 of   164 ms (  6.8%): <total>
[3.179s][info][gc,stats     ]       2 of   164 ms (  1.1%): <average total>
[3.179s][info][gc,stats     ]      11 of   164 ms (  6.8%): <average non-zero>
[3.179s][info][gc,stats     ] 
[3.179s][info][gc,metaspace ] Metaspace: 12968K->12968K(1060864K)
[3.179s][info][gc,ergo      ] Pacer for Idle. Initial: 327K, Alloc Tax Rate: 1.0x
[3.315s][info][gc           ] Trigger: Average GC time (48.04 ms) is above the time for allocation rate (21636 KB/s) to deplete free headroom (935K)
[3.315s][info][gc,ergo      ] Free headroom: 1754K (free) - 819K (spike) - 0B (penalties) = 935K
[3.315s][info][gc,ergo      ] Free: 1754K, Max: 256K regular, 512K humongous, Frag: 50% external, 51% internal; Reserve: 1024K, Max: 256K
[3.315s][info][gc,start     ] GC(11) Concurrent reset
[3.315s][info][gc,task      ] GC(11) Using 2 of 24 workers for concurrent reset
[3.315s][info][gc,ergo      ] GC(11) Pacer for Reset. Non-Taxable: 16384K
[3.315s][info][gc           ] GC(11) Concurrent reset 0.198ms
[3.315s][info][gc,start     ] GC(11) Pause Init Mark
[3.315s][info][gc,task      ] GC(11) Using 2 of 24 workers for init marking
[3.316s][info][gc,ergo      ] GC(11) Pacer for Mark. Expected Live: 4275K, Free: 1754K, Non-Taxable: 175K, Alloc Tax Rate: 3.0x
[3.316s][info][gc           ] GC(11) Pause Init Mark 0.937ms
[3.316s][info][gc,start     ] GC(11) Concurrent marking
[3.316s][info][gc,task      ] GC(11) Using 2 of 24 workers for concurrent marking
[3.336s][info][gc           ] GC(11) Concurrent marking 19.841ms
[3.336s][info][gc,start     ] GC(11) Pause Final Mark
[3.336s][info][gc,task      ] GC(11) Using 2 of 24 workers for final marking
[3.337s][info][gc,ergo      ] GC(11) Adaptive CSet Selection. Target Free: 2321K, Actual Free: 1792K, Max CSet: 682K, Min Garbage: 529K
[3.337s][info][gc,ergo      ] GC(11) Collectable Garbage: 4169K (58%), Immediate: 0B (0%), CSet: 4169K (58%)
[3.337s][info][gc,ergo      ] GC(11) Pacer for Evacuation. Used CSet: 4851K, Free: 1526K, Non-Taxable: 152K, Alloc Tax Rate: 7.8x
[3.337s][info][gc           ] GC(11) Pause Final Mark 1.095ms
[3.337s][info][gc,start     ] GC(11) Concurrent cleanup
[3.337s][info][gc           ] GC(11) Concurrent cleanup 13M->13M(16M) 0.019ms
[3.337s][info][gc,ergo      ] GC(11) Free: 1526K, Max: 256K regular, 256K humongous, Frag: 67% external, 50% internal; Reserve: 1003K, Max: 256K
[3.337s][info][gc,start     ] GC(11) Concurrent evacuation
[3.337s][info][gc,task      ] GC(11) Using 2 of 24 workers for concurrent evacuation
[3.340s][info][gc           ] GC(11) Concurrent evacuation 2.964ms
[3.340s][info][gc,start     ] GC(11) Pause Init Update Refs
[3.341s][info][gc,ergo      ] GC(11) Pacer for Update Refs. Used: 14637K, Free: 1526K, Non-Taxable: 152K, Alloc Tax Rate: 11.7x
[3.341s][info][gc           ] GC(11) Pause Init Update Refs 0.073ms
[3.341s][info][gc,start     ] GC(11) Concurrent update references
[3.341s][info][gc,task      ] GC(11) Using 2 of 24 workers for concurrent reference update
[3.355s][info][gc           ] GC(11) Concurrent update references 14.065ms
[3.355s][info][gc,start     ] GC(11) Pause Final Update Refs
[3.355s][info][gc,task      ] GC(11) Using 2 of 24 workers for final reference update
[3.355s][info][gc           ] GC(11) Pause Final Update Refs 0.169ms
[3.355s][info][gc,start     ] GC(11) Concurrent cleanup
[3.356s][info][gc           ] GC(11) Concurrent cleanup 14M->9M(16M) 0.535ms
[3.356s][info][gc           ] GC(11) Dat log --- cycle is complete
Current gc epoch: 11
heap: ______
capacity: 16777216
used: 10282920
committed: 16777216
bytes_allocated_since_gc_start: 482848
hot_size: 19039
cold_size: 68190
num_regions: 64
hot_region_count: 4
cold_region_count: 25
histogram: Placeholder

[3.356s][info][gc           ] GC(11) Obj count ac histogram
[3.356s][info][gc           ] GC(11) 	0: 8867
[3.356s][info][gc           ] GC(11) 	1: 0
[3.356s][info][gc           ] GC(11) 	2: 0
[3.356s][info][gc           ] GC(11) 	3: 0
[3.356s][info][gc           ] GC(11) 	4: 0
[3.356s][info][gc           ] GC(11) 	5: 0
[3.356s][info][gc           ] GC(11) 	6: 0
[3.356s][info][gc           ] GC(11) 	7: 0
[3.356s][info][gc           ] GC(11) 	8: 0
[3.356s][info][gc           ] GC(11) 	9: 0
[3.356s][info][gc           ] GC(11) 	10: 0
[3.356s][info][gc           ] GC(11) 	11: 0
[3.356s][info][gc           ] GC(11) 	12: 0
[3.356s][info][gc           ] GC(11) 	13: 975
[3.356s][info][gc           ] GC(11) 	14: 758
[3.356s][info][gc           ] GC(11) 	15: 0
[3.356s][info][gc           ] GC(11) 	16: 0
[3.356s][info][gc           ] GC(11) 	17: 0
[3.356s][info][gc           ] GC(11) 	18: 0
[3.356s][info][gc           ] GC(11) 	19: 0
[3.356s][info][gc           ] GC(11) Obj size ac histogram
[3.356s][info][gc           ] GC(11) 	0: 62226
[3.356s][info][gc           ] GC(11) 	1: 0
[3.356s][info][gc           ] GC(11) 	2: 0
[3.356s][info][gc           ] GC(11) 	3: 0
[3.356s][info][gc           ] GC(11) 	4: 0
[3.356s][info][gc           ] GC(11) 	5: 0
[3.356s][info][gc           ] GC(11) 	6: 0
[3.356s][info][gc           ] GC(11) 	7: 0
[3.356s][info][gc           ] GC(11) 	8: 0
[3.356s][info][gc           ] GC(11) 	9: 0
[3.356s][info][gc           ] GC(11) 	10: 0
[3.356s][info][gc           ] GC(11) 	11: 0
[3.356s][info][gc           ] GC(11) 	12: 0
[3.356s][info][gc           ] GC(11) 	13: 10600
[3.356s][info][gc           ] GC(11) 	14: 8328
[3.356s][info][gc           ] GC(11) 	15: 0
[3.356s][info][gc           ] GC(11) 	16: 0
[3.356s][info][gc           ] GC(11) 	17: 0
[3.356s][info][gc           ] GC(11) 	18: 0
[3.356s][info][gc           ] GC(11) 	19: 0
[3.356s][info][gc,ergo      ] Free: 5318K, Max: 256K regular, 2048K humongous, Frag: 53% external, 25% internal; Reserve: 1024K, Max: 256K
[3.356s][info][gc,stats     ] 
[3.356s][info][gc,stats     ] All times are wall-clock times, except per-root-class counters, that are sum over
[3.356s][info][gc,stats     ] all workers. Dividing the <total> over the root stage time estimates parallelism.
[3.356s][info][gc,stats     ] 
[3.356s][info][gc,stats     ] Concurrent Reset                    181 us
[3.356s][info][gc,stats     ] Pause Init Mark (G)                1202 us
[3.356s][info][gc,stats     ] Pause Init Mark (N)                 919 us
[3.356s][info][gc,stats     ]   Accumulate Stats                    3 us
[3.356s][info][gc,stats     ]   Make Parsable                      14 us
[3.356s][info][gc,stats     ]   Update Region States                1 us
[3.356s][info][gc,stats     ]   Scan Roots                        837 us, parallelism: 1.64x
[3.356s][info][gc,stats     ]     S: <total>                     1369 us
[3.356s][info][gc,stats     ]     S: Thread Roots                 570 us, workers (us):   1, 569, ---, ---, ---, ---, ---, ---, ---, ---, ---, ---, ---, ---, ---, ---, ---, ---, ---, ---, ---, ---, ---, ---, 
[3.356s][info][gc,stats     ]     S: Universe Roots                13 us, workers (us):  13, ---, ---, ---, ---, ---, ---, ---, ---, ---, ---, ---, ---, ---, ---, ---, ---, ---, ---, ---, ---, ---, ---, ---, 
[3.356s][info][gc,stats     ]     S: JNI Handles Roots              3 us, workers (us):   3, ---, ---, ---, ---, ---, ---, ---, ---, ---, ---, ---, ---, ---, ---, ---, ---, ---, ---, ---, ---, ---, ---, ---, 
[3.356s][info][gc,stats     ]     S: Synchronizer Roots             0 us, workers (us): ---,   0, ---, ---, ---, ---, ---, ---, ---, ---, ---, ---, ---, ---, ---, ---, ---, ---, ---, ---, ---, ---, ---, ---, 
[3.356s][info][gc,stats     ]     S: Management Roots               1 us, workers (us): ---,   1, ---, ---, ---, ---, ---, ---, ---, ---, ---, ---, ---, ---, ---, ---, ---, ---, ---, ---, ---, ---, ---, ---, 
[3.356s][info][gc,stats     ]     S: System Dict Roots             12 us, workers (us): ---,  12, ---, ---, ---, ---, ---, ---, ---, ---, ---, ---, ---, ---, ---, ---, ---, ---, ---, ---, ---, ---, ---, ---, 
[3.356s][info][gc,stats     ]     S: CLDG Roots                   768 us, workers (us): 768, ---, ---, ---, ---, ---, ---, ---, ---, ---, ---, ---, ---, ---, ---, ---, ---, ---, ---, ---, ---, ---, ---, ---, 
[3.356s][info][gc,stats     ]     S: JVMTI Roots                    0 us, workers (us):   0, ---, ---, ---, ---, ---, ---, ---, ---, ---, ---, ---, ---, ---, ---, ---, ---, ---, ---, ---, ---, ---, ---, ---, 
[3.356s][info][gc,stats     ]   Resize TLABs                        3 us
[3.356s][info][gc,stats     ] Concurrent Marking                19823 us
[3.356s][info][gc,stats     ] Pause Final Mark (G)               1189 us
[3.356s][info][gc,stats     ] Pause Final Mark (N)               1077 us
[3.356s][info][gc,stats     ]   Finish Queues                      76 us
[3.356s][info][gc,stats     ]   System Purge                      218 us
[3.356s][info][gc,stats     ]     Weak Roots                      217 us
[3.356s][info][gc,stats     ]   Update Region States                2 us
[3.356s][info][gc,stats     ]   Retire TLABs                        4 us
[3.356s][info][gc,stats     ]   Choose Collection Set              36 us
[3.356s][info][gc,stats     ]   Rebuild Free Set                    4 us
[3.356s][info][gc,stats     ]   Initial Evacuation                723 us, parallelism: 0.98x
[3.356s][info][gc,stats     ]     E: <total>                      706 us
[3.356s][info][gc,stats     ]     E: Thread Roots                 536 us, workers (us):  20, 516, ---, ---, ---, ---, ---, ---, ---, ---, ---, ---, ---, ---, ---, ---, ---, ---, ---, ---, ---, ---, ---, ---, 
[3.356s][info][gc,stats     ]     E: Code Cache Roots               1 us, workers (us):   0,   0, ---, ---, ---, ---, ---, ---, ---, ---, ---, ---, ---, ---, ---, ---, ---, ---, ---, ---, ---, ---, ---, ---, 
[3.356s][info][gc,stats     ]     E: Universe Roots                 2 us, workers (us):   2, ---, ---, ---, ---, ---, ---, ---, ---, ---, ---, ---, ---, ---, ---, ---, ---, ---, ---, ---, ---, ---, ---, ---, 
[3.356s][info][gc,stats     ]     E: JNI Handles Roots              2 us, workers (us): ---,   2, ---, ---, ---, ---, ---, ---, ---, ---, ---, ---, ---, ---, ---, ---, ---, ---, ---, ---, ---, ---, ---, ---, 
[3.356s][info][gc,stats     ]     E: Synchronizer Roots             0 us, workers (us):   0, ---, ---, ---, ---, ---, ---, ---, ---, ---, ---, ---, ---, ---, ---, ---, ---, ---, ---, ---, ---, ---, ---, ---, 
[3.356s][info][gc,stats     ]     E: Management Roots               1 us, workers (us):   1, ---, ---, ---, ---, ---, ---, ---, ---, ---, ---, ---, ---, ---, ---, ---, ---, ---, ---, ---, ---, ---, ---, ---, 
[3.356s][info][gc,stats     ]     E: System Dict Roots             10 us, workers (us):  10, ---, ---, ---, ---, ---, ---, ---, ---, ---, ---, ---, ---, ---, ---, ---, ---, ---, ---, ---, ---, ---, ---, ---, 
[3.356s][info][gc,stats     ]     E: CLDG Roots                   154 us, workers (us): 154, ---, ---, ---, ---, ---, ---, ---, ---, ---, ---, ---, ---, ---, ---, ---, ---, ---, ---, ---, ---, ---, ---, ---, 
[3.356s][info][gc,stats     ]     E: JVMTI Roots                    1 us, workers (us): ---,   1, ---, ---, ---, ---, ---, ---, ---, ---, ---, ---, ---, ---, ---, ---, ---, ---, ---, ---, ---, ---, ---, ---, 
[3.356s][info][gc,stats     ] Concurrent Cleanup                    3 us
[3.356s][info][gc,stats     ] Concurrent Evacuation              2951 us
[3.356s][info][gc,stats     ] Pause Init  Update Refs (G)         231 us
[3.356s][info][gc,stats     ] Pause Init  Update Refs (N)          34 us
[3.356s][info][gc,stats     ]   Retire GCLABs                      22 us
[3.356s][info][gc,stats     ] Concurrent Update Refs            14045 us
[3.356s][info][gc,stats     ] Pause Final Update Refs (G)         357 us
[3.356s][info][gc,stats     ] Pause Final Update Refs (N)         148 us
[3.356s][info][gc,stats     ]   Update Roots                      128 us, parallelism: 1.20x
[3.356s][info][gc,stats     ]     UR: <total>                     154 us
[3.356s][info][gc,stats     ]     UR: Thread Roots                154 us, workers (us): 109,  44, ---, ---, ---, ---, ---, ---, ---, ---, ---, ---, ---, ---, ---, ---, ---, ---, ---, ---, ---, ---, ---, ---, 
[3.356s][info][gc,stats     ]   Update Region States                2 us
[3.356s][info][gc,stats     ]   Trash Collection Set                3 us
[3.356s][info][gc,stats     ]   Rebuild Free Set                    4 us
[3.356s][info][gc,stats     ] Concurrent Cleanup                  521 us
[3.356s][info][gc,stats     ] Pacing                            21164 us
[3.356s][info][gc,stats     ] 
[3.356s][info][gc,stats     ] Allocation pacing accrued:
[3.356s][info][gc,stats     ]      21 of   177 ms ( 11.9%): main
[3.356s][info][gc,stats     ]      21 of   177 ms ( 11.9%): <total>
[3.356s][info][gc,stats     ]       4 of   177 ms (  2.0%): <average total>
[3.356s][info][gc,stats     ]      21 of   177 ms ( 11.9%): <average non-zero>
[3.356s][info][gc,stats     ] 
[3.356s][info][gc,metaspace ] Metaspace: 13126K->13126K(1060864K)
[3.356s][info][gc,ergo      ] Pacer for Idle. Initial: 327K, Alloc Tax Rate: 1.0x
[3.484s][info][gc           ] Trigger: Average GC time (46.94 ms) is above the time for allocation rate (23363 KB/s) to deplete free headroom (1016K)
[3.484s][info][gc,ergo      ] Free headroom: 1835K (free) - 819K (spike) - 0B (penalties) = 1016K
[3.484s][info][gc,ergo      ] Free: 1835K, Max: 256K regular, 768K humongous, Frag: 0% external, 48% internal; Reserve: 1024K, Max: 256K
[3.484s][info][gc,start     ] GC(12) Concurrent reset
[3.484s][info][gc,task      ] GC(12) Using 2 of 24 workers for concurrent reset
[3.484s][info][gc,ergo      ] GC(12) Pacer for Reset. Non-Taxable: 16384K
[3.484s][info][gc           ] GC(12) Concurrent reset 0.161ms
[3.484s][info][gc,start     ] GC(12) Pause Init Mark
[3.484s][info][gc,task      ] GC(12) Using 2 of 24 workers for init marking
[3.486s][info][gc,ergo      ] GC(12) Pacer for Mark. Expected Live: 4941K, Free: 1835K, Non-Taxable: 183K, Alloc Tax Rate: 3.3x
[3.486s][info][gc           ] GC(12) Pause Init Mark 1.882ms
[3.486s][info][gc,start     ] GC(12) Concurrent marking
[3.486s][info][gc,task      ] GC(12) Using 2 of 24 workers for concurrent marking
[3.517s][info][gc           ] GC(12) Concurrent marking 31.062ms
[3.518s][info][gc,start     ] GC(12) Pause Final Mark
[3.518s][info][gc,task      ] GC(12) Using 2 of 24 workers for final marking
[3.518s][info][gc,ergo      ] GC(12) Adaptive CSet Selection. Target Free: 2321K, Actual Free: 1536K, Max CSet: 682K, Min Garbage: 785K
[3.518s][info][gc,ergo      ] GC(12) Collectable Garbage: 3744K (56%), Immediate: 0B (0%), CSet: 3744K (56%)
[3.519s][info][gc,ergo      ] GC(12) Pacer for Evacuation. Used CSet: 4352K, Free: 1574K, Non-Taxable: 157K, Alloc Tax Rate: 6.8x
[3.519s][info][gc           ] GC(12) Pause Final Mark 1.191ms
[3.519s][info][gc,start     ] GC(12) Concurrent cleanup
[3.519s][info][gc           ] GC(12) Concurrent cleanup 13M->13M(16M) 0.025ms
[3.519s][info][gc,ergo      ] GC(12) Free: 1468K, Max: 256K regular, 512K humongous, Frag: 0% external, 55% internal; Reserve: 999K, Max: 256K
[3.519s][info][gc,start     ] GC(12) Concurrent evacuation
[3.519s][info][gc,task      ] GC(12) Using 2 of 24 workers for concurrent evacuation
[3.523s][info][gc           ] GC(12) Concurrent evacuation 3.604ms
[3.523s][info][gc,start     ] GC(12) Pause Init Update Refs
[3.523s][info][gc,ergo      ] GC(12) Pacer for Update Refs. Used: 14659K, Free: 1468K, Non-Taxable: 146K, Alloc Tax Rate: 12.2x
[3.523s][info][gc           ] GC(12) Pause Init Update Refs 0.077ms
[3.523s][info][gc,start     ] GC(12) Concurrent update references
[3.523s][info][gc,task      ] GC(12) Using 2 of 24 workers for concurrent reference update
[3.541s][info][gc           ] GC(12) Concurrent update references 18.504ms
[3.542s][info][gc,start     ] GC(12) Pause Final Update Refs
[3.542s][info][gc,task      ] GC(12) Using 2 of 24 workers for final reference update
[3.542s][info][gc           ] GC(12) Pause Final Update Refs 0.291ms
[3.542s][info][gc,start     ] GC(12) Concurrent cleanup
[3.543s][info][gc           ] GC(12) Concurrent cleanup 14M->10M(16M) 0.611ms
[3.543s][info][gc           ] GC(12) Dat log --- cycle is complete
Current gc epoch: 12
heap: ______
capacity: 16777216
used: 11079528
committed: 16777216
bytes_allocated_since_gc_start: 900472
hot_size: 23169
cold_size: 54592
num_regions: 64
hot_region_count: 4
cold_region_count: 27
histogram: Placeholder

[3.543s][info][gc           ] GC(12) Obj count ac histogram
[3.543s][info][gc           ] GC(12) 	0: 7946
[3.543s][info][gc           ] GC(12) 	1: 0
[3.543s][info][gc           ] GC(12) 	2: 0
[3.543s][info][gc           ] GC(12) 	3: 0
[3.543s][info][gc           ] GC(12) 	4: 0
[3.543s][info][gc           ] GC(12) 	5: 0
[3.543s][info][gc           ] GC(12) 	6: 0
[3.543s][info][gc           ] GC(12) 	7: 0
[3.543s][info][gc           ] GC(12) 	8: 0
[3.543s][info][gc           ] GC(12) 	9: 0
[3.543s][info][gc           ] GC(12) 	10: 0
[3.543s][info][gc           ] GC(12) 	11: 0
[3.543s][info][gc           ] GC(12) 	12: 0
[3.543s][info][gc           ] GC(12) 	13: 272
[3.543s][info][gc           ] GC(12) 	14: 1491
[3.543s][info][gc           ] GC(12) 	15: 0
[3.543s][info][gc           ] GC(12) 	16: 0
[3.543s][info][gc           ] GC(12) 	17: 0
[3.543s][info][gc           ] GC(12) 	18: 0
[3.543s][info][gc           ] GC(12) 	19: 0
[3.543s][info][gc           ] GC(12) Obj size ac histogram
[3.543s][info][gc           ] GC(12) 	0: 51538
[3.543s][info][gc           ] GC(12) 	1: 0
[3.543s][info][gc           ] GC(12) 	2: 0
[3.543s][info][gc           ] GC(12) 	3: 0
[3.543s][info][gc           ] GC(12) 	4: 0
[3.543s][info][gc           ] GC(12) 	5: 0
[3.543s][info][gc           ] GC(12) 	6: 0
[3.543s][info][gc           ] GC(12) 	7: 0
[3.543s][info][gc           ] GC(12) 	8: 0
[3.543s][info][gc           ] GC(12) 	9: 0
[3.543s][info][gc           ] GC(12) 	10: 0
[3.543s][info][gc           ] GC(12) 	11: 0
[3.543s][info][gc           ] GC(12) 	12: 0
[3.543s][info][gc           ] GC(12) 	13: 3785
[3.543s][info][gc           ] GC(12) 	14: 19172
[3.543s][info][gc           ] GC(12) 	15: 0
[3.543s][info][gc           ] GC(12) 	16: 0
[3.543s][info][gc           ] GC(12) 	17: 0
[3.543s][info][gc           ] GC(12) 	18: 0
[3.543s][info][gc           ] GC(12) 	19: 0
[3.543s][info][gc,ergo      ] Free: 4540K, Max: 256K regular, 2048K humongous, Frag: 39% external, 29% internal; Reserve: 1024K, Max: 256K
[3.543s][info][gc,stats     ] 
[3.543s][info][gc,stats     ] All times are wall-clock times, except per-root-class counters, that are sum over
[3.543s][info][gc,stats     ] all workers. Dividing the <total> over the root stage time estimates parallelism.
[3.543s][info][gc,stats     ] 
[3.543s][info][gc,stats     ] Concurrent Reset                    151 us
[3.543s][info][gc,stats     ] Pause Init Mark (G)                2126 us
[3.543s][info][gc,stats     ] Pause Init Mark (N)                1865 us
[3.543s][info][gc,stats     ]   Accumulate Stats                    3 us
[3.543s][info][gc,stats     ]   Make Parsable                      12 us
[3.543s][info][gc,stats     ]   Update Region States                1 us
[3.543s][info][gc,stats     ]   Scan Roots                       1767 us, parallelism: 1.34x
[3.543s][info][gc,stats     ]     S: <total>                     2376 us
[3.543s][info][gc,stats     ]     S: Thread Roots                1663 us, workers (us):  31, 1632, ---, ---, ---, ---, ---, ---, ---, ---, ---, ---, ---, ---, ---, ---, ---, ---, ---, ---, ---, ---, ---, ---, 
[3.543s][info][gc,stats     ]     S: Universe Roots                11 us, workers (us):  11, ---, ---, ---, ---, ---, ---, ---, ---, ---, ---, ---, ---, ---, ---, ---, ---, ---, ---, ---, ---, ---, ---, ---, 
[3.543s][info][gc,stats     ]     S: JNI Handles Roots              2 us, workers (us):   2, ---, ---, ---, ---, ---, ---, ---, ---, ---, ---, ---, ---, ---, ---, ---, ---, ---, ---, ---, ---, ---, ---, ---, 
[3.543s][info][gc,stats     ]     S: Synchronizer Roots             1 us, workers (us): ---,   1, ---, ---, ---, ---, ---, ---, ---, ---, ---, ---, ---, ---, ---, ---, ---, ---, ---, ---, ---, ---, ---, ---, 
[3.543s][info][gc,stats     ]     S: Management Roots               2 us, workers (us): ---,   2, ---, ---, ---, ---, ---, ---, ---, ---, ---, ---, ---, ---, ---, ---, ---, ---, ---, ---, ---, ---, ---, ---, 
[3.543s][info][gc,stats     ]     S: System Dict Roots             21 us, workers (us): ---,  21, ---, ---, ---, ---, ---, ---, ---, ---, ---, ---, ---, ---, ---, ---, ---, ---, ---, ---, ---, ---, ---, ---, 
[3.543s][info][gc,stats     ]     S: CLDG Roots                   676 us, workers (us): 676, ---, ---, ---, ---, ---, ---, ---, ---, ---, ---, ---, ---, ---, ---, ---, ---, ---, ---, ---, ---, ---, ---, ---, 
[3.543s][info][gc,stats     ]     S: JVMTI Roots                    0 us, workers (us):   0, ---, ---, ---, ---, ---, ---, ---, ---, ---, ---, ---, ---, ---, ---, ---, ---, ---, ---, ---, ---, ---, ---, ---, 
[3.543s][info][gc,stats     ]   Resize TLABs                        4 us
[3.543s][info][gc,stats     ] Concurrent Marking                31038 us
[3.543s][info][gc,stats     ] Pause Final Mark (G)               1345 us
[3.543s][info][gc,stats     ] Pause Final Mark (N)               1168 us
[3.543s][info][gc,stats     ]   Finish Queues                      38 us
[3.543s][info][gc,stats     ]   System Purge                      228 us
[3.543s][info][gc,stats     ]     Weak Roots                      227 us
[3.543s][info][gc,stats     ]   Update Region States                3 us
[3.543s][info][gc,stats     ]   Retire TLABs                       12 us
[3.543s][info][gc,stats     ]   Choose Collection Set              46 us
[3.543s][info][gc,stats     ]   Rebuild Free Set                    5 us
[3.543s][info][gc,stats     ]   Initial Evacuation                821 us, parallelism: 1.08x
[3.543s][info][gc,stats     ]     E: <total>                      890 us
[3.543s][info][gc,stats     ]     E: Thread Roots                 575 us, workers (us):  27, 548, ---, ---, ---, ---, ---, ---, ---, ---, ---, ---, ---, ---, ---, ---, ---, ---, ---, ---, ---, ---, ---, ---, 
[3.543s][info][gc,stats     ]     E: Code Cache Roots               1 us, workers (us):   0,   1, ---, ---, ---, ---, ---, ---, ---, ---, ---, ---, ---, ---, ---, ---, ---, ---, ---, ---, ---, ---, ---, ---, 
[3.543s][info][gc,stats     ]     E: Universe Roots                 4 us, workers (us):   4, ---, ---, ---, ---, ---, ---, ---, ---, ---, ---, ---, ---, ---, ---, ---, ---, ---, ---, ---, ---, ---, ---, ---, 
[3.543s][info][gc,stats     ]     E: JNI Handles Roots              2 us, workers (us): ---,   2, ---, ---, ---, ---, ---, ---, ---, ---, ---, ---, ---, ---, ---, ---, ---, ---, ---, ---, ---, ---, ---, ---, 
[3.543s][info][gc,stats     ]     E: Synchronizer Roots             0 us, workers (us):   0, ---, ---, ---, ---, ---, ---, ---, ---, ---, ---, ---, ---, ---, ---, ---, ---, ---, ---, ---, ---, ---, ---, ---, 
[3.543s][info][gc,stats     ]     E: Management Roots               1 us, workers (us):   1, ---, ---, ---, ---, ---, ---, ---, ---, ---, ---, ---, ---, ---, ---, ---, ---, ---, ---, ---, ---, ---, ---, ---, 
[3.543s][info][gc,stats     ]     E: System Dict Roots              8 us, workers (us):   8, ---, ---, ---, ---, ---, ---, ---, ---, ---, ---, ---, ---, ---, ---, ---, ---, ---, ---, ---, ---, ---, ---, ---, 
[3.544s][info][gc,stats     ]     E: CLDG Roots                   299 us, workers (us): 299, ---, ---, ---, ---, ---, ---, ---, ---, ---, ---, ---, ---, ---, ---, ---, ---, ---, ---, ---, ---, ---, ---, ---, 
[3.544s][info][gc,stats     ]     E: JVMTI Roots                    1 us, workers (us): ---,   1, ---, ---, ---, ---, ---, ---, ---, ---, ---, ---, ---, ---, ---, ---, ---, ---, ---, ---, ---, ---, ---, ---, 
[3.544s][info][gc,stats     ] Concurrent Cleanup                    4 us
[3.544s][info][gc,stats     ] Concurrent Evacuation              3589 us
[3.544s][info][gc,stats     ] Pause Init  Update Refs (G)         302 us
[3.544s][info][gc,stats     ] Pause Init  Update Refs (N)          47 us
[3.544s][info][gc,stats     ]   Retire GCLABs                      28 us
[3.544s][info][gc,stats     ] Concurrent Update Refs            18477 us
[3.544s][info][gc,stats     ] Pause Final Update Refs (G)         578 us
[3.544s][info][gc,stats     ] Pause Final Update Refs (N)         260 us
[3.544s][info][gc,stats     ]   Update Roots                      231 us, parallelism: 0.87x
[3.544s][info][gc,stats     ]     UR: <total>                     200 us
[3.544s][info][gc,stats     ]     UR: Thread Roots                200 us, workers (us): 154,  46, ---, ---, ---, ---, ---, ---, ---, ---, ---, ---, ---, ---, ---, ---, ---, ---, ---, ---, ---, ---, ---, ---, 
[3.544s][info][gc,stats     ]   Update Region States                3 us
[3.544s][info][gc,stats     ]   Trash Collection Set                4 us
[3.544s][info][gc,stats     ]   Rebuild Free Set                    6 us
[3.544s][info][gc,stats     ] Concurrent Cleanup                  588 us
[3.544s][info][gc,stats     ] Pacing                            22285 us
[3.544s][info][gc,stats     ] 
[3.544s][info][gc,stats     ] Allocation pacing accrued:
[3.544s][info][gc,stats     ]      22 of   187 ms ( 11.9%): main
[3.544s][info][gc,stats     ]      22 of   187 ms ( 11.9%): <total>
[3.544s][info][gc,stats     ]       4 of   187 ms (  2.0%): <average total>
[3.544s][info][gc,stats     ]      22 of   187 ms ( 11.9%): <average non-zero>
[3.544s][info][gc,stats     ] 
[3.544s][info][gc,metaspace ] Metaspace: 13256K->13256K(1060864K)
[3.544s][info][gc,ergo      ] Pacer for Idle. Initial: 327K, Alloc Tax Rate: 1.0x
[3.667s][info][gc           ] Trigger: Average GC time (49.32 ms) is above the time for allocation rate (20249 KB/s) to deplete free headroom (904K)
[3.667s][info][gc,ergo      ] Free headroom: 1724K (free) - 819K (spike) - 0B (penalties) = 904K
[3.667s][info][gc,ergo      ] Free: 1724K, Max: 256K regular, 512K humongous, Frag: 0% external, 51% internal; Reserve: 1024K, Max: 256K
[3.667s][info][gc,start     ] GC(13) Concurrent reset
[3.667s][info][gc,task      ] GC(13) Using 2 of 24 workers for concurrent reset
[3.667s][info][gc,ergo      ] GC(13) Pacer for Reset. Non-Taxable: 16384K
[3.667s][info][gc           ] GC(13) Concurrent reset 0.203ms
[3.667s][info][gc,start     ] GC(13) Pause Init Mark
[3.667s][info][gc,task      ] GC(13) Using 2 of 24 workers for init marking
[3.669s][info][gc,ergo      ] GC(13) Pacer for Mark. Expected Live: 5674K, Free: 1724K, Non-Taxable: 172K, Alloc Tax Rate: 4.0x
[3.669s][info][gc           ] GC(13) Pause Init Mark 1.477ms
[3.669s][info][gc,start     ] GC(13) Concurrent marking
[3.669s][info][gc,task      ] GC(13) Using 2 of 24 workers for concurrent marking
[3.701s][info][gc           ] GC(13) Concurrent marking 32.440ms
[3.701s][info][gc,start     ] GC(13) Pause Final Mark
[3.701s][info][gc,task      ] GC(13) Using 2 of 24 workers for final marking
[3.702s][info][gc,ergo      ] GC(13) Adaptive CSet Selection. Target Free: 2321K, Actual Free: 1280K, Max CSet: 682K, Min Garbage: 1041K
[3.702s][info][gc,ergo      ] GC(13) Collectable Garbage: 3194K (51%), Immediate: 0B (0%), CSet: 3194K (51%)
[3.702s][info][gc,ergo      ] GC(13) Pacer for Evacuation. Used CSet: 3840K, Free: 1539K, Non-Taxable: 153K, Alloc Tax Rate: 6.1x
[3.702s][info][gc           ] GC(13) Pause Final Mark 1.227ms
[3.702s][info][gc,start     ] GC(13) Concurrent cleanup
[3.703s][info][gc           ] GC(13) Concurrent cleanup 13M->13M(16M) 0.028ms
[3.703s][info][gc,ergo      ] GC(13) Free: 1446K, Max: 256K regular, 256K humongous, Frag: 0% external, 56% internal; Reserve: 1009K, Max: 256K
[3.703s][info][gc,start     ] GC(13) Concurrent evacuation
[3.703s][info][gc,task      ] GC(13) Using 2 of 24 workers for concurrent evacuation
[3.705s][info][gc           ] GC(13) Concurrent evacuation 2.497ms
[3.707s][info][gc,start     ] GC(13) Pause Init Update Refs
[3.707s][info][gc,ergo      ] GC(13) Pacer for Update Refs. Used: 14758K, Free: 1446K, Non-Taxable: 144K, Alloc Tax Rate: 12.5x
[3.707s][info][gc           ] GC(13) Pause Init Update Refs 0.092ms
[3.707s][info][gc,start     ] GC(13) Concurrent update references
[3.707s][info][gc,task      ] GC(13) Using 2 of 24 workers for concurrent reference update
[3.736s][info][gc           ] GC(13) Concurrent update references 29.221ms
[3.736s][info][gc,start     ] GC(13) Pause Final Update Refs
[3.736s][info][gc,task      ] GC(13) Using 2 of 24 workers for final reference update
[3.737s][info][gc           ] GC(13) Pause Final Update Refs 0.820ms
[3.737s][info][gc,start     ] GC(13) Concurrent cleanup
[3.738s][info][gc           ] GC(13) Concurrent cleanup 14M->11M(16M) 0.569ms
[3.738s][info][gc           ] GC(13) Dat log --- cycle is complete
Current gc epoch: 13
heap: ______
capacity: 16777216
used: 11573832
committed: 16777216
bytes_allocated_since_gc_start: 677464
hot_size: 15051
cold_size: 67569
num_regions: 64
hot_region_count: 5
cold_region_count: 30
histogram: Placeholder

[3.738s][info][gc           ] GC(13) Obj count ac histogram
[3.738s][info][gc           ] GC(13) 	0: 9107
[3.738s][info][gc           ] GC(13) 	1: 0
[3.738s][info][gc           ] GC(13) 	2: 0
[3.738s][info][gc           ] GC(13) 	3: 0
[3.738s][info][gc           ] GC(13) 	4: 0
[3.738s][info][gc           ] GC(13) 	5: 0
[3.738s][info][gc           ] GC(13) 	6: 0
[3.738s][info][gc           ] GC(13) 	7: 0
[3.738s][info][gc           ] GC(13) 	8: 0
[3.738s][info][gc           ] GC(13) 	9: 0
[3.738s][info][gc           ] GC(13) 	10: 0
[3.738s][info][gc           ] GC(13) 	11: 0
[3.738s][info][gc           ] GC(13) 	12: 0
[3.738s][info][gc           ] GC(13) 	13: 595
[3.738s][info][gc           ] GC(13) 	14: 711
[3.738s][info][gc           ] GC(13) 	15: 0
[3.738s][info][gc           ] GC(13) 	16: 0
[3.738s][info][gc           ] GC(13) 	17: 0
[3.738s][info][gc           ] GC(13) 	18: 0
[3.738s][info][gc           ] GC(13) 	19: 0
[3.738s][info][gc           ] GC(13) Obj size ac histogram
[3.738s][info][gc           ] GC(13) 	0: 61533
[3.738s][info][gc           ] GC(13) 	1: 0
[3.738s][info][gc           ] GC(13) 	2: 0
[3.738s][info][gc           ] GC(13) 	3: 0
[3.738s][info][gc           ] GC(13) 	4: 0
[3.738s][info][gc           ] GC(13) 	5: 0
[3.738s][info][gc           ] GC(13) 	6: 0
[3.738s][info][gc           ] GC(13) 	7: 0
[3.738s][info][gc           ] GC(13) 	8: 0
[3.738s][info][gc           ] GC(13) 	9: 0
[3.738s][info][gc           ] GC(13) 	10: 0
[3.738s][info][gc           ] GC(13) 	11: 0
[3.738s][info][gc           ] GC(13) 	12: 0
[3.738s][info][gc           ] GC(13) 	13: 7732
[3.738s][info][gc           ] GC(13) 	14: 7319
[3.738s][info][gc           ] GC(13) 	15: 0
[3.738s][info][gc           ] GC(13) 	16: 0
[3.738s][info][gc           ] GC(13) 	17: 0
[3.738s][info][gc           ] GC(13) 	18: 0
[3.738s][info][gc           ] GC(13) 	19: 0
[3.738s][info][gc,ergo      ] Free: 4057K, Max: 256K regular, 1280K humongous, Frag: 55% external, 33% internal; Reserve: 1024K, Max: 256K
[3.738s][info][gc,stats     ] 
[3.738s][info][gc,stats     ] All times are wall-clock times, except per-root-class counters, that are sum over
[3.738s][info][gc,stats     ] all workers. Dividing the <total> over the root stage time estimates parallelism.
[3.738s][info][gc,stats     ] 
[3.738s][info][gc,stats     ] Concurrent Reset                    189 us
[3.738s][info][gc,stats     ] Pause Init Mark (G)                1739 us
[3.738s][info][gc,stats     ] Pause Init Mark (N)                1452 us
[3.738s][info][gc,stats     ]   Accumulate Stats                    3 us
[3.738s][info][gc,stats     ]   Make Parsable                      19 us
[3.738s][info][gc,stats     ]   Update Region States                2 us
[3.739s][info][gc,stats     ]   Scan Roots                       1318 us, parallelism: 1.47x
[3.739s][info][gc,stats     ]     S: <total>                     1931 us
[3.739s][info][gc,stats     ]     S: Thread Roots                 736 us, workers (us):   1, 735, ---, ---, ---, ---, ---, ---, ---, ---, ---, ---, ---, ---, ---, ---, ---, ---, ---, ---, ---, ---, ---, ---, 
[3.739s][info][gc,stats     ]     S: Universe Roots                20 us, workers (us):  20, ---, ---, ---, ---, ---, ---, ---, ---, ---, ---, ---, ---, ---, ---, ---, ---, ---, ---, ---, ---, ---, ---, ---, 
[3.739s][info][gc,stats     ]     S: JNI Handles Roots              3 us, workers (us): ---,   3, ---, ---, ---, ---, ---, ---, ---, ---, ---, ---, ---, ---, ---, ---, ---, ---, ---, ---, ---, ---, ---, ---, 
[3.739s][info][gc,stats     ]     S: Synchronizer Roots             0 us, workers (us):   0, ---, ---, ---, ---, ---, ---, ---, ---, ---, ---, ---, ---, ---, ---, ---, ---, ---, ---, ---, ---, ---, ---, ---, 
[3.739s][info][gc,stats     ]     S: Management Roots               2 us, workers (us):   2, ---, ---, ---, ---, ---, ---, ---, ---, ---, ---, ---, ---, ---, ---, ---, ---, ---, ---, ---, ---, ---, ---, ---, 
[3.739s][info][gc,stats     ]     S: System Dict Roots             24 us, workers (us):  24, ---, ---, ---, ---, ---, ---, ---, ---, ---, ---, ---, ---, ---, ---, ---, ---, ---, ---, ---, ---, ---, ---, ---, 
[3.739s][info][gc,stats     ]     S: CLDG Roots                  1145 us, workers (us): 1145, ---, ---, ---, ---, ---, ---, ---, ---, ---, ---, ---, ---, ---, ---, ---, ---, ---, ---, ---, ---, ---, ---, ---, 
[3.739s][info][gc,stats     ]     S: JVMTI Roots                    0 us, workers (us): ---,   0, ---, ---, ---, ---, ---, ---, ---, ---, ---, ---, ---, ---, ---, ---, ---, ---, ---, ---, ---, ---, ---, ---, 
[3.739s][info][gc,stats     ]   Resize TLABs                        5 us
[3.739s][info][gc,stats     ] Concurrent Marking                32408 us
[3.739s][info][gc,stats     ] Pause Final Mark (G)               1370 us
[3.739s][info][gc,stats     ] Pause Final Mark (N)               1201 us
[3.739s][info][gc,stats     ]   Finish Queues                      34 us
[3.739s][info][gc,stats     ]   System Purge                      308 us
[3.739s][info][gc,stats     ]     Weak Roots                      307 us
[3.739s][info][gc,stats     ]   Update Region States                4 us
[3.739s][info][gc,stats     ]   Retire TLABs                       11 us
[3.739s][info][gc,stats     ]   Choose Collection Set              54 us
[3.739s][info][gc,stats     ]   Rebuild Free Set                    6 us
[3.739s][info][gc,stats     ]   Initial Evacuation                765 us, parallelism: 1.13x
[3.739s][info][gc,stats     ]     E: <total>                      866 us
[3.739s][info][gc,stats     ]     E: Thread Roots                 535 us, workers (us): 494,  41, ---, ---, ---, ---, ---, ---, ---, ---, ---, ---, ---, ---, ---, ---, ---, ---, ---, ---, ---, ---, ---, ---, 
[3.739s][info][gc,stats     ]     E: Code Cache Roots               1 us, workers (us):   0,   0, ---, ---, ---, ---, ---, ---, ---, ---, ---, ---, ---, ---, ---, ---, ---, ---, ---, ---, ---, ---, ---, ---, 
[3.739s][info][gc,stats     ]     E: Universe Roots                 2 us, workers (us):   2, ---, ---, ---, ---, ---, ---, ---, ---, ---, ---, ---, ---, ---, ---, ---, ---, ---, ---, ---, ---, ---, ---, ---, 
[3.739s][info][gc,stats     ]     E: JNI Handles Roots              1 us, workers (us):   1, ---, ---, ---, ---, ---, ---, ---, ---, ---, ---, ---, ---, ---, ---, ---, ---, ---, ---, ---, ---, ---, ---, ---, 
[3.739s][info][gc,stats     ]     E: Synchronizer Roots             0 us, workers (us):   0, ---, ---, ---, ---, ---, ---, ---, ---, ---, ---, ---, ---, ---, ---, ---, ---, ---, ---, ---, ---, ---, ---, ---, 
[3.739s][info][gc,stats     ]     E: Management Roots               1 us, workers (us):   1, ---, ---, ---, ---, ---, ---, ---, ---, ---, ---, ---, ---, ---, ---, ---, ---, ---, ---, ---, ---, ---, ---, ---, 
[3.739s][info][gc,stats     ]     E: System Dict Roots              5 us, workers (us):   5, ---, ---, ---, ---, ---, ---, ---, ---, ---, ---, ---, ---, ---, ---, ---, ---, ---, ---, ---, ---, ---, ---, ---, 
[3.739s][info][gc,stats     ]     E: CLDG Roots                   322 us, workers (us): ---, 322, ---, ---, ---, ---, ---, ---, ---, ---, ---, ---, ---, ---, ---, ---, ---, ---, ---, ---, ---, ---, ---, ---, 
[3.739s][info][gc,stats     ]     E: JVMTI Roots                    0 us, workers (us):   0, ---, ---, ---, ---, ---, ---, ---, ---, ---, ---, ---, ---, ---, ---, ---, ---, ---, ---, ---, ---, ---, ---, ---, 
[3.739s][info][gc,stats     ] Concurrent Cleanup                    5 us
[3.739s][info][gc,stats     ] Concurrent Evacuation              2480 us
[3.739s][info][gc,stats     ] Pause Init  Update Refs (G)        1908 us
[3.739s][info][gc,stats     ] Pause Init  Update Refs (N)          50 us
[3.739s][info][gc,stats     ]   Retire GCLABs                      30 us
[3.739s][info][gc,stats     ] Concurrent Update Refs            29189 us
[3.739s][info][gc,stats     ] Pause Final Update Refs (G)        1068 us
[3.739s][info][gc,stats     ] Pause Final Update Refs (N)         786 us
[3.739s][info][gc,stats     ]   Update Roots                      753 us, parallelism: 0.94x
[3.739s][info][gc,stats     ]     UR: <total>                     705 us
[3.739s][info][gc,stats     ]     UR: Thread Roots                705 us, workers (us): 672,  33, ---, ---, ---, ---, ---, ---, ---, ---, ---, ---, ---, ---, ---, ---, ---, ---, ---, ---, ---, ---, ---, ---, 
[3.739s][info][gc,stats     ]   Update Region States                3 us
[3.739s][info][gc,stats     ]   Trash Collection Set                4 us
[3.739s][info][gc,stats     ]   Rebuild Free Set                    7 us
[3.739s][info][gc,stats     ] Concurrent Cleanup                  544 us
[3.739s][info][gc,stats     ] Pacing                            22365 us
[3.739s][info][gc,stats     ] 
[3.739s][info][gc,stats     ] Allocation pacing accrued:
[3.739s][info][gc,stats     ]      22 of   195 ms ( 11.4%): main
[3.739s][info][gc,stats     ]      22 of   195 ms ( 11.4%): <total>
[3.739s][info][gc,stats     ]       4 of   195 ms (  1.9%): <average total>
[3.739s][info][gc,stats     ]      22 of   195 ms ( 11.4%): <average non-zero>
[3.739s][info][gc,stats     ] 
[3.739s][info][gc,metaspace ] Metaspace: 13357K->13611K(1060864K)
[3.739s][info][gc,ergo      ] Pacer for Idle. Initial: 327K, Alloc Tax Rate: 1.0x
[3.863s][info][gc           ] Trigger: Average GC time (55.36 ms) is above the time for allocation rate (15506 KB/s) to deplete free headroom (853K)
[3.863s][info][gc,ergo      ] Free headroom: 1672K (free) - 819K (spike) - 0B (penalties) = 853K
[3.863s][info][gc,ergo      ] Free: 1672K, Max: 256K regular, 256K humongous, Frag: 0% external, 56% internal; Reserve: 1024K, Max: 256K
[3.863s][info][gc,start     ] GC(14) Concurrent reset
[3.863s][info][gc,task      ] GC(14) Using 2 of 24 workers for concurrent reset
[3.863s][info][gc,ergo      ] GC(14) Pacer for Reset. Non-Taxable: 16384K
[3.863s][info][gc           ] GC(14) Concurrent reset 0.166ms
[3.864s][info][gc,start     ] GC(14) Pause Init Mark
[3.864s][info][gc,task      ] GC(14) Using 2 of 24 workers for init marking
[3.865s][info][gc,ergo      ] GC(14) Pacer for Mark. Expected Live: 6421K, Free: 1672K, Non-Taxable: 167K, Alloc Tax Rate: 4.7x
[3.865s][info][gc           ] GC(14) Pause Init Mark 1.828ms
[3.865s][info][gc,start     ] GC(14) Concurrent marking
[3.866s][info][gc,task      ] GC(14) Using 2 of 24 workers for concurrent marking
[3.890s][info][gc           ] GC(14) Concurrent marking 24.176ms
[3.890s][info][gc,start     ] GC(14) Pause Final Mark
[3.890s][info][gc,task      ] GC(14) Using 2 of 24 workers for final marking
[3.890s][info][gc,ergo      ] GC(14) Adaptive CSet Selection. Target Free: 2321K, Actual Free: 1642K, Max CSet: 682K, Min Garbage: 678K
[3.890s][info][gc,ergo      ] GC(14) Collectable Garbage: 5390K (62%), Immediate: 362K (4%), CSet: 5027K (58%)
[3.891s][info][gc,ergo      ] GC(14) Pacer for Evacuation. Used CSet: 5632K, Free: 1864K, Non-Taxable: 186K, Alloc Tax Rate: 7.4x
[3.891s][info][gc           ] GC(14) Pause Final Mark 1.658ms
[3.892s][info][gc,start     ] GC(14) Concurrent cleanup
[3.892s][info][gc           ] GC(14) Concurrent cleanup 13M->13M(16M) 0.031ms
[3.892s][info][gc,ergo      ] GC(14) Free: 1831K, Max: 256K regular, 512K humongous, Frag: 0% external, 55% internal; Reserve: 971K, Max: 256K
[3.892s][info][gc,start     ] GC(14) Concurrent evacuation
[3.892s][info][gc,task      ] GC(14) Using 2 of 24 workers for concurrent evacuation
[3.897s][info][gc           ] GC(14) Concurrent evacuation 5.558ms
[3.897s][info][gc,start     ] GC(14) Pause Init Update Refs
[3.897s][info][gc,ergo      ] GC(14) Pacer for Update Refs. Used: 14494K, Free: 1797K, Non-Taxable: 179K, Alloc Tax Rate: 9.9x
[3.897s][info][gc           ] GC(14) Pause Init Update Refs 0.103ms
[3.898s][info][gc,start     ] GC(14) Concurrent update references
[3.898s][info][gc,task      ] GC(14) Using 2 of 24 workers for concurrent reference update
[3.912s][info][gc           ] GC(14) Concurrent update references 14.514ms
[3.912s][info][gc,start     ] GC(14) Pause Final Update Refs
[3.912s][info][gc,task      ] GC(14) Using 2 of 24 workers for final reference update
[3.913s][info][gc           ] GC(14) Pause Final Update Refs 0.803ms
[3.913s][info][gc,start     ] GC(14) Concurrent cleanup
[3.914s][info][gc           ] GC(14) Concurrent cleanup 14M->8M(16M) 0.883ms
[3.914s][info][gc           ] GC(14) Dat log --- cycle is complete
Current gc epoch: 14
heap: ______
capacity: 16777216
used: 9308432
committed: 16777216
bytes_allocated_since_gc_start: 475496
hot_size: 14186
cold_size: 63154
num_regions: 64
hot_region_count: 18446744073709551615
cold_region_count: 33
histogram: Placeholder

[3.914s][info][gc           ] GC(14) Obj count ac histogram
[3.914s][info][gc           ] GC(14) 	0: 9689
[3.914s][info][gc           ] GC(14) 	1: 0
[3.914s][info][gc           ] GC(14) 	2: 0
[3.914s][info][gc           ] GC(14) 	3: 0
[3.914s][info][gc           ] GC(14) 	4: 0
[3.914s][info][gc           ] GC(14) 	5: 0
[3.914s][info][gc           ] GC(14) 	6: 0
[3.914s][info][gc           ] GC(14) 	7: 0
[3.914s][info][gc           ] GC(14) 	8: 0
[3.914s][info][gc           ] GC(14) 	9: 0
[3.914s][info][gc           ] GC(14) 	10: 0
[3.914s][info][gc           ] GC(14) 	11: 0
[3.914s][info][gc           ] GC(14) 	12: 0
[3.914s][info][gc           ] GC(14) 	13: 727
[3.914s][info][gc           ] GC(14) 	14: 934
[3.914s][info][gc           ] GC(14) 	15: 0
[3.914s][info][gc           ] GC(14) 	16: 0
[3.914s][info][gc           ] GC(14) 	17: 0
[3.914s][info][gc           ] GC(14) 	18: 0
[3.914s][info][gc           ] GC(14) 	19: 0
[3.914s][info][gc           ] GC(14) Obj size ac histogram
[3.914s][info][gc           ] GC(14) 	0: 63131
[3.914s][info][gc           ] GC(14) 	1: 0
[3.914s][info][gc           ] GC(14) 	2: 0
[3.914s][info][gc           ] GC(14) 	3: 0
[3.914s][info][gc           ] GC(14) 	4: 0
[3.914s][info][gc           ] GC(14) 	5: 0
[3.914s][info][gc           ] GC(14) 	6: 0
[3.914s][info][gc           ] GC(14) 	7: 0
[3.914s][info][gc           ] GC(14) 	8: 0
[3.914s][info][gc           ] GC(14) 	9: 0
[3.914s][info][gc           ] GC(14) 	10: 0
[3.914s][info][gc           ] GC(14) 	11: 0
[3.914s][info][gc           ] GC(14) 	12: 0
[3.914s][info][gc           ] GC(14) 	13: 6251
[3.914s][info][gc           ] GC(14) 	14: 7925
[3.914s][info][gc           ] GC(14) 	15: 0
[3.914s][info][gc           ] GC(14) 	16: 0
[3.915s][info][gc           ] GC(14) 	17: 0
[3.915s][info][gc           ] GC(14) 	18: 0
[3.915s][info][gc           ] GC(14) 	19: 0
[3.915s][info][gc,ergo      ] Free: 6236K, Max: 256K regular, 1024K humongous, Frag: 78% external, 26% internal; Reserve: 1024K, Max: 256K
[3.915s][info][gc,stats     ] 
[3.915s][info][gc,stats     ] All times are wall-clock times, except per-root-class counters, that are sum over
[3.915s][info][gc,stats     ] all workers. Dividing the <total> over the root stage time estimates parallelism.
[3.915s][info][gc,stats     ] 
[3.915s][info][gc,stats     ] Concurrent Reset                    149 us
[3.915s][info][gc,stats     ] Pause Init Mark (G)                2051 us
[3.915s][info][gc,stats     ] Pause Init Mark (N)                1800 us
[3.915s][info][gc,stats     ]   Accumulate Stats                    4 us
[3.915s][info][gc,stats     ]   Make Parsable                      17 us
[3.915s][info][gc,stats     ]   Update Region States                2 us
[3.915s][info][gc,stats     ]   Scan Roots                       1657 us, parallelism: 1.38x
[3.915s][info][gc,stats     ]     S: <total>                     2282 us
[3.915s][info][gc,stats     ]     S: Thread Roots                1498 us, workers (us):   2, 1496, ---, ---, ---, ---, ---, ---, ---, ---, ---, ---, ---, ---, ---, ---, ---, ---, ---, ---, ---, ---, ---, ---, 
[3.915s][info][gc,stats     ]     S: Universe Roots                11 us, workers (us):  11, ---, ---, ---, ---, ---, ---, ---, ---, ---, ---, ---, ---, ---, ---, ---, ---, ---, ---, ---, ---, ---, ---, ---, 
[3.915s][info][gc,stats     ]     S: JNI Handles Roots              2 us, workers (us):   2, ---, ---, ---, ---, ---, ---, ---, ---, ---, ---, ---, ---, ---, ---, ---, ---, ---, ---, ---, ---, ---, ---, ---, 
[3.915s][info][gc,stats     ]     S: Synchronizer Roots             0 us, workers (us):   0, ---, ---, ---, ---, ---, ---, ---, ---, ---, ---, ---, ---, ---, ---, ---, ---, ---, ---, ---, ---, ---, ---, ---, 
[3.915s][info][gc,stats     ]     S: Management Roots               1 us, workers (us):   1, ---, ---, ---, ---, ---, ---, ---, ---, ---, ---, ---, ---, ---, ---, ---, ---, ---, ---, ---, ---, ---, ---, ---, 
[3.915s][info][gc,stats     ]     S: System Dict Roots             15 us, workers (us):  15, ---, ---, ---, ---, ---, ---, ---, ---, ---, ---, ---, ---, ---, ---, ---, ---, ---, ---, ---, ---, ---, ---, ---, 
[3.915s][info][gc,stats     ]     S: CLDG Roots                   753 us, workers (us): 753, ---, ---, ---, ---, ---, ---, ---, ---, ---, ---, ---, ---, ---, ---, ---, ---, ---, ---, ---, ---, ---, ---, ---, 
[3.915s][info][gc,stats     ]     S: JVMTI Roots                    1 us, workers (us):   1, ---, ---, ---, ---, ---, ---, ---, ---, ---, ---, ---, ---, ---, ---, ---, ---, ---, ---, ---, ---, ---, ---, ---, 
[3.915s][info][gc,stats     ]   Resize TLABs                        6 us
[3.915s][info][gc,stats     ] Concurrent Marking                24141 us
[3.915s][info][gc,stats     ] Pause Final Mark (G)               1819 us
[3.915s][info][gc,stats     ] Pause Final Mark (N)               1629 us
[3.915s][info][gc,stats     ]   Finish Queues                      43 us
[3.915s][info][gc,stats     ]   System Purge                      353 us
[3.915s][info][gc,stats     ]     Weak Roots                      352 us
[3.915s][info][gc,stats     ]   Update Region States                3 us
[3.915s][info][gc,stats     ]   Retire TLABs                        6 us
[3.915s][info][gc,stats     ]   Choose Collection Set              60 us
[3.915s][info][gc,stats     ]   Rebuild Free Set                    7 us
[3.915s][info][gc,stats     ]   Initial Evacuation               1138 us, parallelism: 0.90x
[3.915s][info][gc,stats     ]     E: <total>                     1019 us
[3.915s][info][gc,stats     ]     E: Thread Roots                 755 us, workers (us): 753,   2, ---, ---, ---, ---, ---, ---, ---, ---, ---, ---, ---, ---, ---, ---, ---, ---, ---, ---, ---, ---, ---, ---, 
[3.915s][info][gc,stats     ]     E: Code Cache Roots               1 us, workers (us):   0,   0, ---, ---, ---, ---, ---, ---, ---, ---, ---, ---, ---, ---, ---, ---, ---, ---, ---, ---, ---, ---, ---, ---, 
[3.915s][info][gc,stats     ]     E: Universe Roots                 6 us, workers (us):   6, ---, ---, ---, ---, ---, ---, ---, ---, ---, ---, ---, ---, ---, ---, ---, ---, ---, ---, ---, ---, ---, ---, ---, 
[3.915s][info][gc,stats     ]     E: JNI Handles Roots              1 us, workers (us):   1, ---, ---, ---, ---, ---, ---, ---, ---, ---, ---, ---, ---, ---, ---, ---, ---, ---, ---, ---, ---, ---, ---, ---, 
[3.915s][info][gc,stats     ]     E: Synchronizer Roots             0 us, workers (us):   0, ---, ---, ---, ---, ---, ---, ---, ---, ---, ---, ---, ---, ---, ---, ---, ---, ---, ---, ---, ---, ---, ---, ---, 
[3.915s][info][gc,stats     ]     E: Management Roots               2 us, workers (us):   2, ---, ---, ---, ---, ---, ---, ---, ---, ---, ---, ---, ---, ---, ---, ---, ---, ---, ---, ---, ---, ---, ---, ---, 
[3.915s][info][gc,stats     ]     E: System Dict Roots             24 us, workers (us):  24, ---, ---, ---, ---, ---, ---, ---, ---, ---, ---, ---, ---, ---, ---, ---, ---, ---, ---, ---, ---, ---, ---, ---, 
[3.915s][info][gc,stats     ]     E: CLDG Roots                   229 us, workers (us): ---, 229, ---, ---, ---, ---, ---, ---, ---, ---, ---, ---, ---, ---, ---, ---, ---, ---, ---, ---, ---, ---, ---, ---, 
[3.915s][info][gc,stats     ]     E: JVMTI Roots                    1 us, workers (us):   1, ---, ---, ---, ---, ---, ---, ---, ---, ---, ---, ---, ---, ---, ---, ---, ---, ---, ---, ---, ---, ---, ---, ---, 
[3.915s][info][gc,stats     ] Concurrent Cleanup                    6 us
[3.915s][info][gc,stats     ] Concurrent Evacuation              5540 us
[3.915s][info][gc,stats     ] Pause Init  Update Refs (G)         341 us
[3.915s][info][gc,stats     ] Pause Init  Update Refs (N)          71 us
[3.915s][info][gc,stats     ]   Retire GCLABs                      51 us
[3.915s][info][gc,stats     ] Concurrent Update Refs            14483 us
[3.915s][info][gc,stats     ] Pause Final Update Refs (G)        1096 us
[3.915s][info][gc,stats     ] Pause Final Update Refs (N)         769 us
[3.915s][info][gc,stats     ]   Update Roots                      735 us, parallelism: 0.99x
[3.915s][info][gc,stats     ]     UR: <total>                     725 us
[3.915s][info][gc,stats     ]     UR: Thread Roots                725 us, workers (us):  54, 671, ---, ---, ---, ---, ---, ---, ---, ---, ---, ---, ---, ---, ---, ---, ---, ---, ---, ---, ---, ---, ---, ---, 
[3.915s][info][gc,stats     ]   Update Region States                3 us
[3.915s][info][gc,stats     ]   Trash Collection Set                5 us
[3.915s][info][gc,stats     ]   Rebuild Free Set                    7 us
[3.915s][info][gc,stats     ] Concurrent Cleanup                  856 us
[3.915s][info][gc,stats     ] Pacing                            17057 us
[3.915s][info][gc,stats     ] 
[3.915s][info][gc,stats     ] Allocation pacing accrued:
[3.915s][info][gc,stats     ]      17 of   176 ms (  9.7%): Thread-0
[3.915s][info][gc,stats     ]      17 of   176 ms (  9.7%): <total>
[3.915s][info][gc,stats     ]       2 of   176 ms (  1.4%): <average total>
[3.915s][info][gc,stats     ]      17 of   176 ms (  9.7%): <average non-zero>
[3.915s][info][gc,stats     ] 
[3.915s][info][gc,metaspace ] Metaspace: 14044K->14075K(1062912K)
[3.915s][info][gc,ergo      ] Pacer for Idle. Initial: 327K, Alloc Tax Rate: 1.0x
[8.817s][info][gc           ] Trigger: Free (1567K) is below minimum threshold (1638K)
[8.817s][info][gc,ergo      ] Free: 1567K, Max: 256K regular, 256K humongous, Frag: 0% external, 59% internal; Reserve: 1024K, Max: 256K
[8.817s][info][gc,start     ] GC(15) Concurrent reset
[8.817s][info][gc,task      ] GC(15) Using 2 of 24 workers for concurrent reset
[8.817s][info][gc,ergo      ] GC(15) Pacer for Reset. Non-Taxable: 16384K
[8.818s][info][gc           ] GC(15) Concurrent reset 0.224ms
[8.818s][info][gc,start     ] GC(15) Pause Init Mark (process weakrefs)
[8.818s][info][gc,task      ] GC(15) Using 2 of 24 workers for init marking
[8.820s][info][gc,ergo      ] GC(15) Pacer for Mark. Expected Live: 6338K, Free: 1567K, Non-Taxable: 156K, Alloc Tax Rate: 4.9x
[8.820s][info][gc           ] GC(15) Pause Init Mark (process weakrefs) 2.025ms
[8.820s][info][gc,start     ] GC(15) Concurrent marking (process weakrefs)
[8.820s][info][gc,task      ] GC(15) Using 2 of 24 workers for concurrent marking
[8.843s][info][gc           ] GC(15) Concurrent marking (process weakrefs) 22.790ms
[8.843s][info][gc,start     ] GC(15) Concurrent precleaning
[8.843s][info][gc,task      ] GC(15) Using 1 of 24 workers for concurrent preclean
[8.843s][info][gc,ergo      ] GC(15) Pacer for Precleaning. Non-Taxable: 16384K
[8.844s][info][gc           ] GC(15) Concurrent precleaning 1.250ms
[8.844s][info][gc,start     ] GC(15) Pause Final Mark (process weakrefs)
[8.844s][info][gc,task      ] GC(15) Using 2 of 24 workers for final marking
[8.846s][info][gc,ergo      ] GC(15) Adaptive CSet Selection. Target Free: 2321K, Actual Free: 1280K, Max CSet: 682K, Min Garbage: 1041K
[8.846s][info][gc,ergo      ] GC(15) Collectable Garbage: 3445K (55%), Immediate: 0B (0%), CSet: 3445K (55%)
[8.847s][info][gc,ergo      ] GC(15) Pacer for Evacuation. Used CSet: 4044K, Free: 2633K, Non-Taxable: 263K, Alloc Tax Rate: 3.8x
[8.847s][info][gc           ] GC(15) Pause Final Mark (process weakrefs) 2.552ms
[8.847s][info][gc,start     ] GC(15) Concurrent cleanup
[8.847s][info][gc           ] GC(15) Concurrent cleanup 12M->12M(16M) 0.050ms
[8.847s][info][gc,ergo      ] GC(15) Free: 2633K, Max: 256K regular, 256K humongous, Frag: 0% external, 55% internal; Reserve: 981K, Max: 256K
[8.847s][info][gc,start     ] GC(15) Concurrent evacuation
[8.847s][info][gc,task      ] GC(15) Using 2 of 24 workers for concurrent evacuation
[8.853s][info][gc           ] GC(15) Concurrent evacuation 5.550ms
[8.853s][info][gc,start     ] GC(15) Pause Init Update Refs
[8.853s][info][gc,ergo      ] GC(15) Pacer for Update Refs. Used: 13414K, Free: 2633K, Non-Taxable: 263K, Alloc Tax Rate: 6.2x
[8.853s][info][gc           ] GC(15) Pause Init Update Refs 0.090ms
[8.853s][info][gc,start     ] GC(15) Concurrent update references
[8.853s][info][gc,task      ] GC(15) Using 2 of 24 workers for concurrent reference update
[8.867s][info][gc           ] GC(15) Concurrent update references 14.137ms
[8.867s][info][gc,start     ] GC(15) Pause Final Update Refs
[8.867s][info][gc,task      ] GC(15) Using 2 of 24 workers for final reference update
[8.868s][info][gc           ] GC(15) Pause Final Update Refs 0.138ms
[8.868s][info][gc,start     ] GC(15) Concurrent cleanup
[8.868s][info][gc           ] GC(15) Concurrent cleanup 13M->9M(16M) 0.615ms
[8.868s][info][gc           ] GC(15) Dat log --- cycle is complete
Current gc epoch: 15
heap: ______
capacity: 16777216
used: 9594408
committed: 16777216
bytes_allocated_since_gc_start: 0
hot_size: 22254
cold_size: 54402
num_regions: 64
hot_region_count: 18446744073709551613
cold_region_count: 35
histogram: Placeholder

[8.868s][info][gc           ] GC(15) Obj count ac histogram
[8.868s][info][gc           ] GC(15) 	0: 7772
[8.868s][info][gc           ] GC(15) 	1: 0
[8.868s][info][gc           ] GC(15) 	2: 0
[8.868s][info][gc           ] GC(15) 	3: 0
[8.868s][info][gc           ] GC(15) 	4: 0
[8.868s][info][gc           ] GC(15) 	5: 0
[8.868s][info][gc           ] GC(15) 	6: 0
[8.868s][info][gc           ] GC(15) 	7: 0
[8.868s][info][gc           ] GC(15) 	8: 0
[8.868s][info][gc           ] GC(15) 	9: 0
[8.868s][info][gc           ] GC(15) 	10: 0
[8.868s][info][gc           ] GC(15) 	11: 0
[8.868s][info][gc           ] GC(15) 	12: 0
[8.868s][info][gc           ] GC(15) 	13: 843
[8.868s][info][gc           ] GC(15) 	14: 1902
[8.868s][info][gc           ] GC(15) 	15: 0
[8.868s][info][gc           ] GC(15) 	16: 0
[8.868s][info][gc           ] GC(15) 	17: 0
[8.868s][info][gc           ] GC(15) 	18: 0
[8.868s][info][gc           ] GC(15) 	19: 0
[8.868s][info][gc           ] GC(15) Obj size ac histogram
[8.868s][info][gc           ] GC(15) 	0: 52001
[8.868s][info][gc           ] GC(15) 	1: 0
[8.868s][info][gc           ] GC(15) 	2: 0
[8.868s][info][gc           ] GC(15) 	3: 0
[8.868s][info][gc           ] GC(15) 	4: 0
[8.868s][info][gc           ] GC(15) 	5: 0
[8.868s][info][gc           ] GC(15) 	6: 0
[8.868s][info][gc           ] GC(15) 	7: 0
[8.868s][info][gc           ] GC(15) 	8: 0
[8.868s][info][gc           ] GC(15) 	9: 0
[8.868s][info][gc           ] GC(15) 	10: 0
[8.868s][info][gc           ] GC(15) 	11: 0
[8.868s][info][gc           ] GC(15) 	12: 0
[8.869s][info][gc           ] GC(15) 	13: 7908
[8.869s][info][gc           ] GC(15) 	14: 14225
[8.869s][info][gc           ] GC(15) 	15: 0
[8.869s][info][gc           ] GC(15) 	16: 0
[8.869s][info][gc           ] GC(15) 	17: 0
[8.869s][info][gc           ] GC(15) 	18: 0
[8.869s][info][gc           ] GC(15) 	19: 0
[8.869s][info][gc,ergo      ] Free: 5990K, Max: 256K regular, 1280K humongous, Frag: 65% external, 36% internal; Reserve: 1024K, Max: 256K
[8.869s][info][gc,stats     ] 
[8.869s][info][gc,stats     ] All times are wall-clock times, except per-root-class counters, that are sum over
[8.869s][info][gc,stats     ] all workers. Dividing the <total> over the root stage time estimates parallelism.
[8.869s][info][gc,stats     ] 
[8.869s][info][gc,stats     ] Concurrent Reset                    203 us
[8.869s][info][gc,stats     ] Pause Init Mark (G)                2392 us
[8.869s][info][gc,stats     ] Pause Init Mark (N)                1976 us
[8.869s][info][gc,stats     ]   Accumulate Stats                    6 us
[8.869s][info][gc,stats     ]   Make Parsable                      15 us
[8.869s][info][gc,stats     ]   Update Region States                2 us
[8.869s][info][gc,stats     ]   Scan Roots                       1827 us, parallelism: 1.05x
[8.869s][info][gc,stats     ]     S: <total>                     1918 us
[8.869s][info][gc,stats     ]     S: Thread Roots                 239 us, workers (us):   2, 237, ---, ---, ---, ---, ---, ---, ---, ---, ---, ---, ---, ---, ---, ---, ---, ---, ---, ---, ---, ---, ---, ---, 
[8.869s][info][gc,stats     ]     S: Universe Roots                20 us, workers (us):  20, ---, ---, ---, ---, ---, ---, ---, ---, ---, ---, ---, ---, ---, ---, ---, ---, ---, ---, ---, ---, ---, ---, ---, 
[8.869s][info][gc,stats     ]     S: JNI Handles Roots              8 us, workers (us): ---,   8, ---, ---, ---, ---, ---, ---, ---, ---, ---, ---, ---, ---, ---, ---, ---, ---, ---, ---, ---, ---, ---, ---, 
[8.869s][info][gc,stats     ]     S: Synchronizer Roots             0 us, workers (us):   0, ---, ---, ---, ---, ---, ---, ---, ---, ---, ---, ---, ---, ---, ---, ---, ---, ---, ---, ---, ---, ---, ---, ---, 
[8.869s][info][gc,stats     ]     S: Management Roots               1 us, workers (us):   1, ---, ---, ---, ---, ---, ---, ---, ---, ---, ---, ---, ---, ---, ---, ---, ---, ---, ---, ---, ---, ---, ---, ---, 
[8.869s][info][gc,stats     ]     S: System Dict Roots             32 us, workers (us):  32, ---, ---, ---, ---, ---, ---, ---, ---, ---, ---, ---, ---, ---, ---, ---, ---, ---, ---, ---, ---, ---, ---, ---, 
[8.869s][info][gc,stats     ]     S: CLDG Roots                  1616 us, workers (us): 1616, ---, ---, ---, ---, ---, ---, ---, ---, ---, ---, ---, ---, ---, ---, ---, ---, ---, ---, ---, ---, ---, ---, ---, 
[8.869s][info][gc,stats     ]     S: JVMTI Roots                    1 us, workers (us): ---,   1, ---, ---, ---, ---, ---, ---, ---, ---, ---, ---, ---, ---, ---, ---, ---, ---, ---, ---, ---, ---, ---, ---, 
[8.869s][info][gc,stats     ]   Resize TLABs                        6 us
[8.869s][info][gc,stats     ] Concurrent Marking                22743 us
[8.869s][info][gc,stats     ] Concurrent Precleaning             1242 us
[8.869s][info][gc,stats     ] Pause Final Mark (G)               2911 us
[8.869s][info][gc,stats     ] Pause Final Mark (N)               2510 us
[8.869s][info][gc,stats     ]   Finish Queues                      35 us
[8.869s][info][gc,stats     ]   Weak References                   584 us
[8.869s][info][gc,stats     ]     Process                         575 us
[8.869s][info][gc,stats     ]   System Purge                      588 us
[8.869s][info][gc,stats     ]     Weak Roots                      588 us
[8.869s][info][gc,stats     ]   Update Region States                3 us
[8.869s][info][gc,stats     ]   Retire TLABs                        6 us
[8.869s][info][gc,stats     ]   Choose Collection Set              62 us
[8.869s][info][gc,stats     ]   Rebuild Free Set                    7 us
[8.869s][info][gc,stats     ]   Initial Evacuation               1203 us, parallelism: 0.66x
[8.869s][info][gc,stats     ]     E: <total>                      789 us
[8.869s][info][gc,stats     ]     E: Thread Roots                  69 us, workers (us):  68,   1, ---, ---, ---, ---, ---, ---, ---, ---, ---, ---, ---, ---, ---, ---, ---, ---, ---, ---, ---, ---, ---, ---, 
[8.869s][info][gc,stats     ]     E: Code Cache Roots               1 us, workers (us):   1,   0, ---, ---, ---, ---, ---, ---, ---, ---, ---, ---, ---, ---, ---, ---, ---, ---, ---, ---, ---, ---, ---, ---, 
[8.869s][info][gc,stats     ]     E: Universe Roots                11 us, workers (us):  11, ---, ---, ---, ---, ---, ---, ---, ---, ---, ---, ---, ---, ---, ---, ---, ---, ---, ---, ---, ---, ---, ---, ---, 
[8.869s][info][gc,stats     ]     E: JNI Handles Roots              2 us, workers (us):   2, ---, ---, ---, ---, ---, ---, ---, ---, ---, ---, ---, ---, ---, ---, ---, ---, ---, ---, ---, ---, ---, ---, ---, 
[8.869s][info][gc,stats     ]     E: Synchronizer Roots             1 us, workers (us): ---,   1, ---, ---, ---, ---, ---, ---, ---, ---, ---, ---, ---, ---, ---, ---, ---, ---, ---, ---, ---, ---, ---, ---, 
[8.869s][info][gc,stats     ]     E: Management Roots               2 us, workers (us): ---,   2, ---, ---, ---, ---, ---, ---, ---, ---, ---, ---, ---, ---, ---, ---, ---, ---, ---, ---, ---, ---, ---, ---, 
[8.869s][info][gc,stats     ]     E: System Dict Roots             27 us, workers (us): ---,  27, ---, ---, ---, ---, ---, ---, ---, ---, ---, ---, ---, ---, ---, ---, ---, ---, ---, ---, ---, ---, ---, ---, 
[8.869s][info][gc,stats     ]     E: CLDG Roots                   677 us, workers (us): ---, 677, ---, ---, ---, ---, ---, ---, ---, ---, ---, ---, ---, ---, ---, ---, ---, ---, ---, ---, ---, ---, ---, ---, 
[8.869s][info][gc,stats     ]     E: JVMTI Roots                    1 us, workers (us):   1, ---, ---, ---, ---, ---, ---, ---, ---, ---, ---, ---, ---, ---, ---, ---, ---, ---, ---, ---, ---, ---, ---, ---, 
[8.869s][info][gc,stats     ] Concurrent Cleanup                    6 us
[8.869s][info][gc,stats     ] Concurrent Evacuation              5510 us
[8.869s][info][gc,stats     ] Pause Init  Update Refs (G)         349 us
[8.869s][info][gc,stats     ] Pause Init  Update Refs (N)          49 us
[8.869s][info][gc,stats     ]   Retire GCLABs                      28 us
[8.869s][info][gc,stats     ] Concurrent Update Refs            14100 us
[8.869s][info][gc,stats     ] Pause Final Update Refs (G)         344 us
[8.869s][info][gc,stats     ] Pause Final Update Refs (N)          95 us
[8.869s][info][gc,stats     ]   Update Roots                       61 us, parallelism: 0.78x
[8.869s][info][gc,stats     ]     UR: <total>                      47 us
[8.869s][info][gc,stats     ]     UR: Thread Roots                 47 us, workers (us):  27,  21, ---, ---, ---, ---, ---, ---, ---, ---, ---, ---, ---, ---, ---, ---, ---, ---, ---, ---, ---, ---, ---, ---, 
[8.869s][info][gc,stats     ]   Update Region States                3 us
[8.869s][info][gc,stats     ]   Trash Collection Set                4 us
[8.869s][info][gc,stats     ]   Rebuild Free Set                    7 us
[8.869s][info][gc,stats     ] Concurrent Cleanup                  590 us
[8.869s][info][gc,stats     ] 
[8.869s][info][gc,stats     ] Allocation pacing accrued:
[8.869s][info][gc,stats     ]       0 of  4954 ms (  0.0%): <total>
[8.869s][info][gc,stats     ]       0 of  4954 ms (  0.0%): <average total>
[8.869s][info][gc,stats     ] 
[8.869s][info][gc,metaspace ] Metaspace: 14239K->14239K(1062912K)
[8.869s][info][gc,ergo      ] Pacer for Idle. Initial: 327K, Alloc Tax Rate: 1.0x
[19.322s][info][gc           ] Trigger: Free (1544K) is below minimum threshold (1638K)
[19.322s][info][gc,ergo      ] Free: 1544K, Max: 191K regular, 0B humongous, Frag: 0% external, 62% internal; Reserve: 1024K, Max: 256K
[19.322s][info][gc,start     ] GC(16) Concurrent reset
[19.322s][info][gc,task      ] GC(16) Using 2 of 24 workers for concurrent reset
[19.322s][info][gc,ergo      ] GC(16) Pacer for Reset. Non-Taxable: 16384K
[19.323s][info][gc           ] GC(16) Concurrent reset 0.241ms
[19.323s][info][gc,start     ] GC(16) Pause Init Mark
[19.323s][info][gc,task      ] GC(16) Using 2 of 24 workers for init marking
[19.325s][info][gc,ergo      ] GC(16) Pacer for Mark. Expected Live: 6446K, Free: 1544K, Non-Taxable: 154K, Alloc Tax Rate: 5.1x
[19.325s][info][gc           ] GC(16) Pause Init Mark 1.895ms
[19.325s][info][gc,start     ] GC(16) Concurrent marking
[19.325s][info][gc,task      ] GC(16) Using 2 of 24 workers for concurrent marking
[19.349s][info][gc           ] GC(16) Concurrent marking 24.673ms
[19.350s][info][gc,start     ] GC(16) Pause Final Mark
[19.350s][info][gc,task      ] GC(16) Using 2 of 24 workers for final marking
[19.350s][info][gc,ergo      ] GC(16) Adaptive CSet Selection. Target Free: 2321K, Actual Free: 1024K, Max CSet: 682K, Min Garbage: 1297K
[19.350s][info][gc,ergo      ] GC(16) Collectable Garbage: 924K (30%), Immediate: 0B (0%), CSet: 924K (30%)
[19.352s][info][gc,ergo      ] GC(16) Pacer for Evacuation. Used CSet: 1507K, Free: 3800K, Non-Taxable: 380K, Alloc Tax Rate: 1.1x
[19.352s][info][gc           ] GC(16) Pause Final Mark 2.178ms
[19.352s][info][gc,start     ] GC(16) Concurrent cleanup
[19.352s][info][gc           ] GC(16) Concurrent cleanup 11M->11M(16M) 0.072ms
[19.352s][info][gc,ergo      ] GC(16) Free: 3800K, Max: 191K regular, 0B humongous, Frag: 0% external, 55% internal; Reserve: 961K, Max: 256K
[19.352s][info][gc,start     ] GC(16) Concurrent evacuation
[19.352s][info][gc,task      ] GC(16) Using 2 of 24 workers for concurrent evacuation
[19.358s][info][gc           ] GC(16) Concurrent evacuation 5.497ms
[19.358s][info][gc,start     ] GC(16) Pause Init Update Refs
[19.358s][info][gc,ergo      ] GC(16) Pacer for Update Refs. Used: 12140K, Free: 3800K, Non-Taxable: 380K, Alloc Tax Rate: 3.9x
[19.358s][info][gc           ] GC(16) Pause Init Update Refs 0.118ms
[19.358s][info][gc,start     ] GC(16) Concurrent update references
[19.358s][info][gc,task      ] GC(16) Using 2 of 24 workers for concurrent reference update
[19.376s][info][gc           ] GC(16) Concurrent update references 18.088ms
[19.376s][info][gc,start     ] GC(16) Pause Final Update Refs
[19.376s][info][gc,task      ] GC(16) Using 2 of 24 workers for final reference update
[19.376s][info][gc           ] GC(16) Pause Final Update Refs 0.179ms
[19.377s][info][gc,start     ] GC(16) Concurrent cleanup
[19.377s][info][gc           ] GC(16) Concurrent cleanup 11M->10M(16M) 0.277ms
[19.377s][info][gc           ] GC(16) Dat log --- cycle is complete
Current gc epoch: 16
heap: ______
capacity: 16777216
used: 10887840
committed: 16777216
bytes_allocated_since_gc_start: 0
hot_size: 34312
cold_size: 40314
num_regions: 64
hot_region_count: 18446744073709551610
cold_region_count: 37
histogram: Placeholder

[19.377s][info][gc           ] GC(16) Obj count ac histogram
[19.377s][info][gc           ] GC(16) 	0: 6155
[19.377s][info][gc           ] GC(16) 	1: 0
[19.377s][info][gc           ] GC(16) 	2: 0
[19.377s][info][gc           ] GC(16) 	3: 0
[19.377s][info][gc           ] GC(16) 	4: 0
[19.377s][info][gc           ] GC(16) 	5: 0
[19.377s][info][gc           ] GC(16) 	6: 0
[19.377s][info][gc           ] GC(16) 	7: 0
[19.377s][info][gc           ] GC(16) 	8: 0
[19.377s][info][gc           ] GC(16) 	9: 0
[19.377s][info][gc           ] GC(16) 	10: 0
[19.377s][info][gc           ] GC(16) 	11: 0
[19.377s][info][gc           ] GC(16) 	12: 0
[19.377s][info][gc           ] GC(16) 	13: 3886
[19.377s][info][gc           ] GC(16) 	14: 0
[19.377s][info][gc           ] GC(16) 	15: 0
[19.377s][info][gc           ] GC(16) 	16: 0
[19.377s][info][gc           ] GC(16) 	17: 0
[19.377s][info][gc           ] GC(16) 	18: 0
[19.377s][info][gc           ] GC(16) 	19: 0
[19.377s][info][gc           ] GC(16) Obj size ac histogram
[19.377s][info][gc           ] GC(16) 	0: 38637
[19.377s][info][gc           ] GC(16) 	1: 0
[19.377s][info][gc           ] GC(16) 	2: 0
[19.377s][info][gc           ] GC(16) 	3: 0
[19.377s][info][gc           ] GC(16) 	4: 0
[19.377s][info][gc           ] GC(16) 	5: 0
[19.377s][info][gc           ] GC(16) 	6: 0
[19.377s][info][gc           ] GC(16) 	7: 0
[19.377s][info][gc           ] GC(16) 	8: 0
[19.377s][info][gc           ] GC(16) 	9: 0
[19.377s][info][gc           ] GC(16) 	10: 0
[19.377s][info][gc           ] GC(16) 	11: 0
[19.377s][info][gc           ] GC(16) 	12: 0
[19.377s][info][gc           ] GC(16) 	13: 34076
[19.377s][info][gc           ] GC(16) 	14: 0
[19.377s][info][gc           ] GC(16) 	15: 0
[19.377s][info][gc           ] GC(16) 	16: 0
[19.377s][info][gc           ] GC(16) 	17: 0
[19.377s][info][gc           ] GC(16) 	18: 0
[19.377s][info][gc           ] GC(16) 	19: 0
[19.377s][info][gc,ergo      ] Free: 4727K, Max: 256K regular, 256K humongous, Frag: 67% external, 50% internal; Reserve: 1024K, Max: 256K
[19.377s][info][gc,stats     ] 
[19.377s][info][gc,stats     ] All times are wall-clock times, except per-root-class counters, that are sum over
[19.377s][info][gc,stats     ] all workers. Dividing the <total> over the root stage time estimates parallelism.
[19.377s][info][gc,stats     ] 
[19.377s][info][gc,stats     ] Concurrent Reset                    221 us
[19.377s][info][gc,stats     ] Pause Init Mark (G)                2173 us
[19.377s][info][gc,stats     ] Pause Init Mark (N)                1848 us
[19.377s][info][gc,stats     ]   Accumulate Stats                    6 us
[19.377s][info][gc,stats     ]   Make Parsable                      27 us
[19.377s][info][gc,stats     ]   Update Region States                2 us
[19.377s][info][gc,stats     ]   Scan Roots                       1687 us, parallelism: 1.06x
[19.377s][info][gc,stats     ]     S: <total>                     1783 us
[19.377s][info][gc,stats     ]     S: Thread Roots                 204 us, workers (us):   1, 203, ---, ---, ---, ---, ---, ---, ---, ---, ---, ---, ---, ---, ---, ---, ---, ---, ---, ---, ---, ---, ---, ---, 
[19.377s][info][gc,stats     ]     S: Universe Roots                19 us, workers (us):  19, ---, ---, ---, ---, ---, ---, ---, ---, ---, ---, ---, ---, ---, ---, ---, ---, ---, ---, ---, ---, ---, ---, ---, 
[19.378s][info][gc,stats     ]     S: JNI Handles Roots              3 us, workers (us):   3, ---, ---, ---, ---, ---, ---, ---, ---, ---, ---, ---, ---, ---, ---, ---, ---, ---, ---, ---, ---, ---, ---, ---, 
[19.378s][info][gc,stats     ]     S: Synchronizer Roots             0 us, workers (us): ---,   0, ---, ---, ---, ---, ---, ---, ---, ---, ---, ---, ---, ---, ---, ---, ---, ---, ---, ---, ---, ---, ---, ---, 
[19.378s][info][gc,stats     ]     S: Management Roots               2 us, workers (us): ---,   2, ---, ---, ---, ---, ---, ---, ---, ---, ---, ---, ---, ---, ---, ---, ---, ---, ---, ---, ---, ---, ---, ---, 
[19.378s][info][gc,stats     ]     S: System Dict Roots             34 us, workers (us): ---,  34, ---, ---, ---, ---, ---, ---, ---, ---, ---, ---, ---, ---, ---, ---, ---, ---, ---, ---, ---, ---, ---, ---, 
[19.378s][info][gc,stats     ]     S: CLDG Roots                  1519 us, workers (us): 1519, ---, ---, ---, ---, ---, ---, ---, ---, ---, ---, ---, ---, ---, ---, ---, ---, ---, ---, ---, ---, ---, ---, ---, 
[19.378s][info][gc,stats     ]     S: JVMTI Roots                    1 us, workers (us):   1, ---, ---, ---, ---, ---, ---, ---, ---, ---, ---, ---, ---, ---, ---, ---, ---, ---, ---, ---, ---, ---, ---, ---, 
[19.378s][info][gc,stats     ]   Resize TLABs                        6 us
[19.378s][info][gc,stats     ] Concurrent Marking                24645 us
[19.378s][info][gc,stats     ] Pause Final Mark (G)               2407 us
[19.378s][info][gc,stats     ] Pause Final Mark (N)               2134 us
[19.378s][info][gc,stats     ]   Finish Queues                     104 us
[19.378s][info][gc,stats     ]   System Purge                      577 us
[19.378s][info][gc,stats     ]     Weak Roots                      576 us
[19.378s][info][gc,stats     ]   Update Region States                3 us
[19.378s][info][gc,stats     ]   Retire TLABs                       20 us
[19.378s][info][gc,stats     ]   Choose Collection Set              62 us
[19.378s][info][gc,stats     ]   Rebuild Free Set                    7 us
[19.378s][info][gc,stats     ]   Initial Evacuation               1335 us, parallelism: 0.33x
[19.378s][info][gc,stats     ]     E: <total>                      440 us
[19.378s][info][gc,stats     ]     E: Thread Roots                  64 us, workers (us):   1,  63, ---, ---, ---, ---, ---, ---, ---, ---, ---, ---, ---, ---, ---, ---, ---, ---, ---, ---, ---, ---, ---, ---, 
[19.378s][info][gc,stats     ]     E: Code Cache Roots               1 us, workers (us):   0,   1, ---, ---, ---, ---, ---, ---, ---, ---, ---, ---, ---, ---, ---, ---, ---, ---, ---, ---, ---, ---, ---, ---, 
[19.378s][info][gc,stats     ]     E: Universe Roots                 5 us, workers (us):   5, ---, ---, ---, ---, ---, ---, ---, ---, ---, ---, ---, ---, ---, ---, ---, ---, ---, ---, ---, ---, ---, ---, ---, 
[19.378s][info][gc,stats     ]     E: JNI Handles Roots              1 us, workers (us):   1, ---, ---, ---, ---, ---, ---, ---, ---, ---, ---, ---, ---, ---, ---, ---, ---, ---, ---, ---, ---, ---, ---, ---, 
[19.378s][info][gc,stats     ]     E: Synchronizer Roots             0 us, workers (us):   0, ---, ---, ---, ---, ---, ---, ---, ---, ---, ---, ---, ---, ---, ---, ---, ---, ---, ---, ---, ---, ---, ---, ---, 
[19.378s][info][gc,stats     ]     E: Management Roots               1 us, workers (us):   1, ---, ---, ---, ---, ---, ---, ---, ---, ---, ---, ---, ---, ---, ---, ---, ---, ---, ---, ---, ---, ---, ---, ---, 
[19.378s][info][gc,stats     ]     E: System Dict Roots             13 us, workers (us):  13, ---, ---, ---, ---, ---, ---, ---, ---, ---, ---, ---, ---, ---, ---, ---, ---, ---, ---, ---, ---, ---, ---, ---, 
[19.378s][info][gc,stats     ]     E: CLDG Roots                   353 us, workers (us): 353, ---, ---, ---, ---, ---, ---, ---, ---, ---, ---, ---, ---, ---, ---, ---, ---, ---, ---, ---, ---, ---, ---, ---, 
[19.378s][info][gc,stats     ]     E: JVMTI Roots                    1 us, workers (us):   1, ---, ---, ---, ---, ---, ---, ---, ---, ---, ---, ---, ---, ---, ---, ---, ---, ---, ---, ---, ---, ---, ---, ---, 
[19.378s][info][gc,stats     ] Concurrent Cleanup                    6 us
[19.378s][info][gc,stats     ] Concurrent Evacuation              5478 us
[19.378s][info][gc,stats     ] Pause Init  Update Refs (G)         380 us
[19.378s][info][gc,stats     ] Pause Init  Update Refs (N)          75 us
[19.378s][info][gc,stats     ]   Retire GCLABs                      53 us
[19.378s][info][gc,stats     ] Concurrent Update Refs            18059 us
[19.378s][info][gc,stats     ] Pause Final Update Refs (G)         446 us
[19.378s][info][gc,stats     ] Pause Final Update Refs (N)         135 us
[19.378s][info][gc,stats     ]   Update Roots                      101 us, parallelism: 0.93x
[19.378s][info][gc,stats     ]     UR: <total>                      94 us
[19.378s][info][gc,stats     ]     UR: Thread Roots                 94 us, workers (us):  68,  27, ---, ---, ---, ---, ---, ---, ---, ---, ---, ---, ---, ---, ---, ---, ---, ---, ---, ---, ---, ---, ---, ---, 
[19.378s][info][gc,stats     ]   Update Region States                3 us
[19.378s][info][gc,stats     ]   Trash Collection Set                4 us
[19.378s][info][gc,stats     ]   Rebuild Free Set                    7 us
[19.378s][info][gc,stats     ] Concurrent Cleanup                  251 us
[19.378s][info][gc,stats     ] 
[19.378s][info][gc,stats     ] Allocation pacing accrued:
[19.378s][info][gc,stats     ]       0 of 10509 ms (  0.0%): <total>
[19.378s][info][gc,stats     ]       0 of 10509 ms (  0.0%): <average total>
[19.378s][info][gc,stats     ] 
[19.378s][info][gc,metaspace ] Metaspace: 14239K->14239K(1062912K)
[19.378s][info][gc,ergo      ] Pacer for Idle. Initial: 327K, Alloc Tax Rate: 1.0x
[22.322s][info][gc           ] Trigger: Free (1290K) is below minimum threshold (1638K)
[22.322s][info][gc,ergo      ] Free: 1290K, Max: 191K regular, 0B humongous, Frag: 0% external, 57% internal; Reserve: 1024K, Max: 256K
[22.322s][info][gc,start     ] GC(17) Concurrent reset
[22.322s][info][gc,task      ] GC(17) Using 2 of 24 workers for concurrent reset
[22.322s][info][gc,ergo      ] GC(17) Pacer for Reset. Non-Taxable: 16384K
[22.322s][info][gc           ] GC(17) Concurrent reset 0.192ms
[22.323s][info][gc,start     ] GC(17) Pause Init Mark
[22.323s][info][gc,task      ] GC(17) Using 2 of 24 workers for init marking
[22.324s][info][gc,ergo      ] GC(17) Pacer for Mark. Expected Live: 6818K, Free: 1290K, Non-Taxable: 129K, Alloc Tax Rate: 6.5x
[22.324s][info][gc           ] GC(17) Pause Init Mark 1.827ms
[22.324s][info][gc,start     ] GC(17) Concurrent marking
[22.325s][info][gc,task      ] GC(17) Using 2 of 24 workers for concurrent marking
[22.349s][info][gc           ] GC(17) Concurrent marking 24.537ms
[22.349s][info][gc,start     ] GC(17) Pause Final Mark
[22.349s][info][gc,task      ] GC(17) Using 2 of 24 workers for final marking
[22.350s][info][gc,ergo      ] GC(17) Adaptive CSet Selection. Target Free: 2321K, Actual Free: 1024K, Max CSet: 682K, Min Garbage: 1297K
[22.350s][info][gc,ergo      ] GC(17) Collectable Garbage: 958K (40%), Immediate: 0B (0%), CSet: 958K (40%)
[22.351s][info][gc,ergo      ] GC(17) Pacer for Evacuation. Used CSet: 1531K, Free: 4068K, Non-Taxable: 406K, Alloc Tax Rate: 1.1x
[22.351s][info][gc           ] GC(17) Pause Final Mark 1.816ms
[22.351s][info][gc,start     ] GC(17) Concurrent cleanup
[22.351s][info][gc           ] GC(17) Concurrent cleanup 10M->10M(16M) 0.034ms
[22.351s][info][gc,ergo      ] GC(17) Free: 4068K, Max: 191K regular, 0B humongous, Frag: 0% external, 51% internal; Reserve: 944K, Max: 256K
[22.351s][info][gc,start     ] GC(17) Concurrent evacuation
[22.351s][info][gc,task      ] GC(17) Using 2 of 24 workers for concurrent evacuation
[22.354s][info][gc           ] GC(17) Concurrent evacuation 2.634ms
[22.354s][info][gc,start     ] GC(17) Pause Init Update Refs
[22.354s][info][gc,ergo      ] GC(17) Pacer for Update Refs. Used: 11803K, Free: 4068K, Non-Taxable: 406K, Alloc Tax Rate: 3.5x
[22.354s][info][gc           ] GC(17) Pause Init Update Refs 0.104ms
[22.354s][info][gc,start     ] GC(17) Concurrent update references
[22.354s][info][gc,task      ] GC(17) Using 2 of 24 workers for concurrent reference update
[22.370s][info][gc           ] GC(17) Concurrent update references 16.227ms
[22.371s][info][gc,start     ] GC(17) Pause Final Update Refs
[22.371s][info][gc,task      ] GC(17) Using 2 of 24 workers for final reference update
[22.371s][info][gc           ] GC(17) Pause Final Update Refs 0.204ms
[22.371s][info][gc,start     ] GC(17) Concurrent cleanup
[22.371s][info][gc           ] GC(17) Concurrent cleanup 11M->10M(16M) 0.268ms
[22.371s][info][gc           ] GC(17) Dat log --- cycle is complete
Current gc epoch: 17
heap: ______
capacity: 16777216
used: 10518528
committed: 16777216
bytes_allocated_since_gc_start: 0
hot_size: 40637
cold_size: 32790
num_regions: 64
hot_region_count: 18446744073709551606
cold_region_count: 39
histogram: Placeholder

[22.371s][info][gc           ] GC(17) Obj count ac histogram
[22.371s][info][gc           ] GC(17) 	0: 2517
[22.371s][info][gc           ] GC(17) 	1: 0
[22.371s][info][gc           ] GC(17) 	2: 0
[22.371s][info][gc           ] GC(17) 	3: 0
[22.371s][info][gc           ] GC(17) 	4: 0
[22.371s][info][gc           ] GC(17) 	5: 0
[22.371s][info][gc           ] GC(17) 	6: 0
[22.371s][info][gc           ] GC(17) 	7: 0
[22.371s][info][gc           ] GC(17) 	8: 0
[22.371s][info][gc           ] GC(17) 	9: 0
[22.371s][info][gc           ] GC(17) 	10: 0
[22.371s][info][gc           ] GC(17) 	11: 0
[22.371s][info][gc           ] GC(17) 	12: 0
[22.371s][info][gc           ] GC(17) 	13: 4398
[22.371s][info][gc           ] GC(17) 	14: 0
[22.371s][info][gc           ] GC(17) 	15: 0
[22.371s][info][gc           ] GC(17) 	16: 0
[22.371s][info][gc           ] GC(17) 	17: 0
[22.371s][info][gc           ] GC(17) 	18: 0
[22.371s][info][gc           ] GC(17) 	19: 0
[22.371s][info][gc           ] GC(17) Obj size ac histogram
[22.371s][info][gc           ] GC(17) 	0: 32790
[22.371s][info][gc           ] GC(17) 	1: 0
[22.371s][info][gc           ] GC(17) 	2: 0
[22.371s][info][gc           ] GC(17) 	3: 0
[22.371s][info][gc           ] GC(17) 	4: 0
[22.372s][info][gc           ] GC(17) 	5: 0
[22.372s][info][gc           ] GC(17) 	6: 0
[22.372s][info][gc           ] GC(17) 	7: 0
[22.372s][info][gc           ] GC(17) 	8: 0
[22.372s][info][gc           ] GC(17) 	9: 0
[22.372s][info][gc           ] GC(17) 	10: 0
[22.372s][info][gc           ] GC(17) 	11: 0
[22.372s][info][gc           ] GC(17) 	12: 0
[22.372s][info][gc           ] GC(17) 	13: 40249
[22.372s][info][gc           ] GC(17) 	14: 0
[22.372s][info][gc           ] GC(17) 	15: 0
[22.372s][info][gc           ] GC(17) 	16: 0
[22.372s][info][gc           ] GC(17) 	17: 0
[22.372s][info][gc           ] GC(17) 	18: 0
[22.372s][info][gc           ] GC(17) 	19: 0
[22.372s][info][gc,ergo      ] Free: 5088K, Max: 256K regular, 256K humongous, Frag: 67% external, 47% internal; Reserve: 1024K, Max: 256K
[22.372s][info][gc,stats     ] 
[22.372s][info][gc,stats     ] All times are wall-clock times, except per-root-class counters, that are sum over
[22.372s][info][gc,stats     ] all workers. Dividing the <total> over the root stage time estimates parallelism.
[22.372s][info][gc,stats     ] 
[22.372s][info][gc,stats     ] Concurrent Reset                    171 us
[22.372s][info][gc,stats     ] Pause Init Mark (G)                2244 us
[22.372s][info][gc,stats     ] Pause Init Mark (N)                1781 us
[22.372s][info][gc,stats     ]   Accumulate Stats                    5 us
[22.372s][info][gc,stats     ]   Make Parsable                       9 us
[22.372s][info][gc,stats     ]   Update Region States                2 us
[22.372s][info][gc,stats     ]   Scan Roots                       1637 us, parallelism: 1.00x
[22.372s][info][gc,stats     ]     S: <total>                     1633 us
[22.372s][info][gc,stats     ]     S: Thread Roots                 103 us, workers (us):   2, 101, ---, ---, ---, ---, ---, ---, ---, ---, ---, ---, ---, ---, ---, ---, ---, ---, ---, ---, ---, ---, ---, ---, 
[22.372s][info][gc,stats     ]     S: Universe Roots                19 us, workers (us):  19, ---, ---, ---, ---, ---, ---, ---, ---, ---, ---, ---, ---, ---, ---, ---, ---, ---, ---, ---, ---, ---, ---, ---, 
[22.372s][info][gc,stats     ]     S: JNI Handles Roots              3 us, workers (us):   3, ---, ---, ---, ---, ---, ---, ---, ---, ---, ---, ---, ---, ---, ---, ---, ---, ---, ---, ---, ---, ---, ---, ---, 
[22.372s][info][gc,stats     ]     S: Synchronizer Roots             0 us, workers (us): ---,   0, ---, ---, ---, ---, ---, ---, ---, ---, ---, ---, ---, ---, ---, ---, ---, ---, ---, ---, ---, ---, ---, ---, 
[22.372s][info][gc,stats     ]     S: Management Roots               2 us, workers (us): ---,   2, ---, ---, ---, ---, ---, ---, ---, ---, ---, ---, ---, ---, ---, ---, ---, ---, ---, ---, ---, ---, ---, ---, 
[22.372s][info][gc,stats     ]     S: System Dict Roots             31 us, workers (us): ---,  31, ---, ---, ---, ---, ---, ---, ---, ---, ---, ---, ---, ---, ---, ---, ---, ---, ---, ---, ---, ---, ---, ---, 
[22.372s][info][gc,stats     ]     S: CLDG Roots                  1474 us, workers (us): 1474, ---, ---, ---, ---, ---, ---, ---, ---, ---, ---, ---, ---, ---, ---, ---, ---, ---, ---, ---, ---, ---, ---, ---, 
[22.372s][info][gc,stats     ]     S: JVMTI Roots                    1 us, workers (us):   1, ---, ---, ---, ---, ---, ---, ---, ---, ---, ---, ---, ---, ---, ---, ---, ---, ---, ---, ---, ---, ---, ---, ---, 
[22.372s][info][gc,stats     ]   Resize TLABs                        6 us
[22.372s][info][gc,stats     ] Concurrent Marking                24484 us
[22.372s][info][gc,stats     ] Pause Final Mark (G)               1978 us
[22.372s][info][gc,stats     ] Pause Final Mark (N)               1773 us
[22.372s][info][gc,stats     ]   Finish Queues                      53 us
[22.372s][info][gc,stats     ]   System Purge                     1020 us
[22.372s][info][gc,stats     ]     Weak Roots                     1019 us
[22.372s][info][gc,stats     ]   Update Region States                4 us
[22.372s][info][gc,stats     ]   Retire TLABs                        6 us
[22.372s][info][gc,stats     ]   Choose Collection Set              77 us
[22.372s][info][gc,stats     ]   Rebuild Free Set                    7 us
[22.372s][info][gc,stats     ]   Initial Evacuation                584 us, parallelism: 0.46x
[22.372s][info][gc,stats     ]     E: <total>                      268 us
[22.372s][info][gc,stats     ]     E: Thread Roots                  35 us, workers (us):  35,   1, ---, ---, ---, ---, ---, ---, ---, ---, ---, ---, ---, ---, ---, ---, ---, ---, ---, ---, ---, ---, ---, ---, 
[22.372s][info][gc,stats     ]     E: Code Cache Roots               1 us, workers (us):   0,   0, ---, ---, ---, ---, ---, ---, ---, ---, ---, ---, ---, ---, ---, ---, ---, ---, ---, ---, ---, ---, ---, ---, 
[22.372s][info][gc,stats     ]     E: Universe Roots                 4 us, workers (us):   4, ---, ---, ---, ---, ---, ---, ---, ---, ---, ---, ---, ---, ---, ---, ---, ---, ---, ---, ---, ---, ---, ---, ---, 
[22.372s][info][gc,stats     ]     E: JNI Handles Roots              1 us, workers (us): ---,   1, ---, ---, ---, ---, ---, ---, ---, ---, ---, ---, ---, ---, ---, ---, ---, ---, ---, ---, ---, ---, ---, ---, 
[22.372s][info][gc,stats     ]     E: Synchronizer Roots             0 us, workers (us):   0, ---, ---, ---, ---, ---, ---, ---, ---, ---, ---, ---, ---, ---, ---, ---, ---, ---, ---, ---, ---, ---, ---, ---, 
[22.372s][info][gc,stats     ]     E: Management Roots               1 us, workers (us):   1, ---, ---, ---, ---, ---, ---, ---, ---, ---, ---, ---, ---, ---, ---, ---, ---, ---, ---, ---, ---, ---, ---, ---, 
[22.372s][info][gc,stats     ]     E: System Dict Roots             19 us, workers (us):  19, ---, ---, ---, ---, ---, ---, ---, ---, ---, ---, ---, ---, ---, ---, ---, ---, ---, ---, ---, ---, ---, ---, ---, 
[22.372s][info][gc,stats     ]     E: CLDG Roots                   205 us, workers (us): ---, 205, ---, ---, ---, ---, ---, ---, ---, ---, ---, ---, ---, ---, ---, ---, ---, ---, ---, ---, ---, ---, ---, ---, 
[22.372s][info][gc,stats     ]     E: JVMTI Roots                    0 us, workers (us): ---,   0, ---, ---, ---, ---, ---, ---, ---, ---, ---, ---, ---, ---, ---, ---, ---, ---, ---, ---, ---, ---, ---, ---, 
[22.372s][info][gc,stats     ] Concurrent Cleanup                    6 us
[22.372s][info][gc,stats     ] Concurrent Evacuation              2615 us
[22.372s][info][gc,stats     ] Pause Init  Update Refs (G)         445 us
[22.372s][info][gc,stats     ] Pause Init  Update Refs (N)          61 us
[22.372s][info][gc,stats     ]   Retire GCLABs                      39 us
[22.372s][info][gc,stats     ] Concurrent Update Refs            16198 us
[22.372s][info][gc,stats     ] Pause Final Update Refs (G)         457 us
[22.372s][info][gc,stats     ] Pause Final Update Refs (N)         162 us
[22.372s][info][gc,stats     ]   Update Roots                      129 us, parallelism: 0.56x
[22.372s][info][gc,stats     ]     UR: <total>                      72 us
[22.372s][info][gc,stats     ]     UR: Thread Roots                 72 us, workers (us):  40,  31, ---, ---, ---, ---, ---, ---, ---, ---, ---, ---, ---, ---, ---, ---, ---, ---, ---, ---, ---, ---, ---, ---, 
[22.372s][info][gc,stats     ]   Update Region States                3 us
[22.372s][info][gc,stats     ]   Trash Collection Set                4 us
[22.372s][info][gc,stats     ]   Rebuild Free Set                    7 us
[22.372s][info][gc,stats     ] Concurrent Cleanup                  244 us
[22.372s][info][gc,stats     ] 
[22.373s][info][gc,stats     ] Allocation pacing accrued:
[22.373s][info][gc,stats     ]       0 of  2994 ms (  0.0%): <total>
[22.373s][info][gc,stats     ]       0 of  2994 ms (  0.0%): <average total>
[22.373s][info][gc,stats     ] 
[22.373s][info][gc,metaspace ] Metaspace: 14239K->14239K(1062912K)
[22.373s][info][gc,ergo      ] Pacer for Idle. Initial: 327K, Alloc Tax Rate: 1.0x
[24.324s][info][gc           ] Trigger: Free (1410K) is below minimum threshold (1638K)
[24.324s][info][gc,ergo      ] Free: 1410K, Max: 256K regular, 256K humongous, Frag: 0% external, 49% internal; Reserve: 1024K, Max: 256K
[24.324s][info][gc,start     ] GC(18) Concurrent reset
[24.324s][info][gc,task      ] GC(18) Using 2 of 24 workers for concurrent reset
[24.324s][info][gc,ergo      ] GC(18) Pacer for Reset. Non-Taxable: 16384K
[24.324s][info][gc           ] GC(18) Concurrent reset 0.161ms
[24.325s][info][gc,start     ] GC(18) Pause Init Mark
[24.325s][info][gc,task      ] GC(18) Using 2 of 24 workers for init marking
[24.326s][info][gc,ergo      ] GC(18) Pacer for Mark. Expected Live: 7180K, Free: 1410K, Non-Taxable: 141K, Alloc Tax Rate: 6.2x
[24.326s][info][gc           ] GC(18) Pause Init Mark 1.819ms
[24.327s][info][gc,start     ] GC(18) Concurrent marking
[24.327s][info][gc,task      ] GC(18) Using 2 of 24 workers for concurrent marking
[24.352s][info][gc           ] GC(18) Concurrent marking 25.305ms
[24.352s][info][gc,start     ] GC(18) Pause Final Mark
[24.352s][info][gc,task      ] GC(18) Using 2 of 24 workers for final marking
[24.352s][info][gc,ergo      ] GC(18) Adaptive CSet Selection. Target Free: 2321K, Actual Free: 1280K, Max CSet: 682K, Min Garbage: 1041K
[24.353s][info][gc,ergo      ] GC(18) Collectable Garbage: 532K (33%), Immediate: 0B (0%), CSet: 532K (33%)
[24.354s][info][gc,ergo      ] GC(18) Pacer for Evacuation. Used CSet: 1154K, Free: 4689K, Non-Taxable: 468K, Alloc Tax Rate: 1.1x
[24.354s][info][gc           ] GC(18) Pause Final Mark 1.895ms
[24.354s][info][gc,start     ] GC(18) Concurrent cleanup
[24.354s][info][gc           ] GC(18) Concurrent cleanup 10M->10M(16M) 0.055ms
[24.354s][info][gc,ergo      ] GC(18) Free: 4689K, Max: 256K regular, 256K humongous, Frag: 0% external, 50% internal; Reserve: 926K, Max: 256K
[24.354s][info][gc,start     ] GC(18) Concurrent evacuation
[24.354s][info][gc,task      ] GC(18) Using 2 of 24 workers for concurrent evacuation
[24.359s][info][gc           ] GC(18) Concurrent evacuation 4.789ms
[24.359s][info][gc,start     ] GC(18) Pause Init Update Refs
[24.359s][info][gc,ergo      ] GC(18) Pacer for Update Refs. Used: 11450K, Free: 4433K, Non-Taxable: 443K, Alloc Tax Rate: 3.2x
[24.359s][info][gc           ] GC(18) Pause Init Update Refs 0.105ms
[24.359s][info][gc,start     ] GC(18) Concurrent update references
[24.359s][info][gc,task      ] GC(18) Using 2 of 24 workers for concurrent reference update
[24.372s][info][gc           ] GC(18) Concurrent update references 12.396ms
[24.372s][info][gc,start     ] GC(18) Pause Final Update Refs
[24.372s][info][gc,task      ] GC(18) Using 2 of 24 workers for final reference update
[24.372s][info][gc           ] GC(18) Pause Final Update Refs 0.123ms
[24.372s][info][gc,start     ] GC(18) Concurrent cleanup
[24.372s][info][gc           ] GC(18) Concurrent cleanup 11M->10M(16M) 0.118ms
[24.372s][info][gc           ] GC(18) Dat log --- cycle is complete
Current gc epoch: 18
heap: ______
capacity: 16777216
used: 10543224
committed: 16777216
bytes_allocated_since_gc_start: 0
hot_size: 72495
cold_size: 7027
num_regions: 64
hot_region_count: 18446744073709551606
cold_region_count: 40
histogram: Placeholder

[24.372s][info][gc           ] GC(18) Obj count ac histogram
[24.372s][info][gc           ] GC(18) 	0: 992
[24.372s][info][gc           ] GC(18) 	1: 0
[24.372s][info][gc           ] GC(18) 	2: 0
[24.372s][info][gc           ] GC(18) 	3: 0
[24.372s][info][gc           ] GC(18) 	4: 0
[24.372s][info][gc           ] GC(18) 	5: 0
[24.372s][info][gc           ] GC(18) 	6: 0
[24.372s][info][gc           ] GC(18) 	7: 0
[24.372s][info][gc           ] GC(18) 	8: 0
[24.372s][info][gc           ] GC(18) 	9: 0
[24.372s][info][gc           ] GC(18) 	10: 0
[24.372s][info][gc           ] GC(18) 	11: 0
[24.372s][info][gc           ] GC(18) 	12: 0
[24.372s][info][gc           ] GC(18) 	13: 6051
[24.372s][info][gc           ] GC(18) 	14: 0
[24.372s][info][gc           ] GC(18) 	15: 0
[24.372s][info][gc           ] GC(18) 	16: 0
[24.372s][info][gc           ] GC(18) 	17: 0
[24.372s][info][gc           ] GC(18) 	18: 0
[24.372s][info][gc           ] GC(18) 	19: 0
[24.372s][info][gc           ] GC(18) Obj size ac histogram
[24.372s][info][gc           ] GC(18) 	0: 7027
[24.372s][info][gc           ] GC(18) 	1: 0
[24.372s][info][gc           ] GC(18) 	2: 0
[24.372s][info][gc           ] GC(18) 	3: 0
[24.372s][info][gc           ] GC(18) 	4: 0
[24.372s][info][gc           ] GC(18) 	5: 0
[24.372s][info][gc           ] GC(18) 	6: 0
[24.372s][info][gc           ] GC(18) 	7: 0
[24.372s][info][gc           ] GC(18) 	8: 0
[24.372s][info][gc           ] GC(18) 	9: 0
[24.372s][info][gc           ] GC(18) 	10: 0
[24.372s][info][gc           ] GC(18) 	11: 0
[24.372s][info][gc           ] GC(18) 	12: 0
[24.372s][info][gc           ] GC(18) 	13: 71402
[24.372s][info][gc           ] GC(18) 	14: 0
[24.372s][info][gc           ] GC(18) 	15: 0
[24.372s][info][gc           ] GC(18) 	16: 0
[24.372s][info][gc           ] GC(18) 	17: 0
[24.372s][info][gc           ] GC(18) 	18: 0
[24.372s][info][gc           ] GC(18) 	19: 0
[24.372s][info][gc,ergo      ] Free: 5063K, Max: 256K regular, 256K humongous, Frag: 0% external, 50% internal; Reserve: 1024K, Max: 256K
[24.372s][info][gc,stats     ] 
[24.372s][info][gc,stats     ] All times are wall-clock times, except per-root-class counters, that are sum over
[24.372s][info][gc,stats     ] all workers. Dividing the <total> over the root stage time estimates parallelism.
[24.372s][info][gc,stats     ] 
[24.372s][info][gc,stats     ] Concurrent Reset                    141 us
[24.372s][info][gc,stats     ] Pause Init Mark (G)                2217 us
[24.372s][info][gc,stats     ] Pause Init Mark (N)                1775 us
[24.372s][info][gc,stats     ]   Accumulate Stats                    5 us
[24.372s][info][gc,stats     ]   Make Parsable                      10 us
[24.372s][info][gc,stats     ]   Update Region States                2 us
[24.372s][info][gc,stats     ]   Scan Roots                       1610 us, parallelism: 1.00x
[24.372s][info][gc,stats     ]     S: <total>                     1615 us
[24.373s][info][gc,stats     ]     S: Thread Roots                 102 us, workers (us):   2, 101, ---, ---, ---, ---, ---, ---, ---, ---, ---, ---, ---, ---, ---, ---, ---, ---, ---, ---, ---, ---, ---, ---, 
[24.373s][info][gc,stats     ]     S: Universe Roots                19 us, workers (us):  19, ---, ---, ---, ---, ---, ---, ---, ---, ---, ---, ---, ---, ---, ---, ---, ---, ---, ---, ---, ---, ---, ---, ---, 
[24.373s][info][gc,stats     ]     S: JNI Handles Roots              4 us, workers (us):   4, ---, ---, ---, ---, ---, ---, ---, ---, ---, ---, ---, ---, ---, ---, ---, ---, ---, ---, ---, ---, ---, ---, ---, 
[24.373s][info][gc,stats     ]     S: Synchronizer Roots             1 us, workers (us): ---,   1, ---, ---, ---, ---, ---, ---, ---, ---, ---, ---, ---, ---, ---, ---, ---, ---, ---, ---, ---, ---, ---, ---, 
[24.373s][info][gc,stats     ]     S: Management Roots               2 us, workers (us): ---,   2, ---, ---, ---, ---, ---, ---, ---, ---, ---, ---, ---, ---, ---, ---, ---, ---, ---, ---, ---, ---, ---, ---, 
[24.373s][info][gc,stats     ]     S: System Dict Roots             30 us, workers (us): ---,  30, ---, ---, ---, ---, ---, ---, ---, ---, ---, ---, ---, ---, ---, ---, ---, ---, ---, ---, ---, ---, ---, ---, 
[24.373s][info][gc,stats     ]     S: CLDG Roots                  1458 us, workers (us): 1458, ---, ---, ---, ---, ---, ---, ---, ---, ---, ---, ---, ---, ---, ---, ---, ---, ---, ---, ---, ---, ---, ---, ---, 
[24.373s][info][gc,stats     ]     S: JVMTI Roots                    1 us, workers (us):   1, ---, ---, ---, ---, ---, ---, ---, ---, ---, ---, ---, ---, ---, ---, ---, ---, ---, ---, ---, ---, ---, ---, ---, 
[24.373s][info][gc,stats     ]   Resize TLABs                        6 us
[24.373s][info][gc,stats     ] Concurrent Marking                25253 us
[24.373s][info][gc,stats     ] Pause Final Mark (G)               2108 us
[24.373s][info][gc,stats     ] Pause Final Mark (N)               1851 us
[24.373s][info][gc,stats     ]   Finish Queues                     106 us
[24.373s][info][gc,stats     ]   System Purge                      311 us
[24.373s][info][gc,stats     ]     Weak Roots                      310 us
[24.373s][info][gc,stats     ]   Update Region States                4 us
[24.373s][info][gc,stats     ]   Retire TLABs                        5 us
[24.373s][info][gc,stats     ]   Choose Collection Set              74 us
[24.373s][info][gc,stats     ]   Rebuild Free Set                    7 us
[24.373s][info][gc,stats     ]   Initial Evacuation               1320 us, parallelism: 0.43x
[24.373s][info][gc,stats     ]     E: <total>                      570 us
[24.373s][info][gc,stats     ]     E: Thread Roots                  88 us, workers (us):   1,  87, ---, ---, ---, ---, ---, ---, ---, ---, ---, ---, ---, ---, ---, ---, ---, ---, ---, ---, ---, ---, ---, ---, 
[24.373s][info][gc,stats     ]     E: Code Cache Roots               1 us, workers (us):   0,   1, ---, ---, ---, ---, ---, ---, ---, ---, ---, ---, ---, ---, ---, ---, ---, ---, ---, ---, ---, ---, ---, ---, 
[24.373s][info][gc,stats     ]     E: Universe Roots                 5 us, workers (us):   5, ---, ---, ---, ---, ---, ---, ---, ---, ---, ---, ---, ---, ---, ---, ---, ---, ---, ---, ---, ---, ---, ---, ---, 
[24.373s][info][gc,stats     ]     E: JNI Handles Roots             13 us, workers (us):  13, ---, ---, ---, ---, ---, ---, ---, ---, ---, ---, ---, ---, ---, ---, ---, ---, ---, ---, ---, ---, ---, ---, ---, 
[24.373s][info][gc,stats     ]     E: Synchronizer Roots             0 us, workers (us):   0, ---, ---, ---, ---, ---, ---, ---, ---, ---, ---, ---, ---, ---, ---, ---, ---, ---, ---, ---, ---, ---, ---, ---, 
[24.373s][info][gc,stats     ]     E: Management Roots               2 us, workers (us):   2, ---, ---, ---, ---, ---, ---, ---, ---, ---, ---, ---, ---, ---, ---, ---, ---, ---, ---, ---, ---, ---, ---, ---, 
[24.373s][info][gc,stats     ]     E: System Dict Roots             25 us, workers (us):  25, ---, ---, ---, ---, ---, ---, ---, ---, ---, ---, ---, ---, ---, ---, ---, ---, ---, ---, ---, ---, ---, ---, ---, 
[24.373s][info][gc,stats     ]     E: CLDG Roots                   436 us, workers (us): 436, ---, ---, ---, ---, ---, ---, ---, ---, ---, ---, ---, ---, ---, ---, ---, ---, ---, ---, ---, ---, ---, ---, ---, 
[24.373s][info][gc,stats     ]     E: JVMTI Roots                    1 us, workers (us):   1, ---, ---, ---, ---, ---, ---, ---, ---, ---, ---, ---, ---, ---, ---, ---, ---, ---, ---, ---, ---, ---, ---, ---, 
[24.373s][info][gc,stats     ] Concurrent Cleanup                    6 us
[24.373s][info][gc,stats     ] Concurrent Evacuation              4769 us
[24.373s][info][gc,stats     ] Pause Init  Update Refs (G)         401 us
[24.373s][info][gc,stats     ] Pause Init  Update Refs (N)          62 us
[24.373s][info][gc,stats     ]   Retire GCLABs                      40 us
[24.373s][info][gc,stats     ] Concurrent Update Refs            12370 us
[24.373s][info][gc,stats     ] Pause Final Update Refs (G)         362 us
[24.373s][info][gc,stats     ] Pause Final Update Refs (N)          81 us
[24.373s][info][gc,stats     ]   Update Roots                       47 us, parallelism: 0.82x
[24.373s][info][gc,stats     ]     UR: <total>                      39 us
[24.373s][info][gc,stats     ]     UR: Thread Roots                 39 us, workers (us):  24,  15, ---, ---, ---, ---, ---, ---, ---, ---, ---, ---, ---, ---, ---, ---, ---, ---, ---, ---, ---, ---, ---, ---, 
[24.373s][info][gc,stats     ]   Update Region States                3 us
[24.373s][info][gc,stats     ]   Trash Collection Set                3 us
[24.373s][info][gc,stats     ]   Rebuild Free Set                    7 us
[24.373s][info][gc,stats     ] Concurrent Cleanup                  109 us
[24.373s][info][gc,stats     ] 
[24.373s][info][gc,stats     ] Allocation pacing accrued:
[24.373s][info][gc,stats     ]       0 of  2000 ms (  0.0%): <total>
[24.373s][info][gc,stats     ]       0 of  2000 ms (  0.0%): <average total>
[24.373s][info][gc,stats     ] 
[24.373s][info][gc,metaspace ] Metaspace: 14239K->14239K(1062912K)
[24.373s][info][gc,ergo      ] Pacer for Idle. Initial: 327K, Alloc Tax Rate: 1.0x
[26.323s][info][gc           ] Failed to allocate Shared, 128K
[26.323s][info][gc           ] Cancelling GC: Allocation Failure
[26.324s][info][gc           ] Trigger: Handle Allocation Failure
[26.324s][info][gc,ergo      ] Free: 1274K, Max: 191K regular, 0B humongous, Frag: 0% external, 54% internal; Reserve: 1024K, Max: 256K
[26.325s][info][gc,start     ] GC(19) Pause Degenerated GC (Outside of Cycle)
[26.325s][info][gc,task      ] GC(19) Using 13 of 24 workers for stw degenerated gc
[26.325s][info][gc,ergo      ] GC(19) Pacer for Reset. Non-Taxable: 16384K
[26.325s][info][gc,ergo      ] GC(19) Pacer for Mark. Expected Live: 7484K, Free: 1274K, Non-Taxable: 127K, Alloc Tax Rate: 7.2x
[26.338s][info][gc,stringtable] GC(19) Cleaned string and symbol table, strings: 5465 processed, 0 removed, symbols: 48584 processed, 8 removed
[26.339s][info][gc,ergo       ] GC(19) Adaptive CSet Selection. Target Free: 2321K, Actual Free: 1024K, Max CSet: 682K, Min Garbage: 1297K
[26.339s][info][gc,ergo       ] GC(19) Collectable Garbage: 928K (43%), Immediate: 0B (0%), CSet: 928K (43%)
[26.339s][info][gc,ergo       ] GC(19) Pacer for Evacuation. Used CSet: 1446K, Free: 4835K, Non-Taxable: 483K, Alloc Tax Rate: 1.1x
[26.341s][info][gc,ergo       ] GC(19) Pacer for Update Refs. Used: 11121K, Free: 4835K, Non-Taxable: 483K, Alloc Tax Rate: 2.8x
[26.344s][info][gc,ergo       ] GC(19) Good progress for free space: 5685K, need 163K
[26.344s][info][gc,ergo       ] GC(19) Good progress for used space: 759K, need 256K
[26.344s][info][gc            ] GC(19) Pause Degenerated GC (Outside of Cycle) 10M->9M(16M) 19.708ms
[26.345s][info][gc,ergo       ] Free: 5685K, Max: 256K regular, 512K humongous, Frag: 34% external, 47% internal; Reserve: 1024K, Max: 256K
[26.345s][info][gc,stats      ] 
[26.345s][info][gc,stats      ] All times are wall-clock times, except per-root-class counters, that are sum over
[26.345s][info][gc,stats      ] all workers. Dividing the <total> over the root stage time estimates parallelism.
[26.345s][info][gc,stats      ] 
[26.345s][info][gc,stats      ]   Accumulate Stats                    6 us
[26.345s][info][gc,stats      ]   Make Parsable                      11 us
[26.345s][info][gc,stats      ]   Update Region States                2 us
[26.345s][info][gc,stats      ]   Scan Roots                        299 us, parallelism: 2.54x
[26.345s][info][gc,stats      ]     S: <total>                      759 us
[26.345s][info][gc,stats      ]     S: Thread Roots                 369 us, workers (us):   1,  24,   3,   9,   2,   2,   1,  36, 200,  40,   8,  41,   2, ---, ---, ---, ---, ---, ---, ---, ---, ---, ---, ---, 
[26.345s][info][gc,stats      ]     S: Universe Roots                 8 us, workers (us):   8, ---, ---, ---, ---, ---, ---, ---, ---, ---, ---, ---, ---, ---, ---, ---, ---, ---, ---, ---, ---, ---, ---, ---, 
[26.345s][info][gc,stats      ]     S: JNI Handles Roots             18 us, workers (us): ---, ---,  18, ---, ---, ---, ---, ---, ---, ---, ---, ---, ---, ---, ---, ---, ---, ---, ---, ---, ---, ---, ---, ---, 
[26.345s][info][gc,stats      ]     S: Synchronizer Roots             1 us, workers (us): ---,   1, ---, ---, ---, ---, ---, ---, ---, ---, ---, ---, ---, ---, ---, ---, ---, ---, ---, ---, ---, ---, ---, ---, 
[26.345s][info][gc,stats      ]     S: Management Roots               1 us, workers (us):   1, ---, ---, ---, ---, ---, ---, ---, ---, ---, ---, ---, ---, ---, ---, ---, ---, ---, ---, ---, ---, ---, ---, ---, 
[26.345s][info][gc,stats      ]     S: System Dict Roots             31 us, workers (us): ---,  31, ---, ---, ---, ---, ---, ---, ---, ---, ---, ---, ---, ---, ---, ---, ---, ---, ---, ---, ---, ---, ---, ---, 
[26.345s][info][gc,stats      ]     S: CLDG Roots                   332 us, workers (us): 230, ---,  14,  22,  22,  22,  22, ---, ---, ---, ---, ---, ---, ---, ---, ---, ---, ---, ---, ---, ---, ---, ---, ---, 
[26.345s][info][gc,stats      ]     S: JVMTI Roots                    0 us, workers (us):   0, ---, ---, ---, ---, ---, ---, ---, ---, ---, ---, ---, ---, ---, ---, ---, ---, ---, ---, ---, ---, ---, ---, ---, 
[26.345s][info][gc,stats      ]   Resize TLABs                        5 us
[26.345s][info][gc,stats      ]   Finish Queues                    8393 us
[26.345s][info][gc,stats      ]   Weak References                  1382 us
[26.345s][info][gc,stats      ]     Process                        1369 us
[26.345s][info][gc,stats      ]   System Purge                      135 us
[26.345s][info][gc,stats      ]     Unload Classes                 1068 us
[26.345s][info][gc,stats      ]     Cleanup                        1944 us, parallelism: 10.42x
[26.345s][info][gc,stats      ]       CU: <total>                 20253 us
[26.345s][info][gc,stats      ]       CU: Code Cache Roots           80 us, workers (us):   3,   1,   3,   2,   1,   1,   2,   5,  32,   2,   4,  21,   2, ---, ---, ---, ---, ---, ---, ---, ---, ---, ---, ---, 
[26.345s][info][gc,stats      ]       CU: Code Cache Cleaning         2 us, workers (us):   0,   0,   0,   0,   0,   0,   0,   0,   0,   0,   0,   0,   0, ---, ---, ---, ---, ---, ---, ---, ---, ---, ---, ---, 
[26.345s][info][gc,stats      ]       CU: String Table Roots       4410 us, workers (us): 417, 386, 383, 380, 338, 333, 322, 321, 290, 324, 322, 300, 292, ---, ---, ---, ---, ---, ---, ---, ---, ---, ---, ---, 
[26.345s][info][gc,stats      ]       CU: Resolved Table Roots      122 us, workers (us):   0,   0,   0,   0,   0, 119,   0,   0,   0,   0,   0,   0,   0, ---, ---, ---, ---, ---, ---, ---, ---, ---, ---, ---, 
[26.345s][info][gc,stats      ]       CU: CLDG Roots              15639 us, workers (us): 1214, 1211, 1208, 1212, 1212, 1096, 1213, 1212, 1216, 1210, 1209, 1214, 1212, ---, ---, ---, ---, ---, ---, ---, ---, ---, ---, ---, 
[26.345s][info][gc,stats      ]     Weak Roots                      134 us
[26.345s][info][gc,stats      ]     CLDG                            795 us
[26.345s][info][gc,stats      ]   Update Region States                3 us
[26.345s][info][gc,stats      ]   Retire TLABs                        8 us
[26.345s][info][gc,stats      ]   Choose Collection Set              75 us
[26.345s][info][gc,stats      ]   Rebuild Free Set                    7 us
[26.345s][info][gc,stats      ]   Initial Evacuation                 33 us
[26.345s][info][gc,stats      ]   Retire GCLABs                      30 us
[26.345s][info][gc,stats      ]   Finish Work                      2851 us
[26.345s][info][gc,stats      ]   Update Region States                3 us
[26.345s][info][gc,stats      ]   Trash Collection Set                4 us
[26.345s][info][gc,stats      ]   Rebuild Free Set                    6 us
[26.345s][info][gc,stats      ] Pause Degenerated GC (G)          20069 us
[26.345s][info][gc,stats      ] Pause Degenerated GC (N)          19665 us
[26.345s][info][gc,stats      ]   Degen Update Roots                321 us, parallelism: 1.79x
[26.345s][info][gc,stats      ]     DU: <total>                     575 us
[26.345s][info][gc,stats      ]     DU: Thread Roots                 71 us, workers (us):  18,   1,   0,   1,  10,  12,   1,   9,   1,   1,   1,   3,  14, ---, ---, ---, ---, ---, ---, ---, ---, ---, ---, ---, 
[26.345s][info][gc,stats      ]     DU: Code Cache Roots              3 us, workers (us):   0,   0,   0,   0,   0,   0,   0,   0,   0,   0,   0,   0,   0, ---, ---, ---, ---, ---, ---, ---, ---, ---, ---, ---, 
[26.345s][info][gc,stats      ]     DU: Universe Roots                3 us, workers (us):   3, ---, ---, ---, ---, ---, ---, ---, ---, ---, ---, ---, ---, ---, ---, ---, ---, ---, ---, ---, ---, ---, ---, ---, 
[26.345s][info][gc,stats      ]     DU: JNI Handles Roots             1 us, workers (us): ---, ---,   1, ---, ---, ---, ---, ---, ---, ---, ---, ---, ---, ---, ---, ---, ---, ---, ---, ---, ---, ---, ---, ---, 
[26.345s][info][gc,stats      ]     DU: Synchronizer Roots            0 us, workers (us): ---,   0, ---, ---, ---, ---, ---, ---, ---, ---, ---, ---, ---, ---, ---, ---, ---, ---, ---, ---, ---, ---, ---, ---, 
[26.345s][info][gc,stats      ]     DU: Management Roots              1 us, workers (us): ---,   1, ---, ---, ---, ---, ---, ---, ---, ---, ---, ---, ---, ---, ---, ---, ---, ---, ---, ---, ---, ---, ---, ---, 
[26.345s][info][gc,stats      ]     DU: System Dict Roots             8 us, workers (us):   8, ---, ---, ---, ---, ---, ---, ---, ---, ---, ---, ---, ---, ---, ---, ---, ---, ---, ---, ---, ---, ---, ---, ---, 
[26.345s][info][gc,stats      ]     DU: CLDG Roots                  487 us, workers (us): ---, ---,  55,  55, ---, ---,  54, ---, 141,  56, 125, ---, ---, ---, ---, ---, ---, ---, ---, ---, ---, ---, ---, ---, 
[26.345s][info][gc,stats      ]     DU: JVMTI Roots                   0 us, workers (us): ---,   0, ---, ---, ---, ---, ---, ---, ---, ---, ---, ---, ---, ---, ---, ---, ---, ---, ---, ---, ---, ---, ---, ---, 
[26.345s][info][gc,stats      ] 
[26.345s][info][gc,stats      ] Allocation pacing accrued:
[26.345s][info][gc,stats      ]       0 of  1972 ms (  0.0%): <total>
[26.345s][info][gc,stats      ]       0 of  1972 ms (  0.0%): <average total>
[26.345s][info][gc,stats      ] 
[26.345s][info][gc,metaspace  ] Metaspace: 14239K->14126K(1062912K)
[26.345s][info][gc,ergo       ] Pacer for Idle. Initial: 327K, Alloc Tax Rate: 1.0x
[26.346s][info][gc            ] Trigger: Average GC time (51.02 ms) is above the time for allocation rate (148 MB/s) to deplete free headroom (0B)
[26.346s][info][gc,ergo       ] Free headroom: 2418K (free) - 819K (spike) - 1638K (penalties) = 0B
[26.346s][info][gc,ergo       ] Free: 2418K, Max: 256K regular, 256K humongous, Frag: 50% external, 44% internal; Reserve: 1024K, Max: 256K
[26.346s][info][gc,start      ] GC(20) Concurrent reset
[26.346s][info][gc,task       ] GC(20) Using 2 of 24 workers for concurrent reset
[26.346s][info][gc,ergo       ] GC(20) Pacer for Reset. Non-Taxable: 16384K
[26.346s][info][gc            ] GC(20) Concurrent reset 0.119ms
[26.346s][info][gc,start      ] GC(20) Pause Init Mark (process weakrefs)
[26.346s][info][gc,task       ] GC(20) Using 2 of 24 workers for init marking
[26.347s][info][gc,ergo       ] GC(20) Pacer for Mark. Expected Live: 8141K, Free: 2418K, Non-Taxable: 241K, Alloc Tax Rate: 4.1x
[26.347s][info][gc            ] GC(20) Pause Init Mark (process weakrefs) 0.719ms
[26.347s][info][gc,start      ] GC(20) Concurrent marking (process weakrefs)
[26.347s][info][gc,task       ] GC(20) Using 2 of 24 workers for concurrent marking
[26.362s][info][gc            ] GC(20) Concurrent marking (process weakrefs) 14.818ms
[26.362s][info][gc,start      ] GC(20) Concurrent precleaning
[26.362s][info][gc,task       ] GC(20) Using 1 of 24 workers for concurrent preclean
[26.362s][info][gc,ergo       ] GC(20) Pacer for Precleaning. Non-Taxable: 16384K
[26.363s][info][gc            ] GC(20) Concurrent precleaning 0.529ms
[26.363s][info][gc,start      ] GC(20) Pause Final Mark (process weakrefs)
[26.363s][info][gc,task       ] GC(20) Using 2 of 24 workers for final marking
[26.363s][info][gc,ergo       ] GC(20) Adaptive CSet Selection. Target Free: 2321K, Actual Free: 3072K, Max CSet: 682K, Min Garbage: 0B
[26.363s][info][gc,ergo       ] GC(20) Collectable Garbage: 2197K (69%), Immediate: 1536K (48%), CSet: 660K (20%)
[26.364s][info][gc,ergo       ] GC(20) Pacer for Evacuation. Used CSet: 1315K, Free: 6873K, Non-Taxable: 687K, Alloc Tax Rate: 1.1x
[26.364s][info][gc            ] GC(20) Pause Final Mark (process weakrefs) 1.435ms
[26.364s][info][gc,start      ] GC(20) Concurrent cleanup
[26.365s][info][gc            ] GC(20) Concurrent cleanup 9M->8M(16M) 0.420ms
[26.365s][info][gc,ergo       ] GC(20) Free: 6873K, Max: 256K regular, 1024K humongous, Frag: 72% external, 32% internal; Reserve: 859K, Max: 256K
[26.365s][info][gc,start      ] GC(20) Concurrent evacuation
[26.365s][info][gc,task       ] GC(20) Using 2 of 24 workers for concurrent evacuation
[26.366s][info][gc            ] GC(20) Concurrent evacuation 1.821ms
[26.367s][info][gc,start      ] GC(20) Pause Init Update Refs
[26.367s][info][gc,ergo       ] GC(20) Pacer for Update Refs. Used: 9164K, Free: 6873K, Non-Taxable: 687K, Alloc Tax Rate: 1.6x
[26.367s][info][gc            ] GC(20) Pause Init Update Refs 0.103ms
[26.367s][info][gc,start      ] GC(20) Concurrent update references
[26.367s][info][gc,task       ] GC(20) Using 2 of 24 workers for concurrent reference update
[26.388s][info][gc            ] GC(20) Concurrent update references 20.938ms
[26.388s][info][gc,start      ] GC(20) Pause Final Update Refs
[26.388s][info][gc,task       ] GC(20) Using 2 of 24 workers for final reference update
[26.388s][info][gc            ] GC(20) Pause Final Update Refs 0.186ms
[26.388s][info][gc,start      ] GC(20) Concurrent cleanup
[26.388s][info][gc            ] GC(20) Concurrent cleanup 8M->7M(16M) 0.187ms
[26.388s][info][gc            ] GC(20) Dat log --- cycle is complete
Current gc epoch: 19
heap: ______
capacity: 16777216
used: 8037208
committed: 16777216
bytes_allocated_since_gc_start: 0
hot_size: 49550
cold_size: 100532
num_regions: 64
hot_region_count: 18446744073709551598
cold_region_count: 44
histogram: Placeholder

[26.388s][info][gc            ] GC(20) Obj count ac histogram
[26.388s][info][gc            ] GC(20) 	0: 13544
[26.388s][info][gc            ] GC(20) 	1: 0
[26.388s][info][gc            ] GC(20) 	2: 0
[26.389s][info][gc            ] GC(20) 	3: 0
[26.389s][info][gc            ] GC(20) 	4: 0
[26.389s][info][gc            ] GC(20) 	5: 0
[26.389s][info][gc            ] GC(20) 	6: 0
[26.389s][info][gc            ] GC(20) 	7: 0
[26.389s][info][gc            ] GC(20) 	8: 0
[26.389s][info][gc            ] GC(20) 	9: 0
[26.389s][info][gc            ] GC(20) 	10: 0
[26.389s][info][gc            ] GC(20) 	11: 0
[26.389s][info][gc            ] GC(20) 	12: 0
[26.389s][info][gc            ] GC(20) 	13: 5349
[26.389s][info][gc            ] GC(20) 	14: 0
[26.389s][info][gc            ] GC(20) 	15: 0
[26.389s][info][gc            ] GC(20) 	16: 0
[26.389s][info][gc            ] GC(20) 	17: 0
[26.389s][info][gc            ] GC(20) 	18: 0
[26.389s][info][gc            ] GC(20) 	19: 0
[26.389s][info][gc            ] GC(20) Obj size ac histogram
[26.389s][info][gc            ] GC(20) 	0: 87423
[26.389s][info][gc            ] GC(20) 	1: 0
[26.389s][info][gc            ] GC(20) 	2: 0
[26.389s][info][gc            ] GC(20) 	3: 0
[26.389s][info][gc            ] GC(20) 	4: 0
[26.389s][info][gc            ] GC(20) 	5: 0
[26.389s][info][gc            ] GC(20) 	6: 0
[26.389s][info][gc            ] GC(20) 	7: 0
[26.389s][info][gc            ] GC(20) 	8: 0
[26.389s][info][gc            ] GC(20) 	9: 0
[26.389s][info][gc            ] GC(20) 	10: 0
[26.389s][info][gc            ] GC(20) 	11: 0
[26.389s][info][gc            ] GC(20) 	12: 0
[26.389s][info][gc            ] GC(20) 	13: 48044
[26.389s][info][gc            ] GC(20) 	14: 0
[26.389s][info][gc            ] GC(20) 	15: 0
[26.389s][info][gc            ] GC(20) 	16: 0
[26.389s][info][gc            ] GC(20) 	17: 0
[26.389s][info][gc            ] GC(20) 	18: 0
[26.389s][info][gc            ] GC(20) 	19: 0
[26.389s][info][gc,ergo       ] Free: 7511K, Max: 256K regular, 1280K humongous, Frag: 69% external, 31% internal; Reserve: 1024K, Max: 256K
[26.389s][info][gc,stats      ] 
[26.389s][info][gc,stats      ] All times are wall-clock times, except per-root-class counters, that are sum over
[26.389s][info][gc,stats      ] all workers. Dividing the <total> over the root stage time estimates parallelism.
[26.389s][info][gc,stats      ] 
[26.389s][info][gc,stats      ] Concurrent Reset                    113 us
[26.389s][info][gc,stats      ] Pause Init Mark (G)                1001 us
[26.389s][info][gc,stats      ] Pause Init Mark (N)                 675 us
[26.389s][info][gc,stats      ]   Accumulate Stats                    3 us
[26.389s][info][gc,stats      ]   Make Parsable                       5 us
[26.389s][info][gc,stats      ]   Update Region States                2 us
[26.389s][info][gc,stats      ]   Scan Roots                        569 us, parallelism: 1.03x
[26.389s][info][gc,stats      ]     S: <total>                      586 us
[26.389s][info][gc,stats      ]     S: Thread Roots                  53 us, workers (us):   0,  53, ---, ---, ---, ---, ---, ---, ---, ---, ---, ---, ---, ---, ---, ---, ---, ---, ---, ---, ---, ---, ---, ---, 
[26.389s][info][gc,stats      ]     S: Universe Roots                11 us, workers (us):  11, ---, ---, ---, ---, ---, ---, ---, ---, ---, ---, ---, ---, ---, ---, ---, ---, ---, ---, ---, ---, ---, ---, ---, 
[26.389s][info][gc,stats      ]     S: JNI Handles Roots              2 us, workers (us):   2, ---, ---, ---, ---, ---, ---, ---, ---, ---, ---, ---, ---, ---, ---, ---, ---, ---, ---, ---, ---, ---, ---, ---, 
[26.389s][info][gc,stats      ]     S: Synchronizer Roots             0 us, workers (us): ---,   0, ---, ---, ---, ---, ---, ---, ---, ---, ---, ---, ---, ---, ---, ---, ---, ---, ---, ---, ---, ---, ---, ---, 
[26.389s][info][gc,stats      ]     S: Management Roots               1 us, workers (us): ---,   1, ---, ---, ---, ---, ---, ---, ---, ---, ---, ---, ---, ---, ---, ---, ---, ---, ---, ---, ---, ---, ---, ---, 
[26.389s][info][gc,stats      ]     S: System Dict Roots             15 us, workers (us): ---,  15, ---, ---, ---, ---, ---, ---, ---, ---, ---, ---, ---, ---, ---, ---, ---, ---, ---, ---, ---, ---, ---, ---, 
[26.389s][info][gc,stats      ]     S: CLDG Roots                   504 us, workers (us): 504, ---, ---, ---, ---, ---, ---, ---, ---, ---, ---, ---, ---, ---, ---, ---, ---, ---, ---, ---, ---, ---, ---, ---, 
[26.389s][info][gc,stats      ]     S: JVMTI Roots                    0 us, workers (us):   0, ---, ---, ---, ---, ---, ---, ---, ---, ---, ---, ---, ---, ---, ---, ---, ---, ---, ---, ---, ---, ---, ---, ---, 
[26.389s][info][gc,stats      ]   Resize TLABs                        3 us
[26.389s][info][gc,stats      ] Concurrent Marking                14806 us
[26.389s][info][gc,stats      ] Concurrent Precleaning              517 us
[26.389s][info][gc,stats      ] Pause Final Mark (G)               1579 us
[26.389s][info][gc,stats      ] Pause Final Mark (N)               1393 us
[26.389s][info][gc,stats      ]   Finish Queues                      88 us
[26.389s][info][gc,stats      ]   Weak References                    42 us
[26.389s][info][gc,stats      ]     Process                          34 us
[26.389s][info][gc,stats      ]   System Purge                      268 us
[26.389s][info][gc,stats      ]     Weak Roots                      268 us
[26.389s][info][gc,stats      ]   Update Region States                3 us
[26.389s][info][gc,stats      ]   Retire TLABs                        5 us
[26.389s][info][gc,stats      ]   Choose Collection Set              69 us
[26.389s][info][gc,stats      ]   Rebuild Free Set                    7 us
[26.389s][info][gc,stats      ]   Initial Evacuation                885 us, parallelism: 0.49x
[26.389s][info][gc,stats      ]     E: <total>                      434 us
[26.389s][info][gc,stats      ]     E: Thread Roots                  48 us, workers (us):  47,   1, ---, ---, ---, ---, ---, ---, ---, ---, ---, ---, ---, ---, ---, ---, ---, ---, ---, ---, ---, ---, ---, ---, 
[26.389s][info][gc,stats      ]     E: Code Cache Roots               0 us, workers (us):   0,   0, ---, ---, ---, ---, ---, ---, ---, ---, ---, ---, ---, ---, ---, ---, ---, ---, ---, ---, ---, ---, ---, ---, 
[26.389s][info][gc,stats      ]     E: Universe Roots                 3 us, workers (us):   3, ---, ---, ---, ---, ---, ---, ---, ---, ---, ---, ---, ---, ---, ---, ---, ---, ---, ---, ---, ---, ---, ---, ---, 
[26.389s][info][gc,stats      ]     E: JNI Handles Roots              1 us, workers (us):   1, ---, ---, ---, ---, ---, ---, ---, ---, ---, ---, ---, ---, ---, ---, ---, ---, ---, ---, ---, ---, ---, ---, ---, 
[26.389s][info][gc,stats      ]     E: Synchronizer Roots             0 us, workers (us):   0, ---, ---, ---, ---, ---, ---, ---, ---, ---, ---, ---, ---, ---, ---, ---, ---, ---, ---, ---, ---, ---, ---, ---, 
[26.389s][info][gc,stats      ]     E: Management Roots               1 us, workers (us):   1, ---, ---, ---, ---, ---, ---, ---, ---, ---, ---, ---, ---, ---, ---, ---, ---, ---, ---, ---, ---, ---, ---, ---, 
[26.389s][info][gc,stats      ]     E: System Dict Roots             20 us, workers (us):  20, ---, ---, ---, ---, ---, ---, ---, ---, ---, ---, ---, ---, ---, ---, ---, ---, ---, ---, ---, ---, ---, ---, ---, 
[26.389s][info][gc,stats      ]     E: CLDG Roots                   360 us, workers (us): ---, 360, ---, ---, ---, ---, ---, ---, ---, ---, ---, ---, ---, ---, ---, ---, ---, ---, ---, ---, ---, ---, ---, ---, 
[26.389s][info][gc,stats      ]     E: JVMTI Roots                    0 us, workers (us):   0, ---, ---, ---, ---, ---, ---, ---, ---, ---, ---, ---, ---, ---, ---, ---, ---, ---, ---, ---, ---, ---, ---, ---, 
[26.389s][info][gc,stats      ] Concurrent Cleanup                  404 us
[26.389s][info][gc,stats      ] Concurrent Evacuation              1808 us
[26.389s][info][gc,stats      ] Pause Init  Update Refs (G)         408 us
[26.389s][info][gc,stats      ] Pause Init  Update Refs (N)          61 us
[26.389s][info][gc,stats      ]   Retire GCLABs                      38 us
[26.389s][info][gc,stats      ] Concurrent Update Refs            20915 us
[26.389s][info][gc,stats      ] Pause Final Update Refs (G)         434 us
[26.389s][info][gc,stats      ] Pause Final Update Refs (N)         143 us
[26.389s][info][gc,stats      ]   Update Roots                      108 us, parallelism: 0.51x
[26.389s][info][gc,stats      ]     UR: <total>                      55 us
[26.389s][info][gc,stats      ]     UR: Thread Roots                 55 us, workers (us):  32,  23, ---, ---, ---, ---, ---, ---, ---, ---, ---, ---, ---, ---, ---, ---, ---, ---, ---, ---, ---, ---, ---, ---, 
[26.389s][info][gc,stats      ]   Update Region States                4 us
[26.389s][info][gc,stats      ]   Trash Collection Set                3 us
[26.389s][info][gc,stats      ]   Rebuild Free Set                    7 us
[26.389s][info][gc,stats      ] Concurrent Cleanup                  169 us
[26.389s][info][gc,stats      ] 
[26.389s][info][gc,stats      ] Allocation pacing accrued:
[26.389s][info][gc,stats      ]       0 of    45 ms (  0.0%): <total>
[26.389s][info][gc,stats      ]       0 of    45 ms (  0.0%): <average total>
[26.389s][info][gc,stats      ] 
[26.390s][info][gc,metaspace  ] Metaspace: 14126K->14126K(1062912K)
[26.390s][info][gc,ergo       ] Pacer for Idle. Initial: 327K, Alloc Tax Rate: 1.0x
[40.350s][info][gc            ] Trigger: Average GC time (49.31 ms) is above the time for allocation rate (391 KB/s) to deplete free headroom (0B)
[40.350s][info][gc,ergo       ] Free headroom: 2034K (free) - 819K (spike) - 1474K (penalties) = 0B
[40.350s][info][gc,ergo       ] Free: 2034K, Max: 256K regular, 256K humongous, Frag: 50% external, 43% internal; Reserve: 1024K, Max: 256K
[40.350s][info][gc,start      ] GC(21) Concurrent reset
[40.350s][info][gc,task       ] GC(21) Using 2 of 24 workers for concurrent reset
[40.350s][info][gc,ergo       ] GC(21) Pacer for Reset. Non-Taxable: 16384K
[40.350s][info][gc            ] GC(21) Concurrent reset 0.175ms
[40.351s][info][gc,start      ] GC(21) Pause Init Mark
[40.351s][info][gc,task       ] GC(21) Using 2 of 24 workers for init marking
[40.352s][info][gc,ergo       ] GC(21) Pacer for Mark. Expected Live: 8171K, Free: 2034K, Non-Taxable: 203K, Alloc Tax Rate: 4.9x
[40.352s][info][gc            ] GC(21) Pause Init Mark 1.132ms
[40.352s][info][gc,start      ] GC(21) Concurrent marking
[40.352s][info][gc,task       ] GC(21) Using 2 of 24 workers for concurrent marking
[40.375s][info][gc            ] GC(21) Concurrent marking 23.050ms
[40.375s][info][gc,start      ] GC(21) Pause Final Mark
[40.375s][info][gc,task       ] GC(21) Using 2 of 24 workers for final marking
[40.376s][info][gc,ergo       ] GC(21) Adaptive CSet Selection. Target Free: 2321K, Actual Free: 1536K, Max CSet: 682K, Min Garbage: 785K
[40.376s][info][gc,ergo       ] GC(21) Collectable Garbage: 459K (37%), Immediate: 0B (0%), CSet: 459K (37%)
[40.377s][info][gc,ergo       ] GC(21) Pacer for Evacuation. Used CSet: 1070K, Free: 5238K, Non-Taxable: 523K, Alloc Tax Rate: 1.1x
[40.377s][info][gc            ] GC(21) Pause Final Mark 1.842ms
[40.377s][info][gc,start      ] GC(21) Concurrent cleanup
[40.377s][info][gc            ] GC(21) Concurrent cleanup 9M->9M(16M) 0.024ms
[40.377s][info][gc,ergo       ] GC(21) Free: 5238K, Max: 256K regular, 256K humongous, Frag: 50% external, 47% internal; Reserve: 983K, Max: 256K
[40.377s][info][gc,start      ] GC(21) Concurrent evacuation
[40.377s][info][gc,task       ] GC(21) Using 2 of 24 workers for concurrent evacuation
[40.383s][info][gc            ] GC(21) Concurrent evacuation 5.476ms
[40.383s][info][gc,start      ] GC(21) Pause Init Update Refs
[40.383s][info][gc,ergo       ] GC(21) Pacer for Update Refs. Used: 10424K, Free: 5238K, Non-Taxable: 523K, Alloc Tax Rate: 2.4x
[40.383s][info][gc            ] GC(21) Pause Init Update Refs 0.102ms
[40.383s][info][gc,start      ] GC(21) Concurrent update references
[40.383s][info][gc,task       ] GC(21) Using 2 of 24 workers for concurrent reference update
[40.401s][info][gc            ] GC(21) Concurrent update references 18.232ms
[40.402s][info][gc,start      ] GC(21) Pause Final Update Refs
[40.402s][info][gc,task       ] GC(21) Using 2 of 24 workers for final reference update
[40.402s][info][gc            ] GC(21) Pause Final Update Refs 0.182ms
[40.402s][info][gc,start      ] GC(21) Concurrent cleanup
[40.402s][info][gc            ] GC(21) Concurrent cleanup 10M->9M(16M) 0.225ms
[40.402s][info][gc            ] GC(21) Dat log --- cycle is complete
Current gc epoch: 20
heap: ______
capacity: 16777216
used: 9578024
committed: 16777216
bytes_allocated_since_gc_start: 0
hot_size: 55622
cold_size: 22565
num_regions: 64
hot_region_count: 18446744073709551594
cold_region_count: 45
histogram: Placeholder

[40.402s][info][gc            ] GC(21) Obj count ac histogram
[40.402s][info][gc            ] GC(21) 	0: 3476
[40.402s][info][gc            ] GC(21) 	1: 0
[40.402s][info][gc            ] GC(21) 	2: 0
[40.402s][info][gc            ] GC(21) 	3: 0
[40.402s][info][gc            ] GC(21) 	4: 0
[40.402s][info][gc            ] GC(21) 	5: 0
[40.402s][info][gc            ] GC(21) 	6: 0
[40.402s][info][gc            ] GC(21) 	7: 0
[40.402s][info][gc            ] GC(21) 	8: 0
[40.402s][info][gc            ] GC(21) 	9: 0
[40.402s][info][gc            ] GC(21) 	10: 0
[40.402s][info][gc            ] GC(21) 	11: 0
[40.402s][info][gc            ] GC(21) 	12: 0
[40.402s][info][gc            ] GC(21) 	13: 5238
[40.402s][info][gc            ] GC(21) 	14: 0
[40.402s][info][gc            ] GC(21) 	15: 0
[40.402s][info][gc            ] GC(21) 	16: 0
[40.402s][info][gc            ] GC(21) 	17: 0
[40.402s][info][gc            ] GC(21) 	18: 0
[40.402s][info][gc            ] GC(21) 	19: 0
[40.402s][info][gc            ] GC(21) Obj size ac histogram
[40.402s][info][gc            ] GC(21) 	0: 22510
[40.402s][info][gc            ] GC(21) 	1: 0
[40.402s][info][gc            ] GC(21) 	2: 0
[40.402s][info][gc            ] GC(21) 	3: 0
[40.402s][info][gc            ] GC(21) 	4: 0
[40.402s][info][gc            ] GC(21) 	5: 0
[40.402s][info][gc            ] GC(21) 	6: 0
[40.402s][info][gc            ] GC(21) 	7: 0
[40.402s][info][gc            ] GC(21) 	8: 0
[40.402s][info][gc            ] GC(21) 	9: 0
[40.402s][info][gc            ] GC(21) 	10: 0
[40.402s][info][gc            ] GC(21) 	11: 0
[40.402s][info][gc            ] GC(21) 	12: 0
[40.402s][info][gc            ] GC(21) 	13: 53704
[40.402s][info][gc            ] GC(21) 	14: 0
[40.402s][info][gc            ] GC(21) 	15: 0
[40.402s][info][gc            ] GC(21) 	16: 0
[40.402s][info][gc            ] GC(21) 	17: 0
[40.402s][info][gc            ] GC(21) 	18: 0
[40.402s][info][gc            ] GC(21) 	19: 0
[40.402s][info][gc,ergo       ] Free: 6006K, Max: 256K regular, 256K humongous, Frag: 80% external, 44% internal; Reserve: 1024K, Max: 256K
[40.402s][info][gc,stats      ] 
[40.402s][info][gc,stats      ] All times are wall-clock times, except per-root-class counters, that are sum over
[40.402s][info][gc,stats      ] all workers. Dividing the <total> over the root stage time estimates parallelism.
[40.402s][info][gc,stats      ] 
[40.402s][info][gc,stats      ] Concurrent Reset                    153 us
[40.402s][info][gc,stats      ] Pause Init Mark (G)                1518 us
[40.402s][info][gc,stats      ] Pause Init Mark (N)                1083 us
[40.402s][info][gc,stats      ]   Accumulate Stats                    5 us
[40.402s][info][gc,stats      ]   Make Parsable                      10 us
[40.402s][info][gc,stats      ]   Update Region States                2 us
[40.402s][info][gc,stats      ]   Scan Roots                        961 us, parallelism: 1.05x
[40.402s][info][gc,stats      ]     S: <total>                     1006 us
[40.402s][info][gc,stats      ]     S: Thread Roots                 112 us, workers (us): 111,   1, ---, ---, ---, ---, ---, ---, ---, ---, ---, ---, ---, ---, ---, ---, ---, ---, ---, ---, ---, ---, ---, ---, 
[40.402s][info][gc,stats      ]     S: Universe Roots                20 us, workers (us):  20, ---, ---, ---, ---, ---, ---, ---, ---, ---, ---, ---, ---, ---, ---, ---, ---, ---, ---, ---, ---, ---, ---, ---, 
[40.402s][info][gc,stats      ]     S: JNI Handles Roots              4 us, workers (us): ---,   4, ---, ---, ---, ---, ---, ---, ---, ---, ---, ---, ---, ---, ---, ---, ---, ---, ---, ---, ---, ---, ---, ---, 
[40.402s][info][gc,stats      ]     S: Synchronizer Roots             0 us, workers (us):   0, ---, ---, ---, ---, ---, ---, ---, ---, ---, ---, ---, ---, ---, ---, ---, ---, ---, ---, ---, ---, ---, ---, ---, 
[40.402s][info][gc,stats      ]     S: Management Roots               2 us, workers (us):   2, ---, ---, ---, ---, ---, ---, ---, ---, ---, ---, ---, ---, ---, ---, ---, ---, ---, ---, ---, ---, ---, ---, ---, 
[40.402s][info][gc,stats      ]     S: System Dict Roots             31 us, workers (us):  31, ---, ---, ---, ---, ---, ---, ---, ---, ---, ---, ---, ---, ---, ---, ---, ---, ---, ---, ---, ---, ---, ---, ---, 
[40.402s][info][gc,stats      ]     S: CLDG Roots                   836 us, workers (us): ---, 836, ---, ---, ---, ---, ---, ---, ---, ---, ---, ---, ---, ---, ---, ---, ---, ---, ---, ---, ---, ---, ---, ---, 
[40.402s][info][gc,stats      ]     S: JVMTI Roots                    1 us, workers (us): ---,   1, ---, ---, ---, ---, ---, ---, ---, ---, ---, ---, ---, ---, ---, ---, ---, ---, ---, ---, ---, ---, ---, ---, 
[40.402s][info][gc,stats      ]   Resize TLABs                        4 us
[40.402s][info][gc,stats      ] Concurrent Marking                23002 us
[40.402s][info][gc,stats      ] Pause Final Mark (G)               2031 us
[40.402s][info][gc,stats      ] Pause Final Mark (N)               1799 us
[40.402s][info][gc,stats      ]   Finish Queues                     115 us
[40.403s][info][gc,stats      ]   System Purge                      584 us
[40.403s][info][gc,stats      ]     Weak Roots                      583 us
[40.403s][info][gc,stats      ]   Update Region States                4 us
[40.403s][info][gc,stats      ]   Retire TLABs                        5 us
[40.403s][info][gc,stats      ]   Choose Collection Set              61 us
[40.403s][info][gc,stats      ]   Rebuild Free Set                    7 us
[40.403s][info][gc,stats      ]   Initial Evacuation                999 us, parallelism: 0.55x
[40.403s][info][gc,stats      ]     E: <total>                      552 us
[40.403s][info][gc,stats      ]     E: Thread Roots                  72 us, workers (us):   1,  70, ---, ---, ---, ---, ---, ---, ---, ---, ---, ---, ---, ---, ---, ---, ---, ---, ---, ---, ---, ---, ---, ---, 
[40.403s][info][gc,stats      ]     E: Code Cache Roots               1 us, workers (us):   0,   1, ---, ---, ---, ---, ---, ---, ---, ---, ---, ---, ---, ---, ---, ---, ---, ---, ---, ---, ---, ---, ---, ---, 
[40.403s][info][gc,stats      ]     E: Universe Roots                 5 us, workers (us):   5, ---, ---, ---, ---, ---, ---, ---, ---, ---, ---, ---, ---, ---, ---, ---, ---, ---, ---, ---, ---, ---, ---, ---, 
[40.403s][info][gc,stats      ]     E: JNI Handles Roots              2 us, workers (us):   2, ---, ---, ---, ---, ---, ---, ---, ---, ---, ---, ---, ---, ---, ---, ---, ---, ---, ---, ---, ---, ---, ---, ---, 
[40.403s][info][gc,stats      ]     E: Synchronizer Roots             1 us, workers (us): ---,   1, ---, ---, ---, ---, ---, ---, ---, ---, ---, ---, ---, ---, ---, ---, ---, ---, ---, ---, ---, ---, ---, ---, 
[40.403s][info][gc,stats      ]     E: Management Roots               2 us, workers (us):   2, ---, ---, ---, ---, ---, ---, ---, ---, ---, ---, ---, ---, ---, ---, ---, ---, ---, ---, ---, ---, ---, ---, ---, 
[40.403s][info][gc,stats      ]     E: System Dict Roots             14 us, workers (us): ---,  14, ---, ---, ---, ---, ---, ---, ---, ---, ---, ---, ---, ---, ---, ---, ---, ---, ---, ---, ---, ---, ---, ---, 
[40.403s][info][gc,stats      ]     E: CLDG Roots                   455 us, workers (us): 455, ---, ---, ---, ---, ---, ---, ---, ---, ---, ---, ---, ---, ---, ---, ---, ---, ---, ---, ---, ---, ---, ---, ---, 
[40.403s][info][gc,stats      ]     E: JVMTI Roots                    1 us, workers (us):   1, ---, ---, ---, ---, ---, ---, ---, ---, ---, ---, ---, ---, ---, ---, ---, ---, ---, ---, ---, ---, ---, ---, ---, 
[40.403s][info][gc,stats      ] Concurrent Cleanup                    3 us
[40.403s][info][gc,stats      ] Concurrent Evacuation              5464 us
[40.403s][info][gc,stats      ] Pause Init  Update Refs (G)         419 us
[40.403s][info][gc,stats      ] Pause Init  Update Refs (N)          59 us
[40.403s][info][gc,stats      ]   Retire GCLABs                      36 us
[40.403s][info][gc,stats      ] Concurrent Update Refs            18202 us
[40.403s][info][gc,stats      ] Pause Final Update Refs (G)         521 us
[40.403s][info][gc,stats      ] Pause Final Update Refs (N)         137 us
[40.403s][info][gc,stats      ]   Update Roots                      102 us, parallelism: 0.81x
[40.403s][info][gc,stats      ]     UR: <total>                      83 us
[40.403s][info][gc,stats      ]     UR: Thread Roots                 83 us, workers (us):  59,  24, ---, ---, ---, ---, ---, ---, ---, ---, ---, ---, ---, ---, ---, ---, ---, ---, ---, ---, ---, ---, ---, ---, 
[40.403s][info][gc,stats      ]   Update Region States                3 us
[40.403s][info][gc,stats      ]   Trash Collection Set                3 us
[40.403s][info][gc,stats      ]   Rebuild Free Set                    7 us
[40.403s][info][gc,stats      ] Concurrent Cleanup                  198 us
[40.403s][info][gc,stats      ] 
[40.403s][info][gc,stats      ] Allocation pacing accrued:
[40.403s][info][gc,stats      ]       0 of 14013 ms (  0.0%): <total>
[40.403s][info][gc,stats      ]       0 of 14013 ms (  0.0%): <average total>
[40.403s][info][gc,stats      ] 
[40.403s][info][gc,metaspace  ] Metaspace: 14126K->14126K(1062912K)
[40.403s][info][gc,ergo       ] Pacer for Idle. Initial: 327K, Alloc Tax Rate: 1.0x
[42.351s][info][gc            ] Trigger: Average GC time (49.50 ms) is above the time for allocation rate (2090 KB/s) to deplete free headroom (0B)
[42.351s][info][gc,ergo       ] Free headroom: 1824K (free) - 819K (spike) - 1310K (penalties) = 0B
[42.351s][info][gc,ergo       ] Free: 1824K, Max: 256K regular, 256K humongous, Frag: 67% external, 35% internal; Reserve: 1024K, Max: 256K
[42.351s][info][gc,start      ] GC(22) Concurrent reset
[42.351s][info][gc,task       ] GC(22) Using 2 of 24 workers for concurrent reset
[42.351s][info][gc,ergo       ] GC(22) Pacer for Reset. Non-Taxable: 16384K
[42.351s][info][gc            ] GC(22) Concurrent reset 0.161ms
[42.351s][info][gc,start      ] GC(22) Pause Init Mark
[42.351s][info][gc,task       ] GC(22) Using 2 of 24 workers for init marking
[42.353s][info][gc,ergo       ] GC(22) Pacer for Mark. Expected Live: 8202K, Free: 1824K, Non-Taxable: 182K, Alloc Tax Rate: 5.5x
[42.353s][info][gc            ] GC(22) Pause Init Mark 1.776ms
[42.353s][info][gc,start      ] GC(22) Concurrent marking
[42.353s][info][gc,task       ] GC(22) Using 2 of 24 workers for concurrent marking
[42.387s][info][gc            ] GC(22) Concurrent marking 34.050ms
[42.388s][info][gc,start      ] GC(22) Pause Final Mark
[42.388s][info][gc,task       ] GC(22) Using 2 of 24 workers for final marking
[42.388s][info][gc,ergo       ] GC(22) Adaptive CSet Selection. Target Free: 2321K, Actual Free: 1792K, Max CSet: 682K, Min Garbage: 529K
[42.388s][info][gc,ergo       ] GC(22) Collectable Garbage: 295K (30%), Immediate: 0B (0%), CSet: 295K (30%)
[42.389s][info][gc,ergo       ] GC(22) Pacer for Evacuation. Used CSet: 977K, Free: 5655K, Non-Taxable: 565K, Alloc Tax Rate: 1.1x
[42.389s][info][gc            ] GC(22) Pause Final Mark 1.625ms
[42.389s][info][gc,start      ] GC(22) Concurrent cleanup
[42.389s][info][gc            ] GC(22) Concurrent cleanup 9M->9M(16M) 0.054ms
[42.389s][info][gc,ergo       ] GC(22) Free: 5655K, Max: 256K regular, 256K humongous, Frag: 67% external, 46% internal; Reserve: 1003K, Max: 256K
[42.389s][info][gc,start      ] GC(22) Concurrent evacuation
[42.389s][info][gc,task       ] GC(22) Using 2 of 24 workers for concurrent evacuation
[42.392s][info][gc            ] GC(22) Concurrent evacuation 2.816ms
[42.392s][info][gc,start      ] GC(22) Pause Init Update Refs
[42.393s][info][gc,ergo       ] GC(22) Pacer for Update Refs. Used: 10750K, Free: 5399K, Non-Taxable: 539K, Alloc Tax Rate: 2.4x
[42.393s][info][gc            ] GC(22) Pause Init Update Refs 0.140ms
[42.393s][info][gc,start      ] GC(22) Concurrent update references
[42.393s][info][gc,task       ] GC(22) Using 2 of 24 workers for concurrent reference update
[42.409s][info][gc            ] GC(22) Concurrent update references 16.845ms
[42.410s][info][gc,start      ] GC(22) Pause Final Update Refs
[42.410s][info][gc,task       ] GC(22) Using 2 of 24 workers for final reference update
[42.410s][info][gc            ] GC(22) Pause Final Update Refs 0.208ms
[42.410s][info][gc,start      ] GC(22) Concurrent cleanup
[42.410s][info][gc            ] GC(22) Concurrent cleanup 10M->9M(16M) 0.158ms
[42.410s][info][gc            ] GC(22) Dat log --- cycle is complete
Current gc epoch: 21
heap: ______
capacity: 16777216
used: 10007624
committed: 16777216
bytes_allocated_since_gc_start: 0
hot_size: 48058
cold_size: 39173
num_regions: 64
hot_region_count: 18446744073709551594
cold_region_count: 47
histogram: Placeholder

[42.410s][info][gc            ] GC(22) Obj count ac histogram
[42.410s][info][gc            ] GC(22) 	0: 3515
[42.410s][info][gc            ] GC(22) 	1: 0
[42.410s][info][gc            ] GC(22) 	2: 0
[42.410s][info][gc            ] GC(22) 	3: 0
[42.410s][info][gc            ] GC(22) 	4: 0
[42.410s][info][gc            ] GC(22) 	5: 0
[42.410s][info][gc            ] GC(22) 	6: 0
[42.410s][info][gc            ] GC(22) 	7: 0
[42.410s][info][gc            ] GC(22) 	8: 0
[42.410s][info][gc            ] GC(22) 	9: 0
[42.410s][info][gc            ] GC(22) 	10: 0
[42.410s][info][gc            ] GC(22) 	11: 0
[42.410s][info][gc            ] GC(22) 	12: 0
[42.410s][info][gc            ] GC(22) 	13: 3655
[42.410s][info][gc            ] GC(22) 	14: 0
[42.410s][info][gc            ] GC(22) 	15: 0
[42.410s][info][gc            ] GC(22) 	16: 0
[42.410s][info][gc            ] GC(22) 	17: 0
[42.410s][info][gc            ] GC(22) 	18: 0
[42.410s][info][gc            ] GC(22) 	19: 0
[42.410s][info][gc            ] GC(22) Obj size ac histogram
[42.410s][info][gc            ] GC(22) 	0: 39173
[42.410s][info][gc            ] GC(22) 	1: 0
[42.410s][info][gc            ] GC(22) 	2: 0
[42.410s][info][gc            ] GC(22) 	3: 0
[42.410s][info][gc            ] GC(22) 	4: 0
[42.410s][info][gc            ] GC(22) 	5: 0
[42.410s][info][gc            ] GC(22) 	6: 0
[42.410s][info][gc            ] GC(22) 	7: 0
[42.410s][info][gc            ] GC(22) 	8: 0
[42.410s][info][gc            ] GC(22) 	9: 0
[42.410s][info][gc            ] GC(22) 	10: 0
[42.410s][info][gc            ] GC(22) 	11: 0
[42.410s][info][gc            ] GC(22) 	12: 0
[42.410s][info][gc            ] GC(22) 	13: 46565
[42.411s][info][gc            ] GC(22) 	14: 0
[42.411s][info][gc            ] GC(22) 	15: 0
[42.411s][info][gc            ] GC(22) 	16: 0
[42.411s][info][gc            ] GC(22) 	17: 0
[42.411s][info][gc            ] GC(22) 	18: 0
[42.411s][info][gc            ] GC(22) 	19: 0
[42.411s][info][gc,ergo       ] Free: 5586K, Max: 256K regular, 256K humongous, Frag: 50% external, 48% internal; Reserve: 1024K, Max: 256K
[42.411s][info][gc,stats      ] 
[42.411s][info][gc,stats      ] All times are wall-clock times, except per-root-class counters, that are sum over
[42.411s][info][gc,stats      ] all workers. Dividing the <total> over the root stage time estimates parallelism.
[42.411s][info][gc,stats      ] 
[42.411s][info][gc,stats      ] Concurrent Reset                    142 us
[42.411s][info][gc,stats      ] Pause Init Mark (G)                2184 us
[42.411s][info][gc,stats      ] Pause Init Mark (N)                1732 us
[42.411s][info][gc,stats      ]   Accumulate Stats                    5 us
[42.411s][info][gc,stats      ]   Make Parsable                      15 us
[42.411s][info][gc,stats      ]   Update Region States                2 us
[42.411s][info][gc,stats      ]   Scan Roots                       1585 us, parallelism: 0.98x
[42.411s][info][gc,stats      ]     S: <total>                     1559 us
[42.411s][info][gc,stats      ]     S: Thread Roots                  97 us, workers (us):  95,   2, ---, ---, ---, ---, ---, ---, ---, ---, ---, ---, ---, ---, ---, ---, ---, ---, ---, ---, ---, ---, ---, ---, 
[42.411s][info][gc,stats      ]     S: Universe Roots                19 us, workers (us):  19, ---, ---, ---, ---, ---, ---, ---, ---, ---, ---, ---, ---, ---, ---, ---, ---, ---, ---, ---, ---, ---, ---, ---, 
[42.411s][info][gc,stats      ]     S: JNI Handles Roots              6 us, workers (us): ---,   6, ---, ---, ---, ---, ---, ---, ---, ---, ---, ---, ---, ---, ---, ---, ---, ---, ---, ---, ---, ---, ---, ---, 
[42.411s][info][gc,stats      ]     S: Synchronizer Roots             0 us, workers (us):   0, ---, ---, ---, ---, ---, ---, ---, ---, ---, ---, ---, ---, ---, ---, ---, ---, ---, ---, ---, ---, ---, ---, ---, 
[42.411s][info][gc,stats      ]     S: Management Roots               2 us, workers (us):   2, ---, ---, ---, ---, ---, ---, ---, ---, ---, ---, ---, ---, ---, ---, ---, ---, ---, ---, ---, ---, ---, ---, ---, 
[42.411s][info][gc,stats      ]     S: System Dict Roots             27 us, workers (us):  27, ---, ---, ---, ---, ---, ---, ---, ---, ---, ---, ---, ---, ---, ---, ---, ---, ---, ---, ---, ---, ---, ---, ---, 
[42.411s][info][gc,stats      ]     S: CLDG Roots                  1407 us, workers (us): ---, 1407, ---, ---, ---, ---, ---, ---, ---, ---, ---, ---, ---, ---, ---, ---, ---, ---, ---, ---, ---, ---, ---, ---, 
[42.411s][info][gc,stats      ]     S: JVMTI Roots                    1 us, workers (us): ---,   1, ---, ---, ---, ---, ---, ---, ---, ---, ---, ---, ---, ---, ---, ---, ---, ---, ---, ---, ---, ---, ---, ---, 
[42.411s][info][gc,stats      ]   Resize TLABs                        6 us
[42.411s][info][gc,stats      ] Concurrent Marking                33998 us
[42.411s][info][gc,stats      ] Pause Final Mark (G)               1838 us
[42.411s][info][gc,stats      ] Pause Final Mark (N)               1582 us
[42.411s][info][gc,stats      ]   Finish Queues                     113 us
[42.411s][info][gc,stats      ]   System Purge                      613 us
[42.411s][info][gc,stats      ]     Weak Roots                      612 us
[42.411s][info][gc,stats      ]   Update Region States                4 us
[42.411s][info][gc,stats      ]   Retire TLABs                        6 us
[42.411s][info][gc,stats      ]   Choose Collection Set              57 us
[42.411s][info][gc,stats      ]   Rebuild Free Set                    6 us
[42.411s][info][gc,stats      ]   Initial Evacuation                759 us, parallelism: 0.62x
[42.411s][info][gc,stats      ]     E: <total>                      467 us
[42.411s][info][gc,stats      ]     E: Thread Roots                  55 us, workers (us):   1,  54, ---, ---, ---, ---, ---, ---, ---, ---, ---, ---, ---, ---, ---, ---, ---, ---, ---, ---, ---, ---, ---, ---, 
[42.411s][info][gc,stats      ]     E: Code Cache Roots               1 us, workers (us):   0,   0, ---, ---, ---, ---, ---, ---, ---, ---, ---, ---, ---, ---, ---, ---, ---, ---, ---, ---, ---, ---, ---, ---, 
[42.411s][info][gc,stats      ]     E: Universe Roots                 5 us, workers (us):   5, ---, ---, ---, ---, ---, ---, ---, ---, ---, ---, ---, ---, ---, ---, ---, ---, ---, ---, ---, ---, ---, ---, ---, 
[42.411s][info][gc,stats      ]     E: JNI Handles Roots              1 us, workers (us):   1, ---, ---, ---, ---, ---, ---, ---, ---, ---, ---, ---, ---, ---, ---, ---, ---, ---, ---, ---, ---, ---, ---, ---, 
[42.411s][info][gc,stats      ]     E: Synchronizer Roots             0 us, workers (us): ---,   0, ---, ---, ---, ---, ---, ---, ---, ---, ---, ---, ---, ---, ---, ---, ---, ---, ---, ---, ---, ---, ---, ---, 
[42.411s][info][gc,stats      ]     E: Management Roots               2 us, workers (us): ---,   2, ---, ---, ---, ---, ---, ---, ---, ---, ---, ---, ---, ---, ---, ---, ---, ---, ---, ---, ---, ---, ---, ---, 
[42.411s][info][gc,stats      ]     E: System Dict Roots             24 us, workers (us): ---,  24, ---, ---, ---, ---, ---, ---, ---, ---, ---, ---, ---, ---, ---, ---, ---, ---, ---, ---, ---, ---, ---, ---, 
[42.411s][info][gc,stats      ]     E: CLDG Roots                   379 us, workers (us): 379, ---, ---, ---, ---, ---, ---, ---, ---, ---, ---, ---, ---, ---, ---, ---, ---, ---, ---, ---, ---, ---, ---, ---, 
[42.411s][info][gc,stats      ]     E: JVMTI Roots                    1 us, workers (us):   1, ---, ---, ---, ---, ---, ---, ---, ---, ---, ---, ---, ---, ---, ---, ---, ---, ---, ---, ---, ---, ---, ---, ---, 
[42.411s][info][gc,stats      ] Concurrent Cleanup                    6 us
[42.411s][info][gc,stats      ] Concurrent Evacuation              2800 us
[42.411s][info][gc,stats      ] Pause Init  Update Refs (G)         469 us
[42.411s][info][gc,stats      ] Pause Init  Update Refs (N)          96 us
[42.411s][info][gc,stats      ]   Retire GCLABs                      72 us
[42.411s][info][gc,stats      ] Concurrent Update Refs            16820 us
[42.411s][info][gc,stats      ] Pause Final Update Refs (G)         458 us
[42.411s][info][gc,stats      ] Pause Final Update Refs (N)         166 us
[42.411s][info][gc,stats      ]   Update Roots                      132 us, parallelism: 0.48x
[42.411s][info][gc,stats      ]     UR: <total>                      63 us
[42.411s][info][gc,stats      ]     UR: Thread Roots                 63 us, workers (us):  35,  28, ---, ---, ---, ---, ---, ---, ---, ---, ---, ---, ---, ---, ---, ---, ---, ---, ---, ---, ---, ---, ---, ---, 
[42.411s][info][gc,stats      ]   Update Region States                3 us
[42.411s][info][gc,stats      ]   Trash Collection Set                3 us
[42.411s][info][gc,stats      ]   Rebuild Free Set                    7 us
[42.411s][info][gc,stats      ] Concurrent Cleanup                  135 us
[42.411s][info][gc,stats      ] 
[42.411s][info][gc,stats      ] Allocation pacing accrued:
[42.411s][info][gc,stats      ]       0 of  2009 ms (  0.0%): <total>
[42.411s][info][gc,stats      ]       0 of  2009 ms (  0.0%): <average total>
[42.411s][info][gc,stats      ] 
[42.411s][info][gc,metaspace  ] Metaspace: 14126K->14126K(1062912K)
[42.411s][info][gc,ergo       ] Pacer for Idle. Initial: 327K, Alloc Tax Rate: 1.0x
[44.351s][info][gc            ] Trigger: Free (1115K) is below minimum threshold (1638K)
[44.351s][info][gc,ergo       ] Free: 1115K, Max: 191K regular, 0B humongous, Frag: 0% external, 51% internal; Reserve: 1024K, Max: 256K
[44.351s][info][gc,start      ] GC(23) Concurrent reset
[44.351s][info][gc,task       ] GC(23) Using 2 of 24 workers for concurrent reset
[44.351s][info][gc,ergo       ] GC(23) Pacer for Reset. Non-Taxable: 16384K
[44.351s][info][gc            ] GC(23) Concurrent reset 0.194ms
[44.351s][info][gc,start      ] GC(23) Pause Init Mark
[44.351s][info][gc,task       ] GC(23) Using 2 of 24 workers for init marking
[44.353s][info][gc,ergo       ] GC(23) Pacer for Mark. Expected Live: 8207K, Free: 1115K, Non-Taxable: 111K, Alloc Tax Rate: 9.0x
[44.353s][info][gc            ] GC(23) Pause Init Mark 1.621ms
[44.353s][info][gc,start      ] GC(23) Concurrent marking
[44.353s][info][gc,task       ] GC(23) Using 2 of 24 workers for concurrent marking
[44.375s][info][gc            ] GC(23) Concurrent marking 21.943ms
[44.375s][info][gc,start      ] GC(23) Pause Final Mark
[44.375s][info][gc,task       ] GC(23) Using 2 of 24 workers for final marking
[44.376s][info][gc,ergo       ] GC(23) Adaptive CSet Selection. Target Free: 2321K, Actual Free: 1024K, Max CSet: 682K, Min Garbage: 1297K
[44.376s][info][gc,ergo       ] GC(23) Collectable Garbage: 559K (51%), Immediate: 0B (0%), CSet: 559K (51%)
[44.377s][info][gc,ergo       ] GC(23) Pacer for Evacuation. Used CSet: 1231K, Free: 5012K, Non-Taxable: 501K, Alloc Tax Rate: 1.1x
[44.377s][info][gc            ] GC(23) Pause Final Mark 1.629ms
[44.377s][info][gc,start      ] GC(23) Concurrent cleanup
[44.377s][info][gc            ] GC(23) Concurrent cleanup 9M->9M(16M) 0.054ms
[44.377s][info][gc,ergo       ] GC(23) Free: 5012K, Max: 191K regular, 0B humongous, Frag: 0% external, 49% internal; Reserve: 987K, Max: 256K
[44.377s][info][gc,start      ] GC(23) Concurrent evacuation
[44.377s][info][gc,task       ] GC(23) Using 2 of 24 workers for concurrent evacuation
[44.381s][info][gc            ] GC(23) Failed to allocate 32B for evacuation
[44.381s][info][gc            ] GC(23) Cancelling GC: Allocation Failure During Evacuation
[44.382s][info][gc            ] GC(23) Concurrent evacuation 4.602ms
[44.382s][info][gc,ergo       ] Free: 5012K, Max: 191K regular, 0B humongous, Frag: 0% external, 49% internal; Reserve: 247K, Max: 247K
[44.382s][info][gc,stats      ] 
[44.382s][info][gc,stats      ] All times are wall-clock times, except per-root-class counters, that are sum over
[44.382s][info][gc,stats      ] all workers. Dividing the <total> over the root stage time estimates parallelism.
[44.382s][info][gc,stats      ] 
[44.382s][info][gc,stats      ] Concurrent Reset                    174 us
[44.382s][info][gc,stats      ] Pause Init Mark (G)                2024 us
[44.382s][info][gc,stats      ] Pause Init Mark (N)                1578 us
[44.382s][info][gc,stats      ]   Accumulate Stats                    5 us
[44.382s][info][gc,stats      ]   Make Parsable                      10 us
[44.382s][info][gc,stats      ]   Update Region States                2 us
[44.382s][info][gc,stats      ]   Scan Roots                       1436 us, parallelism: 1.00x
[44.382s][info][gc,stats      ]     S: <total>                     1441 us
[44.382s][info][gc,stats      ]     S: Thread Roots                 103 us, workers (us):   1, 101, ---, ---, ---, ---, ---, ---, ---, ---, ---, ---, ---, ---, ---, ---, ---, ---, ---, ---, ---, ---, ---, ---, 
[44.382s][info][gc,stats      ]     S: Universe Roots                17 us, workers (us):  17, ---, ---, ---, ---, ---, ---, ---, ---, ---, ---, ---, ---, ---, ---, ---, ---, ---, ---, ---, ---, ---, ---, ---, 
[44.382s][info][gc,stats      ]     S: JNI Handles Roots              3 us, workers (us):   3, ---, ---, ---, ---, ---, ---, ---, ---, ---, ---, ---, ---, ---, ---, ---, ---, ---, ---, ---, ---, ---, ---, ---, 
[44.382s][info][gc,stats      ]     S: Synchronizer Roots             1 us, workers (us): ---,   1, ---, ---, ---, ---, ---, ---, ---, ---, ---, ---, ---, ---, ---, ---, ---, ---, ---, ---, ---, ---, ---, ---, 
[44.382s][info][gc,stats      ]     S: Management Roots               2 us, workers (us): ---,   2, ---, ---, ---, ---, ---, ---, ---, ---, ---, ---, ---, ---, ---, ---, ---, ---, ---, ---, ---, ---, ---, ---, 
[44.382s][info][gc,stats      ]     S: System Dict Roots             31 us, workers (us): ---,  31, ---, ---, ---, ---, ---, ---, ---, ---, ---, ---, ---, ---, ---, ---, ---, ---, ---, ---, ---, ---, ---, ---, 
[44.382s][info][gc,stats      ]     S: CLDG Roots                  1284 us, workers (us): 1284, ---, ---, ---, ---, ---, ---, ---, ---, ---, ---, ---, ---, ---, ---, ---, ---, ---, ---, ---, ---, ---, ---, ---, 
[44.382s][info][gc,stats      ]     S: JVMTI Roots                    1 us, workers (us):   1, ---, ---, ---, ---, ---, ---, ---, ---, ---, ---, ---, ---, ---, ---, ---, ---, ---, ---, ---, ---, ---, ---, ---, 
[44.382s][info][gc,stats      ]   Resize TLABs                        6 us
[44.382s][info][gc,stats      ] Concurrent Marking                21890 us
[44.382s][info][gc,stats      ] Pause Final Mark (G)               1839 us
[44.382s][info][gc,stats      ] Pause Final Mark (N)               1587 us
[44.382s][info][gc,stats      ]   Finish Queues                      49 us
[44.382s][info][gc,stats      ]   System Purge                      494 us
[44.382s][info][gc,stats      ]     Weak Roots                      493 us
[44.382s][info][gc,stats      ]   Update Region States                4 us
[44.382s][info][gc,stats      ]   Retire TLABs                        5 us
[44.382s][info][gc,stats      ]   Choose Collection Set              59 us
[44.382s][info][gc,stats      ]   Rebuild Free Set                    6 us
[44.382s][info][gc,stats      ]   Initial Evacuation                948 us, parallelism: 0.71x
[44.382s][info][gc,stats      ]     E: <total>                      669 us
[44.382s][info][gc,stats      ]     E: Thread Roots                  67 us, workers (us):  66,   1, ---, ---, ---, ---, ---, ---, ---, ---, ---, ---, ---, ---, ---, ---, ---, ---, ---, ---, ---, ---, ---, ---, 
[44.382s][info][gc,stats      ]     E: Code Cache Roots               1 us, workers (us):   1,   0, ---, ---, ---, ---, ---, ---, ---, ---, ---, ---, ---, ---, ---, ---, ---, ---, ---, ---, ---, ---, ---, ---, 
[44.382s][info][gc,stats      ]     E: Universe Roots                 6 us, workers (us):   6, ---, ---, ---, ---, ---, ---, ---, ---, ---, ---, ---, ---, ---, ---, ---, ---, ---, ---, ---, ---, ---, ---, ---, 
[44.382s][info][gc,stats      ]     E: JNI Handles Roots              1 us, workers (us):   1, ---, ---, ---, ---, ---, ---, ---, ---, ---, ---, ---, ---, ---, ---, ---, ---, ---, ---, ---, ---, ---, ---, ---, 
[44.382s][info][gc,stats      ]     E: Synchronizer Roots             0 us, workers (us):   0, ---, ---, ---, ---, ---, ---, ---, ---, ---, ---, ---, ---, ---, ---, ---, ---, ---, ---, ---, ---, ---, ---, ---, 
[44.382s][info][gc,stats      ]     E: Management Roots               2 us, workers (us):   2, ---, ---, ---, ---, ---, ---, ---, ---, ---, ---, ---, ---, ---, ---, ---, ---, ---, ---, ---, ---, ---, ---, ---, 
[44.382s][info][gc,stats      ]     E: System Dict Roots             25 us, workers (us):  25, ---, ---, ---, ---, ---, ---, ---, ---, ---, ---, ---, ---, ---, ---, ---, ---, ---, ---, ---, ---, ---, ---, ---, 
[44.382s][info][gc,stats      ]     E: CLDG Roots                   567 us, workers (us): ---, 567, ---, ---, ---, ---, ---, ---, ---, ---, ---, ---, ---, ---, ---, ---, ---, ---, ---, ---, ---, ---, ---, ---, 
[44.382s][info][gc,stats      ]     E: JVMTI Roots                    1 us, workers (us):   1, ---, ---, ---, ---, ---, ---, ---, ---, ---, ---, ---, ---, ---, ---, ---, ---, ---, ---, ---, ---, ---, ---, ---, 
[44.382s][info][gc,stats      ] Concurrent Cleanup                    6 us
[44.382s][info][gc,stats      ] Concurrent Evacuation              4582 us
[44.382s][info][gc,stats      ] 
[44.382s][info][gc,stats      ] Allocation pacing accrued:
[44.382s][info][gc,stats      ]       0 of  1971 ms (  0.0%): <total>
[44.382s][info][gc,stats      ]       0 of  1971 ms (  0.0%): <average total>
[44.382s][info][gc,stats      ] 
[44.382s][info][gc,metaspace  ] Metaspace: 14126K->14126K(1062912K)
[44.382s][info][gc,ergo       ] Pacer for Idle. Initial: 327K, Alloc Tax Rate: 1.0x
[44.383s][info][gc            ] Trigger: Handle Allocation Failure
[44.383s][info][gc,ergo       ] Free: 5012K, Max: 191K regular, 0B humongous, Frag: 0% external, 49% internal; Reserve: 247K, Max: 247K
[44.384s][info][gc,start      ] GC(24) Pause Degenerated GC (Evacuation)
[44.384s][info][gc,task       ] GC(24) Using 7 of 24 workers for stw degenerated gc
[44.384s][info][gc            ] GC(24) Cancelling GC: Allocation Failure During Evacuation
[44.386s][info][gc            ] GC(24) Cannot finish degeneration, upgrading to Full GC
[44.387s][info][gc,phases,start] GC(24) Phase 1: Mark live objects
[44.400s][info][gc,stringtable ] GC(24) Cleaned string and symbol table, strings: 5465 processed, 0 removed, symbols: 48576 processed, 6 removed
[44.401s][info][gc,phases      ] GC(24) Phase 1: Mark live objects 14.117ms
[44.401s][info][gc,phases,start] GC(24) Phase 2: Compute new object addresses
[44.406s][info][gc,phases      ] GC(24) Phase 2: Compute new object addresses 5.199ms
[44.406s][info][gc,phases,start] GC(24) Phase 3: Adjust pointers
[44.410s][info][gc,phases      ] GC(24) Phase 3: Adjust pointers 4.241ms
[44.410s][info][gc,phases,start] GC(24) Phase 4: Move objects
[44.414s][info][gc,phases      ] GC(24) Phase 4: Move objects 4.261ms
[44.415s][info][gc,ergo        ] GC(24) Good progress for free space: 6404K, need 163K
[44.415s][info][gc,ergo        ] GC(24) Good progress for used space: 1862K, need 256K
[44.415s][info][gc             ] GC(24) Pause Degenerated GC (Evacuation) 10M->8M(16M) 31.113ms
[44.415s][info][gc,ergo        ] Free: 6404K, Max: 256K regular, 1024K humongous, Frag: 50% external, 56% internal; Reserve: 1024K, Max: 256K
[44.415s][info][gc,stats       ] 
[44.415s][info][gc,stats       ] All times are wall-clock times, except per-root-class counters, that are sum over
[44.415s][info][gc,stats       ] all workers. Dividing the <total> over the root stage time estimates parallelism.
[44.415s][info][gc,stats       ] 
[44.415s][info][gc,stats       ] Pause Degenerated GC (G)          31446 us
[44.415s][info][gc,stats       ] Pause Degenerated GC (N)          31070 us
[44.415s][info][gc,stats       ]   Pre Heap Dump                       1 us
[44.415s][info][gc,stats       ]   Prepare                           771 us
[44.415s][info][gc,stats       ]     Update Roots                    542 us, parallelism: 1.15x
[44.415s][info][gc,stats       ]       FU: <total>                   626 us
[44.415s][info][gc,stats       ]       FU: Thread Roots              119 us, workers (us):  26,   1,  27,   2,   1,  35,  27, ---, ---, ---, ---, ---, ---, ---, ---, ---, ---, ---, ---, ---, ---, ---, ---, ---, 
[44.415s][info][gc,stats       ]       FU: Code Cache Roots            3 us, workers (us):   0,   0,   0,   0,   0,   1,   1, ---, ---, ---, ---, ---, ---, ---, ---, ---, ---, ---, ---, ---, ---, ---, ---, ---, 
[44.415s][info][gc,stats       ]       FU: Universe Roots              9 us, workers (us):   9, ---, ---, ---, ---, ---, ---, ---, ---, ---, ---, ---, ---, ---, ---, ---, ---, ---, ---, ---, ---, ---, ---, ---, 
[44.415s][info][gc,stats       ]       FU: JNI Handles Roots           1 us, workers (us): ---,   1, ---, ---, ---, ---, ---, ---, ---, ---, ---, ---, ---, ---, ---, ---, ---, ---, ---, ---, ---, ---, ---, ---, 
[44.415s][info][gc,stats       ]       FU: Synchronizer Roots          0 us, workers (us):   0, ---, ---, ---, ---, ---, ---, ---, ---, ---, ---, ---, ---, ---, ---, ---, ---, ---, ---, ---, ---, ---, ---, ---, 
[44.415s][info][gc,stats       ]       FU: Management Roots            1 us, workers (us):   1, ---, ---, ---, ---, ---, ---, ---, ---, ---, ---, ---, ---, ---, ---, ---, ---, ---, ---, ---, ---, ---, ---, ---, 
[44.415s][info][gc,stats       ]       FU: System Dict Roots          16 us, workers (us):  16, ---, ---, ---, ---, ---, ---, ---, ---, ---, ---, ---, ---, ---, ---, ---, ---, ---, ---, ---, ---, ---, ---, ---, 
[44.415s][info][gc,stats       ]       FU: CLDG Roots                475 us, workers (us): ---, 116, ---,  71, 288, ---, ---, ---, ---, ---, ---, ---, ---, ---, ---, ---, ---, ---, ---, ---, ---, ---, ---, ---, 
[44.415s][info][gc,stats       ]       FU: JVMTI Roots                 0 us, workers (us): ---,   0, ---, ---, ---, ---, ---, ---, ---, ---, ---, ---, ---, ---, ---, ---, ---, ---, ---, ---, ---, ---, ---, ---, 
[44.415s][info][gc,stats       ]   Scan Roots                        285 us, parallelism: 1.57x
[44.415s][info][gc,stats       ]     FS: <total>                     449 us
[44.415s][info][gc,stats       ]     FS: Thread Roots                129 us, workers (us):   8,  18,  16,   0,  28,  35,  23, ---, ---, ---, ---, ---, ---, ---, ---, ---, ---, ---, ---, ---, ---, ---, ---, ---, 
[44.415s][info][gc,stats       ]     FS: Universe Roots               29 us, workers (us):  29, ---, ---, ---, ---, ---, ---, ---, ---, ---, ---, ---, ---, ---, ---, ---, ---, ---, ---, ---, ---, ---, ---, ---, 
[44.415s][info][gc,stats       ]     FS: JNI Handles Roots             6 us, workers (us): ---, ---,   6, ---, ---, ---, ---, ---, ---, ---, ---, ---, ---, ---, ---, ---, ---, ---, ---, ---, ---, ---, ---, ---, 
[44.415s][info][gc,stats       ]     FS: Synchronizer Roots            0 us, workers (us): ---,   0, ---, ---, ---, ---, ---, ---, ---, ---, ---, ---, ---, ---, ---, ---, ---, ---, ---, ---, ---, ---, ---, ---, 
[44.415s][info][gc,stats       ]     FS: Management Roots              1 us, workers (us): ---,   1, ---, ---, ---, ---, ---, ---, ---, ---, ---, ---, ---, ---, ---, ---, ---, ---, ---, ---, ---, ---, ---, ---, 
[44.415s][info][gc,stats       ]     FS: System Dict Roots            26 us, workers (us): ---,  26, ---, ---, ---, ---, ---, ---, ---, ---, ---, ---, ---, ---, ---, ---, ---, ---, ---, ---, ---, ---, ---, ---, 
[44.415s][info][gc,stats       ]     FS: CLDG Roots                  256 us, workers (us): ---, ---,  19, 227,  10, ---, ---, ---, ---, ---, ---, ---, ---, ---, ---, ---, ---, ---, ---, ---, ---, ---, ---, ---, 
[44.415s][info][gc,stats       ]     FS: JVMTI Roots                   1 us, workers (us): ---, ---,   1, ---, ---, ---, ---, ---, ---, ---, ---, ---, ---, ---, ---, ---, ---, ---, ---, ---, ---, ---, ---, ---, 
[44.415s][info][gc,stats       ]   Mark                            14087 us
[44.415s][info][gc,stats       ]     Finish Queues                 10476 us
[44.415s][info][gc,stats       ]     Weak References                 987 us
[44.415s][info][gc,stats       ]       Process                       974 us
[44.415s][info][gc,stats       ]     System Purge                    236 us
[44.415s][info][gc,stats       ]       Unload Classes                335 us
[44.415s][info][gc,stats       ]       Cleanup                      1480 us, parallelism: 5.38x
[44.415s][info][gc,stats       ]         CU: <total>                7958 us
[44.415s][info][gc,stats       ]         CU: Code Cache Roots         10 us, workers (us):   1,   2,   1,   2,   2,   1,   1, ---, ---, ---, ---, ---, ---, ---, ---, ---, ---, ---, ---, ---, ---, ---, ---, ---, 
[44.415s][info][gc,stats       ]         CU: Code Cache Cleaning        2 us, workers (us):   0,   0,   0,   0,   0,   0,   1, ---, ---, ---, ---, ---, ---, ---, ---, ---, ---, ---, ---, ---, ---, ---, ---, ---, 
[44.415s][info][gc,stats       ]         CU: String Table Roots     2806 us, workers (us): 417, 409, 407, 401, 394, 393, 386, ---, ---, ---, ---, ---, ---, ---, ---, ---, ---, ---, ---, ---, ---, ---, ---, ---, 
[44.415s][info][gc,stats       ]         CU: Resolved Table Roots      129 us, workers (us):   0,   0,   0,   0,   0,   0, 128, ---, ---, ---, ---, ---, ---, ---, ---, ---, ---, ---, ---, ---, ---, ---, ---, ---, 
[44.415s][info][gc,stats       ]         CU: CLDG Roots             5010 us, workers (us): 735, 734, 733, 732, 735, 736, 607, ---, ---, ---, ---, ---, ---, ---, ---, ---, ---, ---, ---, ---, ---, ---, ---, ---, 
[44.415s][info][gc,stats       ]       Weak Roots                    235 us
[44.415s][info][gc,stats       ]       CLDG                            1 us
[44.415s][info][gc,stats       ]   Calculate Addresses              5187 us
[44.415s][info][gc,stats       ]     Regular Objects                5178 us
[44.415s][info][gc,stats       ]     Humongous Objects                 1 us
[44.415s][info][gc,stats       ]   Adjust Pointers                  4225 us
[44.415s][info][gc,stats       ]     FA: <total>                     419 us
[44.415s][info][gc,stats       ]     FA: Thread Roots                106 us, workers (us):  33,   1,   1,  23,  25,   1,  22, ---, ---, ---, ---, ---, ---, ---, ---, ---, ---, ---, ---, ---, ---, ---, ---, ---, 
[44.415s][info][gc,stats       ]     FA: Code Cache Roots              3 us, workers (us):   0,   0,   0,   1,   1,   0,   1, ---, ---, ---, ---, ---, ---, ---, ---, ---, ---, ---, ---, ---, ---, ---, ---, ---, 
[44.415s][info][gc,stats       ]     FA: Universe Roots               19 us, workers (us):  19, ---, ---, ---, ---, ---, ---, ---, ---, ---, ---, ---, ---, ---, ---, ---, ---, ---, ---, ---, ---, ---, ---, ---, 
[44.415s][info][gc,stats       ]     FA: JNI Handles Roots             1 us, workers (us): ---,   1, ---, ---, ---, ---, ---, ---, ---, ---, ---, ---, ---, ---, ---, ---, ---, ---, ---, ---, ---, ---, ---, ---, 
[44.415s][info][gc,stats       ]     FA: Synchronizer Roots            0 us, workers (us):   0, ---, ---, ---, ---, ---, ---, ---, ---, ---, ---, ---, ---, ---, ---, ---, ---, ---, ---, ---, ---, ---, ---, ---, 
[44.415s][info][gc,stats       ]     FA: Management Roots              2 us, workers (us):   2, ---, ---, ---, ---, ---, ---, ---, ---, ---, ---, ---, ---, ---, ---, ---, ---, ---, ---, ---, ---, ---, ---, ---, 
[44.416s][info][gc,stats       ]     FA: System Dict Roots            27 us, workers (us):  27, ---, ---, ---, ---, ---, ---, ---, ---, ---, ---, ---, ---, ---, ---, ---, ---, ---, ---, ---, ---, ---, ---, ---, 
[44.416s][info][gc,stats       ]     FA: CLDG Roots                  261 us, workers (us): ---,  46, 107, ---, ---, 108, ---, ---, ---, ---, ---, ---, ---, ---, ---, ---, ---, ---, ---, ---, ---, ---, ---, ---, 
[44.416s][info][gc,stats       ]     FA: JVMTI Roots                   0 us, workers (us): ---,   0, ---, ---, ---, ---, ---, ---, ---, ---, ---, ---, ---, ---, ---, ---, ---, ---, ---, ---, ---, ---, ---, ---, 
[44.416s][info][gc,stats       ]   Copy Objects                     4246 us
[44.416s][info][gc,stats       ]     Regular Objects                3554 us
[44.416s][info][gc,stats       ]     Humongous Objects                 1 us
[44.416s][info][gc,stats       ]     Reset Complete Bitmap           109 us
[44.416s][info][gc,stats       ]     Rebuild Region Sets             579 us
[44.416s][info][gc,stats       ]   Resize TLABs                        8 us
[44.416s][info][gc,stats       ]   Post Heap Dump                      1 us
[44.416s][info][gc,stats       ] 
[44.416s][info][gc,stats       ] Allocation pacing accrued:
[44.416s][info][gc,stats       ]       0 of    33 ms (  0.0%): <total>
[44.416s][info][gc,stats       ]       0 of    33 ms (  0.0%): <average total>
[44.416s][info][gc,stats       ] 
[44.416s][info][gc,metaspace   ] Metaspace: 14126K->14126K(1062912K)
[44.416s][info][gc,ergo        ] Pacer for Idle. Initial: 327K, Alloc Tax Rate: 1.0x
[45.351s][info][gc             ] Trigger: Average GC time (50.46 ms) is above the time for allocation rate (3765 KB/s) to deplete free headroom (0B)
[45.351s][info][gc,ergo        ] Free headroom: 2762K (free) - 819K (spike) - 2785K (penalties) = 0B
[45.351s][info][gc,ergo        ] Free: 2762K, Max: 256K regular, 1024K humongous, Frag: 43% external, 55% internal; Reserve: 1024K, Max: 256K
[45.351s][info][gc,start       ] GC(25) Concurrent reset
[45.351s][info][gc,task        ] GC(25) Using 2 of 24 workers for concurrent reset
[45.351s][info][gc,ergo        ] GC(25) Pacer for Reset. Non-Taxable: 16384K
[45.351s][info][gc             ] GC(25) Concurrent reset 0.189ms
[45.351s][info][gc,start       ] GC(25) Pause Init Mark (process weakrefs)
[45.351s][info][gc,task        ] GC(25) Using 2 of 24 workers for init marking
[45.352s][info][gc,ergo        ] GC(25) Pacer for Mark. Expected Live: 10003K, Free: 2762K, Non-Taxable: 276K, Alloc Tax Rate: 4.4x
[45.352s][info][gc             ] GC(25) Pause Init Mark (process weakrefs) 0.948ms
[45.352s][info][gc,start       ] GC(25) Concurrent marking (process weakrefs)
[45.353s][info][gc,task        ] GC(25) Using 2 of 24 workers for concurrent marking
[45.375s][info][gc             ] GC(25) Concurrent marking (process weakrefs) 22.338ms
[45.375s][info][gc,start       ] GC(25) Concurrent precleaning
[45.375s][info][gc,task        ] GC(25) Using 1 of 24 workers for concurrent preclean
[45.375s][info][gc,ergo        ] GC(25) Pacer for Precleaning. Non-Taxable: 16384K
[45.376s][info][gc             ] GC(25) Concurrent precleaning 0.974ms
[45.376s][info][gc,start       ] GC(25) Pause Final Mark (process weakrefs)
[45.376s][info][gc,task        ] GC(25) Using 2 of 24 workers for final marking
[45.377s][info][gc,ergo        ] GC(25) Adaptive CSet Selection. Target Free: 2321K, Actual Free: 4736K, Max CSet: 682K, Min Garbage: 0B
[45.377s][info][gc,ergo        ] GC(25) Collectable Garbage: 2314K (99%), Immediate: 1920K (82%), CSet: 394K (17%)
[45.379s][info][gc,ergo        ] GC(25) Pacer for Evacuation. Used CSet: 1011K, Free: 8173K, Non-Taxable: 817K, Alloc Tax Rate: 1.1x
[45.379s][info][gc             ] GC(25) Pause Final Mark (process weakrefs) 2.594ms
[45.379s][info][gc,start       ] GC(25) Concurrent cleanup
[45.379s][info][gc             ] GC(25) Concurrent cleanup 9M->7M(16M) 0.666ms
[45.379s][info][gc,ergo        ] GC(25) Free: 8173K, Max: 256K regular, 2304K humongous, Frag: 60% external, 40% internal; Reserve: 770K, Max: 256K
[45.379s][info][gc,start       ] GC(25) Concurrent evacuation
[45.379s][info][gc,task        ] GC(25) Using 2 of 24 workers for concurrent evacuation
[45.383s][info][gc             ] GC(25) Concurrent evacuation 3.288ms
[45.383s][info][gc,start       ] GC(25) Pause Init Update Refs
[45.383s][info][gc,ergo        ] GC(25) Pacer for Update Refs. Used: 8067K, Free: 8173K, Non-Taxable: 817K, Alloc Tax Rate: 1.2x
[45.383s][info][gc             ] GC(25) Pause Init Update Refs 0.113ms
[45.383s][info][gc,start       ] GC(25) Concurrent update references
[45.383s][info][gc,task        ] GC(25) Using 2 of 24 workers for concurrent reference update
[45.392s][info][gc             ] GC(25) Concurrent update references 8.760ms
[45.392s][info][gc,start       ] GC(25) Pause Final Update Refs
[45.392s][info][gc,task        ] GC(25) Using 2 of 24 workers for final reference update
[45.392s][info][gc             ] GC(25) Pause Final Update Refs 0.222ms
[45.392s][info][gc,start       ] GC(25) Concurrent cleanup
[45.393s][info][gc             ] GC(25) Concurrent cleanup 7M->6M(16M) 0.156ms
[45.393s][info][gc             ] GC(25) Dat log --- cycle is complete
Current gc epoch: 22
heap: ______
capacity: 16777216
used: 7225424
committed: 16777216
bytes_allocated_since_gc_start: 0
hot_size: 65001
cold_size: 84457
num_regions: 64
hot_region_count: 18446744073709551585
cold_region_count: 51
histogram: Placeholder

[45.393s][info][gc             ] GC(25) Obj count ac histogram
[45.393s][info][gc             ] GC(25) 	0: 11698
[45.393s][info][gc             ] GC(25) 	1: 0
[45.393s][info][gc             ] GC(25) 	2: 0
[45.393s][info][gc             ] GC(25) 	3: 0
[45.393s][info][gc             ] GC(25) 	4: 0
[45.393s][info][gc             ] GC(25) 	5: 0
[45.393s][info][gc             ] GC(25) 	6: 0
[45.393s][info][gc             ] GC(25) 	7: 0
[45.393s][info][gc             ] GC(25) 	8: 0
[45.393s][info][gc             ] GC(25) 	9: 0
[45.393s][info][gc             ] GC(25) 	10: 0
[45.393s][info][gc             ] GC(25) 	11: 0
[45.393s][info][gc             ] GC(25) 	12: 0
[45.393s][info][gc             ] GC(25) 	13: 6181
[45.393s][info][gc             ] GC(25) 	14: 2
[45.393s][info][gc             ] GC(25) 	15: 0
[45.393s][info][gc             ] GC(25) 	16: 0
[45.393s][info][gc             ] GC(25) 	17: 0
[45.393s][info][gc             ] GC(25) 	18: 0
[45.393s][info][gc             ] GC(25) 	19: 0
[45.393s][info][gc             ] GC(25) Obj size ac histogram
[45.393s][info][gc             ] GC(25) 	0: 78996
[45.393s][info][gc             ] GC(25) 	1: 0
[45.393s][info][gc             ] GC(25) 	2: 0
[45.393s][info][gc             ] GC(25) 	3: 0
[45.393s][info][gc             ] GC(25) 	4: 0
[45.393s][info][gc             ] GC(25) 	5: 0
[45.393s][info][gc             ] GC(25) 	6: 0
[45.393s][info][gc             ] GC(25) 	7: 0
[45.393s][info][gc             ] GC(25) 	8: 0
[45.393s][info][gc             ] GC(25) 	9: 0
[45.393s][info][gc             ] GC(25) 	10: 0
[45.393s][info][gc             ] GC(25) 	11: 0
[45.393s][info][gc             ] GC(25) 	12: 0
[45.393s][info][gc             ] GC(25) 	13: 64204
[45.393s][info][gc             ] GC(25) 	14: 10
[45.393s][info][gc             ] GC(25) 	15: 0
[45.393s][info][gc             ] GC(25) 	16: 0
[45.393s][info][gc             ] GC(25) 	17: 0
[45.393s][info][gc             ] GC(25) 	18: 0
[45.393s][info][gc             ] GC(25) 	19: 0
[45.393s][info][gc,ergo        ] Free: 8303K, Max: 256K regular, 2304K humongous, Frag: 60% external, 41% internal; Reserve: 1024K, Max: 256K
[45.393s][info][gc,stats       ] 
[45.393s][info][gc,stats       ] All times are wall-clock times, except per-root-class counters, that are sum over
[45.393s][info][gc,stats       ] all workers. Dividing the <total> over the root stage time estimates parallelism.
[45.393s][info][gc,stats       ] 
[45.393s][info][gc,stats       ] Concurrent Reset                    168 us
[45.393s][info][gc,stats       ] Pause Init Mark (G)                1328 us
[45.393s][info][gc,stats       ] Pause Init Mark (N)                 905 us
[45.393s][info][gc,stats       ]   Accumulate Stats                    5 us
[45.393s][info][gc,stats       ]   Make Parsable                      11 us
[45.393s][info][gc,stats       ]   Update Region States                2 us
[45.393s][info][gc,stats       ]   Scan Roots                        787 us, parallelism: 0.99x
[45.393s][info][gc,stats       ]     S: <total>                      783 us
[45.393s][info][gc,stats       ]     S: Thread Roots                  62 us, workers (us):  61,   1, ---, ---, ---, ---, ---, ---, ---, ---, ---, ---, ---, ---, ---, ---, ---, ---, ---, ---, ---, ---, ---, ---, 
[45.393s][info][gc,stats       ]     S: Universe Roots                11 us, workers (us):  11, ---, ---, ---, ---, ---, ---, ---, ---, ---, ---, ---, ---, ---, ---, ---, ---, ---, ---, ---, ---, ---, ---, ---, 
[45.393s][info][gc,stats       ]     S: JNI Handles Roots              2 us, workers (us):   2, ---, ---, ---, ---, ---, ---, ---, ---, ---, ---, ---, ---, ---, ---, ---, ---, ---, ---, ---, ---, ---, ---, ---, 
[45.393s][info][gc,stats       ]     S: Synchronizer Roots             0 us, workers (us):   0, ---, ---, ---, ---, ---, ---, ---, ---, ---, ---, ---, ---, ---, ---, ---, ---, ---, ---, ---, ---, ---, ---, ---, 
[45.393s][info][gc,stats       ]     S: Management Roots               1 us, workers (us):   1, ---, ---, ---, ---, ---, ---, ---, ---, ---, ---, ---, ---, ---, ---, ---, ---, ---, ---, ---, ---, ---, ---, ---, 
[45.393s][info][gc,stats       ]     S: System Dict Roots             18 us, workers (us):  18, ---, ---, ---, ---, ---, ---, ---, ---, ---, ---, ---, ---, ---, ---, ---, ---, ---, ---, ---, ---, ---, ---, ---, 
[45.393s][info][gc,stats       ]     S: CLDG Roots                   689 us, workers (us): ---, 689, ---, ---, ---, ---, ---, ---, ---, ---, ---, ---, ---, ---, ---, ---, ---, ---, ---, ---, ---, ---, ---, ---, 
[45.393s][info][gc,stats       ]     S: JVMTI Roots                    0 us, workers (us): ---,   0, ---, ---, ---, ---, ---, ---, ---, ---, ---, ---, ---, ---, ---, ---, ---, ---, ---, ---, ---, ---, ---, ---, 
[45.393s][info][gc,stats       ]   Resize TLABs                        4 us
[45.393s][info][gc,stats       ] Concurrent Marking                22289 us
[45.393s][info][gc,stats       ] Concurrent Precleaning              969 us
[45.393s][info][gc,stats       ] Pause Final Mark (G)               2821 us
[45.393s][info][gc,stats       ] Pause Final Mark (N)               2552 us
[45.393s][info][gc,stats       ]   Finish Queues                     103 us
[45.393s][info][gc,stats       ]   Weak References                   352 us
[45.393s][info][gc,stats       ]     Process                         342 us
[45.393s][info][gc,stats       ]   System Purge                      619 us
[45.393s][info][gc,stats       ]     Weak Roots                      618 us
[45.393s][info][gc,stats       ]   Update Region States                3 us
[45.393s][info][gc,stats       ]   Retire TLABs                        5 us
[45.393s][info][gc,stats       ]   Choose Collection Set              70 us
[45.393s][info][gc,stats       ]   Rebuild Free Set                    6 us
[45.393s][info][gc,stats       ]   Initial Evacuation               1370 us, parallelism: 0.60x
[45.393s][info][gc,stats       ]     E: <total>                      829 us
[45.393s][info][gc,stats       ]     E: Thread Roots                  76 us, workers (us):   1,  75, ---, ---, ---, ---, ---, ---, ---, ---, ---, ---, ---, ---, ---, ---, ---, ---, ---, ---, ---, ---, ---, ---, 
[45.393s][info][gc,stats       ]     E: Code Cache Roots               1 us, workers (us):   0,   0, ---, ---, ---, ---, ---, ---, ---, ---, ---, ---, ---, ---, ---, ---, ---, ---, ---, ---, ---, ---, ---, ---, 
[45.393s][info][gc,stats       ]     E: Universe Roots                27 us, workers (us):  27, ---, ---, ---, ---, ---, ---, ---, ---, ---, ---, ---, ---, ---, ---, ---, ---, ---, ---, ---, ---, ---, ---, ---, 
[45.393s][info][gc,stats       ]     E: JNI Handles Roots              4 us, workers (us):   4, ---, ---, ---, ---, ---, ---, ---, ---, ---, ---, ---, ---, ---, ---, ---, ---, ---, ---, ---, ---, ---, ---, ---, 
[45.393s][info][gc,stats       ]     E: Synchronizer Roots             0 us, workers (us):   0, ---, ---, ---, ---, ---, ---, ---, ---, ---, ---, ---, ---, ---, ---, ---, ---, ---, ---, ---, ---, ---, ---, ---, 
[45.393s][info][gc,stats       ]     E: Management Roots               1 us, workers (us):   1, ---, ---, ---, ---, ---, ---, ---, ---, ---, ---, ---, ---, ---, ---, ---, ---, ---, ---, ---, ---, ---, ---, ---, 
[45.393s][info][gc,stats       ]     E: System Dict Roots             12 us, workers (us):  12, ---, ---, ---, ---, ---, ---, ---, ---, ---, ---, ---, ---, ---, ---, ---, ---, ---, ---, ---, ---, ---, ---, ---, 
[45.393s][info][gc,stats       ]     E: CLDG Roots                   709 us, workers (us): 709, ---, ---, ---, ---, ---, ---, ---, ---, ---, ---, ---, ---, ---, ---, ---, ---, ---, ---, ---, ---, ---, ---, ---, 
[45.393s][info][gc,stats       ]     E: JVMTI Roots                    0 us, workers (us):   0, ---, ---, ---, ---, ---, ---, ---, ---, ---, ---, ---, ---, ---, ---, ---, ---, ---, ---, ---, ---, ---, ---, ---, 
[45.393s][info][gc,stats       ] Concurrent Cleanup                  616 us
[45.393s][info][gc,stats       ] Concurrent Evacuation              3263 us
[45.393s][info][gc,stats       ] Pause Init  Update Refs (G)         370 us
[45.393s][info][gc,stats       ] Pause Init  Update Refs (N)          71 us
[45.393s][info][gc,stats       ]   Retire GCLABs                      48 us
[45.393s][info][gc,stats       ] Concurrent Update Refs             8748 us
[45.393s][info][gc,stats       ] Pause Final Update Refs (G)         527 us
[45.393s][info][gc,stats       ] Pause Final Update Refs (N)         178 us
[45.393s][info][gc,stats       ]   Update Roots                      145 us, parallelism: 0.64x
[45.393s][info][gc,stats       ]     UR: <total>                      92 us
[45.393s][info][gc,stats       ]     UR: Thread Roots                 92 us, workers (us):  49,  43, ---, ---, ---, ---, ---, ---, ---, ---, ---, ---, ---, ---, ---, ---, ---, ---, ---, ---, ---, ---, ---, ---, 
[45.393s][info][gc,stats       ]   Update Region States                3 us
[45.393s][info][gc,stats       ]   Trash Collection Set                3 us
[45.393s][info][gc,stats       ]   Rebuild Free Set                    6 us
[45.393s][info][gc,stats       ] Concurrent Cleanup                  135 us
[45.393s][info][gc,stats       ] 
[45.393s][info][gc,stats       ] Allocation pacing accrued:
[45.393s][info][gc,stats       ]       0 of   977 ms (  0.0%): <total>
[45.393s][info][gc,stats       ]       0 of   977 ms (  0.0%): <average total>
[45.393s][info][gc,stats       ] 
[45.393s][info][gc,metaspace   ] Metaspace: 14126K->14126K(1062912K)
[45.393s][info][gc,ergo        ] Pacer for Idle. Initial: 327K, Alloc Tax Rate: 1.0x
[59.355s][info][gc             ] Trigger: Average GC time (48.88 ms) is above the time for allocation rate (347 KB/s) to deplete free headroom (0B)
[59.355s][info][gc,ergo        ] Free headroom: 3440K (free) - 819K (spike) - 2621K (penalties) = 0B
[59.355s][info][gc,ergo        ] Free: 3440K, Max: 256K regular, 768K humongous, Frag: 63% external, 56% internal; Reserve: 1024K, Max: 256K
[59.355s][info][gc,start       ] GC(26) Concurrent reset
[59.355s][info][gc,task        ] GC(26) Using 2 of 24 workers for concurrent reset
[59.356s][info][gc,ergo        ] GC(26) Pacer for Reset. Non-Taxable: 16384K
[59.356s][info][gc             ] GC(26) Concurrent reset 0.203ms
[59.356s][info][gc,start       ] GC(26) Pause Init Mark
[59.356s][info][gc,task        ] GC(26) Using 2 of 24 workers for init marking
[59.358s][info][gc,ergo        ] GC(26) Pacer for Mark. Expected Live: 9695K, Free: 3440K, Non-Taxable: 344K, Alloc Tax Rate: 3.4x
[59.358s][info][gc             ] GC(26) Pause Init Mark 1.821ms
[59.358s][info][gc,start       ] GC(26) Concurrent marking
[59.358s][info][gc,task        ] GC(26) Using 2 of 24 workers for concurrent marking
[59.380s][info][gc             ] GC(26) Concurrent marking 21.935ms
[59.380s][info][gc,start       ] GC(26) Pause Final Mark
[59.380s][info][gc,task        ] GC(26) Using 2 of 24 workers for final marking
[59.380s][info][gc,ergo        ] GC(26) Adaptive CSet Selection. Target Free: 2321K, Actual Free: 3200K, Max CSet: 682K, Min Garbage: 0B
[59.381s][info][gc,ergo        ] GC(26) Collectable Garbage: 405K (96%), Immediate: 128K (30%), CSet: 277K (65%)
[59.383s][info][gc,ergo        ] GC(26) Pacer for Evacuation. Used CSet: 893K, Free: 6494K, Non-Taxable: 649K, Alloc Tax Rate: 1.1x
[59.383s][info][gc             ] GC(26) Pause Final Mark 3.007ms
[59.383s][info][gc,start       ] GC(26) Concurrent cleanup
[59.383s][info][gc             ] GC(26) Concurrent cleanup 8M->8M(16M) 0.096ms
[59.383s][info][gc,ergo        ] GC(26) Free: 6494K, Max: 256K regular, 768K humongous, Frag: 67% external, 53% internal; Reserve: 833K, Max: 256K
[59.383s][info][gc,start       ] GC(26) Concurrent evacuation
[59.383s][info][gc,task        ] GC(26) Using 2 of 24 workers for concurrent evacuation
[59.389s][info][gc             ] GC(26) Concurrent evacuation 6.066ms
[59.390s][info][gc,start       ] GC(26) Pause Init Update Refs
[59.390s][info][gc,ergo        ] GC(26) Pacer for Update Refs. Used: 9505K, Free: 6494K, Non-Taxable: 649K, Alloc Tax Rate: 1.8x
[59.390s][info][gc             ] GC(26) Pause Init Update Refs 0.094ms
[59.390s][info][gc,start       ] GC(26) Concurrent update references
[59.390s][info][gc,task        ] GC(26) Using 2 of 24 workers for concurrent reference update
[59.407s][info][gc             ] GC(26) Concurrent update references 16.741ms
[59.407s][info][gc,start       ] GC(26) Pause Final Update Refs
[59.407s][info][gc,task        ] GC(26) Using 2 of 24 workers for final reference update
[59.407s][info][gc             ] GC(26) Pause Final Update Refs 0.174ms
[59.407s][info][gc,start       ] GC(26) Concurrent cleanup
[59.407s][info][gc             ] GC(26) Concurrent cleanup 9M->8M(16M) 0.154ms
[59.407s][info][gc             ] GC(26) Dat log --- cycle is complete
Current gc epoch: 23
heap: ______
capacity: 16777216
used: 8818560
committed: 16777216
bytes_allocated_since_gc_start: 0
hot_size: 36130
cold_size: 42838
num_regions: 64
hot_region_count: 18446744073709551583
cold_region_count: 53
histogram: Placeholder

[59.407s][info][gc             ] GC(26) Obj count ac histogram
[59.407s][info][gc             ] GC(26) 	0: 5620
[59.407s][info][gc             ] GC(26) 	1: 0
[59.407s][info][gc             ] GC(26) 	2: 0
[59.407s][info][gc             ] GC(26) 	3: 0
[59.407s][info][gc             ] GC(26) 	4: 0
[59.407s][info][gc             ] GC(26) 	5: 0
[59.407s][info][gc             ] GC(26) 	6: 0
[59.407s][info][gc             ] GC(26) 	7: 0
[59.407s][info][gc             ] GC(26) 	8: 0
[59.407s][info][gc             ] GC(26) 	9: 0
[59.407s][info][gc             ] GC(26) 	10: 0
[59.407s][info][gc             ] GC(26) 	11: 0
[59.407s][info][gc             ] GC(26) 	12: 0
[59.407s][info][gc             ] GC(26) 	13: 3800
[59.407s][info][gc             ] GC(26) 	14: 0
[59.407s][info][gc             ] GC(26) 	15: 0
[59.407s][info][gc             ] GC(26) 	16: 0
[59.407s][info][gc             ] GC(26) 	17: 0
[59.407s][info][gc             ] GC(26) 	18: 0
[59.407s][info][gc             ] GC(26) 	19: 0
[59.407s][info][gc             ] GC(26) Obj size ac histogram
[59.407s][info][gc             ] GC(26) 	0: 42801
[59.407s][info][gc             ] GC(26) 	1: 0
[59.407s][info][gc             ] GC(26) 	2: 0
[59.407s][info][gc             ] GC(26) 	3: 0
[59.407s][info][gc             ] GC(26) 	4: 0
[59.407s][info][gc             ] GC(26) 	5: 0
[59.408s][info][gc             ] GC(26) 	6: 0
[59.408s][info][gc             ] GC(26) 	7: 0
[59.408s][info][gc             ] GC(26) 	8: 0
[59.408s][info][gc             ] GC(26) 	9: 0
[59.408s][info][gc             ] GC(26) 	10: 0
[59.408s][info][gc             ] GC(26) 	11: 0
[59.408s][info][gc             ] GC(26) 	12: 0
[59.408s][info][gc             ] GC(26) 	13: 35776
[59.408s][info][gc             ] GC(26) 	14: 0
[59.408s][info][gc             ] GC(26) 	15: 0
[59.408s][info][gc             ] GC(26) 	16: 0
[59.408s][info][gc             ] GC(26) 	17: 0
[59.408s][info][gc             ] GC(26) 	18: 0
[59.408s][info][gc             ] GC(26) 	19: 0
[59.408s][info][gc,ergo        ] Free: 6748K, Max: 256K regular, 768K humongous, Frag: 67% external, 52% internal; Reserve: 1024K, Max: 256K
[59.408s][info][gc,stats       ] 
[59.408s][info][gc,stats       ] All times are wall-clock times, except per-root-class counters, that are sum over
[59.408s][info][gc,stats       ] all workers. Dividing the <total> over the root stage time estimates parallelism.
[59.408s][info][gc,stats       ] 
[59.408s][info][gc,stats       ] Concurrent Reset                    183 us
[59.408s][info][gc,stats       ] Pause Init Mark (G)                2215 us
[59.408s][info][gc,stats       ] Pause Init Mark (N)                1776 us
[59.408s][info][gc,stats       ]   Accumulate Stats                    5 us
[59.408s][info][gc,stats       ]   Make Parsable                      10 us
[59.408s][info][gc,stats       ]   Update Region States                2 us
[59.408s][info][gc,stats       ]   Scan Roots                       1631 us, parallelism: 0.99x
[59.408s][info][gc,stats       ]     S: <total>                     1613 us
[59.408s][info][gc,stats       ]     S: Thread Roots                 112 us, workers (us):   2, 110, ---, ---, ---, ---, ---, ---, ---, ---, ---, ---, ---, ---, ---, ---, ---, ---, ---, ---, ---, ---, ---, ---, 
[59.408s][info][gc,stats       ]     S: Universe Roots                19 us, workers (us):  19, ---, ---, ---, ---, ---, ---, ---, ---, ---, ---, ---, ---, ---, ---, ---, ---, ---, ---, ---, ---, ---, ---, ---, 
[59.408s][info][gc,stats       ]     S: JNI Handles Roots              6 us, workers (us): ---,   6, ---, ---, ---, ---, ---, ---, ---, ---, ---, ---, ---, ---, ---, ---, ---, ---, ---, ---, ---, ---, ---, ---, 
[59.408s][info][gc,stats       ]     S: Synchronizer Roots             0 us, workers (us):   0, ---, ---, ---, ---, ---, ---, ---, ---, ---, ---, ---, ---, ---, ---, ---, ---, ---, ---, ---, ---, ---, ---, ---, 
[59.408s][info][gc,stats       ]     S: Management Roots               2 us, workers (us):   2, ---, ---, ---, ---, ---, ---, ---, ---, ---, ---, ---, ---, ---, ---, ---, ---, ---, ---, ---, ---, ---, ---, ---, 
[59.408s][info][gc,stats       ]     S: System Dict Roots             29 us, workers (us):  29, ---, ---, ---, ---, ---, ---, ---, ---, ---, ---, ---, ---, ---, ---, ---, ---, ---, ---, ---, ---, ---, ---, ---, 
[59.408s][info][gc,stats       ]     S: CLDG Roots                  1444 us, workers (us): 1444, ---, ---, ---, ---, ---, ---, ---, ---, ---, ---, ---, ---, ---, ---, ---, ---, ---, ---, ---, ---, ---, ---, ---, 
[59.408s][info][gc,stats       ]     S: JVMTI Roots                    1 us, workers (us): ---,   1, ---, ---, ---, ---, ---, ---, ---, ---, ---, ---, ---, ---, ---, ---, ---, ---, ---, ---, ---, ---, ---, ---, 
[59.408s][info][gc,stats       ]   Resize TLABs                        6 us
[59.408s][info][gc,stats       ] Concurrent Marking                21882 us
[59.408s][info][gc,stats       ] Pause Final Mark (G)               3234 us
[59.408s][info][gc,stats       ] Pause Final Mark (N)               2964 us
[59.408s][info][gc,stats       ]   Finish Queues                      94 us
[59.408s][info][gc,stats       ]   System Purge                      297 us
[59.408s][info][gc,stats       ]     Weak Roots                      295 us
[59.408s][info][gc,stats       ]   Update Region States                4 us
[59.408s][info][gc,stats       ]   Retire TLABs                        5 us
[59.408s][info][gc,stats       ]   Choose Collection Set              90 us
[59.408s][info][gc,stats       ]   Rebuild Free Set                    6 us
[59.408s][info][gc,stats       ]   Initial Evacuation               2443 us, parallelism: 0.59x
[59.408s][info][gc,stats       ]     E: <total>                     1448 us
[59.408s][info][gc,stats       ]     E: Thread Roots                 116 us, workers (us):   1, 115, ---, ---, ---, ---, ---, ---, ---, ---, ---, ---, ---, ---, ---, ---, ---, ---, ---, ---, ---, ---, ---, ---, 
[59.408s][info][gc,stats       ]     E: Code Cache Roots               1 us, workers (us):   0,   1, ---, ---, ---, ---, ---, ---, ---, ---, ---, ---, ---, ---, ---, ---, ---, ---, ---, ---, ---, ---, ---, ---, 
[59.408s][info][gc,stats       ]     E: Universe Roots                45 us, workers (us): ---,  45, ---, ---, ---, ---, ---, ---, ---, ---, ---, ---, ---, ---, ---, ---, ---, ---, ---, ---, ---, ---, ---, ---, 
[59.408s][info][gc,stats       ]     E: JNI Handles Roots              8 us, workers (us):   8, ---, ---, ---, ---, ---, ---, ---, ---, ---, ---, ---, ---, ---, ---, ---, ---, ---, ---, ---, ---, ---, ---, ---, 
[59.408s][info][gc,stats       ]     E: Synchronizer Roots             1 us, workers (us):   1, ---, ---, ---, ---, ---, ---, ---, ---, ---, ---, ---, ---, ---, ---, ---, ---, ---, ---, ---, ---, ---, ---, ---, 
[59.408s][info][gc,stats       ]     E: Management Roots               2 us, workers (us):   2, ---, ---, ---, ---, ---, ---, ---, ---, ---, ---, ---, ---, ---, ---, ---, ---, ---, ---, ---, ---, ---, ---, ---, 
[59.408s][info][gc,stats       ]     E: System Dict Roots             35 us, workers (us):  35, ---, ---, ---, ---, ---, ---, ---, ---, ---, ---, ---, ---, ---, ---, ---, ---, ---, ---, ---, ---, ---, ---, ---, 
[59.408s][info][gc,stats       ]     E: CLDG Roots                  1241 us, workers (us): 1241, ---, ---, ---, ---, ---, ---, ---, ---, ---, ---, ---, ---, ---, ---, ---, ---, ---, ---, ---, ---, ---, ---, ---, 
[59.408s][info][gc,stats       ]     E: JVMTI Roots                    1 us, workers (us):   1, ---, ---, ---, ---, ---, ---, ---, ---, ---, ---, ---, ---, ---, ---, ---, ---, ---, ---, ---, ---, ---, ---, ---, 
[59.408s][info][gc,stats       ] Concurrent Cleanup                   48 us
[59.408s][info][gc,stats       ] Concurrent Evacuation              6047 us
[59.408s][info][gc,stats       ] Pause Init  Update Refs (G)         411 us
[59.408s][info][gc,stats       ] Pause Init  Update Refs (N)          51 us
[59.408s][info][gc,stats       ]   Retire GCLABs                      29 us
[59.408s][info][gc,stats       ] Concurrent Update Refs            16712 us
[59.408s][info][gc,stats       ] Pause Final Update Refs (G)         495 us
[59.408s][info][gc,stats       ] Pause Final Update Refs (N)         130 us
[59.408s][info][gc,stats       ]   Update Roots                       97 us, parallelism: 0.85x
[59.408s][info][gc,stats       ]     UR: <total>                      82 us
[59.408s][info][gc,stats       ]     UR: Thread Roots                 82 us, workers (us):  57,  24, ---, ---, ---, ---, ---, ---, ---, ---, ---, ---, ---, ---, ---, ---, ---, ---, ---, ---, ---, ---, ---, ---, 
[59.408s][info][gc,stats       ]   Update Region States                3 us
[59.408s][info][gc,stats       ]   Trash Collection Set                3 us
[59.408s][info][gc,stats       ]   Rebuild Free Set                    6 us
[59.408s][info][gc,stats       ] Concurrent Cleanup                  130 us
[59.408s][info][gc,stats       ] 
[59.408s][info][gc,stats       ] Allocation pacing accrued:
[59.409s][info][gc,stats       ]       0 of 14015 ms (  0.0%): <total>
[59.409s][info][gc,stats       ]       0 of 14015 ms (  0.0%): <average total>
[59.409s][info][gc,stats       ] 
[59.409s][info][gc,metaspace   ] Metaspace: 14126K->14126K(1062912K)
[59.409s][info][gc,ergo        ] Pacer for Idle. Initial: 327K, Alloc Tax Rate: 1.0x
[61.357s][info][gc             ] Trigger: Average GC time (49.66 ms) is above the time for allocation rate (1719 KB/s) to deplete free headroom (32160B)
[61.357s][info][gc,ergo        ] Free headroom: 3308K (free) - 819K (spike) - 2457K (penalties) = 32160B
[61.357s][info][gc,ergo        ] Free: 3308K, Max: 256K regular, 768K humongous, Frag: 58% external, 58% internal; Reserve: 1024K, Max: 256K
[61.357s][info][gc,start       ] GC(27) Concurrent reset
[61.357s][info][gc,task        ] GC(27) Using 2 of 24 workers for concurrent reset
[61.357s][info][gc,ergo        ] GC(27) Pacer for Reset. Non-Taxable: 16384K
[61.357s][info][gc             ] GC(27) Concurrent reset 0.166ms
[61.358s][info][gc,start       ] GC(27) Pause Init Mark
[61.358s][info][gc,task        ] GC(27) Using 2 of 24 workers for init marking
[61.359s][info][gc,ergo        ] GC(27) Pacer for Mark. Expected Live: 10054K, Free: 3308K, Non-Taxable: 330K, Alloc Tax Rate: 3.7x
[61.359s][info][gc             ] GC(27) Pause Init Mark 1.795ms
[61.359s][info][gc,start       ] GC(27) Concurrent marking
[61.359s][info][gc,task        ] GC(27) Using 2 of 24 workers for concurrent marking
[61.382s][info][gc             ] GC(27) Concurrent marking 22.878ms
[61.382s][info][gc,start       ] GC(27) Pause Final Mark
[61.382s][info][gc,task        ] GC(27) Using 2 of 24 workers for final marking
[61.383s][info][gc,ergo        ] GC(27) Adaptive CSet Selection. Target Free: 2321K, Actual Free: 2816K, Max CSet: 682K, Min Garbage: 0B
[61.383s][info][gc,ergo        ] GC(27) Collectable Garbage: 203K (89%), Immediate: 0B (0%), CSet: 203K (89%)
[61.386s][info][gc,ergo        ] GC(27) Pacer for Evacuation. Used CSet: 833K, Free: 6243K, Non-Taxable: 624K, Alloc Tax Rate: 1.1x
[61.386s][info][gc             ] GC(27) Pause Final Mark 3.497ms
[61.386s][info][gc,start       ] GC(27) Concurrent cleanup
[61.386s][info][gc             ] GC(27) Concurrent cleanup 8M->8M(16M) 0.032ms
[61.386s][info][gc,ergo        ] GC(27) Free: 6243K, Max: 256K regular, 768K humongous, Frag: 58% external, 54% internal; Reserve: 833K, Max: 256K
[61.386s][info][gc,start       ] GC(27) Concurrent evacuation
[61.386s][info][gc,task        ] GC(27) Using 2 of 24 workers for concurrent evacuation
[61.389s][info][gc             ] GC(27) Concurrent evacuation 2.664ms
[61.389s][info][gc,start       ] GC(27) Pause Init Update Refs
[61.389s][info][gc,ergo        ] GC(27) Pacer for Update Refs. Used: 9698K, Free: 6243K, Non-Taxable: 624K, Alloc Tax Rate: 1.9x
[61.389s][info][gc             ] GC(27) Pause Init Update Refs 0.091ms
[61.389s][info][gc,start       ] GC(27) Concurrent update references
[61.389s][info][gc,task        ] GC(27) Using 2 of 24 workers for concurrent reference update
[61.406s][info][gc             ] GC(27) Concurrent update references 16.511ms
[61.406s][info][gc,start       ] GC(27) Pause Final Update Refs
[61.406s][info][gc,task        ] GC(27) Using 2 of 24 workers for final reference update
[61.406s][info][gc             ] GC(27) Pause Final Update Refs 0.159ms
[61.406s][info][gc,start       ] GC(27) Concurrent cleanup
[61.406s][info][gc             ] GC(27) Concurrent cleanup 9M->8M(16M) 0.154ms
[61.406s][info][gc             ] GC(27) Dat log --- cycle is complete
Current gc epoch: 24
heap: ______
capacity: 16777216
used: 9077176
committed: 16777216
bytes_allocated_since_gc_start: 0
hot_size: 36130
cold_size: 44571
num_regions: 64
hot_region_count: 18446744073709551582
cold_region_count: 55
histogram: Placeholder

[61.406s][info][gc             ] GC(27) Obj count ac histogram
[61.406s][info][gc             ] GC(27) 	0: 3354
[61.406s][info][gc             ] GC(27) 	1: 0
[61.406s][info][gc             ] GC(27) 	2: 0
[61.406s][info][gc             ] GC(27) 	3: 0
[61.406s][info][gc             ] GC(27) 	4: 0
[61.406s][info][gc             ] GC(27) 	5: 0
[61.406s][info][gc             ] GC(27) 	6: 0
[61.406s][info][gc             ] GC(27) 	7: 0
[61.406s][info][gc             ] GC(27) 	8: 0
[61.406s][info][gc             ] GC(27) 	9: 0
[61.406s][info][gc             ] GC(27) 	10: 0
[61.406s][info][gc             ] GC(27) 	11: 0
[61.406s][info][gc             ] GC(27) 	12: 0
[61.406s][info][gc             ] GC(27) 	13: 3848
[61.406s][info][gc             ] GC(27) 	14: 0
[61.406s][info][gc             ] GC(27) 	15: 0
[61.406s][info][gc             ] GC(27) 	16: 0
[61.407s][info][gc             ] GC(27) 	17: 0
[61.407s][info][gc             ] GC(27) 	18: 0
[61.407s][info][gc             ] GC(27) 	19: 0
[61.407s][info][gc             ] GC(27) Obj size ac histogram
[61.407s][info][gc             ] GC(27) 	0: 44571
[61.407s][info][gc             ] GC(27) 	1: 0
[61.407s][info][gc             ] GC(27) 	2: 0
[61.407s][info][gc             ] GC(27) 	3: 0
[61.407s][info][gc             ] GC(27) 	4: 0
[61.407s][info][gc             ] GC(27) 	5: 0
[61.407s][info][gc             ] GC(27) 	6: 0
[61.407s][info][gc             ] GC(27) 	7: 0
[61.407s][info][gc             ] GC(27) 	8: 0
[61.407s][info][gc             ] GC(27) 	9: 0
[61.407s][info][gc             ] GC(27) 	10: 0
[61.407s][info][gc             ] GC(27) 	11: 0
[61.407s][info][gc             ] GC(27) 	12: 0
[61.407s][info][gc             ] GC(27) 	13: 36125
[61.407s][info][gc             ] GC(27) 	14: 0
[61.407s][info][gc             ] GC(27) 	15: 0
[61.407s][info][gc             ] GC(27) 	16: 0
[61.407s][info][gc             ] GC(27) 	17: 0
[61.407s][info][gc             ] GC(27) 	18: 0
[61.407s][info][gc             ] GC(27) 	19: 0
[61.407s][info][gc,ergo        ] Free: 6495K, Max: 256K regular, 512K humongous, Frag: 72% external, 54% internal; Reserve: 1024K, Max: 256K
[61.407s][info][gc,stats       ] 
[61.407s][info][gc,stats       ] All times are wall-clock times, except per-root-class counters, that are sum over
[61.407s][info][gc,stats       ] all workers. Dividing the <total> over the root stage time estimates parallelism.
[61.407s][info][gc,stats       ] 
[61.407s][info][gc,stats       ] Concurrent Reset                    146 us
[61.407s][info][gc,stats       ] Pause Init Mark (G)                2192 us
[61.407s][info][gc,stats       ] Pause Init Mark (N)                1749 us
[61.407s][info][gc,stats       ]   Accumulate Stats                    5 us
[61.407s][info][gc,stats       ]   Make Parsable                      15 us
[61.407s][info][gc,stats       ]   Update Region States                2 us
[61.407s][info][gc,stats       ]   Scan Roots                       1584 us, parallelism: 0.99x
[61.407s][info][gc,stats       ]     S: <total>                     1571 us
[61.407s][info][gc,stats       ]     S: Thread Roots                  84 us, workers (us):   1,  82, ---, ---, ---, ---, ---, ---, ---, ---, ---, ---, ---, ---, ---, ---, ---, ---, ---, ---, ---, ---, ---, ---, 
[61.407s][info][gc,stats       ]     S: Universe Roots                19 us, workers (us):  19, ---, ---, ---, ---, ---, ---, ---, ---, ---, ---, ---, ---, ---, ---, ---, ---, ---, ---, ---, ---, ---, ---, ---, 
[61.407s][info][gc,stats       ]     S: JNI Handles Roots              3 us, workers (us):   3, ---, ---, ---, ---, ---, ---, ---, ---, ---, ---, ---, ---, ---, ---, ---, ---, ---, ---, ---, ---, ---, ---, ---, 
[61.407s][info][gc,stats       ]     S: Synchronizer Roots             0 us, workers (us): ---,   0, ---, ---, ---, ---, ---, ---, ---, ---, ---, ---, ---, ---, ---, ---, ---, ---, ---, ---, ---, ---, ---, ---, 
[61.407s][info][gc,stats       ]     S: Management Roots               2 us, workers (us): ---,   2, ---, ---, ---, ---, ---, ---, ---, ---, ---, ---, ---, ---, ---, ---, ---, ---, ---, ---, ---, ---, ---, ---, 
[61.407s][info][gc,stats       ]     S: System Dict Roots             26 us, workers (us): ---,  26, ---, ---, ---, ---, ---, ---, ---, ---, ---, ---, ---, ---, ---, ---, ---, ---, ---, ---, ---, ---, ---, ---, 
[61.407s][info][gc,stats       ]     S: CLDG Roots                  1437 us, workers (us): 1437, ---, ---, ---, ---, ---, ---, ---, ---, ---, ---, ---, ---, ---, ---, ---, ---, ---, ---, ---, ---, ---, ---, ---, 
[61.407s][info][gc,stats       ]     S: JVMTI Roots                    1 us, workers (us):   1, ---, ---, ---, ---, ---, ---, ---, ---, ---, ---, ---, ---, ---, ---, ---, ---, ---, ---, ---, ---, ---, ---, ---, 
[61.407s][info][gc,stats       ]   Resize TLABs                        6 us
[61.407s][info][gc,stats       ] Concurrent Marking                22829 us
[61.407s][info][gc,stats       ] Pause Final Mark (G)               3719 us
[61.407s][info][gc,stats       ] Pause Final Mark (N)               3452 us
[61.407s][info][gc,stats       ]   Finish Queues                     115 us
[61.407s][info][gc,stats       ]   System Purge                      327 us
[61.407s][info][gc,stats       ]     Weak Roots                      326 us
[61.407s][info][gc,stats       ]   Update Region States                4 us
[61.407s][info][gc,stats       ]   Retire TLABs                       11 us
[61.407s][info][gc,stats       ]   Choose Collection Set              56 us
[61.407s][info][gc,stats       ]   Rebuild Free Set                    6 us
[61.407s][info][gc,stats       ]   Initial Evacuation               2909 us, parallelism: 0.53x
[61.407s][info][gc,stats       ]     E: <total>                     1547 us
[61.407s][info][gc,stats       ]     E: Thread Roots                 166 us, workers (us): 165,   1, ---, ---, ---, ---, ---, ---, ---, ---, ---, ---, ---, ---, ---, ---, ---, ---, ---, ---, ---, ---, ---, ---, 
[61.407s][info][gc,stats       ]     E: Code Cache Roots               1 us, workers (us):   1,   0, ---, ---, ---, ---, ---, ---, ---, ---, ---, ---, ---, ---, ---, ---, ---, ---, ---, ---, ---, ---, ---, ---, 
[61.407s][info][gc,stats       ]     E: Universe Roots                66 us, workers (us):  66, ---, ---, ---, ---, ---, ---, ---, ---, ---, ---, ---, ---, ---, ---, ---, ---, ---, ---, ---, ---, ---, ---, ---, 
[61.407s][info][gc,stats       ]     E: JNI Handles Roots              9 us, workers (us): ---,   9, ---, ---, ---, ---, ---, ---, ---, ---, ---, ---, ---, ---, ---, ---, ---, ---, ---, ---, ---, ---, ---, ---, 
[61.407s][info][gc,stats       ]     E: Synchronizer Roots             1 us, workers (us): ---,   1, ---, ---, ---, ---, ---, ---, ---, ---, ---, ---, ---, ---, ---, ---, ---, ---, ---, ---, ---, ---, ---, ---, 
[61.407s][info][gc,stats       ]     E: Management Roots               2 us, workers (us): ---,   2, ---, ---, ---, ---, ---, ---, ---, ---, ---, ---, ---, ---, ---, ---, ---, ---, ---, ---, ---, ---, ---, ---, 
[61.407s][info][gc,stats       ]     E: System Dict Roots             41 us, workers (us): ---,  41, ---, ---, ---, ---, ---, ---, ---, ---, ---, ---, ---, ---, ---, ---, ---, ---, ---, ---, ---, ---, ---, ---, 
[61.407s][info][gc,stats       ]     E: CLDG Roots                  1260 us, workers (us): ---, 1260, ---, ---, ---, ---, ---, ---, ---, ---, ---, ---, ---, ---, ---, ---, ---, ---, ---, ---, ---, ---, ---, ---, 
[61.407s][info][gc,stats       ]     E: JVMTI Roots                    1 us, workers (us): ---,   1, ---, ---, ---, ---, ---, ---, ---, ---, ---, ---, ---, ---, ---, ---, ---, ---, ---, ---, ---, ---, ---, ---, 
[61.407s][info][gc,stats       ] Concurrent Cleanup                    2 us
[61.407s][info][gc,stats       ] Concurrent Evacuation              2647 us
[61.407s][info][gc,stats       ] Pause Init  Update Refs (G)         364 us
[61.407s][info][gc,stats       ] Pause Init  Update Refs (N)          51 us
[61.407s][info][gc,stats       ]   Retire GCLABs                      28 us
[61.407s][info][gc,stats       ] Concurrent Update Refs            16484 us
[61.407s][info][gc,stats       ] Pause Final Update Refs (G)         477 us
[61.407s][info][gc,stats       ] Pause Final Update Refs (N)         115 us
[61.407s][info][gc,stats       ]   Update Roots                       81 us, parallelism: 1.09x
[61.407s][info][gc,stats       ]     UR: <total>                      89 us
[61.407s][info][gc,stats       ]     UR: Thread Roots                 89 us, workers (us):  49,  39, ---, ---, ---, ---, ---, ---, ---, ---, ---, ---, ---, ---, ---, ---, ---, ---, ---, ---, ---, ---, ---, ---, 
[61.407s][info][gc,stats       ]   Update Region States                3 us
[61.407s][info][gc,stats       ]   Trash Collection Set                3 us
[61.407s][info][gc,stats       ]   Rebuild Free Set                    6 us
[61.407s][info][gc,stats       ] Concurrent Cleanup                  127 us
[61.407s][info][gc,stats       ] 
[61.407s][info][gc,stats       ] Allocation pacing accrued:
[61.407s][info][gc,stats       ]       0 of  1999 ms (  0.0%): <total>
[61.407s][info][gc,stats       ]       0 of  1999 ms (  0.0%): <average total>
[61.407s][info][gc,stats       ] 
[61.407s][info][gc,metaspace   ] Metaspace: 14126K->14126K(1062912K)
[61.407s][info][gc,ergo        ] Pacer for Idle. Initial: 327K, Alloc Tax Rate: 1.0x
[63.361s][info][gc             ] Trigger: Average GC time (51.05 ms) is above the time for allocation rate (1785 KB/s) to deplete free headroom (0B)
[63.361s][info][gc,ergo        ] Free headroom: 2920K (free) - 819K (spike) - 2293K (penalties) = 0B
[63.361s][info][gc,ergo        ] Free: 2920K, Max: 256K regular, 512K humongous, Frag: 60% external, 61% internal; Reserve: 1024K, Max: 256K
[63.361s][info][gc,start       ] GC(28) Concurrent reset
[63.361s][info][gc,task        ] GC(28) Using 2 of 24 workers for concurrent reset
[63.361s][info][gc,ergo        ] GC(28) Pacer for Reset. Non-Taxable: 16384K
[63.361s][info][gc             ] GC(28) Concurrent reset 0.193ms
[63.361s][info][gc,start       ] GC(28) Pause Init Mark
[63.361s][info][gc,task        ] GC(28) Using 2 of 24 workers for init marking
[63.362s][info][gc,ergo        ] GC(28) Pacer for Mark. Expected Live: 10105K, Free: 2920K, Non-Taxable: 292K, Alloc Tax Rate: 4.2x
[63.362s][info][gc             ] GC(28) Pause Init Mark 1.032ms
[63.362s][info][gc,start       ] GC(28) Concurrent marking
[63.362s][info][gc,task        ] GC(28) Using 2 of 24 workers for concurrent marking
[63.386s][info][gc             ] GC(28) Concurrent marking 24.150ms
[63.387s][info][gc,start       ] GC(28) Pause Final Mark
[63.387s][info][gc,task        ] GC(28) Using 2 of 24 workers for final marking
[63.387s][info][gc,ergo        ] GC(28) Adaptive CSet Selection. Target Free: 2321K, Actual Free: 2304K, Max CSet: 682K, Min Garbage: 17474B
[63.387s][info][gc,ergo        ] GC(28) Collectable Garbage: 161K (89%), Immediate: 0B (0%), CSet: 161K (89%)
[63.388s][info][gc,ergo        ] GC(28) Pacer for Evacuation. Used CSet: 790K, Free: 5733K, Non-Taxable: 573K, Alloc Tax Rate: 1.1x
[63.388s][info][gc             ] GC(28) Pause Final Mark 1.728ms
[63.388s][info][gc,start       ] GC(28) Concurrent cleanup
[63.388s][info][gc             ] GC(28) Concurrent cleanup 9M->9M(16M) 0.033ms
[63.388s][info][gc,ergo        ] GC(28) Free: 5733K, Max: 256K regular, 512K humongous, Frag: 60% external, 56% internal; Reserve: 865K, Max: 256K
[63.388s][info][gc,start       ] GC(28) Concurrent evacuation
[63.388s][info][gc,task        ] GC(28) Using 2 of 24 workers for concurrent evacuation
[63.392s][info][gc             ] GC(28) Concurrent evacuation 3.611ms
[63.392s][info][gc,start       ] GC(28) Pause Init Update Refs
[63.392s][info][gc,ergo        ] GC(28) Pacer for Update Refs. Used: 10006K, Free: 5733K, Non-Taxable: 573K, Alloc Tax Rate: 2.1x
[63.392s][info][gc             ] GC(28) Pause Init Update Refs 0.104ms
[63.393s][info][gc,start       ] GC(28) Concurrent update references
[63.393s][info][gc,task        ] GC(28) Using 2 of 24 workers for concurrent reference update
[63.410s][info][gc             ] GC(28) Concurrent update references 17.532ms
[63.410s][info][gc,start       ] GC(28) Pause Final Update Refs
[63.410s][info][gc,task        ] GC(28) Using 2 of 24 workers for final reference update
[63.411s][info][gc             ] GC(28) Pause Final Update Refs 0.238ms
[63.411s][info][gc,start       ] GC(28) Concurrent cleanup
[63.411s][info][gc             ] GC(28) Concurrent cleanup 9M->8M(16M) 0.189ms
[63.411s][info][gc             ] GC(28) Dat log --- cycle is complete
Current gc epoch: 25
heap: ______
capacity: 16777216
used: 9437144
committed: 16777216
bytes_allocated_since_gc_start: 0
hot_size: 36130
cold_size: 44341
num_regions: 64
hot_region_count: 18446744073709551580
cold_region_count: 57
histogram: Placeholder

[63.411s][info][gc             ] GC(28) Obj count ac histogram
[63.411s][info][gc             ] GC(28) 	0: 3275
[63.411s][info][gc             ] GC(28) 	1: 0
[63.411s][info][gc             ] GC(28) 	2: 0
[63.411s][info][gc             ] GC(28) 	3: 0
[63.411s][info][gc             ] GC(28) 	4: 0
[63.411s][info][gc             ] GC(28) 	5: 0
[63.411s][info][gc             ] GC(28) 	6: 0
[63.411s][info][gc             ] GC(28) 	7: 0
[63.411s][info][gc             ] GC(28) 	8: 0
[63.411s][info][gc             ] GC(28) 	9: 0
[63.411s][info][gc             ] GC(28) 	10: 0
[63.411s][info][gc             ] GC(28) 	11: 0
[63.411s][info][gc             ] GC(28) 	12: 0
[63.411s][info][gc             ] GC(28) 	13: 3735
[63.411s][info][gc             ] GC(28) 	14: 0
[63.411s][info][gc             ] GC(28) 	15: 0
[63.411s][info][gc             ] GC(28) 	16: 0
[63.411s][info][gc             ] GC(28) 	17: 0
[63.411s][info][gc             ] GC(28) 	18: 0
[63.411s][info][gc             ] GC(28) 	19: 0
[63.411s][info][gc             ] GC(28) Obj size ac histogram
[63.411s][info][gc             ] GC(28) 	0: 42928
[63.411s][info][gc             ] GC(28) 	1: 0
[63.411s][info][gc             ] GC(28) 	2: 0
[63.411s][info][gc             ] GC(28) 	3: 0
[63.411s][info][gc             ] GC(28) 	4: 0
[63.411s][info][gc             ] GC(28) 	5: 0
[63.411s][info][gc             ] GC(28) 	6: 0
[63.411s][info][gc             ] GC(28) 	7: 0
[63.411s][info][gc             ] GC(28) 	8: 0
[63.411s][info][gc             ] GC(28) 	9: 0
[63.411s][info][gc             ] GC(28) 	10: 0
[63.411s][info][gc             ] GC(28) 	11: 0
[63.411s][info][gc             ] GC(28) 	12: 0
[63.411s][info][gc             ] GC(28) 	13: 35455
[63.411s][info][gc             ] GC(28) 	14: 0
[63.411s][info][gc             ] GC(28) 	15: 0
[63.411s][info][gc             ] GC(28) 	16: 0
[63.411s][info][gc             ] GC(28) 	17: 0
[63.411s][info][gc             ] GC(28) 	18: 0
[63.411s][info][gc             ] GC(28) 	19: 0
[63.411s][info][gc,ergo        ] Free: 6144K, Max: 256K regular, 512K humongous, Frag: 67% external, 56% internal; Reserve: 1024K, Max: 256K
[63.411s][info][gc,stats       ] 
[63.411s][info][gc,stats       ] All times are wall-clock times, except per-root-class counters, that are sum over
[63.411s][info][gc,stats       ] all workers. Dividing the <total> over the root stage time estimates parallelism.
[63.411s][info][gc,stats       ] 
[63.411s][info][gc,stats       ] Concurrent Reset                    172 us
[63.411s][info][gc,stats       ] Pause Init Mark (G)                1410 us
[63.411s][info][gc,stats       ] Pause Init Mark (N)                 987 us
[63.411s][info][gc,stats       ]   Accumulate Stats                    5 us
[63.411s][info][gc,stats       ]   Make Parsable                      10 us
[63.411s][info][gc,stats       ]   Update Region States                2 us
[63.411s][info][gc,stats       ]   Scan Roots                        869 us, parallelism: 1.02x
[63.411s][info][gc,stats       ]     S: <total>                      889 us
[63.411s][info][gc,stats       ]     S: Thread Roots                 102 us, workers (us):   1, 100, ---, ---, ---, ---, ---, ---, ---, ---, ---, ---, ---, ---, ---, ---, ---, ---, ---, ---, ---, ---, ---, ---, 
[63.411s][info][gc,stats       ]     S: Universe Roots                10 us, workers (us):  10, ---, ---, ---, ---, ---, ---, ---, ---, ---, ---, ---, ---, ---, ---, ---, ---, ---, ---, ---, ---, ---, ---, ---, 
[63.412s][info][gc,stats       ]     S: JNI Handles Roots              1 us, workers (us):   1, ---, ---, ---, ---, ---, ---, ---, ---, ---, ---, ---, ---, ---, ---, ---, ---, ---, ---, ---, ---, ---, ---, ---, 
[63.412s][info][gc,stats       ]     S: Synchronizer Roots             0 us, workers (us): ---,   0, ---, ---, ---, ---, ---, ---, ---, ---, ---, ---, ---, ---, ---, ---, ---, ---, ---, ---, ---, ---, ---, ---, 
[63.412s][info][gc,stats       ]     S: Management Roots               2 us, workers (us): ---,   2, ---, ---, ---, ---, ---, ---, ---, ---, ---, ---, ---, ---, ---, ---, ---, ---, ---, ---, ---, ---, ---, ---, 
[63.412s][info][gc,stats       ]     S: System Dict Roots             31 us, workers (us): ---,  31, ---, ---, ---, ---, ---, ---, ---, ---, ---, ---, ---, ---, ---, ---, ---, ---, ---, ---, ---, ---, ---, ---, 
[63.412s][info][gc,stats       ]     S: CLDG Roots                   742 us, workers (us): 742, ---, ---, ---, ---, ---, ---, ---, ---, ---, ---, ---, ---, ---, ---, ---, ---, ---, ---, ---, ---, ---, ---, ---, 
[63.412s][info][gc,stats       ]     S: JVMTI Roots                    0 us, workers (us):   0, ---, ---, ---, ---, ---, ---, ---, ---, ---, ---, ---, ---, ---, ---, ---, ---, ---, ---, ---, ---, ---, ---, ---, 
[63.412s][info][gc,stats       ]   Resize TLABs                        3 us
[63.412s][info][gc,stats       ] Concurrent Marking                24097 us
[63.412s][info][gc,stats       ] Pause Final Mark (G)               1891 us
[63.412s][info][gc,stats       ] Pause Final Mark (N)               1685 us
[63.412s][info][gc,stats       ]   Finish Queues                      96 us
[63.412s][info][gc,stats       ]   System Purge                      549 us
[63.412s][info][gc,stats       ]     Weak Roots                      547 us
[63.412s][info][gc,stats       ]   Update Region States                4 us
[63.412s][info][gc,stats       ]   Retire TLABs                        5 us
[63.412s][info][gc,stats       ]   Choose Collection Set              57 us
[63.412s][info][gc,stats       ]   Rebuild Free Set                    6 us
[63.412s][info][gc,stats       ]   Initial Evacuation                945 us, parallelism: 0.49x
[63.412s][info][gc,stats       ]     E: <total>                      468 us
[63.412s][info][gc,stats       ]     E: Thread Roots                 104 us, workers (us):   1, 103, ---, ---, ---, ---, ---, ---, ---, ---, ---, ---, ---, ---, ---, ---, ---, ---, ---, ---, ---, ---, ---, ---, 
[63.412s][info][gc,stats       ]     E: Code Cache Roots               1 us, workers (us):   0,   0, ---, ---, ---, ---, ---, ---, ---, ---, ---, ---, ---, ---, ---, ---, ---, ---, ---, ---, ---, ---, ---, ---, 
[63.412s][info][gc,stats       ]     E: Universe Roots                12 us, workers (us):  12, ---, ---, ---, ---, ---, ---, ---, ---, ---, ---, ---, ---, ---, ---, ---, ---, ---, ---, ---, ---, ---, ---, ---, 
[63.412s][info][gc,stats       ]     E: JNI Handles Roots             16 us, workers (us): ---,  16, ---, ---, ---, ---, ---, ---, ---, ---, ---, ---, ---, ---, ---, ---, ---, ---, ---, ---, ---, ---, ---, ---, 
[63.412s][info][gc,stats       ]     E: Synchronizer Roots             1 us, workers (us): ---,   1, ---, ---, ---, ---, ---, ---, ---, ---, ---, ---, ---, ---, ---, ---, ---, ---, ---, ---, ---, ---, ---, ---, 
[63.412s][info][gc,stats       ]     E: Management Roots               2 us, workers (us): ---,   2, ---, ---, ---, ---, ---, ---, ---, ---, ---, ---, ---, ---, ---, ---, ---, ---, ---, ---, ---, ---, ---, ---, 
[63.412s][info][gc,stats       ]     E: System Dict Roots              6 us, workers (us):   6, ---, ---, ---, ---, ---, ---, ---, ---, ---, ---, ---, ---, ---, ---, ---, ---, ---, ---, ---, ---, ---, ---, ---, 
[63.412s][info][gc,stats       ]     E: CLDG Roots                   326 us, workers (us): 326, ---, ---, ---, ---, ---, ---, ---, ---, ---, ---, ---, ---, ---, ---, ---, ---, ---, ---, ---, ---, ---, ---, ---, 
[63.412s][info][gc,stats       ]     E: JVMTI Roots                    1 us, workers (us): ---,   1, ---, ---, ---, ---, ---, ---, ---, ---, ---, ---, ---, ---, ---, ---, ---, ---, ---, ---, ---, ---, ---, ---, 
[63.412s][info][gc,stats       ] Concurrent Cleanup                    6 us
[63.412s][info][gc,stats       ] Concurrent Evacuation              3592 us
[63.412s][info][gc,stats       ] Pause Init  Update Refs (G)         370 us
[63.412s][info][gc,stats       ] Pause Init  Update Refs (N)          61 us
[63.412s][info][gc,stats       ]   Retire GCLABs                      38 us
[63.412s][info][gc,stats       ] Concurrent Update Refs            17502 us
[63.412s][info][gc,stats       ] Pause Final Update Refs (G)         558 us
[63.412s][info][gc,stats       ] Pause Final Update Refs (N)         162 us
[63.412s][info][gc,stats       ]   Update Roots                      125 us, parallelism: 0.48x
[63.412s][info][gc,stats       ]     UR: <total>                      60 us
[63.412s][info][gc,stats       ]     UR: Thread Roots                 60 us, workers (us):  38,  22, ---, ---, ---, ---, ---, ---, ---, ---, ---, ---, ---, ---, ---, ---, ---, ---, ---, ---, ---, ---, ---, ---, 
[63.412s][info][gc,stats       ]   Update Region States                3 us
[63.412s][info][gc,stats       ]   Trash Collection Set                3 us
[63.412s][info][gc,stats       ]   Rebuild Free Set                    6 us
[63.412s][info][gc,stats       ] Concurrent Cleanup                  165 us
[63.412s][info][gc,stats       ] 
[63.412s][info][gc,stats       ] Allocation pacing accrued:
[63.412s][info][gc,stats       ]       0 of  2005 ms (  0.0%): <total>
[63.412s][info][gc,stats       ]       0 of  2005 ms (  0.0%): <average total>
[63.412s][info][gc,stats       ] 
[63.412s][info][gc,metaspace   ] Metaspace: 14126K->14126K(1062912K)
[63.412s][info][gc,ergo        ] Pacer for Idle. Initial: 327K, Alloc Tax Rate: 1.0x
[65.358s][info][gc             ] Trigger: Average GC time (50.74 ms) is above the time for allocation rate (1936 KB/s) to deplete free headroom (0B)
[65.358s][info][gc,ergo        ] Free headroom: 2277K (free) - 819K (spike) - 2129K (penalties) = 0B
[65.358s][info][gc,ergo        ] Free: 2277K, Max: 256K regular, 512K humongous, Frag: 50% external, 65% internal; Reserve: 1024K, Max: 256K
[65.358s][info][gc,start       ] GC(29) Concurrent reset
[65.358s][info][gc,task        ] GC(29) Using 2 of 24 workers for concurrent reset
[65.358s][info][gc,ergo        ] GC(29) Pacer for Reset. Non-Taxable: 16384K
[65.358s][info][gc             ] GC(29) Concurrent reset 0.191ms
[65.358s][info][gc,start       ] GC(29) Pause Init Mark
[65.359s][info][gc,task        ] GC(29) Using 2 of 24 workers for init marking
[65.360s][info][gc,ergo        ] GC(29) Pacer for Mark. Expected Live: 10157K, Free: 2277K, Non-Taxable: 227K, Alloc Tax Rate: 5.5x
[65.360s][info][gc             ] GC(29) Pause Init Mark 1.780ms
[65.360s][info][gc,start       ] GC(29) Concurrent marking
[65.360s][info][gc,task        ] GC(29) Using 2 of 24 workers for concurrent marking
[65.380s][info][gc             ] GC(29) Concurrent marking 19.827ms
[65.380s][info][gc,start       ] GC(29) Pause Final Mark
[65.380s][info][gc,task        ] GC(29) Using 2 of 24 workers for final marking
[65.381s][info][gc,ergo        ] GC(29) Adaptive CSet Selection. Target Free: 2321K, Actual Free: 2048K, Max CSet: 682K, Min Garbage: 273K
[65.381s][info][gc,ergo        ] GC(29) Collectable Garbage: 252K (92%), Immediate: 0B (0%), CSet: 252K (92%)
[65.383s][info][gc,ergo        ] GC(29) Pacer for Evacuation. Used CSet: 753K, Free: 5605K, Non-Taxable: 560K, Alloc Tax Rate: 1.1x
[65.383s][info][gc             ] GC(29) Pause Final Mark 2.375ms
[65.383s][info][gc,start       ] GC(29) Concurrent cleanup
[65.383s][info][gc             ] GC(29) Concurrent cleanup 9M->9M(16M) 0.032ms
[65.383s][info][gc,ergo        ] GC(29) Free: 5605K, Max: 256K regular, 512K humongous, Frag: 50% external, 57% internal; Reserve: 833K, Max: 256K
[65.383s][info][gc,start       ] GC(29) Concurrent evacuation
[65.383s][info][gc,task        ] GC(29) Using 2 of 24 workers for concurrent evacuation
[65.385s][info][gc             ] GC(29) Concurrent evacuation 2.622ms
[65.386s][info][gc,start       ] GC(29) Pause Init Update Refs
[65.386s][info][gc,ergo        ] GC(29) Pacer for Update Refs. Used: 10122K, Free: 5605K, Non-Taxable: 560K, Alloc Tax Rate: 2.2x
[65.386s][info][gc             ] GC(29) Pause Init Update Refs 0.104ms
[65.386s][info][gc,start       ] GC(29) Concurrent update references
[65.386s][info][gc,task        ] GC(29) Using 2 of 24 workers for concurrent reference update
[65.409s][info][gc             ] GC(29) Concurrent update references 23.437ms
[65.410s][info][gc,start       ] GC(29) Pause Final Update Refs
[65.410s][info][gc,task        ] GC(29) Using 2 of 24 workers for final reference update
[65.410s][info][gc             ] GC(29) Pause Final Update Refs 0.191ms
[65.410s][info][gc,start       ] GC(29) Concurrent cleanup
[65.410s][info][gc             ] GC(29) Concurrent cleanup 9M->9M(16M) 0.153ms
[65.410s][info][gc             ] GC(29) Dat log --- cycle is complete
Current gc epoch: 26
heap: ______
capacity: 16777216
used: 9593272
committed: 16777216
bytes_allocated_since_gc_start: 0
hot_size: 36130
cold_size: 28086
num_regions: 64
hot_region_count: 18446744073709551579
cold_region_count: 58
histogram: Placeholder

[65.410s][info][gc             ] GC(29) Obj count ac histogram
[65.410s][info][gc             ] GC(29) 	0: 853
[65.410s][info][gc             ] GC(29) 	1: 0
[65.410s][info][gc             ] GC(29) 	2: 0
[65.410s][info][gc             ] GC(29) 	3: 0
[65.410s][info][gc             ] GC(29) 	4: 0
[65.410s][info][gc             ] GC(29) 	5: 0
[65.410s][info][gc             ] GC(29) 	6: 0
[65.410s][info][gc             ] GC(29) 	7: 0
[65.410s][info][gc             ] GC(29) 	8: 0
[65.410s][info][gc             ] GC(29) 	9: 0
[65.410s][info][gc             ] GC(29) 	10: 0
[65.410s][info][gc             ] GC(29) 	11: 0
[65.410s][info][gc             ] GC(29) 	12: 0
[65.410s][info][gc             ] GC(29) 	13: 3805
[65.410s][info][gc             ] GC(29) 	14: 0
[65.410s][info][gc             ] GC(29) 	15: 0
[65.410s][info][gc             ] GC(29) 	16: 0
[65.410s][info][gc             ] GC(29) 	17: 0
[65.410s][info][gc             ] GC(29) 	18: 0
[65.410s][info][gc             ] GC(29) 	19: 0
[65.410s][info][gc             ] GC(29) Obj size ac histogram
[65.410s][info][gc             ] GC(29) 	0: 28086
[65.410s][info][gc             ] GC(29) 	1: 0
[65.410s][info][gc             ] GC(29) 	2: 0
[65.410s][info][gc             ] GC(29) 	3: 0
[65.410s][info][gc             ] GC(29) 	4: 0
[65.410s][info][gc             ] GC(29) 	5: 0
[65.410s][info][gc             ] GC(29) 	6: 0
[65.410s][info][gc             ] GC(29) 	7: 0
[65.410s][info][gc             ] GC(29) 	8: 0
[65.410s][info][gc             ] GC(29) 	9: 0
[65.410s][info][gc             ] GC(29) 	10: 0
[65.410s][info][gc             ] GC(29) 	11: 0
[65.410s][info][gc             ] GC(29) 	12: 0
[65.410s][info][gc             ] GC(29) 	13: 35813
[65.410s][info][gc             ] GC(29) 	14: 0
[65.410s][info][gc             ] GC(29) 	15: 0
[65.410s][info][gc             ] GC(29) 	16: 0
[65.410s][info][gc             ] GC(29) 	17: 0
[65.410s][info][gc             ] GC(29) 	18: 0
[65.410s][info][gc             ] GC(29) 	19: 0
[65.410s][info][gc,ergo        ] Free: 5991K, Max: 256K regular, 512K humongous, Frag: 60% external, 57% internal; Reserve: 1024K, Max: 256K
[65.410s][info][gc,stats       ] 
[65.410s][info][gc,stats       ] All times are wall-clock times, except per-root-class counters, that are sum over
[65.410s][info][gc,stats       ] all workers. Dividing the <total> over the root stage time estimates parallelism.
[65.410s][info][gc,stats       ] 
[65.410s][info][gc,stats       ] Concurrent Reset                    172 us
[65.410s][info][gc,stats       ] Pause Init Mark (G)                2173 us
[65.410s][info][gc,stats       ] Pause Init Mark (N)                1733 us
[65.410s][info][gc,stats       ]   Accumulate Stats                    5 us
[65.410s][info][gc,stats       ]   Make Parsable                      10 us
[65.411s][info][gc,stats       ]   Update Region States                2 us
[65.411s][info][gc,stats       ]   Scan Roots                       1588 us, parallelism: 0.99x
[65.411s][info][gc,stats       ]     S: <total>                     1566 us
[65.411s][info][gc,stats       ]     S: Thread Roots                 102 us, workers (us): 100,   2, ---, ---, ---, ---, ---, ---, ---, ---, ---, ---, ---, ---, ---, ---, ---, ---, ---, ---, ---, ---, ---, ---, 
[65.411s][info][gc,stats       ]     S: Universe Roots                18 us, workers (us):  18, ---, ---, ---, ---, ---, ---, ---, ---, ---, ---, ---, ---, ---, ---, ---, ---, ---, ---, ---, ---, ---, ---, ---, 
[65.411s][info][gc,stats       ]     S: JNI Handles Roots              6 us, workers (us): ---,   6, ---, ---, ---, ---, ---, ---, ---, ---, ---, ---, ---, ---, ---, ---, ---, ---, ---, ---, ---, ---, ---, ---, 
[65.411s][info][gc,stats       ]     S: Synchronizer Roots             0 us, workers (us):   0, ---, ---, ---, ---, ---, ---, ---, ---, ---, ---, ---, ---, ---, ---, ---, ---, ---, ---, ---, ---, ---, ---, ---, 
[65.411s][info][gc,stats       ]     S: Management Roots               1 us, workers (us):   1, ---, ---, ---, ---, ---, ---, ---, ---, ---, ---, ---, ---, ---, ---, ---, ---, ---, ---, ---, ---, ---, ---, ---, 
[65.411s][info][gc,stats       ]     S: System Dict Roots             28 us, workers (us):  28, ---, ---, ---, ---, ---, ---, ---, ---, ---, ---, ---, ---, ---, ---, ---, ---, ---, ---, ---, ---, ---, ---, ---, 
[65.411s][info][gc,stats       ]     S: CLDG Roots                  1410 us, workers (us): ---, 1410, ---, ---, ---, ---, ---, ---, ---, ---, ---, ---, ---, ---, ---, ---, ---, ---, ---, ---, ---, ---, ---, ---, 
[65.411s][info][gc,stats       ]     S: JVMTI Roots                    1 us, workers (us): ---,   1, ---, ---, ---, ---, ---, ---, ---, ---, ---, ---, ---, ---, ---, ---, ---, ---, ---, ---, ---, ---, ---, ---, 
[65.411s][info][gc,stats       ]   Resize TLABs                        6 us
[65.411s][info][gc,stats       ] Concurrent Marking                19779 us
[65.411s][info][gc,stats       ] Pause Final Mark (G)               2569 us
[65.411s][info][gc,stats       ] Pause Final Mark (N)               2332 us
[65.411s][info][gc,stats       ]   Finish Queues                     136 us
[65.411s][info][gc,stats       ]   System Purge                      297 us
[65.411s][info][gc,stats       ]     Weak Roots                      296 us
[65.411s][info][gc,stats       ]   Update Region States                4 us
[65.411s][info][gc,stats       ]   Retire TLABs                        5 us
[65.411s][info][gc,stats       ]   Choose Collection Set              58 us
[65.411s][info][gc,stats       ]   Rebuild Free Set                    6 us
[65.411s][info][gc,stats       ]   Initial Evacuation               1801 us, parallelism: 0.59x
[65.411s][info][gc,stats       ]     E: <total>                     1070 us
[65.411s][info][gc,stats       ]     E: Thread Roots                  62 us, workers (us):  61,   1, ---, ---, ---, ---, ---, ---, ---, ---, ---, ---, ---, ---, ---, ---, ---, ---, ---, ---, ---, ---, ---, ---, 
[65.411s][info][gc,stats       ]     E: Code Cache Roots               1 us, workers (us):   0,   0, ---, ---, ---, ---, ---, ---, ---, ---, ---, ---, ---, ---, ---, ---, ---, ---, ---, ---, ---, ---, ---, ---, 
[65.411s][info][gc,stats       ]     E: Universe Roots                24 us, workers (us):  24, ---, ---, ---, ---, ---, ---, ---, ---, ---, ---, ---, ---, ---, ---, ---, ---, ---, ---, ---, ---, ---, ---, ---, 
[65.411s][info][gc,stats       ]     E: JNI Handles Roots              8 us, workers (us):   8, ---, ---, ---, ---, ---, ---, ---, ---, ---, ---, ---, ---, ---, ---, ---, ---, ---, ---, ---, ---, ---, ---, ---, 
[65.411s][info][gc,stats       ]     E: Synchronizer Roots             0 us, workers (us):   0, ---, ---, ---, ---, ---, ---, ---, ---, ---, ---, ---, ---, ---, ---, ---, ---, ---, ---, ---, ---, ---, ---, ---, 
[65.411s][info][gc,stats       ]     E: Management Roots               1 us, workers (us):   1, ---, ---, ---, ---, ---, ---, ---, ---, ---, ---, ---, ---, ---, ---, ---, ---, ---, ---, ---, ---, ---, ---, ---, 
[65.411s][info][gc,stats       ]     E: System Dict Roots             13 us, workers (us):  13, ---, ---, ---, ---, ---, ---, ---, ---, ---, ---, ---, ---, ---, ---, ---, ---, ---, ---, ---, ---, ---, ---, ---, 
[65.411s][info][gc,stats       ]     E: CLDG Roots                   961 us, workers (us): ---, 961, ---, ---, ---, ---, ---, ---, ---, ---, ---, ---, ---, ---, ---, ---, ---, ---, ---, ---, ---, ---, ---, ---, 
[65.411s][info][gc,stats       ]     E: JVMTI Roots                    0 us, workers (us):   0, ---, ---, ---, ---, ---, ---, ---, ---, ---, ---, ---, ---, ---, ---, ---, ---, ---, ---, ---, ---, ---, ---, ---, 
[65.411s][info][gc,stats       ] Concurrent Cleanup                    2 us
[65.411s][info][gc,stats       ] Concurrent Evacuation              2605 us
[65.411s][info][gc,stats       ] Pause Init  Update Refs (G)         393 us
[65.411s][info][gc,stats       ] Pause Init  Update Refs (N)          45 us
[65.411s][info][gc,stats       ]   Retire GCLABs                      23 us
[65.411s][info][gc,stats       ] Concurrent Update Refs            23407 us
[65.411s][info][gc,stats       ] Pause Final Update Refs (G)         489 us
[65.411s][info][gc,stats       ] Pause Final Update Refs (N)         146 us
[65.411s][info][gc,stats       ]   Update Roots                      113 us, parallelism: 0.78x
[65.411s][info][gc,stats       ]     UR: <total>                      88 us
[65.411s][info][gc,stats       ]     UR: Thread Roots                 88 us, workers (us):  59,  29, ---, ---, ---, ---, ---, ---, ---, ---, ---, ---, ---, ---, ---, ---, ---, ---, ---, ---, ---, ---, ---, ---, 
[65.411s][info][gc,stats       ]   Update Region States                3 us
[65.411s][info][gc,stats       ]   Trash Collection Set                3 us
[65.411s][info][gc,stats       ]   Rebuild Free Set                    6 us
[65.411s][info][gc,stats       ] Concurrent Cleanup                  126 us
[65.411s][info][gc,stats       ] 
[65.411s][info][gc,stats       ] Allocation pacing accrued:
[65.411s][info][gc,stats       ]       0 of  1999 ms (  0.0%): <total>
[65.411s][info][gc,stats       ]       0 of  1999 ms (  0.0%): <average total>
[65.411s][info][gc,stats       ] 
[65.411s][info][gc,metaspace   ] Metaspace: 14126K->14126K(1062912K)
[65.411s][info][gc,ergo        ] Pacer for Idle. Initial: 327K, Alloc Tax Rate: 1.0x
[67.359s][info][gc             ] Trigger: Average GC time (49.29 ms) is above the time for allocation rate (1996 KB/s) to deplete free headroom (0B)
[67.359s][info][gc,ergo        ] Free headroom: 1997K (free) - 819K (spike) - 1966K (penalties) = 0B
[67.359s][info][gc,ergo        ] Free: 1997K, Max: 256K regular, 512K humongous, Frag: 34% external, 66% internal; Reserve: 1024K, Max: 256K
[67.359s][info][gc,start       ] GC(30) Concurrent reset
[67.359s][info][gc,task        ] GC(30) Using 2 of 24 workers for concurrent reset
[67.359s][info][gc,ergo        ] GC(30) Pacer for Reset. Non-Taxable: 16384K
[67.359s][info][gc             ] GC(30) Concurrent reset 0.198ms
[67.360s][info][gc,start       ] GC(30) Pause Init Mark (process weakrefs)
[67.360s][info][gc,task        ] GC(30) Using 2 of 24 workers for init marking
[67.361s][info][gc,ergo        ] GC(30) Pacer for Mark. Expected Live: 8417K, Free: 1997K, Non-Taxable: 199K, Alloc Tax Rate: 5.2x
[67.361s][info][gc             ] GC(30) Pause Init Mark (process weakrefs) 1.063ms
[67.361s][info][gc,start       ] GC(30) Concurrent marking (process weakrefs)
[67.361s][info][gc,task        ] GC(30) Using 2 of 24 workers for concurrent marking
[67.383s][info][gc             ] GC(30) Concurrent marking (process weakrefs) 21.993ms
[67.383s][info][gc,start       ] GC(30) Concurrent precleaning
[67.383s][info][gc,task        ] GC(30) Using 1 of 24 workers for concurrent preclean
[67.383s][info][gc,ergo        ] GC(30) Pacer for Precleaning. Non-Taxable: 16384K
[67.384s][info][gc             ] GC(30) Concurrent precleaning 1.272ms
[67.384s][info][gc,start       ] GC(30) Pause Final Mark (process weakrefs)
[67.384s][info][gc,task        ] GC(30) Using 2 of 24 workers for final marking
[67.386s][info][gc,ergo        ] GC(30) Adaptive CSet Selection. Target Free: 2321K, Actual Free: 1792K, Max CSet: 682K, Min Garbage: 529K
[67.386s][info][gc,ergo        ] GC(30) Collectable Garbage: 146K (87%), Immediate: 0B (0%), CSet: 146K (87%)
[67.388s][info][gc,ergo        ] GC(30) Pacer for Evacuation. Used CSet: 776K, Free: 5477K, Non-Taxable: 547K, Alloc Tax Rate: 1.1x
[67.388s][info][gc             ] GC(30) Pause Final Mark (process weakrefs) 3.401ms
[67.388s][info][gc,start       ] GC(30) Concurrent cleanup
[67.388s][info][gc             ] GC(30) Concurrent cleanup 9M->9M(16M) 0.056ms
[67.388s][info][gc,ergo        ] GC(30) Free: 5477K, Max: 256K regular, 512K humongous, Frag: 34% external, 58% internal; Reserve: 831K, Max: 256K
[67.388s][info][gc,start       ] GC(30) Concurrent evacuation
[67.388s][info][gc,task        ] GC(30) Using 2 of 24 workers for concurrent evacuation
[67.390s][info][gc             ] GC(30) Concurrent evacuation 2.201ms
[67.390s][info][gc,start       ] GC(30) Pause Init Update Refs
[67.391s][info][gc,ergo        ] GC(30) Pacer for Update Refs. Used: 10458K, Free: 5477K, Non-Taxable: 547K, Alloc Tax Rate: 2.3x
[67.391s][info][gc             ] GC(30) Pause Init Update Refs 0.104ms
[67.391s][info][gc,start       ] GC(30) Concurrent update references
[67.391s][info][gc,task        ] GC(30) Using 2 of 24 workers for concurrent reference update
[67.399s][info][gc             ] GC(30) Concurrent update references 8.269ms
[67.399s][info][gc,start       ] GC(30) Pause Final Update Refs
[67.399s][info][gc,task        ] GC(30) Using 2 of 24 workers for final reference update
[67.399s][info][gc             ] GC(30) Pause Final Update Refs 0.222ms
[67.399s][info][gc,start       ] GC(30) Concurrent cleanup
[67.400s][info][gc             ] GC(30) Concurrent cleanup 10M->9M(16M) 0.166ms
[67.400s][info][gc             ] GC(30) Dat log --- cycle is complete
Current gc epoch: 27
heap: ______
capacity: 16777216
used: 9913720
committed: 16777216
bytes_allocated_since_gc_start: 0
hot_size: 36185
cold_size: 44443
num_regions: 64
hot_region_count: 18446744073709551578
cold_region_count: 60
histogram: Placeholder

[67.400s][info][gc             ] GC(30) Obj count ac histogram
[67.400s][info][gc             ] GC(30) 	0: 849
[67.400s][info][gc             ] GC(30) 	1: 0
[67.400s][info][gc             ] GC(30) 	2: 0
[67.400s][info][gc             ] GC(30) 	3: 0
[67.400s][info][gc             ] GC(30) 	4: 0
[67.400s][info][gc             ] GC(30) 	5: 0
[67.400s][info][gc             ] GC(30) 	6: 0
[67.400s][info][gc             ] GC(30) 	7: 0
[67.400s][info][gc             ] GC(30) 	8: 0
[67.400s][info][gc             ] GC(30) 	9: 0
[67.400s][info][gc             ] GC(30) 	10: 0
[67.400s][info][gc             ] GC(30) 	11: 0
[67.400s][info][gc             ] GC(30) 	12: 0
[67.400s][info][gc             ] GC(30) 	13: 3788
[67.400s][info][gc             ] GC(30) 	14: 4
[67.400s][info][gc             ] GC(30) 	15: 0
[67.400s][info][gc             ] GC(30) 	16: 0
[67.400s][info][gc             ] GC(30) 	17: 0
[67.400s][info][gc             ] GC(30) 	18: 0
[67.400s][info][gc             ] GC(30) 	19: 0
[67.400s][info][gc             ] GC(30) Obj size ac histogram
[67.400s][info][gc             ] GC(30) 	0: 44443
[67.400s][info][gc             ] GC(30) 	1: 0
[67.400s][info][gc             ] GC(30) 	2: 0
[67.400s][info][gc             ] GC(30) 	3: 0
[67.400s][info][gc             ] GC(30) 	4: 0
[67.400s][info][gc             ] GC(30) 	5: 0
[67.400s][info][gc             ] GC(30) 	6: 0
[67.400s][info][gc             ] GC(30) 	7: 0
[67.400s][info][gc             ] GC(30) 	8: 0
[67.400s][info][gc             ] GC(30) 	9: 0
[67.400s][info][gc             ] GC(30) 	10: 0
[67.400s][info][gc             ] GC(30) 	11: 0
[67.400s][info][gc             ] GC(30) 	12: 0
[67.400s][info][gc             ] GC(30) 	13: 35800
[67.400s][info][gc             ] GC(30) 	14: 24
[67.400s][info][gc             ] GC(30) 	15: 0
[67.400s][info][gc             ] GC(30) 	16: 0
[67.400s][info][gc             ] GC(30) 	17: 0
[67.400s][info][gc             ] GC(30) 	18: 0
[67.400s][info][gc             ] GC(30) 	19: 0
[67.400s][info][gc,ergo        ] Free: 5678K, Max: 256K regular, 256K humongous, Frag: 67% external, 59% internal; Reserve: 1024K, Max: 256K
[67.400s][info][gc,stats       ] 
[67.400s][info][gc,stats       ] All times are wall-clock times, except per-root-class counters, that are sum over
[67.400s][info][gc,stats       ] all workers. Dividing the <total> over the root stage time estimates parallelism.
[67.400s][info][gc,stats       ] 
[67.400s][info][gc,stats       ] Concurrent Reset                    177 us
[67.400s][info][gc,stats       ] Pause Init Mark (G)                1437 us
[67.400s][info][gc,stats       ] Pause Init Mark (N)                1016 us
[67.400s][info][gc,stats       ]   Accumulate Stats                    5 us
[67.400s][info][gc,stats       ]   Make Parsable                      10 us
[67.400s][info][gc,stats       ]   Update Region States                2 us
[67.400s][info][gc,stats       ]   Scan Roots                        891 us, parallelism: 1.05x
[67.400s][info][gc,stats       ]     S: <total>                      936 us
[67.400s][info][gc,stats       ]     S: Thread Roots                 103 us, workers (us): 102,   1, ---, ---, ---, ---, ---, ---, ---, ---, ---, ---, ---, ---, ---, ---, ---, ---, ---, ---, ---, ---, ---, ---, 
[67.400s][info][gc,stats       ]     S: Universe Roots                19 us, workers (us):  19, ---, ---, ---, ---, ---, ---, ---, ---, ---, ---, ---, ---, ---, ---, ---, ---, ---, ---, ---, ---, ---, ---, ---, 
[67.400s][info][gc,stats       ]     S: JNI Handles Roots              4 us, workers (us): ---,   4, ---, ---, ---, ---, ---, ---, ---, ---, ---, ---, ---, ---, ---, ---, ---, ---, ---, ---, ---, ---, ---, ---, 
[67.400s][info][gc,stats       ]     S: Synchronizer Roots             0 us, workers (us):   0, ---, ---, ---, ---, ---, ---, ---, ---, ---, ---, ---, ---, ---, ---, ---, ---, ---, ---, ---, ---, ---, ---, ---, 
[67.400s][info][gc,stats       ]     S: Management Roots               2 us, workers (us):   2, ---, ---, ---, ---, ---, ---, ---, ---, ---, ---, ---, ---, ---, ---, ---, ---, ---, ---, ---, ---, ---, ---, ---, 
[67.400s][info][gc,stats       ]     S: System Dict Roots             29 us, workers (us):  29, ---, ---, ---, ---, ---, ---, ---, ---, ---, ---, ---, ---, ---, ---, ---, ---, ---, ---, ---, ---, ---, ---, ---, 
[67.400s][info][gc,stats       ]     S: CLDG Roots                   778 us, workers (us): ---, 778, ---, ---, ---, ---, ---, ---, ---, ---, ---, ---, ---, ---, ---, ---, ---, ---, ---, ---, ---, ---, ---, ---, 
[67.400s][info][gc,stats       ]     S: JVMTI Roots                    1 us, workers (us): ---,   1, ---, ---, ---, ---, ---, ---, ---, ---, ---, ---, ---, ---, ---, ---, ---, ---, ---, ---, ---, ---, ---, ---, 
[67.400s][info][gc,stats       ]   Resize TLABs                        4 us
[67.400s][info][gc,stats       ] Concurrent Marking                21941 us
[67.400s][info][gc,stats       ] Concurrent Precleaning             1249 us
[67.400s][info][gc,stats       ] Pause Final Mark (G)               3794 us
[67.400s][info][gc,stats       ] Pause Final Mark (N)               3356 us
[67.400s][info][gc,stats       ]   Finish Queues                     114 us
[67.400s][info][gc,stats       ]   Weak References                   483 us
[67.400s][info][gc,stats       ]     Process                         474 us
[67.400s][info][gc,stats       ]   System Purge                      559 us
[67.400s][info][gc,stats       ]     Weak Roots                      558 us
[67.400s][info][gc,stats       ]   Update Region States                4 us
[67.400s][info][gc,stats       ]   Retire TLABs                        5 us
[67.401s][info][gc,stats       ]   Choose Collection Set              59 us
[67.401s][info][gc,stats       ]   Rebuild Free Set                    6 us
[67.401s][info][gc,stats       ]   Initial Evacuation               2101 us, parallelism: 0.54x
[67.401s][info][gc,stats       ]     E: <total>                     1126 us
[67.401s][info][gc,stats       ]     E: Thread Roots                 116 us, workers (us):   1, 115, ---, ---, ---, ---, ---, ---, ---, ---, ---, ---, ---, ---, ---, ---, ---, ---, ---, ---, ---, ---, ---, ---, 
[67.401s][info][gc,stats       ]     E: Code Cache Roots               1 us, workers (us):   0,   0, ---, ---, ---, ---, ---, ---, ---, ---, ---, ---, ---, ---, ---, ---, ---, ---, ---, ---, ---, ---, ---, ---, 
[67.401s][info][gc,stats       ]     E: Universe Roots                36 us, workers (us):  36, ---, ---, ---, ---, ---, ---, ---, ---, ---, ---, ---, ---, ---, ---, ---, ---, ---, ---, ---, ---, ---, ---, ---, 
[67.401s][info][gc,stats       ]     E: JNI Handles Roots              6 us, workers (us):   6, ---, ---, ---, ---, ---, ---, ---, ---, ---, ---, ---, ---, ---, ---, ---, ---, ---, ---, ---, ---, ---, ---, ---, 
[67.401s][info][gc,stats       ]     E: Synchronizer Roots             1 us, workers (us): ---,   1, ---, ---, ---, ---, ---, ---, ---, ---, ---, ---, ---, ---, ---, ---, ---, ---, ---, ---, ---, ---, ---, ---, 
[67.401s][info][gc,stats       ]     E: Management Roots               2 us, workers (us): ---,   2, ---, ---, ---, ---, ---, ---, ---, ---, ---, ---, ---, ---, ---, ---, ---, ---, ---, ---, ---, ---, ---, ---, 
[67.401s][info][gc,stats       ]     E: System Dict Roots             27 us, workers (us): ---,  27, ---, ---, ---, ---, ---, ---, ---, ---, ---, ---, ---, ---, ---, ---, ---, ---, ---, ---, ---, ---, ---, ---, 
[67.401s][info][gc,stats       ]     E: CLDG Roots                   937 us, workers (us): 937, ---, ---, ---, ---, ---, ---, ---, ---, ---, ---, ---, ---, ---, ---, ---, ---, ---, ---, ---, ---, ---, ---, ---, 
[67.401s][info][gc,stats       ]     E: JVMTI Roots                    1 us, workers (us):   1, ---, ---, ---, ---, ---, ---, ---, ---, ---, ---, ---, ---, ---, ---, ---, ---, ---, ---, ---, ---, ---, ---, ---, 
[67.401s][info][gc,stats       ] Concurrent Cleanup                    6 us
[67.401s][info][gc,stats       ] Concurrent Evacuation              2181 us
[67.401s][info][gc,stats       ] Pause Init  Update Refs (G)         384 us
[67.401s][info][gc,stats       ] Pause Init  Update Refs (N)          59 us
[67.401s][info][gc,stats       ]   Retire GCLABs                      36 us
[67.401s][info][gc,stats       ] Concurrent Update Refs             8222 us
[67.401s][info][gc,stats       ] Pause Final Update Refs (G)         496 us
[67.401s][info][gc,stats       ] Pause Final Update Refs (N)         178 us
[67.401s][info][gc,stats       ]   Update Roots                      145 us, parallelism: 0.64x
[67.401s][info][gc,stats       ]     UR: <total>                      93 us
[67.401s][info][gc,stats       ]     UR: Thread Roots                 93 us, workers (us):  48,  44, ---, ---, ---, ---, ---, ---, ---, ---, ---, ---, ---, ---, ---, ---, ---, ---, ---, ---, ---, ---, ---, ---, 
[67.401s][info][gc,stats       ]   Update Region States                3 us
[67.401s][info][gc,stats       ]   Trash Collection Set                3 us
[67.401s][info][gc,stats       ]   Rebuild Free Set                    6 us
[67.401s][info][gc,stats       ] Concurrent Cleanup                  141 us
[67.401s][info][gc,stats       ] 
[67.401s][info][gc,stats       ] Allocation pacing accrued:
[67.401s][info][gc,stats       ]       0 of  1990 ms (  0.0%): <total>
[67.401s][info][gc,stats       ]       0 of  1990 ms (  0.0%): <average total>
[67.401s][info][gc,stats       ] 
[67.401s][info][gc,metaspace   ] Metaspace: 14126K->14126K(1062912K)
[67.401s][info][gc,ergo        ] Pacer for Idle. Initial: 327K, Alloc Tax Rate: 1.0x
[69.361s][info][gc             ] Trigger: Free (1556K) is below minimum threshold (1638K)
[69.361s][info][gc,ergo        ] Free: 1556K, Max: 256K regular, 256K humongous, Frag: 0% external, 71% internal; Reserve: 1024K, Max: 256K
[69.361s][info][gc,start       ] GC(31) Concurrent reset
[69.361s][info][gc,task        ] GC(31) Using 2 of 24 workers for concurrent reset
[69.361s][info][gc,ergo        ] GC(31) Pacer for Reset. Non-Taxable: 16384K
[69.361s][info][gc             ] GC(31) Concurrent reset 0.193ms
[69.361s][info][gc,start       ] GC(31) Pause Init Mark
[69.361s][info][gc,task        ] GC(31) Using 2 of 24 workers for init marking
[69.363s][info][gc,ergo        ] GC(31) Pacer for Mark. Expected Live: 8955K, Free: 1556K, Non-Taxable: 155K, Alloc Tax Rate: 7.0x
[69.363s][info][gc             ] GC(31) Pause Init Mark 1.798ms
[69.363s][info][gc,start       ] GC(31) Concurrent marking
[69.363s][info][gc,task        ] GC(31) Using 2 of 24 workers for concurrent marking
[69.386s][info][gc             ] GC(31) Concurrent marking 23.277ms
[69.386s][info][gc,start       ] GC(31) Pause Final Mark
[69.386s][info][gc,task        ] GC(31) Using 2 of 24 workers for final marking
[69.387s][info][gc,ergo        ] GC(31) Adaptive CSet Selection. Target Free: 2321K, Actual Free: 3331K, Max CSet: 682K, Min Garbage: 0B
[69.387s][info][gc,ergo        ] GC(31) Collectable Garbage: 2703K (88%), Immediate: 2051K (67%), CSet: 652K (21%)
[69.389s][info][gc,ergo        ] GC(31) Pacer for Evacuation. Used CSet: 1244K, Free: 7428K, Non-Taxable: 742K, Alloc Tax Rate: 1.1x
[69.389s][info][gc             ] GC(31) Pause Final Mark 2.163ms
[69.389s][info][gc,start       ] GC(31) Concurrent cleanup
[69.389s][info][gc             ] GC(31) Concurrent cleanup 9M->7M(16M) 0.655ms
[69.389s][info][gc,ergo        ] GC(31) Free: 7428K, Max: 256K regular, 1280K humongous, Frag: 71% external, 43% internal; Reserve: 930K, Max: 256K
[69.389s][info][gc,start       ] GC(31) Concurrent evacuation
[69.389s][info][gc,task        ] GC(31) Using 2 of 24 workers for concurrent evacuation
[69.394s][info][gc             ] GC(31) Concurrent evacuation 4.812ms
[69.395s][info][gc,start       ] GC(31) Pause Init Update Refs
[69.395s][info][gc,ergo        ] GC(31) Pacer for Update Refs. Used: 8664K, Free: 7428K, Non-Taxable: 742K, Alloc Tax Rate: 1.4x
[69.395s][info][gc             ] GC(31) Pause Init Update Refs 0.104ms
[69.395s][info][gc,start       ] GC(31) Concurrent update references
[69.395s][info][gc,task        ] GC(31) Using 2 of 24 workers for concurrent reference update
[69.413s][info][gc             ] GC(31) Concurrent update references 18.698ms
[69.414s][info][gc,start       ] GC(31) Pause Final Update Refs
[69.414s][info][gc,task        ] GC(31) Using 2 of 24 workers for final reference update
[69.414s][info][gc             ] GC(31) Pause Final Update Refs 0.169ms
[69.414s][info][gc,start       ] GC(31) Concurrent cleanup
[69.414s][info][gc             ] GC(31) Concurrent cleanup 8M->7M(16M) 0.149ms
[69.414s][info][gc             ] GC(31) Dat log --- cycle is complete
Current gc epoch: 28
heap: ______
capacity: 16777216
used: 7598064
committed: 16777216
bytes_allocated_since_gc_start: 0
hot_size: 49219
cold_size: 26589
num_regions: 64
hot_region_count: 18446744073709551579
cold_region_count: 61
histogram: Placeholder

[69.414s][info][gc             ] GC(31) Obj count ac histogram
[69.414s][info][gc             ] GC(31) 	0: 3976
[69.414s][info][gc             ] GC(31) 	1: 0
[69.414s][info][gc             ] GC(31) 	2: 0
[69.414s][info][gc             ] GC(31) 	3: 0
[69.414s][info][gc             ] GC(31) 	4: 0
[69.414s][info][gc             ] GC(31) 	5: 0
[69.414s][info][gc             ] GC(31) 	6: 0
[69.414s][info][gc             ] GC(31) 	7: 0
[69.414s][info][gc             ] GC(31) 	8: 0
[69.414s][info][gc             ] GC(31) 	9: 0
[69.414s][info][gc             ] GC(31) 	10: 0
[69.414s][info][gc             ] GC(31) 	11: 0
[69.414s][info][gc             ] GC(31) 	12: 0
[69.414s][info][gc             ] GC(31) 	13: 5931
[69.414s][info][gc             ] GC(31) 	14: 0
[69.414s][info][gc             ] GC(31) 	15: 0
[69.414s][info][gc             ] GC(31) 	16: 0
[69.414s][info][gc             ] GC(31) 	17: 0
[69.414s][info][gc             ] GC(31) 	18: 0
[69.414s][info][gc             ] GC(31) 	19: 0
[69.414s][info][gc             ] GC(31) Obj size ac histogram
[69.414s][info][gc             ] GC(31) 	0: 26589
[69.414s][info][gc             ] GC(31) 	1: 0
[69.414s][info][gc             ] GC(31) 	2: 0
[69.414s][info][gc             ] GC(31) 	3: 0
[69.414s][info][gc             ] GC(31) 	4: 0
[69.414s][info][gc             ] GC(31) 	5: 0
[69.414s][info][gc             ] GC(31) 	6: 0
[69.414s][info][gc             ] GC(31) 	7: 0
[69.414s][info][gc             ] GC(31) 	8: 0
[69.414s][info][gc             ] GC(31) 	9: 0
[69.414s][info][gc             ] GC(31) 	10: 0
[69.414s][info][gc             ] GC(31) 	11: 0
[69.414s][info][gc             ] GC(31) 	12: 0
[69.414s][info][gc             ] GC(31) 	13: 48171
[69.414s][info][gc             ] GC(31) 	14: 0
[69.414s][info][gc             ] GC(31) 	15: 0
[69.414s][info][gc             ] GC(31) 	16: 0
[69.414s][info][gc             ] GC(31) 	17: 0
[69.414s][info][gc             ] GC(31) 	18: 0
[69.414s][info][gc             ] GC(31) 	19: 0
[69.414s][info][gc,ergo        ] Free: 7940K, Max: 256K regular, 1280K humongous, Frag: 74% external, 41% internal; Reserve: 1024K, Max: 256K
[69.414s][info][gc,stats       ] 
[69.414s][info][gc,stats       ] All times are wall-clock times, except per-root-class counters, that are sum over
[69.414s][info][gc,stats       ] all workers. Dividing the <total> over the root stage time estimates parallelism.
[69.414s][info][gc,stats       ] 
[69.414s][info][gc,stats       ] Concurrent Reset                    172 us
[69.414s][info][gc,stats       ] Pause Init Mark (G)                2152 us
[69.414s][info][gc,stats       ] Pause Init Mark (N)                1752 us
[69.414s][info][gc,stats       ]   Accumulate Stats                    5 us
[69.414s][info][gc,stats       ]   Make Parsable                      10 us
[69.414s][info][gc,stats       ]   Update Region States                2 us
[69.414s][info][gc,stats       ]   Scan Roots                       1605 us, parallelism: 0.99x
[69.414s][info][gc,stats       ]     S: <total>                     1586 us
[69.414s][info][gc,stats       ]     S: Thread Roots                 104 us, workers (us):   2, 102, ---, ---, ---, ---, ---, ---, ---, ---, ---, ---, ---, ---, ---, ---, ---, ---, ---, ---, ---, ---, ---, ---, 
[69.414s][info][gc,stats       ]     S: Universe Roots                19 us, workers (us):  19, ---, ---, ---, ---, ---, ---, ---, ---, ---, ---, ---, ---, ---, ---, ---, ---, ---, ---, ---, ---, ---, ---, ---, 
[69.414s][info][gc,stats       ]     S: JNI Handles Roots              6 us, workers (us): ---,   6, ---, ---, ---, ---, ---, ---, ---, ---, ---, ---, ---, ---, ---, ---, ---, ---, ---, ---, ---, ---, ---, ---, 
[69.414s][info][gc,stats       ]     S: Synchronizer Roots             0 us, workers (us):   0, ---, ---, ---, ---, ---, ---, ---, ---, ---, ---, ---, ---, ---, ---, ---, ---, ---, ---, ---, ---, ---, ---, ---, 
[69.414s][info][gc,stats       ]     S: Management Roots               2 us, workers (us):   2, ---, ---, ---, ---, ---, ---, ---, ---, ---, ---, ---, ---, ---, ---, ---, ---, ---, ---, ---, ---, ---, ---, ---, 
[69.414s][info][gc,stats       ]     S: System Dict Roots             27 us, workers (us):  27, ---, ---, ---, ---, ---, ---, ---, ---, ---, ---, ---, ---, ---, ---, ---, ---, ---, ---, ---, ---, ---, ---, ---, 
[69.414s][info][gc,stats       ]     S: CLDG Roots                  1428 us, workers (us): 1428, ---, ---, ---, ---, ---, ---, ---, ---, ---, ---, ---, ---, ---, ---, ---, ---, ---, ---, ---, ---, ---, ---, ---, 
[69.415s][info][gc,stats       ]     S: JVMTI Roots                    1 us, workers (us): ---,   1, ---, ---, ---, ---, ---, ---, ---, ---, ---, ---, ---, ---, ---, ---, ---, ---, ---, ---, ---, ---, ---, ---, 
[69.415s][info][gc,stats       ]   Resize TLABs                        6 us
[69.415s][info][gc,stats       ] Concurrent Marking                23229 us
[69.415s][info][gc,stats       ] Pause Final Mark (G)               2383 us
[69.415s][info][gc,stats       ] Pause Final Mark (N)               2118 us
[69.415s][info][gc,stats       ]   Finish Queues                     113 us
[69.415s][info][gc,stats       ]   System Purge                      341 us
[69.415s][info][gc,stats       ]     Weak Roots                      340 us
[69.415s][info][gc,stats       ]   Update Region States                4 us
[69.415s][info][gc,stats       ]   Retire TLABs                        5 us
[69.415s][info][gc,stats       ]   Choose Collection Set              78 us
[69.415s][info][gc,stats       ]   Rebuild Free Set                    7 us
[69.415s][info][gc,stats       ]   Initial Evacuation               1545 us, parallelism: 0.57x
[69.415s][info][gc,stats       ]     E: <total>                      875 us
[69.415s][info][gc,stats       ]     E: Thread Roots                  74 us, workers (us):  73,   1, ---, ---, ---, ---, ---, ---, ---, ---, ---, ---, ---, ---, ---, ---, ---, ---, ---, ---, ---, ---, ---, ---, 
[69.415s][info][gc,stats       ]     E: Code Cache Roots               1 us, workers (us):   1,   0, ---, ---, ---, ---, ---, ---, ---, ---, ---, ---, ---, ---, ---, ---, ---, ---, ---, ---, ---, ---, ---, ---, 
[69.415s][info][gc,stats       ]     E: Universe Roots                32 us, workers (us):  32, ---, ---, ---, ---, ---, ---, ---, ---, ---, ---, ---, ---, ---, ---, ---, ---, ---, ---, ---, ---, ---, ---, ---, 
[69.415s][info][gc,stats       ]     E: JNI Handles Roots              1 us, workers (us):   1, ---, ---, ---, ---, ---, ---, ---, ---, ---, ---, ---, ---, ---, ---, ---, ---, ---, ---, ---, ---, ---, ---, ---, 
[69.415s][info][gc,stats       ]     E: Synchronizer Roots             1 us, workers (us): ---,   1, ---, ---, ---, ---, ---, ---, ---, ---, ---, ---, ---, ---, ---, ---, ---, ---, ---, ---, ---, ---, ---, ---, 
[69.415s][info][gc,stats       ]     E: Management Roots               2 us, workers (us): ---,   2, ---, ---, ---, ---, ---, ---, ---, ---, ---, ---, ---, ---, ---, ---, ---, ---, ---, ---, ---, ---, ---, ---, 
[69.415s][info][gc,stats       ]     E: System Dict Roots             34 us, workers (us): ---,  34, ---, ---, ---, ---, ---, ---, ---, ---, ---, ---, ---, ---, ---, ---, ---, ---, ---, ---, ---, ---, ---, ---, 
[69.415s][info][gc,stats       ]     E: CLDG Roots                   729 us, workers (us): ---, 729, ---, ---, ---, ---, ---, ---, ---, ---, ---, ---, ---, ---, ---, ---, ---, ---, ---, ---, ---, ---, ---, ---, 
[69.415s][info][gc,stats       ]     E: JVMTI Roots                    1 us, workers (us):   1, ---, ---, ---, ---, ---, ---, ---, ---, ---, ---, ---, ---, ---, ---, ---, ---, ---, ---, ---, ---, ---, ---, ---, 
[69.415s][info][gc,stats       ] Concurrent Cleanup                  624 us
[69.415s][info][gc,stats       ] Concurrent Evacuation              4786 us
[69.415s][info][gc,stats       ] Pause Init  Update Refs (G)         429 us
[69.415s][info][gc,stats       ] Pause Init  Update Refs (N)          58 us
[69.415s][info][gc,stats       ]   Retire GCLABs                      36 us
[69.415s][info][gc,stats       ] Concurrent Update Refs            18671 us
[69.415s][info][gc,stats       ] Pause Final Update Refs (G)         481 us
[69.415s][info][gc,stats       ] Pause Final Update Refs (N)         125 us
[69.415s][info][gc,stats       ]   Update Roots                       94 us, parallelism: 0.54x
[69.415s][info][gc,stats       ]     UR: <total>                      50 us
[69.415s][info][gc,stats       ]     UR: Thread Roots                 50 us, workers (us):  50,   0, ---, ---, ---, ---, ---, ---, ---, ---, ---, ---, ---, ---, ---, ---, ---, ---, ---, ---, ---, ---, ---, ---, 
[69.415s][info][gc,stats       ]   Update Region States                3 us
[69.415s][info][gc,stats       ]   Trash Collection Set                3 us
[69.415s][info][gc,stats       ]   Rebuild Free Set                    6 us
[69.415s][info][gc,stats       ] Concurrent Cleanup                  131 us
[69.415s][info][gc,stats       ] 
[69.415s][info][gc,stats       ] Allocation pacing accrued:
[69.415s][info][gc,stats       ]       0 of  2014 ms (  0.0%): <total>
[69.415s][info][gc,stats       ]       0 of  2014 ms (  0.0%): <average total>
[69.415s][info][gc,stats       ] 
[69.415s][info][gc,metaspace   ] Metaspace: 14126K->14126K(1062912K)
[69.415s][info][gc,ergo        ] Pacer for Idle. Initial: 327K, Alloc Tax Rate: 1.0x
[85.365s][info][gc             ] Trigger: Average GC time (49.42 ms) is above the time for allocation rate (351 KB/s) to deplete free headroom (0B)
[85.365s][info][gc,ergo        ] Free headroom: 2324K (free) - 819K (spike) - 1638K (penalties) = 0B
[85.365s][info][gc,ergo        ] Free: 2324K, Max: 256K regular, 512K humongous, Frag: 34% external, 63% internal; Reserve: 1024K, Max: 256K
[85.365s][info][gc,start       ] GC(32) Concurrent reset
[85.365s][info][gc,task        ] GC(32) Using 2 of 24 workers for concurrent reset
[85.365s][info][gc,ergo        ] GC(32) Pacer for Reset. Non-Taxable: 16384K
[85.365s][info][gc             ] GC(32) Concurrent reset 0.205ms
[85.366s][info][gc,start       ] GC(32) Pause Init Mark
[85.366s][info][gc,task        ] GC(32) Using 2 of 24 workers for init marking
[85.367s][info][gc,ergo        ] GC(32) Pacer for Mark. Expected Live: 8648K, Free: 2324K, Non-Taxable: 232K, Alloc Tax Rate: 4.5x
[85.367s][info][gc             ] GC(32) Pause Init Mark 1.178ms
[85.367s][info][gc,start       ] GC(32) Concurrent marking
[85.367s][info][gc,task        ] GC(32) Using 2 of 24 workers for concurrent marking
[85.391s][info][gc             ] GC(32) Concurrent marking 23.597ms
[85.391s][info][gc,start       ] GC(32) Pause Final Mark
[85.391s][info][gc,task        ] GC(32) Using 2 of 24 workers for final marking
[85.392s][info][gc,ergo        ] GC(32) Adaptive CSet Selection. Target Free: 2321K, Actual Free: 1792K, Max CSet: 682K, Min Garbage: 529K
[85.392s][info][gc,ergo        ] GC(32) Collectable Garbage: 400K (75%), Immediate: 0B (0%), CSet: 400K (75%)
[85.393s][info][gc,ergo        ] GC(32) Pacer for Evacuation. Used CSet: 958K, Free: 5808K, Non-Taxable: 580K, Alloc Tax Rate: 1.1x
[85.393s][info][gc             ] GC(32) Pause Final Mark 1.904ms
[85.393s][info][gc,start       ] GC(32) Concurrent cleanup
[85.393s][info][gc             ] GC(32) Concurrent cleanup 9M->9M(16M) 0.033ms
[85.393s][info][gc,ergo        ] GC(32) Free: 5808K, Max: 256K regular, 512K humongous, Frag: 34% external, 56% internal; Reserve: 991K, Max: 256K
[85.393s][info][gc,start       ] GC(32) Concurrent evacuation
[85.393s][info][gc,task        ] GC(32) Using 2 of 24 workers for concurrent evacuation
[85.397s][info][gc             ] GC(32) Concurrent evacuation 4.605ms
[85.398s][info][gc,start       ] GC(32) Pause Init Update Refs
[85.398s][info][gc,ergo        ] GC(32) Pacer for Update Refs. Used: 10254K, Free: 5808K, Non-Taxable: 580K, Alloc Tax Rate: 2.2x
[85.398s][info][gc             ] GC(32) Pause Init Update Refs 0.109ms
[85.398s][info][gc,start       ] GC(32) Concurrent update references
[85.398s][info][gc,task        ] GC(32) Using 2 of 24 workers for concurrent reference update
[85.409s][info][gc             ] GC(32) Concurrent update references 11.225ms
[85.409s][info][gc,start       ] GC(32) Pause Final Update Refs
[85.409s][info][gc,task        ] GC(32) Using 2 of 24 workers for final reference update
[85.410s][info][gc             ] GC(32) Pause Final Update Refs 0.147ms
[85.410s][info][gc,start       ] GC(32) Concurrent cleanup
[85.410s][info][gc             ] GC(32) Concurrent cleanup 10M->9M(16M) 0.158ms
[85.410s][info][gc             ] GC(32) Dat log --- cycle is complete
Current gc epoch: 29
heap: ______
capacity: 16777216
used: 9518248
committed: 16777216
bytes_allocated_since_gc_start: 0
hot_size: 28484
cold_size: 42969
num_regions: 64
hot_region_count: 18446744073709551577
cold_region_count: 63
histogram: Placeholder

[85.410s][info][gc             ] GC(32) Obj count ac histogram
[85.410s][info][gc             ] GC(32) 	0: 6548
[85.410s][info][gc             ] GC(32) 	1: 0
[85.410s][info][gc             ] GC(32) 	2: 0
[85.410s][info][gc             ] GC(32) 	3: 0
[85.410s][info][gc             ] GC(32) 	4: 0
[85.410s][info][gc             ] GC(32) 	5: 0
[85.410s][info][gc             ] GC(32) 	6: 0
[85.410s][info][gc             ] GC(32) 	7: 0
[85.410s][info][gc             ] GC(32) 	8: 0
[85.410s][info][gc             ] GC(32) 	9: 0
[85.410s][info][gc             ] GC(32) 	10: 0
[85.410s][info][gc             ] GC(32) 	11: 0
[85.410s][info][gc             ] GC(32) 	12: 0
[85.410s][info][gc             ] GC(32) 	13: 3148
[85.410s][info][gc             ] GC(32) 	14: 0
[85.410s][info][gc             ] GC(32) 	15: 0
[85.410s][info][gc             ] GC(32) 	16: 0
[85.410s][info][gc             ] GC(32) 	17: 0
[85.410s][info][gc             ] GC(32) 	18: 0
[85.410s][info][gc             ] GC(32) 	19: 0
[85.410s][info][gc             ] GC(32) Obj size ac histogram
[85.410s][info][gc             ] GC(32) 	0: 42969
[85.410s][info][gc             ] GC(32) 	1: 0
[85.410s][info][gc             ] GC(32) 	2: 0
[85.410s][info][gc             ] GC(32) 	3: 0
[85.410s][info][gc             ] GC(32) 	4: 0
[85.410s][info][gc             ] GC(32) 	5: 0
[85.410s][info][gc             ] GC(32) 	6: 0
[85.410s][info][gc             ] GC(32) 	7: 0
[85.410s][info][gc             ] GC(32) 	8: 0
[85.410s][info][gc             ] GC(32) 	9: 0
[85.410s][info][gc             ] GC(32) 	10: 0
[85.410s][info][gc             ] GC(32) 	11: 0
[85.410s][info][gc             ] GC(32) 	12: 0
[85.410s][info][gc             ] GC(32) 	13: 28484
[85.410s][info][gc             ] GC(32) 	14: 0
[85.410s][info][gc             ] GC(32) 	15: 0
[85.410s][info][gc             ] GC(32) 	16: 0
[85.410s][info][gc             ] GC(32) 	17: 0
[85.410s][info][gc             ] GC(32) 	18: 0
[85.410s][info][gc             ] GC(32) 	19: 0
[85.410s][info][gc,ergo        ] Free: 6064K, Max: 256K regular, 512K humongous, Frag: 50% external, 55% internal; Reserve: 1024K, Max: 256K
[85.410s][info][gc,stats       ] 
[85.410s][info][gc,stats       ] All times are wall-clock times, except per-root-class counters, that are sum over
[85.410s][info][gc,stats       ] all workers. Dividing the <total> over the root stage time estimates parallelism.
[85.410s][info][gc,stats       ] 
[85.410s][info][gc,stats       ] Concurrent Reset                    183 us
[85.410s][info][gc,stats       ] Pause Init Mark (G)                1565 us
[85.410s][info][gc,stats       ] Pause Init Mark (N)                1130 us
[85.410s][info][gc,stats       ]   Accumulate Stats                    5 us
[85.410s][info][gc,stats       ]   Make Parsable                      10 us
[85.410s][info][gc,stats       ]   Update Region States                2 us
[85.410s][info][gc,stats       ]   Scan Roots                       1006 us, parallelism: 1.03x
[85.410s][info][gc,stats       ]     S: <total>                     1033 us
[85.410s][info][gc,stats       ]     S: Thread Roots                 100 us, workers (us):  99,   1, ---, ---, ---, ---, ---, ---, ---, ---, ---, ---, ---, ---, ---, ---, ---, ---, ---, ---, ---, ---, ---, ---, 
[85.410s][info][gc,stats       ]     S: Universe Roots                19 us, workers (us):  19, ---, ---, ---, ---, ---, ---, ---, ---, ---, ---, ---, ---, ---, ---, ---, ---, ---, ---, ---, ---, ---, ---, ---, 
[85.410s][info][gc,stats       ]     S: JNI Handles Roots              4 us, workers (us): ---,   4, ---, ---, ---, ---, ---, ---, ---, ---, ---, ---, ---, ---, ---, ---, ---, ---, ---, ---, ---, ---, ---, ---, 
[85.410s][info][gc,stats       ]     S: Synchronizer Roots             0 us, workers (us):   0, ---, ---, ---, ---, ---, ---, ---, ---, ---, ---, ---, ---, ---, ---, ---, ---, ---, ---, ---, ---, ---, ---, ---, 
[85.410s][info][gc,stats       ]     S: Management Roots               2 us, workers (us):   2, ---, ---, ---, ---, ---, ---, ---, ---, ---, ---, ---, ---, ---, ---, ---, ---, ---, ---, ---, ---, ---, ---, ---, 
[85.410s][info][gc,stats       ]     S: System Dict Roots             29 us, workers (us):  29, ---, ---, ---, ---, ---, ---, ---, ---, ---, ---, ---, ---, ---, ---, ---, ---, ---, ---, ---, ---, ---, ---, ---, 
[85.410s][info][gc,stats       ]     S: CLDG Roots                   878 us, workers (us): ---, 878, ---, ---, ---, ---, ---, ---, ---, ---, ---, ---, ---, ---, ---, ---, ---, ---, ---, ---, ---, ---, ---, ---, 
[85.411s][info][gc,stats       ]     S: JVMTI Roots                    1 us, workers (us): ---,   1, ---, ---, ---, ---, ---, ---, ---, ---, ---, ---, ---, ---, ---, ---, ---, ---, ---, ---, ---, ---, ---, ---, 
[85.411s][info][gc,stats       ]   Resize TLABs                        3 us
[85.411s][info][gc,stats       ] Concurrent Marking                23543 us
[85.411s][info][gc,stats       ] Pause Final Mark (G)               2053 us
[85.411s][info][gc,stats       ] Pause Final Mark (N)               1861 us
[85.411s][info][gc,stats       ]   Finish Queues                     122 us
[85.411s][info][gc,stats       ]   System Purge                      632 us
[85.411s][info][gc,stats       ]     Weak Roots                      631 us
[85.411s][info][gc,stats       ]   Update Region States                4 us
[85.411s][info][gc,stats       ]   Retire TLABs                        5 us
[85.411s][info][gc,stats       ]   Choose Collection Set              56 us
[85.411s][info][gc,stats       ]   Rebuild Free Set                    6 us
[85.411s][info][gc,stats       ]   Initial Evacuation                987 us, parallelism: 0.77x
[85.411s][info][gc,stats       ]     E: <total>                      758 us
[85.411s][info][gc,stats       ]     E: Thread Roots                  80 us, workers (us):   1,  79, ---, ---, ---, ---, ---, ---, ---, ---, ---, ---, ---, ---, ---, ---, ---, ---, ---, ---, ---, ---, ---, ---, 
[85.411s][info][gc,stats       ]     E: Code Cache Roots               1 us, workers (us):   0,   1, ---, ---, ---, ---, ---, ---, ---, ---, ---, ---, ---, ---, ---, ---, ---, ---, ---, ---, ---, ---, ---, ---, 
[85.411s][info][gc,stats       ]     E: Universe Roots                24 us, workers (us):  24, ---, ---, ---, ---, ---, ---, ---, ---, ---, ---, ---, ---, ---, ---, ---, ---, ---, ---, ---, ---, ---, ---, ---, 
[85.411s][info][gc,stats       ]     E: JNI Handles Roots              1 us, workers (us):   1, ---, ---, ---, ---, ---, ---, ---, ---, ---, ---, ---, ---, ---, ---, ---, ---, ---, ---, ---, ---, ---, ---, ---, 
[85.411s][info][gc,stats       ]     E: Synchronizer Roots             8 us, workers (us): ---,   8, ---, ---, ---, ---, ---, ---, ---, ---, ---, ---, ---, ---, ---, ---, ---, ---, ---, ---, ---, ---, ---, ---, 
[85.411s][info][gc,stats       ]     E: Management Roots               2 us, workers (us): ---,   2, ---, ---, ---, ---, ---, ---, ---, ---, ---, ---, ---, ---, ---, ---, ---, ---, ---, ---, ---, ---, ---, ---, 
[85.411s][info][gc,stats       ]     E: System Dict Roots             25 us, workers (us): ---,  25, ---, ---, ---, ---, ---, ---, ---, ---, ---, ---, ---, ---, ---, ---, ---, ---, ---, ---, ---, ---, ---, ---, 
[85.411s][info][gc,stats       ]     E: CLDG Roots                   616 us, workers (us): 616, ---, ---, ---, ---, ---, ---, ---, ---, ---, ---, ---, ---, ---, ---, ---, ---, ---, ---, ---, ---, ---, ---, ---, 
[85.411s][info][gc,stats       ]     E: JVMTI Roots                    1 us, workers (us):   1, ---, ---, ---, ---, ---, ---, ---, ---, ---, ---, ---, ---, ---, ---, ---, ---, ---, ---, ---, ---, ---, ---, ---, 
[85.411s][info][gc,stats       ] Concurrent Cleanup                    6 us
[85.411s][info][gc,stats       ] Concurrent Evacuation              4586 us
[85.411s][info][gc,stats       ] Pause Init  Update Refs (G)         404 us
[85.411s][info][gc,stats       ] Pause Init  Update Refs (N)          65 us
[85.411s][info][gc,stats       ]   Retire GCLABs                      43 us
[85.411s][info][gc,stats       ] Concurrent Update Refs            11196 us
[85.411s][info][gc,stats       ] Pause Final Update Refs (G)         393 us
[85.411s][info][gc,stats       ] Pause Final Update Refs (N)         104 us
[85.411s][info][gc,stats       ]   Update Roots                       72 us, parallelism: 0.60x
[85.411s][info][gc,stats       ]     UR: <total>                      43 us
[85.411s][info][gc,stats       ]     UR: Thread Roots                 43 us, workers (us):  43,   0, ---, ---, ---, ---, ---, ---, ---, ---, ---, ---, ---, ---, ---, ---, ---, ---, ---, ---, ---, ---, ---, ---, 
[85.411s][info][gc,stats       ]   Update Region States                3 us
[85.411s][info][gc,stats       ]   Trash Collection Set                3 us
[85.411s][info][gc,stats       ]   Rebuild Free Set                    6 us
[85.411s][info][gc,stats       ] Concurrent Cleanup                  133 us
[85.411s][info][gc,stats       ] 
[85.411s][info][gc,stats       ] Allocation pacing accrued:
[85.411s][info][gc,stats       ]       0 of 15996 ms (  0.0%): <total>
[85.411s][info][gc,stats       ]       0 of 15996 ms (  0.0%): <average total>
[85.411s][info][gc,stats       ] 
[85.411s][info][gc,metaspace   ] Metaspace: 14126K->14126K(1062912K)
[85.411s][info][gc,ergo        ] Pacer for Idle. Initial: 327K, Alloc Tax Rate: 1.0x
[86.366s][info][gc             ] Trigger: Average GC time (48.46 ms) is above the time for allocation rate (3802 KB/s) to deplete free headroom (0B)
[86.366s][info][gc,ergo        ] Free headroom: 2258K (free) - 819K (spike) - 1474K (penalties) = 0B
[86.366s][info][gc,ergo        ] Free: 2258K, Max: 256K regular, 512K humongous, Frag: 34% external, 63% internal; Reserve: 1024K, Max: 256K
[86.366s][info][gc,start       ] GC(33) Concurrent reset
[86.366s][info][gc,task        ] GC(33) Using 2 of 24 workers for concurrent reset
[86.366s][info][gc,ergo        ] GC(33) Pacer for Reset. Non-Taxable: 16384K
[86.366s][info][gc             ] GC(33) Concurrent reset 0.191ms
[86.367s][info][gc,start       ] GC(33) Pause Init Mark
[86.367s][info][gc,task        ] GC(33) Using 2 of 24 workers for init marking
[86.369s][info][gc,ergo        ] GC(33) Pacer for Mark. Expected Live: 8699K, Free: 2258K, Non-Taxable: 225K, Alloc Tax Rate: 4.7x
[86.369s][info][gc             ] GC(33) Pause Init Mark 1.813ms
[86.369s][info][gc,start       ] GC(33) Concurrent marking
[86.369s][info][gc,task        ] GC(33) Using 2 of 24 workers for concurrent marking
[86.391s][info][gc             ] GC(33) Concurrent marking 22.003ms
[86.391s][info][gc,start       ] GC(33) Pause Final Mark
[86.391s][info][gc,task        ] GC(33) Using 2 of 24 workers for final marking
[86.391s][info][gc,ergo        ] GC(33) Adaptive CSet Selection. Target Free: 2321K, Actual Free: 1792K, Max CSet: 682K, Min Garbage: 529K
[86.391s][info][gc,ergo        ] GC(33) Collectable Garbage: 323K (81%), Immediate: 0B (0%), CSet: 323K (81%)
[86.393s][info][gc,ergo        ] GC(33) Pacer for Evacuation. Used CSet: 972K, Free: 5829K, Non-Taxable: 582K, Alloc Tax Rate: 1.1x
[86.393s][info][gc             ] GC(33) Pause Final Mark 1.797ms
[86.393s][info][gc,start       ] GC(33) Concurrent cleanup
[86.393s][info][gc             ] GC(33) Concurrent cleanup 9M->9M(16M) 0.042ms
[86.393s][info][gc,ergo        ] GC(33) Free: 5829K, Max: 256K regular, 512K humongous, Frag: 34% external, 56% internal; Reserve: 833K, Max: 256K
[86.393s][info][gc,start       ] GC(33) Concurrent evacuation
[86.393s][info][gc,task        ] GC(33) Using 2 of 24 workers for concurrent evacuation
[86.396s][info][gc             ] GC(33) Concurrent evacuation 3.429ms
[86.397s][info][gc,start       ] GC(33) Pause Init Update Refs
[86.397s][info][gc,ergo        ] GC(33) Pacer for Update Refs. Used: 10247K, Free: 5829K, Non-Taxable: 582K, Alloc Tax Rate: 2.1x
[86.397s][info][gc             ] GC(33) Pause Init Update Refs 0.090ms
[86.397s][info][gc,start       ] GC(33) Concurrent update references
[86.397s][info][gc,task        ] GC(33) Using 2 of 24 workers for concurrent reference update
[86.414s][info][gc             ] GC(33) Concurrent update references 16.973ms
[86.414s][info][gc,start       ] GC(33) Pause Final Update Refs
[86.414s][info][gc,task        ] GC(33) Using 2 of 24 workers for final reference update
[86.414s][info][gc             ] GC(33) Pause Final Update Refs 0.190ms
[86.414s][info][gc,start       ] GC(33) Concurrent cleanup
[86.414s][info][gc             ] GC(33) Concurrent cleanup 10M->9M(16M) 0.133ms
[86.414s][info][gc             ] GC(33) Dat log --- cycle is complete
Current gc epoch: 30
heap: ______
capacity: 16777216
used: 9497600
committed: 16777216
bytes_allocated_since_gc_start: 0
hot_size: 55138
cold_size: 27937
num_regions: 64
hot_region_count: 18446744073709551576
cold_region_count: 64
histogram: Placeholder

[86.414s][info][gc             ] GC(33) Obj count ac histogram
[86.414s][info][gc             ] GC(33) 	0: 1837
[86.414s][info][gc             ] GC(33) 	1: 0
[86.414s][info][gc             ] GC(33) 	2: 0
[86.414s][info][gc             ] GC(33) 	3: 0
[86.414s][info][gc             ] GC(33) 	4: 0
[86.414s][info][gc             ] GC(33) 	5: 0
[86.414s][info][gc             ] GC(33) 	6: 0
[86.414s][info][gc             ] GC(33) 	7: 0
[86.414s][info][gc             ] GC(33) 	8: 0
[86.414s][info][gc             ] GC(33) 	9: 0
[86.414s][info][gc             ] GC(33) 	10: 0
[86.414s][info][gc             ] GC(33) 	11: 0
[86.414s][info][gc             ] GC(33) 	12: 0
[86.414s][info][gc             ] GC(33) 	13: 5946
[86.414s][info][gc             ] GC(33) 	14: 0
[86.414s][info][gc             ] GC(33) 	15: 0
[86.414s][info][gc             ] GC(33) 	16: 0
[86.414s][info][gc             ] GC(33) 	17: 0
[86.414s][info][gc             ] GC(33) 	18: 0
[86.415s][info][gc             ] GC(33) 	19: 0
[86.415s][info][gc             ] GC(33) Obj size ac histogram
[86.415s][info][gc             ] GC(33) 	0: 27929
[86.415s][info][gc             ] GC(33) 	1: 0
[86.415s][info][gc             ] GC(33) 	2: 0
[86.415s][info][gc             ] GC(33) 	3: 0
[86.415s][info][gc             ] GC(33) 	4: 0
[86.415s][info][gc             ] GC(33) 	5: 0
[86.415s][info][gc             ] GC(33) 	6: 0
[86.415s][info][gc             ] GC(33) 	7: 0
[86.415s][info][gc             ] GC(33) 	8: 0
[86.415s][info][gc             ] GC(33) 	9: 0
[86.415s][info][gc             ] GC(33) 	10: 0
[86.415s][info][gc             ] GC(33) 	11: 0
[86.415s][info][gc             ] GC(33) 	12: 0
[86.415s][info][gc             ] GC(33) 	13: 54494
[86.415s][info][gc             ] GC(33) 	14: 0
[86.415s][info][gc             ] GC(33) 	15: 0
[86.415s][info][gc             ] GC(33) 	16: 0
[86.415s][info][gc             ] GC(33) 	17: 0
[86.415s][info][gc             ] GC(33) 	18: 0
[86.415s][info][gc             ] GC(33) 	19: 0
[86.415s][info][gc,ergo        ] Free: 6085K, Max: 256K regular, 512K humongous, Frag: 50% external, 55% internal; Reserve: 1024K, Max: 256K
[86.415s][info][gc,stats       ] 
[86.415s][info][gc,stats       ] All times are wall-clock times, except per-root-class counters, that are sum over
[86.415s][info][gc,stats       ] all workers. Dividing the <total> over the root stage time estimates parallelism.
[86.415s][info][gc,stats       ] 
[86.415s][info][gc,stats       ] Concurrent Reset                    171 us
[86.415s][info][gc,stats       ] Pause Init Mark (G)                2211 us
[86.415s][info][gc,stats       ] Pause Init Mark (N)                1755 us
[86.415s][info][gc,stats       ]   Accumulate Stats                    5 us
[86.415s][info][gc,stats       ]   Make Parsable                      15 us
[86.415s][info][gc,stats       ]   Update Region States                2 us
[86.415s][info][gc,stats       ]   Scan Roots                       1606 us, parallelism: 0.97x
[86.415s][info][gc,stats       ]     S: <total>                     1559 us
[86.415s][info][gc,stats       ]     S: Thread Roots                 101 us, workers (us):   2,  99, ---, ---, ---, ---, ---, ---, ---, ---, ---, ---, ---, ---, ---, ---, ---, ---, ---, ---, ---, ---, ---, ---, 
[86.415s][info][gc,stats       ]     S: Universe Roots                18 us, workers (us):  18, ---, ---, ---, ---, ---, ---, ---, ---, ---, ---, ---, ---, ---, ---, ---, ---, ---, ---, ---, ---, ---, ---, ---, 
[86.415s][info][gc,stats       ]     S: JNI Handles Roots              3 us, workers (us):   3, ---, ---, ---, ---, ---, ---, ---, ---, ---, ---, ---, ---, ---, ---, ---, ---, ---, ---, ---, ---, ---, ---, ---, 
[86.415s][info][gc,stats       ]     S: Synchronizer Roots             1 us, workers (us): ---,   1, ---, ---, ---, ---, ---, ---, ---, ---, ---, ---, ---, ---, ---, ---, ---, ---, ---, ---, ---, ---, ---, ---, 
[86.415s][info][gc,stats       ]     S: Management Roots               2 us, workers (us): ---,   2, ---, ---, ---, ---, ---, ---, ---, ---, ---, ---, ---, ---, ---, ---, ---, ---, ---, ---, ---, ---, ---, ---, 
[86.415s][info][gc,stats       ]     S: System Dict Roots             30 us, workers (us): ---,  30, ---, ---, ---, ---, ---, ---, ---, ---, ---, ---, ---, ---, ---, ---, ---, ---, ---, ---, ---, ---, ---, ---, 
[86.415s][info][gc,stats       ]     S: CLDG Roots                  1405 us, workers (us): 1405, ---, ---, ---, ---, ---, ---, ---, ---, ---, ---, ---, ---, ---, ---, ---, ---, ---, ---, ---, ---, ---, ---, ---, 
[86.415s][info][gc,stats       ]     S: JVMTI Roots                    1 us, workers (us):   1, ---, ---, ---, ---, ---, ---, ---, ---, ---, ---, ---, ---, ---, ---, ---, ---, ---, ---, ---, ---, ---, ---, ---, 
[86.415s][info][gc,stats       ]   Resize TLABs                        6 us
[86.415s][info][gc,stats       ] Concurrent Marking                21954 us
[86.415s][info][gc,stats       ] Pause Final Mark (G)               2007 us
[86.415s][info][gc,stats       ] Pause Final Mark (N)               1754 us
[86.415s][info][gc,stats       ]   Finish Queues                     112 us
[86.415s][info][gc,stats       ]   System Purge                      219 us
[86.415s][info][gc,stats       ]     Weak Roots                      218 us
[86.415s][info][gc,stats       ]   Update Region States                4 us
[86.415s][info][gc,stats       ]   Retire TLABs                        5 us
[86.415s][info][gc,stats       ]   Choose Collection Set              56 us
[86.415s][info][gc,stats       ]   Rebuild Free Set                    6 us
[86.415s][info][gc,stats       ]   Initial Evacuation               1328 us, parallelism: 0.48x
[86.415s][info][gc,stats       ]     E: <total>                      639 us
[86.415s][info][gc,stats       ]     E: Thread Roots                  73 us, workers (us):  72,   0, ---, ---, ---, ---, ---, ---, ---, ---, ---, ---, ---, ---, ---, ---, ---, ---, ---, ---, ---, ---, ---, ---, 
[86.415s][info][gc,stats       ]     E: Code Cache Roots               1 us, workers (us):   0,   0, ---, ---, ---, ---, ---, ---, ---, ---, ---, ---, ---, ---, ---, ---, ---, ---, ---, ---, ---, ---, ---, ---, 
[86.415s][info][gc,stats       ]     E: Universe Roots                36 us, workers (us):  36, ---, ---, ---, ---, ---, ---, ---, ---, ---, ---, ---, ---, ---, ---, ---, ---, ---, ---, ---, ---, ---, ---, ---, 
[86.415s][info][gc,stats       ]     E: JNI Handles Roots              5 us, workers (us): ---,   5, ---, ---, ---, ---, ---, ---, ---, ---, ---, ---, ---, ---, ---, ---, ---, ---, ---, ---, ---, ---, ---, ---, 
[86.415s][info][gc,stats       ]     E: Synchronizer Roots             0 us, workers (us): ---,   0, ---, ---, ---, ---, ---, ---, ---, ---, ---, ---, ---, ---, ---, ---, ---, ---, ---, ---, ---, ---, ---, ---, 
[86.415s][info][gc,stats       ]     E: Management Roots               1 us, workers (us): ---,   1, ---, ---, ---, ---, ---, ---, ---, ---, ---, ---, ---, ---, ---, ---, ---, ---, ---, ---, ---, ---, ---, ---, 
[86.415s][info][gc,stats       ]     E: System Dict Roots             28 us, workers (us): ---,  28, ---, ---, ---, ---, ---, ---, ---, ---, ---, ---, ---, ---, ---, ---, ---, ---, ---, ---, ---, ---, ---, ---, 
[86.415s][info][gc,stats       ]     E: CLDG Roots                   495 us, workers (us): ---, 495, ---, ---, ---, ---, ---, ---, ---, ---, ---, ---, ---, ---, ---, ---, ---, ---, ---, ---, ---, ---, ---, ---, 
[86.415s][info][gc,stats       ]     E: JVMTI Roots                    0 us, workers (us): ---,   0, ---, ---, ---, ---, ---, ---, ---, ---, ---, ---, ---, ---, ---, ---, ---, ---, ---, ---, ---, ---, ---, ---, 
[86.415s][info][gc,stats       ] Concurrent Cleanup                    2 us
[86.415s][info][gc,stats       ] Concurrent Evacuation              3403 us
[86.415s][info][gc,stats       ] Pause Init  Update Refs (G)         396 us
[86.415s][info][gc,stats       ] Pause Init  Update Refs (N)          47 us
[86.415s][info][gc,stats       ]   Retire GCLABs                      25 us
[86.415s][info][gc,stats       ] Concurrent Update Refs            16949 us
[86.415s][info][gc,stats       ] Pause Final Update Refs (G)         492 us
[86.415s][info][gc,stats       ] Pause Final Update Refs (N)         145 us
[86.415s][info][gc,stats       ]   Update Roots                      112 us, parallelism: 0.73x
[86.415s][info][gc,stats       ]     UR: <total>                      81 us
[86.415s][info][gc,stats       ]     UR: Thread Roots                 81 us, workers (us):  52,  29, ---, ---, ---, ---, ---, ---, ---, ---, ---, ---, ---, ---, ---, ---, ---, ---, ---, ---, ---, ---, ---, ---, 
[86.415s][info][gc,stats       ]   Update Region States                3 us
[86.415s][info][gc,stats       ]   Trash Collection Set                3 us
[86.415s][info][gc,stats       ]   Rebuild Free Set                    6 us
[86.415s][info][gc,stats       ] Concurrent Cleanup                  111 us
[86.415s][info][gc,stats       ] 
[86.415s][info][gc,stats       ] Allocation pacing accrued:
[86.415s][info][gc,stats       ]       0 of  1004 ms (  0.0%): <total>
[86.415s][info][gc,stats       ]       0 of  1004 ms (  0.0%): <average total>
[86.415s][info][gc,stats       ] 
[86.415s][info][gc,metaspace   ] Metaspace: 14126K->14126K(1062912K)
[86.415s][info][gc,ergo        ] Pacer for Idle. Initial: 327K, Alloc Tax Rate: 1.0x
[88.368s][info][gc             ] Trigger: Average GC time (48.02 ms) is above the time for allocation rate (2103 KB/s) to deplete free headroom (0B)
[88.368s][info][gc,ergo        ] Free headroom: 1875K (free) - 819K (spike) - 1310K (penalties) = 0B
[88.368s][info][gc,ergo        ] Free: 1875K, Max: 256K regular, 256K humongous, Frag: 50% external, 66% internal; Reserve: 1024K, Max: 256K
[88.368s][info][gc,start       ] GC(34) Concurrent reset
[88.368s][info][gc,task        ] GC(34) Using 2 of 24 workers for concurrent reset
[88.368s][info][gc,ergo        ] GC(34) Pacer for Reset. Non-Taxable: 16384K
[88.368s][info][gc             ] GC(34) Concurrent reset 0.186ms
[88.368s][info][gc,start       ] GC(34) Pause Init Mark
[88.368s][info][gc,task        ] GC(34) Using 2 of 24 workers for init marking
[88.370s][info][gc,ergo        ] GC(34) Pacer for Mark. Expected Live: 8724K, Free: 1875K, Non-Taxable: 187K, Alloc Tax Rate: 5.7x
[88.370s][info][gc             ] GC(34) Pause Init Mark 1.759ms
[88.370s][info][gc,start       ] GC(34) Concurrent marking
[88.370s][info][gc,task        ] GC(34) Using 2 of 24 workers for concurrent marking
[88.393s][info][gc             ] GC(34) Concurrent marking 22.910ms
[88.393s][info][gc,start       ] GC(34) Pause Final Mark
[88.393s][info][gc,task        ] GC(34) Using 2 of 24 workers for final marking
[88.394s][info][gc,ergo        ] GC(34) Adaptive CSet Selection. Target Free: 2321K, Actual Free: 1536K, Max CSet: 682K, Min Garbage: 785K
[88.394s][info][gc,ergo        ] GC(34) Collectable Garbage: 119K (59%), Immediate: 0B (0%), CSet: 119K (59%)
[88.396s][info][gc,ergo        ] GC(34) Pacer for Evacuation. Used CSet: 768K, Free: 5818K, Non-Taxable: 581K, Alloc Tax Rate: 1.1x
[88.396s][info][gc             ] GC(34) Pause Final Mark 3.001ms
[88.396s][info][gc,start       ] GC(34) Concurrent cleanup
[88.396s][info][gc             ] GC(34) Concurrent cleanup 9M->9M(16M) 0.036ms
[88.397s][info][gc,ergo        ] GC(34) Free: 5818K, Max: 256K regular, 256K humongous, Frag: 50% external, 57% internal; Reserve: 833K, Max: 256K
[88.397s][info][gc,start       ] GC(34) Concurrent evacuation
[88.397s][info][gc,task        ] GC(34) Using 2 of 24 workers for concurrent evacuation
[88.400s][info][gc             ] GC(34) Concurrent evacuation 3.877ms
[88.401s][info][gc,start       ] GC(34) Pause Init Update Refs
[88.401s][info][gc,ergo        ] GC(34) Pacer for Update Refs. Used: 10561K, Free: 5818K, Non-Taxable: 581K, Alloc Tax Rate: 2.2x
[88.401s][info][gc             ] GC(34) Pause Init Update Refs 0.126ms
[88.401s][info][gc,start       ] GC(34) Concurrent update references
[88.401s][info][gc,task        ] GC(34) Using 2 of 24 workers for concurrent reference update
[88.418s][info][gc             ] GC(34) Concurrent update references 17.019ms
[88.418s][info][gc,start       ] GC(34) Pause Final Update Refs
[88.418s][info][gc,task        ] GC(34) Using 2 of 24 workers for final reference update
[88.418s][info][gc             ] GC(34) Pause Final Update Refs 0.136ms
[88.418s][info][gc,start       ] GC(34) Concurrent cleanup
[88.419s][info][gc             ] GC(34) Concurrent cleanup 10M->9M(16M) 0.115ms
[88.419s][info][gc             ] GC(34) Dat log --- cycle is complete
Current gc epoch: 31
heap: ______
capacity: 16777216
used: 10028504
committed: 16777216
bytes_allocated_since_gc_start: 0
hot_size: 55119
cold_size: 27937
num_regions: 64
hot_region_count: 18446744073709551576
cold_region_count: 65
histogram: Placeholder

[88.419s][info][gc             ] GC(34) Obj count ac histogram
[88.419s][info][gc             ] GC(34) 	0: 1838
[88.419s][info][gc             ] GC(34) 	1: 0
[88.419s][info][gc             ] GC(34) 	2: 0
[88.419s][info][gc             ] GC(34) 	3: 0
[88.419s][info][gc             ] GC(34) 	4: 0
[88.419s][info][gc             ] GC(34) 	5: 0
[88.419s][info][gc             ] GC(34) 	6: 0
[88.419s][info][gc             ] GC(34) 	7: 0
[88.419s][info][gc             ] GC(34) 	8: 0
[88.419s][info][gc             ] GC(34) 	9: 0
[88.419s][info][gc             ] GC(34) 	10: 0
[88.419s][info][gc             ] GC(34) 	11: 0
[88.419s][info][gc             ] GC(34) 	12: 0
[88.419s][info][gc             ] GC(34) 	13: 5927
[88.419s][info][gc             ] GC(34) 	14: 0
[88.419s][info][gc             ] GC(34) 	15: 0
[88.419s][info][gc             ] GC(34) 	16: 0
[88.419s][info][gc             ] GC(34) 	17: 0
[88.419s][info][gc             ] GC(34) 	18: 0
[88.419s][info][gc             ] GC(34) 	19: 0
[88.419s][info][gc             ] GC(34) Obj size ac histogram
[88.419s][info][gc             ] GC(34) 	0: 27937
[88.419s][info][gc             ] GC(34) 	1: 0
[88.419s][info][gc             ] GC(34) 	2: 0
[88.419s][info][gc             ] GC(34) 	3: 0
[88.419s][info][gc             ] GC(34) 	4: 0
[88.419s][info][gc             ] GC(34) 	5: 0
[88.419s][info][gc             ] GC(34) 	6: 0
[88.419s][info][gc             ] GC(34) 	7: 0
[88.419s][info][gc             ] GC(34) 	8: 0
[88.419s][info][gc             ] GC(34) 	9: 0
[88.419s][info][gc             ] GC(34) 	10: 0
[88.419s][info][gc             ] GC(34) 	11: 0
[88.419s][info][gc             ] GC(34) 	12: 0
[88.419s][info][gc             ] GC(34) 	13: 54403
[88.419s][info][gc             ] GC(34) 	14: 0
[88.419s][info][gc             ] GC(34) 	15: 0
[88.419s][info][gc             ] GC(34) 	16: 0
[88.419s][info][gc             ] GC(34) 	17: 0
[88.419s][info][gc             ] GC(34) 	18: 0
[88.419s][info][gc             ] GC(34) 	19: 0
[88.419s][info][gc,ergo        ] Free: 5566K, Max: 256K regular, 256K humongous, Frag: 0% external, 58% internal; Reserve: 1024K, Max: 256K
[88.419s][info][gc,stats       ] 
[88.419s][info][gc,stats       ] All times are wall-clock times, except per-root-class counters, that are sum over
[88.419s][info][gc,stats       ] all workers. Dividing the <total> over the root stage time estimates parallelism.
[88.419s][info][gc,stats       ] 
[88.419s][info][gc,stats       ] Concurrent Reset                    167 us
[88.419s][info][gc,stats       ] Pause Init Mark (G)                2152 us
[88.419s][info][gc,stats       ] Pause Init Mark (N)                1715 us
[88.419s][info][gc,stats       ]   Accumulate Stats                    4 us
[88.419s][info][gc,stats       ]   Make Parsable                       9 us
[88.419s][info][gc,stats       ]   Update Region States                2 us
[88.419s][info][gc,stats       ]   Scan Roots                       1572 us, parallelism: 0.98x
[88.419s][info][gc,stats       ]     S: <total>                     1547 us
[88.419s][info][gc,stats       ]     S: Thread Roots                  98 us, workers (us):  96,   2, ---, ---, ---, ---, ---, ---, ---, ---, ---, ---, ---, ---, ---, ---, ---, ---, ---, ---, ---, ---, ---, ---, 
[88.419s][info][gc,stats       ]     S: Universe Roots                18 us, workers (us):  18, ---, ---, ---, ---, ---, ---, ---, ---, ---, ---, ---, ---, ---, ---, ---, ---, ---, ---, ---, ---, ---, ---, ---, 
[88.419s][info][gc,stats       ]     S: JNI Handles Roots              6 us, workers (us): ---,   6, ---, ---, ---, ---, ---, ---, ---, ---, ---, ---, ---, ---, ---, ---, ---, ---, ---, ---, ---, ---, ---, ---, 
[88.419s][info][gc,stats       ]     S: Synchronizer Roots             0 us, workers (us):   0, ---, ---, ---, ---, ---, ---, ---, ---, ---, ---, ---, ---, ---, ---, ---, ---, ---, ---, ---, ---, ---, ---, ---, 
[88.419s][info][gc,stats       ]     S: Management Roots               2 us, workers (us):   2, ---, ---, ---, ---, ---, ---, ---, ---, ---, ---, ---, ---, ---, ---, ---, ---, ---, ---, ---, ---, ---, ---, ---, 
[88.419s][info][gc,stats       ]     S: System Dict Roots             26 us, workers (us):  26, ---, ---, ---, ---, ---, ---, ---, ---, ---, ---, ---, ---, ---, ---, ---, ---, ---, ---, ---, ---, ---, ---, ---, 
[88.419s][info][gc,stats       ]     S: CLDG Roots                  1397 us, workers (us): ---, 1397, ---, ---, ---, ---, ---, ---, ---, ---, ---, ---, ---, ---, ---, ---, ---, ---, ---, ---, ---, ---, ---, ---, 
[88.419s][info][gc,stats       ]     S: JVMTI Roots                    1 us, workers (us): ---,   1, ---, ---, ---, ---, ---, ---, ---, ---, ---, ---, ---, ---, ---, ---, ---, ---, ---, ---, ---, ---, ---, ---, 
[88.419s][info][gc,stats       ]   Resize TLABs                        6 us
[88.419s][info][gc,stats       ] Concurrent Marking                22857 us
[88.419s][info][gc,stats       ] Pause Final Mark (G)               3169 us
[88.419s][info][gc,stats       ] Pause Final Mark (N)               2958 us
[88.419s][info][gc,stats       ]   Finish Queues                     104 us
[88.419s][info][gc,stats       ]   System Purge                      600 us
[88.419s][info][gc,stats       ]     Weak Roots                      599 us
[88.419s][info][gc,stats       ]   Update Region States                4 us
[88.419s][info][gc,stats       ]   Retire TLABs                        5 us
[88.419s][info][gc,stats       ]   Choose Collection Set              56 us
[88.419s][info][gc,stats       ]   Rebuild Free Set                    6 us
[88.419s][info][gc,stats       ]   Initial Evacuation               2158 us, parallelism: 0.52x
[88.419s][info][gc,stats       ]     E: <total>                     1118 us
[88.419s][info][gc,stats       ]     E: Thread Roots                 112 us, workers (us):   1, 111, ---, ---, ---, ---, ---, ---, ---, ---, ---, ---, ---, ---, ---, ---, ---, ---, ---, ---, ---, ---, ---, ---, 
[88.419s][info][gc,stats       ]     E: Code Cache Roots               1 us, workers (us):   0,   0, ---, ---, ---, ---, ---, ---, ---, ---, ---, ---, ---, ---, ---, ---, ---, ---, ---, ---, ---, ---, ---, ---, 
[88.419s][info][gc,stats       ]     E: Universe Roots                33 us, workers (us):  33, ---, ---, ---, ---, ---, ---, ---, ---, ---, ---, ---, ---, ---, ---, ---, ---, ---, ---, ---, ---, ---, ---, ---, 
[88.420s][info][gc,stats       ]     E: JNI Handles Roots             21 us, workers (us): ---,  21, ---, ---, ---, ---, ---, ---, ---, ---, ---, ---, ---, ---, ---, ---, ---, ---, ---, ---, ---, ---, ---, ---, 
[88.420s][info][gc,stats       ]     E: Synchronizer Roots             0 us, workers (us):   0, ---, ---, ---, ---, ---, ---, ---, ---, ---, ---, ---, ---, ---, ---, ---, ---, ---, ---, ---, ---, ---, ---, ---, 
[88.420s][info][gc,stats       ]     E: Management Roots               1 us, workers (us):   1, ---, ---, ---, ---, ---, ---, ---, ---, ---, ---, ---, ---, ---, ---, ---, ---, ---, ---, ---, ---, ---, ---, ---, 
[88.420s][info][gc,stats       ]     E: System Dict Roots             18 us, workers (us):  18, ---, ---, ---, ---, ---, ---, ---, ---, ---, ---, ---, ---, ---, ---, ---, ---, ---, ---, ---, ---, ---, ---, ---, 
[88.420s][info][gc,stats       ]     E: CLDG Roots                   930 us, workers (us): 930, ---, ---, ---, ---, ---, ---, ---, ---, ---, ---, ---, ---, ---, ---, ---, ---, ---, ---, ---, ---, ---, ---, ---, 
[88.420s][info][gc,stats       ]     E: JVMTI Roots                    1 us, workers (us): ---,   1, ---, ---, ---, ---, ---, ---, ---, ---, ---, ---, ---, ---, ---, ---, ---, ---, ---, ---, ---, ---, ---, ---, 
[88.420s][info][gc,stats       ] Concurrent Cleanup                    6 us
[88.420s][info][gc,stats       ] Concurrent Evacuation              3858 us
[88.420s][info][gc,stats       ] Pause Init  Update Refs (G)         445 us
[88.420s][info][gc,stats       ] Pause Init  Update Refs (N)          84 us
[88.420s][info][gc,stats       ]   Retire GCLABs                      61 us
[88.420s][info][gc,stats       ] Concurrent Update Refs            16989 us
[88.420s][info][gc,stats       ] Pause Final Update Refs (G)         450 us
[88.420s][info][gc,stats       ] Pause Final Update Refs (N)          92 us
[88.420s][info][gc,stats       ]   Update Roots                       59 us, parallelism: 0.47x
[88.420s][info][gc,stats       ]     UR: <total>                      28 us
[88.420s][info][gc,stats       ]     UR: Thread Roots                 28 us, workers (us):  27,   0, ---, ---, ---, ---, ---, ---, ---, ---, ---, ---, ---, ---, ---, ---, ---, ---, ---, ---, ---, ---, ---, ---, 
[88.420s][info][gc,stats       ]   Update Region States                3 us
[88.420s][info][gc,stats       ]   Trash Collection Set                3 us
[88.420s][info][gc,stats       ]   Rebuild Free Set                    6 us
[88.420s][info][gc,stats       ] Concurrent Cleanup                   90 us
[88.420s][info][gc,stats       ] 
[88.420s][info][gc,stats       ] Allocation pacing accrued:
[88.420s][info][gc,stats       ]       0 of  2004 ms (  0.0%): <total>
[88.420s][info][gc,stats       ]       0 of  2004 ms (  0.0%): <average total>
[88.420s][info][gc,stats       ] 
[88.420s][info][gc,metaspace   ] Metaspace: 14126K->14126K(1062912K)
[88.420s][info][gc,ergo        ] Pacer for Idle. Initial: 327K, Alloc Tax Rate: 1.0x
[89.365s][info][gc             ] Trigger: Free (1367K) is below minimum threshold (1638K)
[89.365s][info][gc,ergo        ] Free: 1367K, Max: 174K regular, 0B humongous, Frag: 0% external, 74% internal; Reserve: 1024K, Max: 256K
[89.365s][info][gc,start       ] GC(35) Concurrent reset
[89.365s][info][gc,task        ] GC(35) Using 2 of 24 workers for concurrent reset
[89.365s][info][gc,ergo        ] GC(35) Pacer for Reset. Non-Taxable: 16384K
[89.366s][info][gc             ] GC(35) Concurrent reset 0.161ms
[89.366s][info][gc,start       ] GC(35) Pause Init Mark (process weakrefs)
[89.366s][info][gc,task        ] GC(35) Using 2 of 24 workers for init marking
[89.368s][info][gc,ergo        ] GC(35) Pacer for Mark. Expected Live: 8750K, Free: 1367K, Non-Taxable: 136K, Alloc Tax Rate: 7.8x
[89.368s][info][gc             ] GC(35) Pause Init Mark (process weakrefs) 1.789ms
[89.368s][info][gc,start       ] GC(35) Concurrent marking (process weakrefs)
[89.368s][info][gc,task        ] GC(35) Using 2 of 24 workers for concurrent marking
[89.391s][info][gc             ] GC(35) Concurrent marking (process weakrefs) 23.248ms
[89.391s][info][gc,start       ] GC(35) Concurrent precleaning
[89.391s][info][gc,task        ] GC(35) Using 1 of 24 workers for concurrent preclean
[89.391s][info][gc,ergo        ] GC(35) Pacer for Precleaning. Non-Taxable: 16384K
[89.392s][info][gc             ] GC(35) Concurrent precleaning 1.158ms
[89.393s][info][gc,start       ] GC(35) Pause Final Mark (process weakrefs)
[89.393s][info][gc,task        ] GC(35) Using 2 of 24 workers for final marking
[89.394s][info][gc,ergo        ] GC(35) Adaptive CSet Selection. Target Free: 2321K, Actual Free: 1024K, Max CSet: 682K, Min Garbage: 1297K
[89.394s][info][gc,ergo        ] GC(35) Collectable Garbage: 371K (80%), Immediate: 0B (0%), CSet: 371K (80%)
[89.395s][info][gc,ergo        ] GC(35) Pacer for Evacuation. Used CSet: 1019K, Free: 5424K, Non-Taxable: 542K, Alloc Tax Rate: 1.1x
[89.395s][info][gc             ] GC(35) Pause Final Mark (process weakrefs) 2.190ms
[89.395s][info][gc,start       ] GC(35) Concurrent cleanup
[89.395s][info][gc             ] GC(35) Concurrent cleanup 9M->9M(16M) 0.053ms
[89.395s][info][gc,ergo        ] GC(35) Free: 5424K, Max: 174K regular, 0B humongous, Frag: 0% external, 59% internal; Reserve: 863K, Max: 256K
[89.395s][info][gc,start       ] GC(35) Concurrent evacuation
[89.395s][info][gc,task        ] GC(35) Using 2 of 24 workers for concurrent evacuation
[89.398s][info][gc             ] GC(35) Concurrent evacuation 3.604ms
[89.399s][info][gc,start       ] GC(35) Pause Init Update Refs
[89.399s][info][gc,ergo        ] GC(35) Pacer for Update Refs. Used: 10697K, Free: 5424K, Non-Taxable: 542K, Alloc Tax Rate: 2.4x
[89.399s][info][gc             ] GC(35) Pause Init Update Refs 0.090ms
[89.399s][info][gc,start       ] GC(35) Concurrent update references
[89.399s][info][gc,task        ] GC(35) Using 2 of 24 workers for concurrent reference update
[89.407s][info][gc             ] GC(35) Concurrent update references 8.101ms
[89.407s][info][gc,start       ] GC(35) Pause Final Update Refs
[89.407s][info][gc,task        ] GC(35) Using 2 of 24 workers for final reference update
[89.407s][info][gc             ] GC(35) Pause Final Update Refs 0.191ms
[89.407s][info][gc,start       ] GC(35) Concurrent cleanup
[89.408s][info][gc             ] GC(35) Concurrent cleanup 10M->9M(16M) 0.145ms
[89.408s][info][gc             ] GC(35) Dat log --- cycle is complete
Current gc epoch: 32
heap: ______
capacity: 16777216
used: 9909848
committed: 16777216
bytes_allocated_since_gc_start: 0
hot_size: 55249
cold_size: 27807
num_regions: 64
hot_region_count: 18446744073709551574
cold_region_count: 66
histogram: Placeholder

[89.408s][info][gc             ] GC(35) Obj count ac histogram
[89.408s][info][gc             ] GC(35) 	0: 1814
[89.408s][info][gc             ] GC(35) 	1: 0
[89.408s][info][gc             ] GC(35) 	2: 0
[89.408s][info][gc             ] GC(35) 	3: 0
[89.408s][info][gc             ] GC(35) 	4: 0
[89.408s][info][gc             ] GC(35) 	5: 0
[89.408s][info][gc             ] GC(35) 	6: 0
[89.408s][info][gc             ] GC(35) 	7: 0
[89.408s][info][gc             ] GC(35) 	8: 0
[89.408s][info][gc             ] GC(35) 	9: 0
[89.408s][info][gc             ] GC(35) 	10: 0
[89.408s][info][gc             ] GC(35) 	11: 0
[89.408s][info][gc             ] GC(35) 	12: 0
[89.408s][info][gc             ] GC(35) 	13: 5942
[89.408s][info][gc             ] GC(35) 	14: 0
[89.408s][info][gc             ] GC(35) 	15: 0
[89.408s][info][gc             ] GC(35) 	16: 0
[89.408s][info][gc             ] GC(35) 	17: 0
[89.408s][info][gc             ] GC(35) 	18: 0
[89.408s][info][gc             ] GC(35) 	19: 0
[89.408s][info][gc             ] GC(35) Obj size ac histogram
[89.408s][info][gc             ] GC(35) 	0: 27807
[89.408s][info][gc             ] GC(35) 	1: 0
[89.408s][info][gc             ] GC(35) 	2: 0
[89.408s][info][gc             ] GC(35) 	3: 0
[89.408s][info][gc             ] GC(35) 	4: 0
[89.408s][info][gc             ] GC(35) 	5: 0
[89.408s][info][gc             ] GC(35) 	6: 0
[89.408s][info][gc             ] GC(35) 	7: 0
[89.408s][info][gc             ] GC(35) 	8: 0
[89.408s][info][gc             ] GC(35) 	9: 0
[89.408s][info][gc             ] GC(35) 	10: 0
[89.408s][info][gc             ] GC(35) 	11: 0
[89.408s][info][gc             ] GC(35) 	12: 0
[89.408s][info][gc             ] GC(35) 	13: 54280
[89.408s][info][gc             ] GC(35) 	14: 0
[89.408s][info][gc             ] GC(35) 	15: 0
[89.408s][info][gc             ] GC(35) 	16: 0
[89.408s][info][gc             ] GC(35) 	17: 0
[89.408s][info][gc             ] GC(35) 	18: 0
[89.408s][info][gc             ] GC(35) 	19: 0
[89.408s][info][gc,ergo        ] Free: 5682K, Max: 256K regular, 256K humongous, Frag: 0% external, 59% internal; Reserve: 1024K, Max: 256K
[89.408s][info][gc,stats       ] 
[89.408s][info][gc,stats       ] All times are wall-clock times, except per-root-class counters, that are sum over
[89.408s][info][gc,stats       ] all workers. Dividing the <total> over the root stage time estimates parallelism.
[89.408s][info][gc,stats       ] 
[89.408s][info][gc,stats       ] Concurrent Reset                    140 us
[89.408s][info][gc,stats       ] Pause Init Mark (G)                2190 us
[89.408s][info][gc,stats       ] Pause Init Mark (N)                1743 us
[89.408s][info][gc,stats       ]   Accumulate Stats                    5 us
[89.408s][info][gc,stats       ]   Make Parsable                       9 us
[89.408s][info][gc,stats       ]   Update Region States                2 us
[89.408s][info][gc,stats       ]   Scan Roots                       1602 us, parallelism: 0.98x
[89.408s][info][gc,stats       ]     S: <total>                     1575 us
[89.408s][info][gc,stats       ]     S: Thread Roots                  98 us, workers (us):  96,   2, ---, ---, ---, ---, ---, ---, ---, ---, ---, ---, ---, ---, ---, ---, ---, ---, ---, ---, ---, ---, ---, ---, 
[89.408s][info][gc,stats       ]     S: Universe Roots                18 us, workers (us):  18, ---, ---, ---, ---, ---, ---, ---, ---, ---, ---, ---, ---, ---, ---, ---, ---, ---, ---, ---, ---, ---, ---, ---, 
[89.408s][info][gc,stats       ]     S: JNI Handles Roots              3 us, workers (us):   3, ---, ---, ---, ---, ---, ---, ---, ---, ---, ---, ---, ---, ---, ---, ---, ---, ---, ---, ---, ---, ---, ---, ---, 
[89.408s][info][gc,stats       ]     S: Synchronizer Roots             0 us, workers (us):   0, ---, ---, ---, ---, ---, ---, ---, ---, ---, ---, ---, ---, ---, ---, ---, ---, ---, ---, ---, ---, ---, ---, ---, 
[89.408s][info][gc,stats       ]     S: Management Roots               2 us, workers (us):   2, ---, ---, ---, ---, ---, ---, ---, ---, ---, ---, ---, ---, ---, ---, ---, ---, ---, ---, ---, ---, ---, ---, ---, 
[89.408s][info][gc,stats       ]     S: System Dict Roots             26 us, workers (us):  26, ---, ---, ---, ---, ---, ---, ---, ---, ---, ---, ---, ---, ---, ---, ---, ---, ---, ---, ---, ---, ---, ---, ---, 
[89.408s][info][gc,stats       ]     S: CLDG Roots                  1427 us, workers (us): ---, 1427, ---, ---, ---, ---, ---, ---, ---, ---, ---, ---, ---, ---, ---, ---, ---, ---, ---, ---, ---, ---, ---, ---, 
[89.408s][info][gc,stats       ]     S: JVMTI Roots                    1 us, workers (us):   1, ---, ---, ---, ---, ---, ---, ---, ---, ---, ---, ---, ---, ---, ---, ---, ---, ---, ---, ---, ---, ---, ---, ---, 
[89.408s][info][gc,stats       ]   Resize TLABs                        6 us
[89.408s][info][gc,stats       ] Concurrent Marking                23196 us
[89.408s][info][gc,stats       ] Concurrent Precleaning             1139 us
[89.408s][info][gc,stats       ] Pause Final Mark (G)               2518 us
[89.408s][info][gc,stats       ] Pause Final Mark (N)               2146 us
[89.408s][info][gc,stats       ]   Finish Queues                     110 us
[89.408s][info][gc,stats       ]   Weak References                   426 us
[89.408s][info][gc,stats       ]     Process                         417 us
[89.408s][info][gc,stats       ]   System Purge                      574 us
[89.408s][info][gc,stats       ]     Weak Roots                      573 us
[89.408s][info][gc,stats       ]   Update Region States                3 us
[89.409s][info][gc,stats       ]   Retire TLABs                        5 us
[89.409s][info][gc,stats       ]   Choose Collection Set              58 us
[89.409s][info][gc,stats       ]   Rebuild Free Set                    6 us
[89.409s][info][gc,stats       ]   Initial Evacuation                942 us, parallelism: 0.58x
[89.409s][info][gc,stats       ]     E: <total>                      547 us
[89.409s][info][gc,stats       ]     E: Thread Roots                 116 us, workers (us): 115,   1, ---, ---, ---, ---, ---, ---, ---, ---, ---, ---, ---, ---, ---, ---, ---, ---, ---, ---, ---, ---, ---, ---, 
[89.409s][info][gc,stats       ]     E: Code Cache Roots               0 us, workers (us):   0,   0, ---, ---, ---, ---, ---, ---, ---, ---, ---, ---, ---, ---, ---, ---, ---, ---, ---, ---, ---, ---, ---, ---, 
[89.409s][info][gc,stats       ]     E: Universe Roots                24 us, workers (us):  24, ---, ---, ---, ---, ---, ---, ---, ---, ---, ---, ---, ---, ---, ---, ---, ---, ---, ---, ---, ---, ---, ---, ---, 
[89.409s][info][gc,stats       ]     E: JNI Handles Roots             25 us, workers (us): ---,  25, ---, ---, ---, ---, ---, ---, ---, ---, ---, ---, ---, ---, ---, ---, ---, ---, ---, ---, ---, ---, ---, ---, 
[89.409s][info][gc,stats       ]     E: Synchronizer Roots             0 us, workers (us):   0, ---, ---, ---, ---, ---, ---, ---, ---, ---, ---, ---, ---, ---, ---, ---, ---, ---, ---, ---, ---, ---, ---, ---, 
[89.409s][info][gc,stats       ]     E: Management Roots               1 us, workers (us):   1, ---, ---, ---, ---, ---, ---, ---, ---, ---, ---, ---, ---, ---, ---, ---, ---, ---, ---, ---, ---, ---, ---, ---, 
[89.409s][info][gc,stats       ]     E: System Dict Roots             13 us, workers (us):  13, ---, ---, ---, ---, ---, ---, ---, ---, ---, ---, ---, ---, ---, ---, ---, ---, ---, ---, ---, ---, ---, ---, ---, 
[89.409s][info][gc,stats       ]     E: CLDG Roots                   367 us, workers (us): ---, 367, ---, ---, ---, ---, ---, ---, ---, ---, ---, ---, ---, ---, ---, ---, ---, ---, ---, ---, ---, ---, ---, ---, 
[89.409s][info][gc,stats       ]     E: JVMTI Roots                    0 us, workers (us): ---,   0, ---, ---, ---, ---, ---, ---, ---, ---, ---, ---, ---, ---, ---, ---, ---, ---, ---, ---, ---, ---, ---, ---, 
[89.409s][info][gc,stats       ] Concurrent Cleanup                    6 us
[89.409s][info][gc,stats       ] Concurrent Evacuation              3586 us
[89.409s][info][gc,stats       ] Pause Init  Update Refs (G)         316 us
[89.409s][info][gc,stats       ] Pause Init  Update Refs (N)          48 us
[89.409s][info][gc,stats       ]   Retire GCLABs                      26 us
[89.409s][info][gc,stats       ] Concurrent Update Refs             8072 us
[89.409s][info][gc,stats       ] Pause Final Update Refs (G)         462 us
[89.409s][info][gc,stats       ] Pause Final Update Refs (N)         147 us
[89.409s][info][gc,stats       ]   Update Roots                      114 us, parallelism: 0.78x
[89.409s][info][gc,stats       ]     UR: <total>                      90 us
[89.409s][info][gc,stats       ]     UR: Thread Roots                 90 us, workers (us):  61,  28, ---, ---, ---, ---, ---, ---, ---, ---, ---, ---, ---, ---, ---, ---, ---, ---, ---, ---, ---, ---, ---, ---, 
[89.409s][info][gc,stats       ]   Update Region States                3 us
[89.409s][info][gc,stats       ]   Trash Collection Set                3 us
[89.409s][info][gc,stats       ]   Rebuild Free Set                    6 us
[89.409s][info][gc,stats       ] Concurrent Cleanup                  119 us
[89.409s][info][gc,stats       ] 
[89.409s][info][gc,stats       ] Allocation pacing accrued:
[89.409s][info][gc,stats       ]       0 of   989 ms (  0.0%): <total>
[89.409s][info][gc,stats       ]       0 of   989 ms (  0.0%): <average total>
[89.409s][info][gc,stats       ] 
[89.409s][info][gc,metaspace   ] Metaspace: 14126K->14126K(1062912K)
[89.409s][info][gc,ergo        ] Pacer for Idle. Initial: 327K, Alloc Tax Rate: 1.0x
[90.366s][info][gc             ] Trigger: Free (1237K) is below minimum threshold (1638K)
[90.366s][info][gc,ergo        ] Free: 1237K, Max: 174K regular, 0B humongous, Frag: 0% external, 76% internal; Reserve: 1024K, Max: 256K
[90.366s][info][gc,start       ] GC(36) Concurrent reset
[90.366s][info][gc,task        ] GC(36) Using 2 of 24 workers for concurrent reset
[90.366s][info][gc,ergo        ] GC(36) Pacer for Reset. Non-Taxable: 16384K
[90.366s][info][gc             ] GC(36) Concurrent reset 0.207ms
[90.367s][info][gc,start       ] GC(36) Pause Init Mark
[90.367s][info][gc,task        ] GC(36) Using 2 of 24 workers for init marking
[90.368s][info][gc,ergo        ] GC(36) Pacer for Mark. Expected Live: 8750K, Free: 1237K, Non-Taxable: 123K, Alloc Tax Rate: 8.6x
[90.369s][info][gc             ] GC(36) Pause Init Mark 1.732ms
[90.369s][info][gc,start       ] GC(36) Concurrent marking
[90.369s][info][gc,task        ] GC(36) Using 2 of 24 workers for concurrent marking
[90.391s][info][gc             ] GC(36) Concurrent marking 22.182ms
[90.391s][info][gc,start       ] GC(36) Pause Final Mark
[90.391s][info][gc,task        ] GC(36) Using 2 of 24 workers for final marking
[90.391s][info][gc,ergo        ] GC(36) Adaptive CSet Selection. Target Free: 2321K, Actual Free: 3333K, Max CSet: 682K, Min Garbage: 0B
[90.391s][info][gc,ergo        ] GC(36) Collectable Garbage: 2981K (98%), Immediate: 2309K (76%), CSet: 671K (22%)
[90.392s][info][gc,ergo        ] GC(36) Pacer for Evacuation. Used CSet: 1296K, Free: 7618K, Non-Taxable: 761K, Alloc Tax Rate: 1.1x
[90.392s][info][gc             ] GC(36) Pause Final Mark 0.863ms
[90.392s][info][gc,start       ] GC(36) Concurrent cleanup
[90.393s][info][gc             ] GC(36) Concurrent cleanup 9M->7M(16M) 0.743ms
[90.393s][info][gc,ergo        ] GC(36) Free: 7618K, Max: 256K regular, 1536K humongous, Frag: 67% external, 41% internal; Reserve: 1024K, Max: 256K
[90.393s][info][gc,start       ] GC(36) Concurrent evacuation
[90.393s][info][gc,task        ] GC(36) Using 2 of 24 workers for concurrent evacuation
[90.396s][info][gc             ] GC(36) Concurrent evacuation 3.084ms
[90.396s][info][gc,start       ] GC(36) Pause Init Update Refs
[90.396s][info][gc,ergo        ] GC(36) Pacer for Update Refs. Used: 8270K, Free: 7618K, Non-Taxable: 761K, Alloc Tax Rate: 1.3x
[90.396s][info][gc             ] GC(36) Pause Init Update Refs 0.090ms
[90.396s][info][gc,start       ] GC(36) Concurrent update references
[90.396s][info][gc,task        ] GC(36) Using 2 of 24 workers for concurrent reference update
[90.414s][info][gc             ] GC(36) Concurrent update references 17.385ms
[90.414s][info][gc,start       ] GC(36) Pause Final Update Refs
[90.414s][info][gc,task        ] GC(36) Using 2 of 24 workers for final reference update
[90.414s][info][gc             ] GC(36) Pause Final Update Refs 0.152ms
[90.414s][info][gc,start       ] GC(36) Concurrent cleanup
[90.414s][info][gc             ] GC(36) Concurrent cleanup 8M->6M(16M) 0.232ms
[90.414s][info][gc             ] GC(36) Dat log --- cycle is complete
Current gc epoch: 33
heap: ______
capacity: 16777216
used: 7140672
committed: 16777216
bytes_allocated_since_gc_start: 0
hot_size: 24248
cold_size: 55748
num_regions: 64
hot_region_count: 18446744073709551570
cold_region_count: 68
histogram: Placeholder

[90.414s][info][gc             ] GC(36) Obj count ac histogram
[90.414s][info][gc             ] GC(36) 	0: 5215
[90.414s][info][gc             ] GC(36) 	1: 0
[90.414s][info][gc             ] GC(36) 	2: 0
[90.414s][info][gc             ] GC(36) 	3: 0
[90.414s][info][gc             ] GC(36) 	4: 0
[90.414s][info][gc             ] GC(36) 	5: 0
[90.414s][info][gc             ] GC(36) 	6: 0
[90.414s][info][gc             ] GC(36) 	7: 0
[90.414s][info][gc             ] GC(36) 	8: 0
[90.414s][info][gc             ] GC(36) 	9: 0
[90.414s][info][gc             ] GC(36) 	10: 0
[90.414s][info][gc             ] GC(36) 	11: 0
[90.414s][info][gc             ] GC(36) 	12: 0
[90.414s][info][gc             ] GC(36) 	13: 2460
[90.414s][info][gc             ] GC(36) 	14: 0
[90.414s][info][gc             ] GC(36) 	15: 0
[90.414s][info][gc             ] GC(36) 	16: 0
[90.414s][info][gc             ] GC(36) 	17: 0
[90.414s][info][gc             ] GC(36) 	18: 0
[90.415s][info][gc             ] GC(36) 	19: 0
[90.415s][info][gc             ] GC(36) Obj size ac histogram
[90.415s][info][gc             ] GC(36) 	0: 55748
[90.415s][info][gc             ] GC(36) 	1: 0
[90.415s][info][gc             ] GC(36) 	2: 0
[90.415s][info][gc             ] GC(36) 	3: 0
[90.415s][info][gc             ] GC(36) 	4: 0
[90.415s][info][gc             ] GC(36) 	5: 0
[90.415s][info][gc             ] GC(36) 	6: 0
[90.415s][info][gc             ] GC(36) 	7: 0
[90.415s][info][gc             ] GC(36) 	8: 0
[90.415s][info][gc             ] GC(36) 	9: 0
[90.415s][info][gc             ] GC(36) 	10: 0
[90.415s][info][gc             ] GC(36) 	11: 0
[90.415s][info][gc             ] GC(36) 	12: 0
[90.415s][info][gc             ] GC(36) 	13: 24248
[90.415s][info][gc             ] GC(36) 	14: 0
[90.415s][info][gc             ] GC(36) 	15: 0
[90.415s][info][gc             ] GC(36) 	16: 0
[90.415s][info][gc             ] GC(36) 	17: 0
[90.415s][info][gc             ] GC(36) 	18: 0
[90.415s][info][gc             ] GC(36) 	19: 0
[90.415s][info][gc,ergo        ] Free: 8386K, Max: 256K regular, 1536K humongous, Frag: 72% external, 39% internal; Reserve: 1024K, Max: 256K
[90.415s][info][gc,stats       ] 
[90.415s][info][gc,stats       ] All times are wall-clock times, except per-root-class counters, that are sum over
[90.415s][info][gc,stats       ] all workers. Dividing the <total> over the root stage time estimates parallelism.
[90.415s][info][gc,stats       ] 
[90.415s][info][gc,stats       ] Concurrent Reset                    186 us
[90.415s][info][gc,stats       ] Pause Init Mark (G)                2131 us
[90.415s][info][gc,stats       ] Pause Init Mark (N)                1689 us
[90.415s][info][gc,stats       ]   Accumulate Stats                    5 us
[90.415s][info][gc,stats       ]   Make Parsable                       8 us
[90.415s][info][gc,stats       ]   Update Region States                2 us
[90.415s][info][gc,stats       ]   Scan Roots                       1542 us, parallelism: 1.00x
[90.415s][info][gc,stats       ]     S: <total>                     1542 us
[90.415s][info][gc,stats       ]     S: Thread Roots                  96 us, workers (us):   2,  94, ---, ---, ---, ---, ---, ---, ---, ---, ---, ---, ---, ---, ---, ---, ---, ---, ---, ---, ---, ---, ---, ---, 
[90.415s][info][gc,stats       ]     S: Universe Roots                18 us, workers (us):  18, ---, ---, ---, ---, ---, ---, ---, ---, ---, ---, ---, ---, ---, ---, ---, ---, ---, ---, ---, ---, ---, ---, ---, 
[90.415s][info][gc,stats       ]     S: JNI Handles Roots              3 us, workers (us):   3, ---, ---, ---, ---, ---, ---, ---, ---, ---, ---, ---, ---, ---, ---, ---, ---, ---, ---, ---, ---, ---, ---, ---, 
[90.415s][info][gc,stats       ]     S: Synchronizer Roots             0 us, workers (us): ---,   0, ---, ---, ---, ---, ---, ---, ---, ---, ---, ---, ---, ---, ---, ---, ---, ---, ---, ---, ---, ---, ---, ---, 
[90.415s][info][gc,stats       ]     S: Management Roots               2 us, workers (us): ---,   2, ---, ---, ---, ---, ---, ---, ---, ---, ---, ---, ---, ---, ---, ---, ---, ---, ---, ---, ---, ---, ---, ---, 
[90.415s][info][gc,stats       ]     S: System Dict Roots             30 us, workers (us): ---,  30, ---, ---, ---, ---, ---, ---, ---, ---, ---, ---, ---, ---, ---, ---, ---, ---, ---, ---, ---, ---, ---, ---, 
[90.415s][info][gc,stats       ]     S: CLDG Roots                  1393 us, workers (us): 1393, ---, ---, ---, ---, ---, ---, ---, ---, ---, ---, ---, ---, ---, ---, ---, ---, ---, ---, ---, ---, ---, ---, ---, 
[90.415s][info][gc,stats       ]     S: JVMTI Roots                    1 us, workers (us):   1, ---, ---, ---, ---, ---, ---, ---, ---, ---, ---, ---, ---, ---, ---, ---, ---, ---, ---, ---, ---, ---, ---, ---, 
[90.415s][info][gc,stats       ]   Resize TLABs                        6 us
[90.415s][info][gc,stats       ] Concurrent Marking                22130 us
[90.415s][info][gc,stats       ] Pause Final Mark (G)               1025 us
[90.415s][info][gc,stats       ] Pause Final Mark (N)                820 us
[90.415s][info][gc,stats       ]   Finish Queues                      72 us
[90.415s][info][gc,stats       ]   System Purge                      280 us
[90.415s][info][gc,stats       ]     Weak Roots                      279 us
[90.415s][info][gc,stats       ]   Update Region States                4 us
[90.415s][info][gc,stats       ]   Retire TLABs                        5 us
[90.415s][info][gc,stats       ]   Choose Collection Set              71 us
[90.415s][info][gc,stats       ]   Rebuild Free Set                    7 us
[90.415s][info][gc,stats       ]   Initial Evacuation                357 us, parallelism: 0.57x
[90.415s][info][gc,stats       ]     E: <total>                      204 us
[90.415s][info][gc,stats       ]     E: Thread Roots                  62 us, workers (us):   1,  61, ---, ---, ---, ---, ---, ---, ---, ---, ---, ---, ---, ---, ---, ---, ---, ---, ---, ---, ---, ---, ---, ---, 
[90.415s][info][gc,stats       ]     E: Code Cache Roots               1 us, workers (us):   0,   1, ---, ---, ---, ---, ---, ---, ---, ---, ---, ---, ---, ---, ---, ---, ---, ---, ---, ---, ---, ---, ---, ---, 
[90.415s][info][gc,stats       ]     E: Universe Roots                 3 us, workers (us):   3, ---, ---, ---, ---, ---, ---, ---, ---, ---, ---, ---, ---, ---, ---, ---, ---, ---, ---, ---, ---, ---, ---, ---, 
[90.415s][info][gc,stats       ]     E: JNI Handles Roots              2 us, workers (us): ---,   2, ---, ---, ---, ---, ---, ---, ---, ---, ---, ---, ---, ---, ---, ---, ---, ---, ---, ---, ---, ---, ---, ---, 
[90.415s][info][gc,stats       ]     E: Synchronizer Roots             0 us, workers (us):   0, ---, ---, ---, ---, ---, ---, ---, ---, ---, ---, ---, ---, ---, ---, ---, ---, ---, ---, ---, ---, ---, ---, ---, 
[90.415s][info][gc,stats       ]     E: Management Roots               1 us, workers (us):   1, ---, ---, ---, ---, ---, ---, ---, ---, ---, ---, ---, ---, ---, ---, ---, ---, ---, ---, ---, ---, ---, ---, ---, 
[90.415s][info][gc,stats       ]     E: System Dict Roots              6 us, workers (us):   6, ---, ---, ---, ---, ---, ---, ---, ---, ---, ---, ---, ---, ---, ---, ---, ---, ---, ---, ---, ---, ---, ---, ---, 
[90.415s][info][gc,stats       ]     E: CLDG Roots                   129 us, workers (us): 129, ---, ---, ---, ---, ---, ---, ---, ---, ---, ---, ---, ---, ---, ---, ---, ---, ---, ---, ---, ---, ---, ---, ---, 
[90.415s][info][gc,stats       ]     E: JVMTI Roots                    1 us, workers (us): ---,   1, ---, ---, ---, ---, ---, ---, ---, ---, ---, ---, ---, ---, ---, ---, ---, ---, ---, ---, ---, ---, ---, ---, 
[90.415s][info][gc,stats       ] Concurrent Cleanup                  717 us
[90.415s][info][gc,stats       ] Concurrent Evacuation              3064 us
[90.415s][info][gc,stats       ] Pause Init  Update Refs (G)         411 us
[90.415s][info][gc,stats       ] Pause Init  Update Refs (N)          47 us
[90.415s][info][gc,stats       ]   Retire GCLABs                      26 us
[90.415s][info][gc,stats       ] Concurrent Update Refs            17340 us
[90.415s][info][gc,stats       ] Pause Final Update Refs (G)         400 us
[90.415s][info][gc,stats       ] Pause Final Update Refs (N)         109 us
[90.415s][info][gc,stats       ]   Update Roots                       75 us, parallelism: 0.60x
[90.415s][info][gc,stats       ]     UR: <total>                      45 us
[90.416s][info][gc,stats       ]     UR: Thread Roots                 45 us, workers (us):  44,   1, ---, ---, ---, ---, ---, ---, ---, ---, ---, ---, ---, ---, ---, ---, ---, ---, ---, ---, ---, ---, ---, ---, 
[90.416s][info][gc,stats       ]   Update Region States                4 us
[90.416s][info][gc,stats       ]   Trash Collection Set                3 us
[90.416s][info][gc,stats       ]   Rebuild Free Set                    7 us
[90.416s][info][gc,stats       ] Concurrent Cleanup                  207 us
[90.416s][info][gc,stats       ] 
[90.416s][info][gc,stats       ] Allocation pacing accrued:
[90.416s][info][gc,stats       ]       0 of  1007 ms (  0.0%): <total>
[90.416s][info][gc,stats       ]       0 of  1007 ms (  0.0%): <average total>
[90.416s][info][gc,stats       ] 
[90.416s][info][gc,metaspace   ] Metaspace: 14126K->14126K(1062912K)
[90.416s][info][gc,ergo        ] Pacer for Idle. Initial: 327K, Alloc Tax Rate: 1.0x
[109.372s][info][gc             ] Trigger: Free (1483K) is below minimum threshold (1638K)
[109.372s][info][gc,ergo        ] Free: 1483K, Max: 256K regular, 256K humongous, Frag: 50% external, 69% internal; Reserve: 1024K, Max: 256K
[109.372s][info][gc,start       ] GC(37) Concurrent reset
[109.372s][info][gc,task        ] GC(37) Using 2 of 24 workers for concurrent reset
[109.372s][info][gc,ergo        ] GC(37) Pacer for Reset. Non-Taxable: 16384K
[109.372s][info][gc             ] GC(37) Concurrent reset 0.209ms
[109.372s][info][gc,start       ] GC(37) Pause Init Mark
[109.372s][info][gc,task        ] GC(37) Using 2 of 24 workers for init marking
[109.374s][info][gc,ergo        ] GC(37) Pacer for Mark. Expected Live: 8724K, Free: 1483K, Non-Taxable: 148K, Alloc Tax Rate: 7.2x
[109.374s][info][gc             ] GC(37) Pause Init Mark 1.842ms
[109.374s][info][gc,start       ] GC(37) Concurrent marking
[109.374s][info][gc,task        ] GC(37) Using 2 of 24 workers for concurrent marking
[109.396s][info][gc             ] GC(37) Concurrent marking 21.432ms
[109.396s][info][gc,start       ] GC(37) Pause Final Mark
[109.396s][info][gc,task        ] GC(37) Using 2 of 24 workers for final marking
[109.396s][info][gc,ergo        ] GC(37) Adaptive CSet Selection. Target Free: 2321K, Actual Free: 1536K, Max CSet: 682K, Min Garbage: 785K
[109.396s][info][gc,ergo        ] GC(37) Collectable Garbage: 143K (68%), Immediate: 0B (0%), CSet: 143K (68%)
[109.398s][info][gc,ergo        ] GC(37) Pacer for Evacuation. Used CSet: 768K, Free: 5937K, Non-Taxable: 593K, Alloc Tax Rate: 1.1x
[109.398s][info][gc             ] GC(37) Pause Final Mark 2.012ms
[109.398s][info][gc,start       ] GC(37) Concurrent cleanup
[109.398s][info][gc             ] GC(37) Concurrent cleanup 9M->9M(16M) 0.024ms
[109.398s][info][gc,ergo        ] GC(37) Free: 5937K, Max: 256K regular, 256K humongous, Frag: 50% external, 57% internal; Reserve: 946K, Max: 256K
[109.398s][info][gc,start       ] GC(37) Concurrent evacuation
[109.398s][info][gc,task        ] GC(37) Using 2 of 24 workers for concurrent evacuation
[109.404s][info][gc             ] GC(37) Concurrent evacuation 6.401ms
[109.404s][info][gc,start       ] GC(37) Pause Init Update Refs
[109.405s][info][gc,ergo        ] GC(37) Pacer for Update Refs. Used: 10446K, Free: 5937K, Non-Taxable: 593K, Alloc Tax Rate: 2.2x
[109.405s][info][gc             ] GC(37) Pause Init Update Refs 0.124ms
[109.405s][info][gc,start       ] GC(37) Concurrent update references
[109.405s][info][gc,task        ] GC(37) Using 2 of 24 workers for concurrent reference update
[109.421s][info][gc             ] GC(37) Concurrent update references 16.808ms
[109.422s][info][gc,start       ] GC(37) Pause Final Update Refs
[109.422s][info][gc,task        ] GC(37) Using 2 of 24 workers for final reference update
[109.422s][info][gc             ] GC(37) Pause Final Update Refs 0.194ms
[109.422s][info][gc,start       ] GC(37) Concurrent cleanup
[109.422s][info][gc             ] GC(37) Concurrent cleanup 10M->9M(16M) 0.114ms
[109.422s][info][gc             ] GC(37) Dat log --- cycle is complete
Current gc epoch: 34
heap: ______
capacity: 16777216
used: 9910704
committed: 16777216
bytes_allocated_since_gc_start: 0
hot_size: 54511
cold_size: 25455
num_regions: 64
hot_region_count: 18446744073709551570
cold_region_count: 69
histogram: Placeholder

[109.422s][info][gc             ] GC(37) Obj count ac histogram
[109.422s][info][gc             ] GC(37) 	0: 4030
[109.422s][info][gc             ] GC(37) 	1: 0
[109.422s][info][gc             ] GC(37) 	2: 0
[109.422s][info][gc             ] GC(37) 	3: 0
[109.422s][info][gc             ] GC(37) 	4: 0
[109.422s][info][gc             ] GC(37) 	5: 0
[109.422s][info][gc             ] GC(37) 	6: 0
[109.422s][info][gc             ] GC(37) 	7: 0
[109.422s][info][gc             ] GC(37) 	8: 0
[109.422s][info][gc             ] GC(37) 	9: 0
[109.422s][info][gc             ] GC(37) 	10: 0
[109.422s][info][gc             ] GC(37) 	11: 0
[109.422s][info][gc             ] GC(37) 	12: 0
[109.422s][info][gc             ] GC(37) 	13: 6321
[109.422s][info][gc             ] GC(37) 	14: 0
[109.422s][info][gc             ] GC(37) 	15: 0
[109.422s][info][gc             ] GC(37) 	16: 0
[109.422s][info][gc             ] GC(37) 	17: 0
[109.422s][info][gc             ] GC(37) 	18: 0
[109.422s][info][gc             ] GC(37) 	19: 0
[109.422s][info][gc             ] GC(37) Obj size ac histogram
[109.422s][info][gc             ] GC(37) 	0: 25455
[109.422s][info][gc             ] GC(37) 	1: 0
[109.422s][info][gc             ] GC(37) 	2: 0
[109.422s][info][gc             ] GC(37) 	3: 0
[109.422s][info][gc             ] GC(37) 	4: 0
[109.422s][info][gc             ] GC(37) 	5: 0
[109.422s][info][gc             ] GC(37) 	6: 0
[109.422s][info][gc             ] GC(37) 	7: 0
[109.422s][info][gc             ] GC(37) 	8: 0
[109.422s][info][gc             ] GC(37) 	9: 0
[109.422s][info][gc             ] GC(37) 	10: 0
[109.422s][info][gc             ] GC(37) 	11: 0
[109.422s][info][gc             ] GC(37) 	12: 0
[109.422s][info][gc             ] GC(37) 	13: 54426
[109.422s][info][gc             ] GC(37) 	14: 0
[109.422s][info][gc             ] GC(37) 	15: 0
[109.422s][info][gc             ] GC(37) 	16: 0
[109.422s][info][gc             ] GC(37) 	17: 0
[109.422s][info][gc             ] GC(37) 	18: 0
[109.422s][info][gc             ] GC(37) 	19: 0
[109.423s][info][gc,ergo        ] Free: 5681K, Max: 256K regular, 256K humongous, Frag: 0% external, 58% internal; Reserve: 1024K, Max: 256K
[109.423s][info][gc,stats       ] 
[109.423s][info][gc,stats       ] All times are wall-clock times, except per-root-class counters, that are sum over
[109.423s][info][gc,stats       ] all workers. Dividing the <total> over the root stage time estimates parallelism.
[109.423s][info][gc,stats       ] 
[109.423s][info][gc,stats       ] Concurrent Reset                    188 us
[109.423s][info][gc,stats       ] Pause Init Mark (G)                2241 us
[109.423s][info][gc,stats       ] Pause Init Mark (N)                1794 us
[109.423s][info][gc,stats       ]   Accumulate Stats                    6 us
[109.423s][info][gc,stats       ]   Make Parsable                      10 us
[109.423s][info][gc,stats       ]   Update Region States                2 us
[109.423s][info][gc,stats       ]   Scan Roots                       1649 us, parallelism: 0.98x
[109.423s][info][gc,stats       ]     S: <total>                     1622 us
[109.423s][info][gc,stats       ]     S: Thread Roots                 108 us, workers (us): 106,   2, ---, ---, ---, ---, ---, ---, ---, ---, ---, ---, ---, ---, ---, ---, ---, ---, ---, ---, ---, ---, ---, ---, 
[109.423s][info][gc,stats       ]     S: Universe Roots                19 us, workers (us):  19, ---, ---, ---, ---, ---, ---, ---, ---, ---, ---, ---, ---, ---, ---, ---, ---, ---, ---, ---, ---, ---, ---, ---, 
[109.423s][info][gc,stats       ]     S: JNI Handles Roots              3 us, workers (us):   3, ---, ---, ---, ---, ---, ---, ---, ---, ---, ---, ---, ---, ---, ---, ---, ---, ---, ---, ---, ---, ---, ---, ---, 
[109.423s][info][gc,stats       ]     S: Synchronizer Roots             0 us, workers (us):   0, ---, ---, ---, ---, ---, ---, ---, ---, ---, ---, ---, ---, ---, ---, ---, ---, ---, ---, ---, ---, ---, ---, ---, 
[109.423s][info][gc,stats       ]     S: Management Roots               2 us, workers (us):   2, ---, ---, ---, ---, ---, ---, ---, ---, ---, ---, ---, ---, ---, ---, ---, ---, ---, ---, ---, ---, ---, ---, ---, 
[109.423s][info][gc,stats       ]     S: System Dict Roots             28 us, workers (us):  28, ---, ---, ---, ---, ---, ---, ---, ---, ---, ---, ---, ---, ---, ---, ---, ---, ---, ---, ---, ---, ---, ---, ---, 
[109.423s][info][gc,stats       ]     S: CLDG Roots                  1460 us, workers (us): ---, 1460, ---, ---, ---, ---, ---, ---, ---, ---, ---, ---, ---, ---, ---, ---, ---, ---, ---, ---, ---, ---, ---, ---, 
[109.423s][info][gc,stats       ]     S: JVMTI Roots                    1 us, workers (us): ---,   1, ---, ---, ---, ---, ---, ---, ---, ---, ---, ---, ---, ---, ---, ---, ---, ---, ---, ---, ---, ---, ---, ---, 
[109.423s][info][gc,stats       ]   Resize TLABs                        6 us
[109.423s][info][gc,stats       ] Concurrent Marking                21384 us
[109.423s][info][gc,stats       ] Pause Final Mark (G)               2200 us
[109.423s][info][gc,stats       ] Pause Final Mark (N)               1969 us
[109.423s][info][gc,stats       ]   Finish Queues                     114 us
[109.423s][info][gc,stats       ]   System Purge                      585 us
[109.423s][info][gc,stats       ]     Weak Roots                      584 us
[109.423s][info][gc,stats       ]   Update Region States                4 us
[109.423s][info][gc,stats       ]   Retire TLABs                        5 us
[109.423s][info][gc,stats       ]   Choose Collection Set              58 us
[109.423s][info][gc,stats       ]   Rebuild Free Set                    6 us
[109.423s][info][gc,stats       ]   Initial Evacuation               1172 us, parallelism: 0.47x
[109.423s][info][gc,stats       ]     E: <total>                      555 us
[109.423s][info][gc,stats       ]     E: Thread Roots                  63 us, workers (us):   1,  61, ---, ---, ---, ---, ---, ---, ---, ---, ---, ---, ---, ---, ---, ---, ---, ---, ---, ---, ---, ---, ---, ---, 
[109.423s][info][gc,stats       ]     E: Code Cache Roots               1 us, workers (us):   0,   1, ---, ---, ---, ---, ---, ---, ---, ---, ---, ---, ---, ---, ---, ---, ---, ---, ---, ---, ---, ---, ---, ---, 
[109.423s][info][gc,stats       ]     E: Universe Roots                 6 us, workers (us):   6, ---, ---, ---, ---, ---, ---, ---, ---, ---, ---, ---, ---, ---, ---, ---, ---, ---, ---, ---, ---, ---, ---, ---, 
[109.423s][info][gc,stats       ]     E: JNI Handles Roots              1 us, workers (us):   1, ---, ---, ---, ---, ---, ---, ---, ---, ---, ---, ---, ---, ---, ---, ---, ---, ---, ---, ---, ---, ---, ---, ---, 
[109.423s][info][gc,stats       ]     E: Synchronizer Roots             0 us, workers (us):   0, ---, ---, ---, ---, ---, ---, ---, ---, ---, ---, ---, ---, ---, ---, ---, ---, ---, ---, ---, ---, ---, ---, ---, 
[109.423s][info][gc,stats       ]     E: Management Roots               2 us, workers (us):   2, ---, ---, ---, ---, ---, ---, ---, ---, ---, ---, ---, ---, ---, ---, ---, ---, ---, ---, ---, ---, ---, ---, ---, 
[109.423s][info][gc,stats       ]     E: System Dict Roots             30 us, workers (us): ---,  30, ---, ---, ---, ---, ---, ---, ---, ---, ---, ---, ---, ---, ---, ---, ---, ---, ---, ---, ---, ---, ---, ---, 
[109.423s][info][gc,stats       ]     E: CLDG Roots                   452 us, workers (us): 452, ---, ---, ---, ---, ---, ---, ---, ---, ---, ---, ---, ---, ---, ---, ---, ---, ---, ---, ---, ---, ---, ---, ---, 
[109.423s][info][gc,stats       ]     E: JVMTI Roots                    1 us, workers (us):   1, ---, ---, ---, ---, ---, ---, ---, ---, ---, ---, ---, ---, ---, ---, ---, ---, ---, ---, ---, ---, ---, ---, ---, 
[109.423s][info][gc,stats       ] Concurrent Cleanup                    3 us
[109.423s][info][gc,stats       ] Concurrent Evacuation              6371 us
[109.423s][info][gc,stats       ] Pause Init  Update Refs (G)         430 us
[109.423s][info][gc,stats       ] Pause Init  Update Refs (N)          82 us
[109.423s][info][gc,stats       ]   Retire GCLABs                      58 us
[109.423s][info][gc,stats       ] Concurrent Update Refs            16779 us
[109.423s][info][gc,stats       ] Pause Final Update Refs (G)         441 us
[109.423s][info][gc,stats       ] Pause Final Update Refs (N)         151 us
[109.423s][info][gc,stats       ]   Update Roots                      118 us, parallelism: 0.76x
[109.423s][info][gc,stats       ]     UR: <total>                      90 us
[109.423s][info][gc,stats       ]     UR: Thread Roots                 90 us, workers (us):  60,  30, ---, ---, ---, ---, ---, ---, ---, ---, ---, ---, ---, ---, ---, ---, ---, ---, ---, ---, ---, ---, ---, ---, 
[109.423s][info][gc,stats       ]   Update Region States                3 us
[109.423s][info][gc,stats       ]   Trash Collection Set                3 us
[109.423s][info][gc,stats       ]   Rebuild Free Set                    6 us
[109.423s][info][gc,stats       ] Concurrent Cleanup                   87 us
[109.423s][info][gc,stats       ] 
[109.423s][info][gc,stats       ] Allocation pacing accrued:
[109.423s][info][gc,stats       ]       0 of 19008 ms (  0.0%): <total>
[109.423s][info][gc,stats       ]       0 of 19008 ms (  0.0%): <average total>
[109.423s][info][gc,stats       ] 
[109.423s][info][gc,metaspace   ] Metaspace: 14126K->14126K(1062912K)
[109.423s][info][gc,ergo        ] Pacer for Idle. Initial: 327K, Alloc Tax Rate: 1.0x
[110.372s][info][gc             ] Trigger: Free (971K) is below minimum threshold (1638K)
[110.372s][info][gc,ergo        ] Free: 971K, Max: 174K regular, 0B humongous, Frag: 0% external, 77% internal; Reserve: 1024K, Max: 256K
[110.372s][info][gc,start       ] GC(38) Concurrent reset
[110.372s][info][gc,task        ] GC(38) Using 2 of 24 workers for concurrent reset
[110.372s][info][gc,ergo        ] GC(38) Pacer for Reset. Non-Taxable: 16384K
[110.373s][info][gc             ] GC(38) Concurrent reset 0.157ms
[110.373s][info][gc,start       ] GC(38) Pause Init Mark
[110.373s][info][gc,task        ] GC(38) Using 2 of 24 workers for init marking
[110.374s][info][gc,ergo        ] GC(38) Pacer for Mark. Expected Live: 8776K, Free: 971K, Non-Taxable: 99434B, Alloc Tax Rate: 11.0x
[110.374s][info][gc             ] GC(38) Pause Init Mark 1.004ms
[110.374s][info][gc,start       ] GC(38) Concurrent marking
[110.374s][info][gc,task        ] GC(38) Using 2 of 24 workers for concurrent marking
[110.395s][info][gc             ] GC(38) Concurrent marking 21.338ms
[110.395s][info][gc,start       ] GC(38) Pause Final Mark
[110.395s][info][gc,task        ] GC(38) Using 2 of 24 workers for final marking
[110.396s][info][gc,ergo        ] GC(38) Adaptive CSet Selection. Target Free: 2321K, Actual Free: 1024K, Max CSet: 682K, Min Garbage: 1297K
[110.396s][info][gc,ergo        ] GC(38) Collectable Garbage: 424K (81%), Immediate: 0B (0%), CSet: 424K (81%)
[110.396s][info][gc,ergo        ] GC(38) Pacer for Evacuation. Used CSet: 958K, Free: 5431K, Non-Taxable: 543K, Alloc Tax Rate: 1.1x
[110.396s][info][gc             ] GC(38) Pause Final Mark 1.048ms
[110.396s][info][gc,start       ] GC(38) Concurrent cleanup
[110.397s][info][gc             ] GC(38) Concurrent cleanup 9M->9M(16M) 0.032ms
[110.397s][info][gc,ergo        ] GC(38) Free: 5431K, Max: 174K regular, 0B humongous, Frag: 0% external, 59% internal; Reserve: 1024K, Max: 256K
[110.397s][info][gc,start       ] GC(38) Concurrent evacuation
[110.397s][info][gc,task        ] GC(38) Using 2 of 24 workers for concurrent evacuation
[110.400s][info][gc             ] GC(38) Concurrent evacuation 3.705ms
[110.401s][info][gc,start       ] GC(38) Pause Init Update Refs
[110.401s][info][gc,ergo        ] GC(38) Pacer for Update Refs. Used: 10630K, Free: 5431K, Non-Taxable: 543K, Alloc Tax Rate: 2.4x
[110.401s][info][gc             ] GC(38) Pause Init Update Refs 0.109ms
[110.401s][info][gc,start       ] GC(38) Concurrent update references
[110.401s][info][gc,task        ] GC(38) Using 2 of 24 workers for concurrent reference update
[110.418s][info][gc             ] GC(38) Concurrent update references 16.921ms
[110.418s][info][gc,start       ] GC(38) Pause Final Update Refs
[110.418s][info][gc,task        ] GC(38) Using 2 of 24 workers for final reference update
[110.418s][info][gc             ] GC(38) Pause Final Update Refs 0.183ms
[110.418s][info][gc,start       ] GC(38) Concurrent cleanup
[110.418s][info][gc             ] GC(38) Concurrent cleanup 10M->9M(16M) 0.152ms
[110.418s][info][gc             ] GC(38) Dat log --- cycle is complete
Current gc epoch: 35
heap: ______
capacity: 16777216
used: 9904544
committed: 16777216
bytes_allocated_since_gc_start: 0
hot_size: 26294
cold_size: 42083
num_regions: 64
hot_region_count: 18446744073709551568
cold_region_count: 71
histogram: Placeholder

[110.418s][info][gc             ] GC(38) Obj count ac histogram
[110.418s][info][gc             ] GC(38) 	0: 4071
[110.418s][info][gc             ] GC(38) 	1: 0
[110.418s][info][gc             ] GC(38) 	2: 0
[110.418s][info][gc             ] GC(38) 	3: 0
[110.418s][info][gc             ] GC(38) 	4: 0
[110.418s][info][gc             ] GC(38) 	5: 0
[110.418s][info][gc             ] GC(38) 	6: 0
[110.418s][info][gc             ] GC(38) 	7: 0
[110.418s][info][gc             ] GC(38) 	8: 0
[110.418s][info][gc             ] GC(38) 	9: 0
[110.418s][info][gc             ] GC(38) 	10: 0
[110.418s][info][gc             ] GC(38) 	11: 0
[110.418s][info][gc             ] GC(38) 	12: 0
[110.419s][info][gc             ] GC(38) 	13: 3255
[110.419s][info][gc             ] GC(38) 	14: 0
[110.419s][info][gc             ] GC(38) 	15: 0
[110.419s][info][gc             ] GC(38) 	16: 0
[110.419s][info][gc             ] GC(38) 	17: 0
[110.419s][info][gc             ] GC(38) 	18: 0
[110.419s][info][gc             ] GC(38) 	19: 0
[110.419s][info][gc             ] GC(38) Obj size ac histogram
[110.419s][info][gc             ] GC(38) 	0: 42083
[110.419s][info][gc             ] GC(38) 	1: 0
[110.419s][info][gc             ] GC(38) 	2: 0
[110.419s][info][gc             ] GC(38) 	3: 0
[110.419s][info][gc             ] GC(38) 	4: 0
[110.419s][info][gc             ] GC(38) 	5: 0
[110.419s][info][gc             ] GC(38) 	6: 0
[110.419s][info][gc             ] GC(38) 	7: 0
[110.419s][info][gc             ] GC(38) 	8: 0
[110.419s][info][gc             ] GC(38) 	9: 0
[110.419s][info][gc             ] GC(38) 	10: 0
[110.419s][info][gc             ] GC(38) 	11: 0
[110.419s][info][gc             ] GC(38) 	12: 0
[110.419s][info][gc             ] GC(38) 	13: 26171
[110.419s][info][gc             ] GC(38) 	14: 0
[110.419s][info][gc             ] GC(38) 	15: 0
[110.419s][info][gc             ] GC(38) 	16: 0
[110.419s][info][gc             ] GC(38) 	17: 0
[110.419s][info][gc             ] GC(38) 	18: 0
[110.419s][info][gc             ] GC(38) 	19: 0
[110.419s][info][gc,ergo        ] Free: 5687K, Max: 256K regular, 256K humongous, Frag: 0% external, 58% internal; Reserve: 1024K, Max: 256K
[110.419s][info][gc,stats       ] 
[110.419s][info][gc,stats       ] All times are wall-clock times, except per-root-class counters, that are sum over
[110.419s][info][gc,stats       ] all workers. Dividing the <total> over the root stage time estimates parallelism.
[110.419s][info][gc,stats       ] 
[110.419s][info][gc,stats       ] Concurrent Reset                    136 us
[110.419s][info][gc,stats       ] Pause Init Mark (G)                1352 us
[110.419s][info][gc,stats       ] Pause Init Mark (N)                 961 us
[110.419s][info][gc,stats       ]   Accumulate Stats                    5 us
[110.419s][info][gc,stats       ]   Make Parsable                      17 us
[110.419s][info][gc,stats       ]   Update Region States                2 us
[110.419s][info][gc,stats       ]   Scan Roots                        832 us, parallelism: 1.04x
[110.419s][info][gc,stats       ]     S: <total>                      867 us
[110.419s][info][gc,stats       ]     S: Thread Roots                 103 us, workers (us):   1, 102, ---, ---, ---, ---, ---, ---, ---, ---, ---, ---, ---, ---, ---, ---, ---, ---, ---, ---, ---, ---, ---, ---, 
[110.419s][info][gc,stats       ]     S: Universe Roots                10 us, workers (us):  10, ---, ---, ---, ---, ---, ---, ---, ---, ---, ---, ---, ---, ---, ---, ---, ---, ---, ---, ---, ---, ---, ---, ---, 
[110.419s][info][gc,stats       ]     S: JNI Handles Roots              1 us, workers (us):   1, ---, ---, ---, ---, ---, ---, ---, ---, ---, ---, ---, ---, ---, ---, ---, ---, ---, ---, ---, ---, ---, ---, ---, 
[110.419s][info][gc,stats       ]     S: Synchronizer Roots             0 us, workers (us):   0, ---, ---, ---, ---, ---, ---, ---, ---, ---, ---, ---, ---, ---, ---, ---, ---, ---, ---, ---, ---, ---, ---, ---, 
[110.419s][info][gc,stats       ]     S: Management Roots               1 us, workers (us):   1, ---, ---, ---, ---, ---, ---, ---, ---, ---, ---, ---, ---, ---, ---, ---, ---, ---, ---, ---, ---, ---, ---, ---, 
[110.419s][info][gc,stats       ]     S: System Dict Roots             15 us, workers (us):  15, ---, ---, ---, ---, ---, ---, ---, ---, ---, ---, ---, ---, ---, ---, ---, ---, ---, ---, ---, ---, ---, ---, ---, 
[110.419s][info][gc,stats       ]     S: CLDG Roots                   737 us, workers (us): 737, ---, ---, ---, ---, ---, ---, ---, ---, ---, ---, ---, ---, ---, ---, ---, ---, ---, ---, ---, ---, ---, ---, ---, 
[110.419s][info][gc,stats       ]     S: JVMTI Roots                    0 us, workers (us):   0, ---, ---, ---, ---, ---, ---, ---, ---, ---, ---, ---, ---, ---, ---, ---, ---, ---, ---, ---, ---, ---, ---, ---, 
[110.419s][info][gc,stats       ]   Resize TLABs                        4 us
[110.419s][info][gc,stats       ] Concurrent Marking                21285 us
[110.419s][info][gc,stats       ] Pause Final Mark (G)               1209 us
[110.419s][info][gc,stats       ] Pause Final Mark (N)               1006 us
[110.419s][info][gc,stats       ]   Finish Queues                     105 us
[110.419s][info][gc,stats       ]   System Purge                      408 us
[110.419s][info][gc,stats       ]     Weak Roots                      407 us
[110.419s][info][gc,stats       ]   Update Region States                4 us
[110.419s][info][gc,stats       ]   Retire TLABs                        5 us
[110.419s][info][gc,stats       ]   Choose Collection Set              71 us
[110.419s][info][gc,stats       ]   Rebuild Free Set                    6 us
[110.419s][info][gc,stats       ]   Initial Evacuation                383 us, parallelism: 0.56x
[110.419s][info][gc,stats       ]     E: <total>                      213 us
[110.419s][info][gc,stats       ]     E: Thread Roots                  62 us, workers (us):  61,   1, ---, ---, ---, ---, ---, ---, ---, ---, ---, ---, ---, ---, ---, ---, ---, ---, ---, ---, ---, ---, ---, ---, 
[110.419s][info][gc,stats       ]     E: Code Cache Roots               1 us, workers (us):   1,   0, ---, ---, ---, ---, ---, ---, ---, ---, ---, ---, ---, ---, ---, ---, ---, ---, ---, ---, ---, ---, ---, ---, 
[110.419s][info][gc,stats       ]     E: Universe Roots                 5 us, workers (us):   5, ---, ---, ---, ---, ---, ---, ---, ---, ---, ---, ---, ---, ---, ---, ---, ---, ---, ---, ---, ---, ---, ---, ---, 
[110.419s][info][gc,stats       ]     E: JNI Handles Roots              1 us, workers (us):   1, ---, ---, ---, ---, ---, ---, ---, ---, ---, ---, ---, ---, ---, ---, ---, ---, ---, ---, ---, ---, ---, ---, ---, 
[110.419s][info][gc,stats       ]     E: Synchronizer Roots             0 us, workers (us):   0, ---, ---, ---, ---, ---, ---, ---, ---, ---, ---, ---, ---, ---, ---, ---, ---, ---, ---, ---, ---, ---, ---, ---, 
[110.419s][info][gc,stats       ]     E: Management Roots               1 us, workers (us):   1, ---, ---, ---, ---, ---, ---, ---, ---, ---, ---, ---, ---, ---, ---, ---, ---, ---, ---, ---, ---, ---, ---, ---, 
[110.419s][info][gc,stats       ]     E: System Dict Roots             13 us, workers (us):  13, ---, ---, ---, ---, ---, ---, ---, ---, ---, ---, ---, ---, ---, ---, ---, ---, ---, ---, ---, ---, ---, ---, ---, 
[110.419s][info][gc,stats       ]     E: CLDG Roots                   128 us, workers (us): ---, 128, ---, ---, ---, ---, ---, ---, ---, ---, ---, ---, ---, ---, ---, ---, ---, ---, ---, ---, ---, ---, ---, ---, 
[110.419s][info][gc,stats       ]     E: JVMTI Roots                    1 us, workers (us):   1, ---, ---, ---, ---, ---, ---, ---, ---, ---, ---, ---, ---, ---, ---, ---, ---, ---, ---, ---, ---, ---, ---, ---, 
[110.419s][info][gc,stats       ] Concurrent Cleanup                    6 us
[110.419s][info][gc,stats       ] Concurrent Evacuation              3686 us
[110.419s][info][gc,stats       ] Pause Init  Update Refs (G)         413 us
[110.419s][info][gc,stats       ] Pause Init  Update Refs (N)          66 us
[110.419s][info][gc,stats       ]   Retire GCLABs                      44 us
[110.419s][info][gc,stats       ] Concurrent Update Refs            16891 us
[110.419s][info][gc,stats       ] Pause Final Update Refs (G)         504 us
[110.420s][info][gc,stats       ] Pause Final Update Refs (N)         139 us
[110.420s][info][gc,stats       ]   Update Roots                      106 us, parallelism: 0.83x
[110.420s][info][gc,stats       ]     UR: <total>                      88 us
[110.420s][info][gc,stats       ]     UR: Thread Roots                 88 us, workers (us):  69,  19, ---, ---, ---, ---, ---, ---, ---, ---, ---, ---, ---, ---, ---, ---, ---, ---, ---, ---, ---, ---, ---, ---, 
[110.420s][info][gc,stats       ]   Update Region States                3 us
[110.420s][info][gc,stats       ]   Trash Collection Set                3 us
[110.420s][info][gc,stats       ]   Rebuild Free Set                    6 us
[110.420s][info][gc,stats       ] Concurrent Cleanup                  128 us
[110.420s][info][gc,stats       ] 
[110.420s][info][gc,stats       ] Allocation pacing accrued:
[110.420s][info][gc,stats       ]       0 of   996 ms (  0.0%): <total>
[110.420s][info][gc,stats       ]       0 of   996 ms (  0.0%): <average total>
[110.420s][info][gc,stats       ] 
[110.420s][info][gc,metaspace   ] Metaspace: 14126K->14126K(1062912K)
[110.420s][info][gc,ergo        ] Pacer for Idle. Initial: 327K, Alloc Tax Rate: 1.0x
[112.373s][info][gc             ] Failed to allocate Shared, 128K
[112.373s][info][gc             ] Cancelling GC: Allocation Failure
[112.374s][info][gc             ] Trigger: Handle Allocation Failure
[112.374s][info][gc,ergo        ] Free: 843K, Max: 174K regular, 0B humongous, Frag: 0% external, 79% internal; Reserve: 1024K, Max: 256K
[112.374s][info][gc,start       ] GC(39) Pause Degenerated GC (Outside of Cycle)
[112.375s][info][gc,task        ] GC(39) Using 4 of 24 workers for stw degenerated gc
[112.375s][info][gc,ergo        ] GC(39) Pacer for Reset. Non-Taxable: 16384K
[112.375s][info][gc,ergo        ] GC(39) Pacer for Mark. Expected Live: 8827K, Free: 843K, Non-Taxable: 86330B, Alloc Tax Rate: 12.8x
[112.396s][info][gc,stringtable ] GC(39) Cleaned string and symbol table, strings: 5465 processed, 0 removed, symbols: 48570 processed, 0 removed
[112.396s][info][gc,ergo        ] GC(39) Adaptive CSet Selection. Target Free: 2321K, Actual Free: 1024K, Max CSet: 682K, Min Garbage: 1297K
[112.396s][info][gc,ergo        ] GC(39) Collectable Garbage: 269K (78%), Immediate: 0B (0%), CSet: 269K (78%)
[112.396s][info][gc,ergo        ] GC(39) Pacer for Evacuation. Used CSet: 768K, Free: 5550K, Non-Taxable: 555K, Alloc Tax Rate: 1.1x
[112.401s][info][gc,ergo        ] GC(39) Pacer for Update Refs. Used: 10449K, Free: 5550K, Non-Taxable: 555K, Alloc Tax Rate: 2.3x
[112.406s][info][gc,ergo        ] GC(39) Good progress for free space: 5678K, need 163K
[112.406s][info][gc,ergo        ] GC(39) Bad progress for used space: 128K, need 256K
[112.407s][info][gc,ergo        ] GC(39) Bad progress for internal fragmentation: -21.0%, need 1.0%
[112.407s][info][gc,ergo        ] GC(39) Bad progress for external fragmentation: 0.0%, need 1.0%
[112.407s][info][gc             ] GC(39) Cancelling GC: Upgrade To Full GC
[112.407s][info][gc,phases,start] GC(39) Phase 1: Mark live objects
[112.422s][info][gc,stringtable ] GC(39) Cleaned string and symbol table, strings: 5465 processed, 0 removed, symbols: 48570 processed, 0 removed
[112.422s][info][gc,phases      ] GC(39) Phase 1: Mark live objects 15.581ms
[112.422s][info][gc,phases,start] GC(39) Phase 2: Compute new object addresses
[112.430s][info][gc,phases      ] GC(39) Phase 2: Compute new object addresses 8.036ms
[112.431s][info][gc,phases,start] GC(39) Phase 3: Adjust pointers
[112.436s][info][gc,phases      ] GC(39) Phase 3: Adjust pointers 5.129ms
[112.436s][info][gc,phases,start] GC(39) Phase 4: Move objects
[112.440s][info][gc,phases      ] GC(39) Phase 4: Move objects 4.242ms
[112.440s][info][gc,ergo        ] GC(39) Good progress for free space: 5891K, need 163K
[112.440s][info][gc,ergo        ] GC(39) Bad progress for used space: 213K, need 256K
[112.440s][info][gc,ergo        ] GC(39) Good progress for internal fragmentation: 7.3%, need 1.0%
[112.440s][info][gc             ] GC(39) Pause Degenerated GC (Outside of Cycle) 9M->9M(16M) 65.919ms
[112.441s][info][gc,ergo        ] Free: 5891K, Max: 256K regular, 768K humongous, Frag: 25% external, 58% internal; Reserve: 1024K, Max: 256K
[112.441s][info][gc,stats       ] 
[112.441s][info][gc,stats       ] All times are wall-clock times, except per-root-class counters, that are sum over
[112.441s][info][gc,stats       ] all workers. Dividing the <total> over the root stage time estimates parallelism.
[112.441s][info][gc,stats       ] 
[112.441s][info][gc,stats       ]   Accumulate Stats                    5 us
[112.441s][info][gc,stats       ]   Make Parsable                       9 us
[112.441s][info][gc,stats       ]   Update Region States                2 us
[112.441s][info][gc,stats       ]   Scan Roots                        672 us, parallelism: 1.11x
[112.441s][info][gc,stats       ]     S: <total>                      744 us
[112.441s][info][gc,stats       ]     S: Thread Roots                  82 us, workers (us):   2,  40,  33,   8, ---, ---, ---, ---, ---, ---, ---, ---, ---, ---, ---, ---, ---, ---, ---, ---, ---, ---, ---, ---, 
[112.441s][info][gc,stats       ]     S: Universe Roots                18 us, workers (us):  18, ---, ---, ---, ---, ---, ---, ---, ---, ---, ---, ---, ---, ---, ---, ---, ---, ---, ---, ---, ---, ---, ---, ---, 
[112.441s][info][gc,stats       ]     S: JNI Handles Roots              3 us, workers (us):   3, ---, ---, ---, ---, ---, ---, ---, ---, ---, ---, ---, ---, ---, ---, ---, ---, ---, ---, ---, ---, ---, ---, ---, 
[112.441s][info][gc,stats       ]     S: Synchronizer Roots             1 us, workers (us): ---,   1, ---, ---, ---, ---, ---, ---, ---, ---, ---, ---, ---, ---, ---, ---, ---, ---, ---, ---, ---, ---, ---, ---, 
[112.441s][info][gc,stats       ]     S: Management Roots               2 us, workers (us): ---,   2, ---, ---, ---, ---, ---, ---, ---, ---, ---, ---, ---, ---, ---, ---, ---, ---, ---, ---, ---, ---, ---, ---, 
[112.441s][info][gc,stats       ]     S: System Dict Roots             30 us, workers (us): ---,  30, ---, ---, ---, ---, ---, ---, ---, ---, ---, ---, ---, ---, ---, ---, ---, ---, ---, ---, ---, ---, ---, ---, 
[112.441s][info][gc,stats       ]     S: CLDG Roots                   609 us, workers (us): 590,  19, ---, ---, ---, ---, ---, ---, ---, ---, ---, ---, ---, ---, ---, ---, ---, ---, ---, ---, ---, ---, ---, ---, 
[112.441s][info][gc,stats       ]     S: JVMTI Roots                    1 us, workers (us):   1, ---, ---, ---, ---, ---, ---, ---, ---, ---, ---, ---, ---, ---, ---, ---, ---, ---, ---, ---, ---, ---, ---, ---, 
[112.441s][info][gc,stats       ]   Resize TLABs                        4 us
[112.441s][info][gc,stats       ]   Finish Queues                   16789 us
[112.441s][info][gc,stats       ]   Weak References                  1437 us
[112.441s][info][gc,stats       ]     Process                        1425 us
[112.441s][info][gc,stats       ]   System Purge                      264 us
[112.441s][info][gc,stats       ]     Unload Classes                  253 us
[112.441s][info][gc,stats       ]     Cleanup                        1792 us, parallelism: 3.26x
[112.441s][info][gc,stats       ]       CU: <total>                  5842 us
[112.441s][info][gc,stats       ]       CU: Code Cache Roots            8 us, workers (us):   1,   2,   2,   2, ---, ---, ---, ---, ---, ---, ---, ---, ---, ---, ---, ---, ---, ---, ---, ---, ---, ---, ---, ---, 
[112.441s][info][gc,stats       ]       CU: Code Cache Cleaning         0 us, workers (us):   0,   0,   0,   0, ---, ---, ---, ---, ---, ---, ---, ---, ---, ---, ---, ---, ---, ---, ---, ---, ---, ---, ---, ---, 
[112.441s][info][gc,stats       ]       CU: String Table Roots       3110 us, workers (us): 797, 789, 785, 738, ---, ---, ---, ---, ---, ---, ---, ---, ---, ---, ---, ---, ---, ---, ---, ---, ---, ---, ---, ---, 
[112.441s][info][gc,stats       ]       CU: Resolved Table Roots      174 us, workers (us):   0,   0, 173,   0, ---, ---, ---, ---, ---, ---, ---, ---, ---, ---, ---, ---, ---, ---, ---, ---, ---, ---, ---, ---, 
[112.441s][info][gc,stats       ]       CU: CLDG Roots               2550 us, workers (us): 682, 678, 508, 682, ---, ---, ---, ---, ---, ---, ---, ---, ---, ---, ---, ---, ---, ---, ---, ---, ---, ---, ---, ---, 
[112.441s][info][gc,stats       ]     Weak Roots                      263 us
[112.441s][info][gc,stats       ]     CLDG                              1 us
[112.441s][info][gc,stats       ]   Update Region States                4 us
[112.441s][info][gc,stats       ]   Retire TLABs                        8 us
[112.441s][info][gc,stats       ]   Choose Collection Set              66 us
[112.441s][info][gc,stats       ]   Rebuild Free Set                    6 us
[112.441s][info][gc,stats       ]   Initial Evacuation                 16 us
[112.441s][info][gc,stats       ]   Retire GCLABs                      30 us
[112.441s][info][gc,stats       ]   Finish Work                      5145 us
[112.441s][info][gc,stats       ]   Update Region States                3 us
[112.441s][info][gc,stats       ]   Trash Collection Set                3 us
[112.441s][info][gc,stats       ]   Rebuild Free Set                    6 us
[112.441s][info][gc,stats       ] Pause Degenerated GC (G)          66294 us
[112.441s][info][gc,stats       ] Pause Degenerated GC (N)          65873 us
[112.441s][info][gc,stats       ]   Degen Update Roots                583 us, parallelism: 0.95x
[112.441s][info][gc,stats       ]     DU: <total>                     552 us
[112.441s][info][gc,stats       ]     DU: Thread Roots                128 us, workers (us):   1,  61,  65,   2, ---, ---, ---, ---, ---, ---, ---, ---, ---, ---, ---, ---, ---, ---, ---, ---, ---, ---, ---, ---, 
[112.441s][info][gc,stats       ]     DU: Code Cache Roots              2 us, workers (us):   0,   0,   1,   0, ---, ---, ---, ---, ---, ---, ---, ---, ---, ---, ---, ---, ---, ---, ---, ---, ---, ---, ---, ---, 
[112.441s][info][gc,stats       ]     DU: Universe Roots                4 us, workers (us):   4, ---, ---, ---, ---, ---, ---, ---, ---, ---, ---, ---, ---, ---, ---, ---, ---, ---, ---, ---, ---, ---, ---, ---, 
[112.441s][info][gc,stats       ]     DU: JNI Handles Roots             1 us, workers (us):   1, ---, ---, ---, ---, ---, ---, ---, ---, ---, ---, ---, ---, ---, ---, ---, ---, ---, ---, ---, ---, ---, ---, ---, 
[112.441s][info][gc,stats       ]     DU: Synchronizer Roots            0 us, workers (us):   0, ---, ---, ---, ---, ---, ---, ---, ---, ---, ---, ---, ---, ---, ---, ---, ---, ---, ---, ---, ---, ---, ---, ---, 
[112.441s][info][gc,stats       ]     DU: Management Roots              1 us, workers (us):   1, ---, ---, ---, ---, ---, ---, ---, ---, ---, ---, ---, ---, ---, ---, ---, ---, ---, ---, ---, ---, ---, ---, ---, 
[112.441s][info][gc,stats       ]     DU: System Dict Roots            10 us, workers (us):  10, ---, ---, ---, ---, ---, ---, ---, ---, ---, ---, ---, ---, ---, ---, ---, ---, ---, ---, ---, ---, ---, ---, ---, 
[112.441s][info][gc,stats       ]     DU: CLDG Roots                  405 us, workers (us): 143, ---, ---, 262, ---, ---, ---, ---, ---, ---, ---, ---, ---, ---, ---, ---, ---, ---, ---, ---, ---, ---, ---, ---, 
[112.441s][info][gc,stats       ]     DU: JVMTI Roots                   0 us, workers (us):   0, ---, ---, ---, ---, ---, ---, ---, ---, ---, ---, ---, ---, ---, ---, ---, ---, ---, ---, ---, ---, ---, ---, ---, 
[112.441s][info][gc,stats       ]   Pre Heap Dump                       1 us
[112.441s][info][gc,stats       ]   Prepare                           256 us
[112.441s][info][gc,stats       ]   Scan Roots                        290 us, parallelism: 1.27x
[112.441s][info][gc,stats       ]     FS: <total>                     368 us
[112.441s][info][gc,stats       ]     FS: Thread Roots                104 us, workers (us):  46,   1,  31,  26, ---, ---, ---, ---, ---, ---, ---, ---, ---, ---, ---, ---, ---, ---, ---, ---, ---, ---, ---, ---, 
[112.441s][info][gc,stats       ]     FS: Universe Roots               15 us, workers (us):  15, ---, ---, ---, ---, ---, ---, ---, ---, ---, ---, ---, ---, ---, ---, ---, ---, ---, ---, ---, ---, ---, ---, ---, 
[112.441s][info][gc,stats       ]     FS: JNI Handles Roots             1 us, workers (us): ---,   1, ---, ---, ---, ---, ---, ---, ---, ---, ---, ---, ---, ---, ---, ---, ---, ---, ---, ---, ---, ---, ---, ---, 
[112.441s][info][gc,stats       ]     FS: Synchronizer Roots            0 us, workers (us): ---,   0, ---, ---, ---, ---, ---, ---, ---, ---, ---, ---, ---, ---, ---, ---, ---, ---, ---, ---, ---, ---, ---, ---, 
[112.441s][info][gc,stats       ]     FS: Management Roots              1 us, workers (us): ---,   1, ---, ---, ---, ---, ---, ---, ---, ---, ---, ---, ---, ---, ---, ---, ---, ---, ---, ---, ---, ---, ---, ---, 
[112.441s][info][gc,stats       ]     FS: System Dict Roots            13 us, workers (us): ---,  13, ---, ---, ---, ---, ---, ---, ---, ---, ---, ---, ---, ---, ---, ---, ---, ---, ---, ---, ---, ---, ---, ---, 
[112.441s][info][gc,stats       ]     FS: CLDG Roots                  233 us, workers (us):  16, 217, ---, ---, ---, ---, ---, ---, ---, ---, ---, ---, ---, ---, ---, ---, ---, ---, ---, ---, ---, ---, ---, ---, 
[112.441s][info][gc,stats       ]     FS: JVMTI Roots                   0 us, workers (us): ---,   0, ---, ---, ---, ---, ---, ---, ---, ---, ---, ---, ---, ---, ---, ---, ---, ---, ---, ---, ---, ---, ---, ---, 
[112.441s][info][gc,stats       ]   Mark                            15564 us
[112.442s][info][gc,stats       ]     Finish Queues                 12177 us
[112.442s][info][gc,stats       ]     Weak References                 972 us
[112.442s][info][gc,stats       ]       Process                       960 us
[112.442s][info][gc,stats       ]     System Purge                    282 us
[112.442s][info][gc,stats       ]       Unload Classes                246 us
[112.442s][info][gc,stats       ]       Cleanup                      1341 us, parallelism: 3.18x
[112.442s][info][gc,stats       ]         CU: <total>                4264 us
[112.442s][info][gc,stats       ]         CU: Code Cache Roots         12 us, workers (us):   1,   2,   4,   5, ---, ---, ---, ---, ---, ---, ---, ---, ---, ---, ---, ---, ---, ---, ---, ---, ---, ---, ---, ---, 
[112.442s][info][gc,stats       ]         CU: Code Cache Cleaning        0 us, workers (us):   0,   0,   0,   0, ---, ---, ---, ---, ---, ---, ---, ---, ---, ---, ---, ---, ---, ---, ---, ---, ---, ---, ---, ---, 
[112.442s][info][gc,stats       ]         CU: String Table Roots     2688 us, workers (us): 674, 673, 670, 671, ---, ---, ---, ---, ---, ---, ---, ---, ---, ---, ---, ---, ---, ---, ---, ---, ---, ---, ---, ---, 
[112.442s][info][gc,stats       ]         CU: Resolved Table Roots      104 us, workers (us):   0, 104,   0,   0, ---, ---, ---, ---, ---, ---, ---, ---, ---, ---, ---, ---, ---, ---, ---, ---, ---, ---, ---, ---, 
[112.442s][info][gc,stats       ]         CU: CLDG Roots             1459 us, workers (us): 390, 288, 391, 390, ---, ---, ---, ---, ---, ---, ---, ---, ---, ---, ---, ---, ---, ---, ---, ---, ---, ---, ---, ---, 
[112.442s][info][gc,stats       ]       Weak Roots                    281 us
[112.442s][info][gc,stats       ]       CLDG                            1 us
[112.442s][info][gc,stats       ]   Calculate Addresses              8023 us
[112.442s][info][gc,stats       ]     Regular Objects                8016 us
[112.442s][info][gc,stats       ]     Humongous Objects                 1 us
[112.442s][info][gc,stats       ]   Adjust Pointers                  5114 us
[112.442s][info][gc,stats       ]     FA: <total>                     552 us
[112.442s][info][gc,stats       ]     FA: Thread Roots                107 us, workers (us):   1,  56,   1,  49, ---, ---, ---, ---, ---, ---, ---, ---, ---, ---, ---, ---, ---, ---, ---, ---, ---, ---, ---, ---, 
[112.442s][info][gc,stats       ]     FA: Code Cache Roots              2 us, workers (us):   0,   1,   0,   1, ---, ---, ---, ---, ---, ---, ---, ---, ---, ---, ---, ---, ---, ---, ---, ---, ---, ---, ---, ---, 
[112.442s][info][gc,stats       ]     FA: Universe Roots                4 us, workers (us):   4, ---, ---, ---, ---, ---, ---, ---, ---, ---, ---, ---, ---, ---, ---, ---, ---, ---, ---, ---, ---, ---, ---, ---, 
[112.442s][info][gc,stats       ]     FA: JNI Handles Roots             1 us, workers (us):   1, ---, ---, ---, ---, ---, ---, ---, ---, ---, ---, ---, ---, ---, ---, ---, ---, ---, ---, ---, ---, ---, ---, ---, 
[112.442s][info][gc,stats       ]     FA: Synchronizer Roots            1 us, workers (us): ---,   1, ---, ---, ---, ---, ---, ---, ---, ---, ---, ---, ---, ---, ---, ---, ---, ---, ---, ---, ---, ---, ---, ---, 
[112.442s][info][gc,stats       ]     FA: Management Roots              2 us, workers (us): ---, ---,   2, ---, ---, ---, ---, ---, ---, ---, ---, ---, ---, ---, ---, ---, ---, ---, ---, ---, ---, ---, ---, ---, 
[112.442s][info][gc,stats       ]     FA: System Dict Roots            21 us, workers (us): ---,  21, ---, ---, ---, ---, ---, ---, ---, ---, ---, ---, ---, ---, ---, ---, ---, ---, ---, ---, ---, ---, ---, ---, 
[112.442s][info][gc,stats       ]     FA: CLDG Roots                  414 us, workers (us): 158, ---, 255, ---, ---, ---, ---, ---, ---, ---, ---, ---, ---, ---, ---, ---, ---, ---, ---, ---, ---, ---, ---, ---, 
[112.442s][info][gc,stats       ]     FA: JVMTI Roots                   0 us, workers (us):   0, ---, ---, ---, ---, ---, ---, ---, ---, ---, ---, ---, ---, ---, ---, ---, ---, ---, ---, ---, ---, ---, ---, ---, 
[112.442s][info][gc,stats       ]   Copy Objects                     4226 us
[112.442s][info][gc,stats       ]     Regular Objects                3954 us
[112.442s][info][gc,stats       ]     Humongous Objects                 1 us
[112.442s][info][gc,stats       ]     Reset Complete Bitmap            76 us
[112.442s][info][gc,stats       ]     Rebuild Region Sets             191 us
[112.442s][info][gc,stats       ]   Resize TLABs                        7 us
[112.442s][info][gc,stats       ]   Post Heap Dump                      1 us
[112.442s][info][gc,stats       ] 
[112.442s][info][gc,stats       ] Allocation pacing accrued:
[112.442s][info][gc,stats       ]       0 of  2022 ms (  0.0%): <total>
[112.442s][info][gc,stats       ]       0 of  2022 ms (  0.0%): <average total>
[112.442s][info][gc,stats       ] 
[112.442s][info][gc,metaspace   ] Metaspace: 14126K->14126K(1062912K)
[112.442s][info][gc,ergo        ] Pacer for Idle. Initial: 327K, Alloc Tax Rate: 1.0x
[112.443s][info][gc             ] Trigger: Free (1547K) is below minimum threshold (1638K)
[112.443s][info][gc,ergo        ] Free: 1547K, Max: 256K regular, 768K humongous, Frag: 0% external, 68% internal; Reserve: 1024K, Max: 256K
[112.443s][info][gc,start       ] GC(40) Concurrent reset
[112.443s][info][gc,task        ] GC(40) Using 2 of 24 workers for concurrent reset
[112.443s][info][gc,ergo        ] GC(40) Pacer for Reset. Non-Taxable: 16384K
[112.443s][info][gc             ] GC(40) Concurrent reset 0.202ms
[112.444s][info][gc,start       ] GC(40) Pause Init Mark (process weakrefs)
[112.444s][info][gc,task        ] GC(40) Using 2 of 24 workers for init marking
[112.445s][info][gc,ergo        ] GC(40) Pacer for Mark. Expected Live: 10746K, Free: 1547K, Non-Taxable: 154K, Alloc Tax Rate: 8.5x
[112.445s][info][gc             ] GC(40) Pause Init Mark (process weakrefs) 0.954ms
[112.445s][info][gc,start       ] GC(40) Concurrent marking (process weakrefs)
[112.445s][info][gc,task        ] GC(40) Using 2 of 24 workers for concurrent marking
[112.464s][info][gc             ] GC(40) Concurrent marking (process weakrefs) 19.389ms
[112.464s][info][gc,start       ] GC(40) Concurrent precleaning
[112.464s][info][gc,task        ] GC(40) Using 1 of 24 workers for concurrent preclean
[112.464s][info][gc,ergo        ] GC(40) Pacer for Precleaning. Non-Taxable: 16384K
[112.465s][info][gc             ] GC(40) Concurrent precleaning 1.154ms
[112.466s][info][gc,start       ] GC(40) Pause Final Mark (process weakrefs)
[112.466s][info][gc,task        ] GC(40) Using 2 of 24 workers for final marking
[112.466s][info][gc,ergo        ] GC(40) Collectable Garbage: 2688K (91%), Immediate: 2688K (91%), CSet: 0B (0%)
[112.466s][info][gc             ] GC(40) Pause Final Mark (process weakrefs) 0.610ms
[112.466s][info][gc,start       ] GC(40) Concurrent cleanup
[112.467s][info][gc             ] GC(40) Concurrent cleanup 9M->6M(16M) 0.892ms
[112.467s][info][gc,ergo        ] GC(40) Free: 8452K, Max: 256K regular, 1792K humongous, Frag: 71% external, 41% internal; Reserve: 1024K, Max: 256K
[112.467s][info][gc             ] GC(40) Dat log --- cycle is complete
Current gc epoch: 36
heap: ______
capacity: 16777216
used: 7073264
committed: 16777216
bytes_allocated_since_gc_start: 0
hot_size: 54511
cold_size: 9360
num_regions: 64
hot_region_count: 18446744073709551561
cold_region_count: 72
histogram: Placeholder

[112.467s][info][gc             ] GC(40) Obj count ac histogram
[112.467s][info][gc             ] GC(40) 	0: 1490
[112.467s][info][gc             ] GC(40) 	1: 0
[112.467s][info][gc             ] GC(40) 	2: 0
[112.467s][info][gc             ] GC(40) 	3: 0
[112.467s][info][gc             ] GC(40) 	4: 0
[112.467s][info][gc             ] GC(40) 	5: 0
[112.467s][info][gc             ] GC(40) 	6: 0
[112.467s][info][gc             ] GC(40) 	7: 0
[112.467s][info][gc             ] GC(40) 	8: 0
[112.467s][info][gc             ] GC(40) 	9: 0
[112.467s][info][gc             ] GC(40) 	10: 0
[112.467s][info][gc             ] GC(40) 	11: 0
[112.467s][info][gc             ] GC(40) 	12: 0
[112.467s][info][gc             ] GC(40) 	13: 6030
[112.467s][info][gc             ] GC(40) 	14: 0
[112.467s][info][gc             ] GC(40) 	15: 0
[112.467s][info][gc             ] GC(40) 	16: 0
[112.467s][info][gc             ] GC(40) 	17: 0
[112.467s][info][gc             ] GC(40) 	18: 0
[112.467s][info][gc             ] GC(40) 	19: 0
[112.467s][info][gc             ] GC(40) Obj size ac histogram
[112.467s][info][gc             ] GC(40) 	0: 9360
[112.467s][info][gc             ] GC(40) 	1: 0
[112.467s][info][gc             ] GC(40) 	2: 0
[112.467s][info][gc             ] GC(40) 	3: 0
[112.467s][info][gc             ] GC(40) 	4: 0
[112.467s][info][gc             ] GC(40) 	5: 0
[112.467s][info][gc             ] GC(40) 	6: 0
[112.467s][info][gc             ] GC(40) 	7: 0
[112.467s][info][gc             ] GC(40) 	8: 0
[112.467s][info][gc             ] GC(40) 	9: 0
[112.467s][info][gc             ] GC(40) 	10: 0
[112.467s][info][gc             ] GC(40) 	11: 0
[112.467s][info][gc             ] GC(40) 	12: 0
[112.467s][info][gc             ] GC(40) 	13: 52359
[112.467s][info][gc             ] GC(40) 	14: 0
[112.467s][info][gc             ] GC(40) 	15: 0
[112.467s][info][gc             ] GC(40) 	16: 0
[112.467s][info][gc             ] GC(40) 	17: 0
[112.468s][info][gc             ] GC(40) 	18: 0
[112.468s][info][gc             ] GC(40) 	19: 0
[112.468s][info][gc,ergo        ] Free: 8452K, Max: 256K regular, 1792K humongous, Frag: 71% external, 41% internal; Reserve: 1024K, Max: 256K
[112.468s][info][gc,stats       ] 
[112.468s][info][gc,stats       ] All times are wall-clock times, except per-root-class counters, that are sum over
[112.468s][info][gc,stats       ] all workers. Dividing the <total> over the root stage time estimates parallelism.
[112.468s][info][gc,stats       ] 
[112.468s][info][gc,stats       ] Concurrent Reset                    184 us
[112.468s][info][gc,stats       ] Pause Init Mark (G)                1226 us
[112.468s][info][gc,stats       ] Pause Init Mark (N)                 910 us
[112.468s][info][gc,stats       ]   Accumulate Stats                    3 us
[112.468s][info][gc,stats       ]   Make Parsable                       5 us
[112.468s][info][gc,stats       ]   Update Region States                2 us
[112.468s][info][gc,stats       ]   Scan Roots                        793 us, parallelism: 0.97x
[112.468s][info][gc,stats       ]     S: <total>                      772 us
[112.468s][info][gc,stats       ]     S: Thread Roots                  61 us, workers (us):  60,   1, ---, ---, ---, ---, ---, ---, ---, ---, ---, ---, ---, ---, ---, ---, ---, ---, ---, ---, ---, ---, ---, ---, 
[112.468s][info][gc,stats       ]     S: Universe Roots                10 us, workers (us):  10, ---, ---, ---, ---, ---, ---, ---, ---, ---, ---, ---, ---, ---, ---, ---, ---, ---, ---, ---, ---, ---, ---, ---, 
[112.468s][info][gc,stats       ]     S: JNI Handles Roots              3 us, workers (us): ---,   3, ---, ---, ---, ---, ---, ---, ---, ---, ---, ---, ---, ---, ---, ---, ---, ---, ---, ---, ---, ---, ---, ---, 
[112.468s][info][gc,stats       ]     S: Synchronizer Roots             0 us, workers (us):   0, ---, ---, ---, ---, ---, ---, ---, ---, ---, ---, ---, ---, ---, ---, ---, ---, ---, ---, ---, ---, ---, ---, ---, 
[112.468s][info][gc,stats       ]     S: Management Roots               1 us, workers (us):   1, ---, ---, ---, ---, ---, ---, ---, ---, ---, ---, ---, ---, ---, ---, ---, ---, ---, ---, ---, ---, ---, ---, ---, 
[112.468s][info][gc,stats       ]     S: System Dict Roots             15 us, workers (us):  15, ---, ---, ---, ---, ---, ---, ---, ---, ---, ---, ---, ---, ---, ---, ---, ---, ---, ---, ---, ---, ---, ---, ---, 
[112.468s][info][gc,stats       ]     S: CLDG Roots                   680 us, workers (us): ---, 680, ---, ---, ---, ---, ---, ---, ---, ---, ---, ---, ---, ---, ---, ---, ---, ---, ---, ---, ---, ---, ---, ---, 
[112.468s][info][gc,stats       ]     S: JVMTI Roots                    0 us, workers (us): ---,   0, ---, ---, ---, ---, ---, ---, ---, ---, ---, ---, ---, ---, ---, ---, ---, ---, ---, ---, ---, ---, ---, ---, 
[112.468s][info][gc,stats       ]   Resize TLABs                        3 us
[112.468s][info][gc,stats       ] Concurrent Marking                19339 us
[112.468s][info][gc,stats       ] Concurrent Precleaning             1134 us
[112.468s][info][gc,stats       ] Pause Final Mark (G)                891 us
[112.468s][info][gc,stats       ] Pause Final Mark (N)                566 us
[112.468s][info][gc,stats       ]   Finish Queues                     113 us
[112.468s][info][gc,stats       ]   Weak References                    41 us
[112.468s][info][gc,stats       ]     Process                          33 us
[112.468s][info][gc,stats       ]   System Purge                      336 us
[112.468s][info][gc,stats       ]     Weak Roots                      335 us
[112.468s][info][gc,stats       ]   Update Region States                3 us
[112.468s][info][gc,stats       ]   Retire TLABs                        5 us
[112.468s][info][gc,stats       ]   Choose Collection Set              39 us
[112.468s][info][gc,stats       ]   Rebuild Free Set                    6 us
[112.468s][info][gc,stats       ] Concurrent Cleanup                  872 us
[112.468s][info][gc,stats       ] 
[112.468s][info][gc,stats       ] Allocation pacing accrued:
[112.468s][info][gc,stats       ]       0 of    26 ms (  0.0%): <total>
[112.468s][info][gc,stats       ]       0 of    26 ms (  0.0%): <average total>
[112.468s][info][gc,stats       ] 
[112.468s][info][gc,metaspace   ] Metaspace: 14126K->14126K(1062912K)
[112.468s][info][gc,ergo        ] Pacer for Idle. Initial: 327K, Alloc Tax Rate: 1.0x
[131.447s][info][gc             ] Trigger: Average GC time (42.51 ms) is above the time for allocation rate (317 KB/s) to deplete free headroom (0B)
[131.447s][info][gc,ergo        ] Free headroom: 2436K (free) - 819K (spike) - 1966K (penalties) = 0B
[131.447s][info][gc,ergo        ] Free: 2436K, Max: 256K regular, 768K humongous, Frag: 40% external, 63% internal; Reserve: 1024K, Max: 256K
[131.447s][info][gc,start       ] GC(41) Concurrent reset
[131.447s][info][gc,task        ] GC(41) Using 2 of 24 workers for concurrent reset
[131.447s][info][gc,ergo        ] GC(41) Pacer for Reset. Non-Taxable: 16384K
[131.448s][info][gc             ] GC(41) Concurrent reset 0.207ms
[131.448s][info][gc,start       ] GC(41) Pause Init Mark
[131.448s][info][gc,task        ] GC(41) Using 2 of 24 workers for init marking
[131.450s][info][gc,ergo        ] GC(41) Pacer for Mark. Expected Live: 10182K, Free: 2436K, Non-Taxable: 243K, Alloc Tax Rate: 5.1x
[131.450s][info][gc             ] GC(41) Pause Init Mark 1.887ms
[131.450s][info][gc,start       ] GC(41) Concurrent marking
[131.450s][info][gc,task        ] GC(41) Using 2 of 24 workers for concurrent marking
[131.472s][info][gc             ] GC(41) Concurrent marking 22.348ms
[131.473s][info][gc,start       ] GC(41) Pause Final Mark
[131.473s][info][gc,task        ] GC(41) Using 2 of 24 workers for final marking
[131.473s][info][gc,ergo        ] GC(41) Adaptive CSet Selection. Target Free: 2321K, Actual Free: 2304K, Max CSet: 682K, Min Garbage: 17474B
[131.473s][info][gc,ergo        ] GC(41) Collectable Garbage: 266K (97%), Immediate: 0B (0%), CSet: 266K (97%)
[131.474s][info][gc,ergo        ] GC(41) Pacer for Evacuation. Used CSet: 907K, Free: 5630K, Non-Taxable: 563K, Alloc Tax Rate: 1.1x
[131.474s][info][gc             ] GC(41) Pause Final Mark 1.247ms
[131.474s][info][gc,start       ] GC(41) Concurrent cleanup
[131.474s][info][gc             ] GC(41) Concurrent cleanup 9M->9M(16M) 0.037ms
[131.474s][info][gc,ergo        ] GC(41) Free: 5630K, Max: 256K regular, 768K humongous, Frag: 40% external, 56% internal; Reserve: 1024K, Max: 256K
[131.474s][info][gc,start       ] GC(41) Concurrent evacuation
[131.474s][info][gc,task        ] GC(41) Using 2 of 24 workers for concurrent evacuation
[131.476s][info][gc             ] GC(41) Concurrent evacuation 2.285ms
[131.476s][info][gc,start       ] GC(41) Pause Init Update Refs
[131.477s][info][gc,ergo        ] GC(41) Pacer for Update Refs. Used: 10147K, Free: 5374K, Non-Taxable: 537K, Alloc Tax Rate: 2.3x
[131.477s][info][gc             ] GC(41) Pause Init Update Refs 0.092ms
[131.477s][info][gc,start       ] GC(41) Concurrent update references
[131.477s][info][gc,task        ] GC(41) Using 2 of 24 workers for concurrent reference update
[131.493s][info][gc             ] GC(41) Concurrent update references 16.821ms
[131.494s][info][gc,start       ] GC(41) Pause Final Update Refs
[131.494s][info][gc,task        ] GC(41) Using 2 of 24 workers for final reference update
[131.494s][info][gc             ] GC(41) Pause Final Update Refs 0.211ms
[131.494s][info][gc,start       ] GC(41) Concurrent cleanup
[131.494s][info][gc             ] GC(41) Concurrent cleanup 9M->9M(16M) 0.229ms
[131.494s][info][gc             ] GC(41) Dat log --- cycle is complete
Current gc epoch: 37
heap: ______
capacity: 16777216
used: 9461136
committed: 16777216
bytes_allocated_since_gc_start: 0
hot_size: 2600
cold_size: 79513
num_regions: 64
hot_region_count: 18446744073709551560
cold_region_count: 76
histogram: Placeholder

[131.494s][info][gc             ] GC(41) Obj count ac histogram
[131.494s][info][gc             ] GC(41) 	0: 3671
[131.494s][info][gc             ] GC(41) 	1: 0
[131.494s][info][gc             ] GC(41) 	2: 0
[131.494s][info][gc             ] GC(41) 	3: 0
[131.494s][info][gc             ] GC(41) 	4: 0
[131.494s][info][gc             ] GC(41) 	5: 0
[131.494s][info][gc             ] GC(41) 	6: 0
[131.494s][info][gc             ] GC(41) 	7: 0
[131.494s][info][gc             ] GC(41) 	8: 0
[131.494s][info][gc             ] GC(41) 	9: 0
[131.494s][info][gc             ] GC(41) 	10: 0
[131.494s][info][gc             ] GC(41) 	11: 0
[131.494s][info][gc             ] GC(41) 	12: 0
[131.494s][info][gc             ] GC(41) 	13: 335
[131.494s][info][gc             ] GC(41) 	14: 0
[131.494s][info][gc             ] GC(41) 	15: 0
[131.494s][info][gc             ] GC(41) 	16: 0
[131.494s][info][gc             ] GC(41) 	17: 0
[131.494s][info][gc             ] GC(41) 	18: 0
[131.494s][info][gc             ] GC(41) 	19: 0
[131.494s][info][gc             ] GC(41) Obj size ac histogram
[131.494s][info][gc             ] GC(41) 	0: 78395
[131.494s][info][gc             ] GC(41) 	1: 0
[131.494s][info][gc             ] GC(41) 	2: 0
[131.494s][info][gc             ] GC(41) 	3: 0
[131.494s][info][gc             ] GC(41) 	4: 0
[131.494s][info][gc             ] GC(41) 	5: 0
[131.494s][info][gc             ] GC(41) 	6: 0
[131.494s][info][gc             ] GC(41) 	7: 0
[131.494s][info][gc             ] GC(41) 	8: 0
[131.495s][info][gc             ] GC(41) 	9: 0
[131.495s][info][gc             ] GC(41) 	10: 0
[131.495s][info][gc             ] GC(41) 	11: 0
[131.495s][info][gc             ] GC(41) 	12: 0
[131.495s][info][gc             ] GC(41) 	13: 2600
[131.495s][info][gc             ] GC(41) 	14: 0
[131.495s][info][gc             ] GC(41) 	15: 0
[131.495s][info][gc             ] GC(41) 	16: 0
[131.495s][info][gc             ] GC(41) 	17: 0
[131.495s][info][gc             ] GC(41) 	18: 0
[131.495s][info][gc             ] GC(41) 	19: 0
[131.495s][info][gc,ergo        ] Free: 6120K, Max: 256K regular, 256K humongous, Frag: 80% external, 56% internal; Reserve: 1024K, Max: 256K
[131.495s][info][gc,stats       ] 
[131.495s][info][gc,stats       ] All times are wall-clock times, except per-root-class counters, that are sum over
[131.495s][info][gc,stats       ] all workers. Dividing the <total> over the root stage time estimates parallelism.
[131.495s][info][gc,stats       ] 
[131.495s][info][gc,stats       ] Concurrent Reset                    184 us
[131.495s][info][gc,stats       ] Pause Init Mark (G)                2305 us
[131.495s][info][gc,stats       ] Pause Init Mark (N)                1835 us
[131.495s][info][gc,stats       ]   Accumulate Stats                    5 us
[131.495s][info][gc,stats       ]   Make Parsable                      10 us
[131.495s][info][gc,stats       ]   Update Region States                2 us
[131.495s][info][gc,stats       ]   Scan Roots                       1687 us, parallelism: 0.99x
[131.495s][info][gc,stats       ]     S: <total>                     1666 us
[131.495s][info][gc,stats       ]     S: Thread Roots                 115 us, workers (us): 113,   2, ---, ---, ---, ---, ---, ---, ---, ---, ---, ---, ---, ---, ---, ---, ---, ---, ---, ---, ---, ---, ---, ---, 
[131.495s][info][gc,stats       ]     S: Universe Roots                20 us, workers (us):  20, ---, ---, ---, ---, ---, ---, ---, ---, ---, ---, ---, ---, ---, ---, ---, ---, ---, ---, ---, ---, ---, ---, ---, 
[131.495s][info][gc,stats       ]     S: JNI Handles Roots              7 us, workers (us): ---,   7, ---, ---, ---, ---, ---, ---, ---, ---, ---, ---, ---, ---, ---, ---, ---, ---, ---, ---, ---, ---, ---, ---, 
[131.495s][info][gc,stats       ]     S: Synchronizer Roots             0 us, workers (us):   0, ---, ---, ---, ---, ---, ---, ---, ---, ---, ---, ---, ---, ---, ---, ---, ---, ---, ---, ---, ---, ---, ---, ---, 
[131.495s][info][gc,stats       ]     S: Management Roots               2 us, workers (us):   2, ---, ---, ---, ---, ---, ---, ---, ---, ---, ---, ---, ---, ---, ---, ---, ---, ---, ---, ---, ---, ---, ---, ---, 
[131.495s][info][gc,stats       ]     S: System Dict Roots             32 us, workers (us):  32, ---, ---, ---, ---, ---, ---, ---, ---, ---, ---, ---, ---, ---, ---, ---, ---, ---, ---, ---, ---, ---, ---, ---, 
[131.495s][info][gc,stats       ]     S: CLDG Roots                  1488 us, workers (us): ---, 1488, ---, ---, ---, ---, ---, ---, ---, ---, ---, ---, ---, ---, ---, ---, ---, ---, ---, ---, ---, ---, ---, ---, 
[131.495s][info][gc,stats       ]     S: JVMTI Roots                    1 us, workers (us): ---,   1, ---, ---, ---, ---, ---, ---, ---, ---, ---, ---, ---, ---, ---, ---, ---, ---, ---, ---, ---, ---, ---, ---, 
[131.495s][info][gc,stats       ]   Resize TLABs                        6 us
[131.495s][info][gc,stats       ] Concurrent Marking                22294 us
[131.495s][info][gc,stats       ] Pause Final Mark (G)               1411 us
[131.495s][info][gc,stats       ] Pause Final Mark (N)               1203 us
[131.495s][info][gc,stats       ]   Finish Queues                     108 us
[131.495s][info][gc,stats       ]   System Purge                      592 us
[131.495s][info][gc,stats       ]     Weak Roots                      591 us
[131.495s][info][gc,stats       ]   Update Region States                3 us
[131.495s][info][gc,stats       ]   Retire TLABs                        6 us
[131.495s][info][gc,stats       ]   Choose Collection Set              60 us
[131.495s][info][gc,stats       ]   Rebuild Free Set                    6 us
[131.495s][info][gc,stats       ]   Initial Evacuation                405 us, parallelism: 0.56x
[131.495s][info][gc,stats       ]     E: <total>                      228 us
[131.495s][info][gc,stats       ]     E: Thread Roots                  64 us, workers (us):  63,   1, ---, ---, ---, ---, ---, ---, ---, ---, ---, ---, ---, ---, ---, ---, ---, ---, ---, ---, ---, ---, ---, ---, 
[131.495s][info][gc,stats       ]     E: Code Cache Roots               1 us, workers (us):   1,   0, ---, ---, ---, ---, ---, ---, ---, ---, ---, ---, ---, ---, ---, ---, ---, ---, ---, ---, ---, ---, ---, ---, 
[131.495s][info][gc,stats       ]     E: Universe Roots                 5 us, workers (us):   5, ---, ---, ---, ---, ---, ---, ---, ---, ---, ---, ---, ---, ---, ---, ---, ---, ---, ---, ---, ---, ---, ---, ---, 
[131.495s][info][gc,stats       ]     E: JNI Handles Roots              1 us, workers (us):   1, ---, ---, ---, ---, ---, ---, ---, ---, ---, ---, ---, ---, ---, ---, ---, ---, ---, ---, ---, ---, ---, ---, ---, 
[131.495s][info][gc,stats       ]     E: Synchronizer Roots             0 us, workers (us):   0, ---, ---, ---, ---, ---, ---, ---, ---, ---, ---, ---, ---, ---, ---, ---, ---, ---, ---, ---, ---, ---, ---, ---, 
[131.495s][info][gc,stats       ]     E: Management Roots               1 us, workers (us):   1, ---, ---, ---, ---, ---, ---, ---, ---, ---, ---, ---, ---, ---, ---, ---, ---, ---, ---, ---, ---, ---, ---, ---, 
[131.495s][info][gc,stats       ]     E: System Dict Roots             14 us, workers (us):  14, ---, ---, ---, ---, ---, ---, ---, ---, ---, ---, ---, ---, ---, ---, ---, ---, ---, ---, ---, ---, ---, ---, ---, 
[131.495s][info][gc,stats       ]     E: CLDG Roots                   140 us, workers (us): ---, 140, ---, ---, ---, ---, ---, ---, ---, ---, ---, ---, ---, ---, ---, ---, ---, ---, ---, ---, ---, ---, ---, ---, 
[131.495s][info][gc,stats       ]     E: JVMTI Roots                    1 us, workers (us):   1, ---, ---, ---, ---, ---, ---, ---, ---, ---, ---, ---, ---, ---, ---, ---, ---, ---, ---, ---, ---, ---, ---, ---, 
[131.495s][info][gc,stats       ] Concurrent Cleanup                    6 us
[131.495s][info][gc,stats       ] Concurrent Evacuation              2265 us
[131.495s][info][gc,stats       ] Pause Init  Update Refs (G)         406 us
[131.495s][info][gc,stats       ] Pause Init  Update Refs (N)          50 us
[131.495s][info][gc,stats       ]   Retire GCLABs                      26 us
[131.495s][info][gc,stats       ] Concurrent Update Refs            16791 us
[131.495s][info][gc,stats       ] Pause Final Update Refs (G)         460 us
[131.495s][info][gc,stats       ] Pause Final Update Refs (N)         167 us
[131.495s][info][gc,stats       ]   Update Roots                      132 us, parallelism: 0.49x
[131.495s][info][gc,stats       ]     UR: <total>                      64 us
[131.495s][info][gc,stats       ]     UR: Thread Roots                 64 us, workers (us):  35,  30, ---, ---, ---, ---, ---, ---, ---, ---, ---, ---, ---, ---, ---, ---, ---, ---, ---, ---, ---, ---, ---, ---, 
[131.495s][info][gc,stats       ]   Update Region States                3 us
[131.495s][info][gc,stats       ]   Trash Collection Set                3 us
[131.495s][info][gc,stats       ]   Rebuild Free Set                    6 us
[131.495s][info][gc,stats       ] Concurrent Cleanup                  186 us
[131.495s][info][gc,stats       ] 
[131.495s][info][gc,stats       ] Allocation pacing accrued:
[131.495s][info][gc,stats       ]       0 of 19027 ms (  0.0%): <total>
[131.496s][info][gc,stats       ]       0 of 19027 ms (  0.0%): <average total>
[131.496s][info][gc,stats       ] 
[131.496s][info][gc,metaspace   ] Metaspace: 14126K->14126K(1062912K)
[131.496s][info][gc,ergo        ] Pacer for Idle. Initial: 327K, Alloc Tax Rate: 1.0x
[134.449s][info][gc             ] Trigger: Average GC time (43.42 ms) is above the time for allocation rate (1149 KB/s) to deplete free headroom (50200B)
[134.449s][info][gc,ergo        ] Free headroom: 2670K (free) - 819K (spike) - 1802K (penalties) = 50200B
[134.449s][info][gc,ergo        ] Free: 2670K, Max: 256K regular, 256K humongous, Frag: 50% external, 64% internal; Reserve: 1024K, Max: 256K
[134.449s][info][gc,start       ] GC(42) Concurrent reset
[134.450s][info][gc,task        ] GC(42) Using 2 of 24 workers for concurrent reset
[134.450s][info][gc,ergo        ] GC(42) Pacer for Reset. Non-Taxable: 16384K
[134.450s][info][gc             ] GC(42) Concurrent reset 0.192ms
[134.450s][info][gc,start       ] GC(42) Pause Init Mark
[134.450s][info][gc,task        ] GC(42) Using 2 of 24 workers for init marking
[134.452s][info][gc,ergo        ] GC(42) Pacer for Mark. Expected Live: 10644K, Free: 2670K, Non-Taxable: 267K, Alloc Tax Rate: 4.9x
[134.452s][info][gc             ] GC(42) Pause Init Mark 1.815ms
[134.452s][info][gc,start       ] GC(42) Concurrent marking
[134.452s][info][gc,task        ] GC(42) Using 2 of 24 workers for concurrent marking
[134.475s][info][gc             ] GC(42) Concurrent marking 22.871ms
[134.475s][info][gc,start       ] GC(42) Pause Final Mark
[134.475s][info][gc,task        ] GC(42) Using 2 of 24 workers for final marking
[134.475s][info][gc,ergo        ] GC(42) Adaptive CSet Selection. Target Free: 2321K, Actual Free: 1536K, Max CSet: 682K, Min Garbage: 785K
[134.475s][info][gc,ergo        ] GC(42) Collectable Garbage: 215K (98%), Immediate: 0B (0%), CSet: 215K (98%)
[134.476s][info][gc,ergo        ] GC(42) Pacer for Evacuation. Used CSet: 855K, Free: 5247K, Non-Taxable: 524K, Alloc Tax Rate: 1.1x
[134.476s][info][gc             ] GC(42) Pause Final Mark 0.927ms
[134.476s][info][gc,start       ] GC(42) Concurrent cleanup
[134.476s][info][gc             ] GC(42) Concurrent cleanup 9M->9M(16M) 0.030ms
[134.476s][info][gc,ergo        ] GC(42) Free: 5247K, Max: 256K regular, 256K humongous, Frag: 50% external, 59% internal; Reserve: 1024K, Max: 256K
[134.476s][info][gc,start       ] GC(42) Concurrent evacuation
[134.476s][info][gc,task        ] GC(42) Using 2 of 24 workers for concurrent evacuation
[134.478s][info][gc             ] GC(42) Concurrent evacuation 2.134ms
[134.478s][info][gc,start       ] GC(42) Pause Init Update Refs
[134.479s][info][gc,ergo        ] GC(42) Pacer for Update Refs. Used: 10492K, Free: 4991K, Non-Taxable: 499K, Alloc Tax Rate: 2.6x
[134.479s][info][gc             ] GC(42) Pause Init Update Refs 0.131ms
[134.479s][info][gc,start       ] GC(42) Concurrent update references
[134.479s][info][gc,task        ] GC(42) Using 2 of 24 workers for concurrent reference update
[134.497s][info][gc             ] GC(42) Concurrent update references 18.738ms
[134.498s][info][gc,start       ] GC(42) Pause Final Update Refs
[134.498s][info][gc,task        ] GC(42) Using 2 of 24 workers for final reference update
[134.498s][info][gc             ] GC(42) Pause Final Update Refs 0.141ms
[134.498s][info][gc,start       ] GC(42) Concurrent cleanup
[134.498s][info][gc             ] GC(42) Concurrent cleanup 10M->9M(16M) 0.133ms
[134.498s][info][gc             ] GC(42) Dat log --- cycle is complete
Current gc epoch: 38
heap: ______
capacity: 16777216
used: 9868464
committed: 16777216
bytes_allocated_since_gc_start: 0
hot_size: 2600
cold_size: 79302
num_regions: 64
hot_region_count: 18446744073709551558
cold_region_count: 80
histogram: Placeholder

[134.498s][info][gc             ] GC(42) Obj count ac histogram
[134.498s][info][gc             ] GC(42) 	0: 3633
[134.498s][info][gc             ] GC(42) 	1: 0
[134.498s][info][gc             ] GC(42) 	2: 0
[134.498s][info][gc             ] GC(42) 	3: 0
[134.498s][info][gc             ] GC(42) 	4: 0
[134.498s][info][gc             ] GC(42) 	5: 0
[134.498s][info][gc             ] GC(42) 	6: 0
[134.498s][info][gc             ] GC(42) 	7: 0
[134.498s][info][gc             ] GC(42) 	8: 0
[134.498s][info][gc             ] GC(42) 	9: 0
[134.498s][info][gc             ] GC(42) 	10: 0
[134.498s][info][gc             ] GC(42) 	11: 0
[134.498s][info][gc             ] GC(42) 	12: 0
[134.498s][info][gc             ] GC(42) 	13: 335
[134.498s][info][gc             ] GC(42) 	14: 0
[134.498s][info][gc             ] GC(42) 	15: 0
[134.498s][info][gc             ] GC(42) 	16: 0
[134.498s][info][gc             ] GC(42) 	17: 0
[134.498s][info][gc             ] GC(42) 	18: 0
[134.498s][info][gc             ] GC(42) 	19: 0
[134.498s][info][gc             ] GC(42) Obj size ac histogram
[134.498s][info][gc             ] GC(42) 	0: 61576
[134.498s][info][gc             ] GC(42) 	1: 0
[134.498s][info][gc             ] GC(42) 	2: 0
[134.498s][info][gc             ] GC(42) 	3: 0
[134.498s][info][gc             ] GC(42) 	4: 0
[134.498s][info][gc             ] GC(42) 	5: 0
[134.498s][info][gc             ] GC(42) 	6: 0
[134.498s][info][gc             ] GC(42) 	7: 0
[134.498s][info][gc             ] GC(42) 	8: 0
[134.498s][info][gc             ] GC(42) 	9: 0
[134.498s][info][gc             ] GC(42) 	10: 0
[134.498s][info][gc             ] GC(42) 	11: 0
[134.498s][info][gc             ] GC(42) 	12: 0
[134.498s][info][gc             ] GC(42) 	13: 2600
[134.498s][info][gc             ] GC(42) 	14: 0
[134.498s][info][gc             ] GC(42) 	15: 0
[134.498s][info][gc             ] GC(42) 	16: 0
[134.498s][info][gc             ] GC(42) 	17: 0
[134.498s][info][gc             ] GC(42) 	18: 0
[134.498s][info][gc             ] GC(42) 	19: 0
[134.498s][info][gc,ergo        ] Free: 5722K, Max: 256K regular, 256K humongous, Frag: 50% external, 58% internal; Reserve: 1024K, Max: 256K
[134.498s][info][gc,stats       ] 
[134.498s][info][gc,stats       ] All times are wall-clock times, except per-root-class counters, that are sum over
[134.498s][info][gc,stats       ] all workers. Dividing the <total> over the root stage time estimates parallelism.
[134.498s][info][gc,stats       ] 
[134.498s][info][gc,stats       ] Concurrent Reset                    173 us
[134.498s][info][gc,stats       ] Pause Init Mark (G)                2208 us
[134.498s][info][gc,stats       ] Pause Init Mark (N)                1770 us
[134.498s][info][gc,stats       ]   Accumulate Stats                    5 us
[134.498s][info][gc,stats       ]   Make Parsable                      19 us
[134.498s][info][gc,stats       ]   Update Region States                2 us
[134.498s][info][gc,stats       ]   Scan Roots                       1615 us, parallelism: 0.99x
[134.498s][info][gc,stats       ]     S: <total>                     1593 us
[134.498s][info][gc,stats       ]     S: Thread Roots                 104 us, workers (us): 102,   2, ---, ---, ---, ---, ---, ---, ---, ---, ---, ---, ---, ---, ---, ---, ---, ---, ---, ---, ---, ---, ---, ---, 
[134.498s][info][gc,stats       ]     S: Universe Roots                18 us, workers (us):  18, ---, ---, ---, ---, ---, ---, ---, ---, ---, ---, ---, ---, ---, ---, ---, ---, ---, ---, ---, ---, ---, ---, ---, 
[134.498s][info][gc,stats       ]     S: JNI Handles Roots              6 us, workers (us): ---,   6, ---, ---, ---, ---, ---, ---, ---, ---, ---, ---, ---, ---, ---, ---, ---, ---, ---, ---, ---, ---, ---, ---, 
[134.498s][info][gc,stats       ]     S: Synchronizer Roots             0 us, workers (us):   0, ---, ---, ---, ---, ---, ---, ---, ---, ---, ---, ---, ---, ---, ---, ---, ---, ---, ---, ---, ---, ---, ---, ---, 
[134.498s][info][gc,stats       ]     S: Management Roots               1 us, workers (us):   1, ---, ---, ---, ---, ---, ---, ---, ---, ---, ---, ---, ---, ---, ---, ---, ---, ---, ---, ---, ---, ---, ---, ---, 
[134.498s][info][gc,stats       ]     S: System Dict Roots             27 us, workers (us):  27, ---, ---, ---, ---, ---, ---, ---, ---, ---, ---, ---, ---, ---, ---, ---, ---, ---, ---, ---, ---, ---, ---, ---, 
[134.498s][info][gc,stats       ]     S: CLDG Roots                  1436 us, workers (us): ---, 1436, ---, ---, ---, ---, ---, ---, ---, ---, ---, ---, ---, ---, ---, ---, ---, ---, ---, ---, ---, ---, ---, ---, 
[134.498s][info][gc,stats       ]     S: JVMTI Roots                    1 us, workers (us): ---,   1, ---, ---, ---, ---, ---, ---, ---, ---, ---, ---, ---, ---, ---, ---, ---, ---, ---, ---, ---, ---, ---, ---, 
[134.498s][info][gc,stats       ]   Resize TLABs                        6 us
[134.498s][info][gc,stats       ] Concurrent Marking                22819 us
[134.498s][info][gc,stats       ] Pause Final Mark (G)               1073 us
[134.498s][info][gc,stats       ] Pause Final Mark (N)                884 us
[134.498s][info][gc,stats       ]   Finish Queues                     110 us
[134.498s][info][gc,stats       ]   System Purge                      302 us
[134.498s][info][gc,stats       ]     Weak Roots                      300 us
[134.498s][info][gc,stats       ]   Update Region States                4 us
[134.498s][info][gc,stats       ]   Retire TLABs                        5 us
[134.498s][info][gc,stats       ]   Choose Collection Set              57 us
[134.498s][info][gc,stats       ]   Rebuild Free Set                   17 us
[134.498s][info][gc,stats       ]   Initial Evacuation                364 us, parallelism: 0.57x
[134.498s][info][gc,stats       ]     E: <total>                      207 us
[134.498s][info][gc,stats       ]     E: Thread Roots                  61 us, workers (us):   1,  60, ---, ---, ---, ---, ---, ---, ---, ---, ---, ---, ---, ---, ---, ---, ---, ---, ---, ---, ---, ---, ---, ---, 
[134.498s][info][gc,stats       ]     E: Code Cache Roots               1 us, workers (us):   0,   1, ---, ---, ---, ---, ---, ---, ---, ---, ---, ---, ---, ---, ---, ---, ---, ---, ---, ---, ---, ---, ---, ---, 
[134.498s][info][gc,stats       ]     E: Universe Roots                 2 us, workers (us):   2, ---, ---, ---, ---, ---, ---, ---, ---, ---, ---, ---, ---, ---, ---, ---, ---, ---, ---, ---, ---, ---, ---, ---, 
[134.498s][info][gc,stats       ]     E: JNI Handles Roots              1 us, workers (us):   1, ---, ---, ---, ---, ---, ---, ---, ---, ---, ---, ---, ---, ---, ---, ---, ---, ---, ---, ---, ---, ---, ---, ---, 
[134.498s][info][gc,stats       ]     E: Synchronizer Roots             0 us, workers (us):   0, ---, ---, ---, ---, ---, ---, ---, ---, ---, ---, ---, ---, ---, ---, ---, ---, ---, ---, ---, ---, ---, ---, ---, 
[134.498s][info][gc,stats       ]     E: Management Roots               1 us, workers (us):   1, ---, ---, ---, ---, ---, ---, ---, ---, ---, ---, ---, ---, ---, ---, ---, ---, ---, ---, ---, ---, ---, ---, ---, 
[134.498s][info][gc,stats       ]     E: System Dict Roots              5 us, workers (us):   5, ---, ---, ---, ---, ---, ---, ---, ---, ---, ---, ---, ---, ---, ---, ---, ---, ---, ---, ---, ---, ---, ---, ---, 
[134.498s][info][gc,stats       ]     E: CLDG Roots                   136 us, workers (us): 136, ---, ---, ---, ---, ---, ---, ---, ---, ---, ---, ---, ---, ---, ---, ---, ---, ---, ---, ---, ---, ---, ---, ---, 
[134.498s][info][gc,stats       ]     E: JVMTI Roots                    0 us, workers (us):   0, ---, ---, ---, ---, ---, ---, ---, ---, ---, ---, ---, ---, ---, ---, ---, ---, ---, ---, ---, ---, ---, ---, ---, 
[134.498s][info][gc,stats       ] Concurrent Cleanup                    6 us
[134.498s][info][gc,stats       ] Concurrent Evacuation              2114 us
[134.498s][info][gc,stats       ] Pause Init  Update Refs (G)         426 us
[134.498s][info][gc,stats       ] Pause Init  Update Refs (N)          57 us
[134.498s][info][gc,stats       ]   Retire GCLABs                      35 us
[134.498s][info][gc,stats       ] Concurrent Update Refs            18712 us
[134.498s][info][gc,stats       ] Pause Final Update Refs (G)         457 us
[134.498s][info][gc,stats       ] Pause Final Update Refs (N)          97 us
[134.498s][info][gc,stats       ]   Update Roots                       64 us, parallelism: 0.72x
[134.498s][info][gc,stats       ]     UR: <total>                      46 us
[134.498s][info][gc,stats       ]     UR: Thread Roots                 46 us, workers (us):  25,  21, ---, ---, ---, ---, ---, ---, ---, ---, ---, ---, ---, ---, ---, ---, ---, ---, ---, ---, ---, ---, ---, ---, 
[134.498s][info][gc,stats       ]   Update Region States                3 us
[134.498s][info][gc,stats       ]   Trash Collection Set                3 us
[134.498s][info][gc,stats       ]   Rebuild Free Set                    6 us
[134.498s][info][gc,stats       ] Concurrent Cleanup                  125 us
[134.498s][info][gc,stats       ] 
[134.498s][info][gc,stats       ] Allocation pacing accrued:
[134.498s][info][gc,stats       ]       0 of  3003 ms (  0.0%): <total>
[134.498s][info][gc,stats       ]       0 of  3003 ms (  0.0%): <average total>
[134.498s][info][gc,stats       ] 
[134.498s][info][gc,metaspace   ] Metaspace: 14126K->14126K(1062912K)
[134.498s][info][gc,ergo        ] Pacer for Idle. Initial: 327K, Alloc Tax Rate: 1.0x
[137.449s][info][gc             ] Failed to allocate Shared, 128K
[137.449s][info][gc             ] Cancelling GC: Allocation Failure
[137.451s][info][gc             ] Trigger: Handle Allocation Failure
[137.451s][info][gc,ergo        ] Free: 1380K, Max: 246K regular, 0B humongous, Frag: 0% external, 70% internal; Reserve: 1024K, Max: 256K
[137.451s][info][gc,start       ] GC(43) Pause Degenerated GC (Outside of Cycle)
[137.451s][info][gc,task        ] GC(43) Using 3 of 24 workers for stw degenerated gc
[137.451s][info][gc,ergo        ] GC(43) Pacer for Reset. Non-Taxable: 16384K
[137.452s][info][gc,ergo        ] GC(43) Pacer for Mark. Expected Live: 10695K, Free: 1380K, Non-Taxable: 138K, Alloc Tax Rate: 9.5x
[137.475s][info][gc,stringtable ] GC(43) Cleaned string and symbol table, strings: 5465 processed, 0 removed, symbols: 48570 processed, 0 removed
[137.475s][info][gc,ergo        ] GC(43) Adaptive CSet Selection. Target Free: 2321K, Actual Free: 1024K, Max CSet: 682K, Min Garbage: 1297K
[137.475s][info][gc,ergo        ] GC(43) Collectable Garbage: 186K (99%), Immediate: 0B (0%), CSet: 186K (99%)
[137.475s][info][gc,ergo        ] GC(43) Pacer for Evacuation. Used CSet: 820K, Free: 4987K, Non-Taxable: 498K, Alloc Tax Rate: 1.1x
[137.476s][info][gc             ] GC(43) Cancelling GC: Allocation Failure During Evacuation
[137.477s][info][gc             ] GC(43) Cannot finish degeneration, upgrading to Full GC
[137.479s][info][gc,phases,start] GC(43) Phase 1: Mark live objects
[137.501s][info][gc,stringtable ] GC(43) Cleaned string and symbol table, strings: 5465 processed, 0 removed, symbols: 48570 processed, 0 removed
[137.502s][info][gc,phases      ] GC(43) Phase 1: Mark live objects 23.117ms
[137.502s][info][gc,phases,start] GC(43) Phase 2: Compute new object addresses
[137.508s][info][gc,phases      ] GC(43) Phase 2: Compute new object addresses 5.931ms
[137.508s][info][gc,phases,start] GC(43) Phase 3: Adjust pointers
[137.514s][info][gc,phases      ] GC(43) Phase 3: Adjust pointers 6.686ms
[137.514s][info][gc,phases,start] GC(43) Phase 4: Move objects
[137.520s][info][gc,phases      ] GC(43) Phase 4: Move objects 5.892ms
[137.521s][info][gc,ergo        ] GC(43) Good progress for free space: 5635K, need 163K
[137.521s][info][gc,ergo        ] GC(43) Good progress for used space: 739K, need 256K
[137.521s][info][gc             ] GC(43) Pause Degenerated GC (Outside of Cycle) 9M->9M(16M) 69.707ms
[137.521s][info][gc,ergo        ] Free: 5635K, Max: 256K regular, 1280K humongous, Frag: 17% external, 61% internal; Reserve: 1024K, Max: 256K
[137.521s][info][gc,stats       ] 
[137.521s][info][gc,stats       ] All times are wall-clock times, except per-root-class counters, that are sum over
[137.521s][info][gc,stats       ] all workers. Dividing the <total> over the root stage time estimates parallelism.
[137.521s][info][gc,stats       ] 
[137.521s][info][gc,stats       ]   Accumulate Stats                    6 us
[137.521s][info][gc,stats       ]   Make Parsable                      11 us
[137.521s][info][gc,stats       ]   Update Region States                1 us
[137.521s][info][gc,stats       ]   Scan Roots                        716 us, parallelism: 1.10x
[137.521s][info][gc,stats       ]     S: <total>                      785 us
[137.521s][info][gc,stats       ]     S: Thread Roots                 130 us, workers (us):   2,  77,  51, ---, ---, ---, ---, ---, ---, ---, ---, ---, ---, ---, ---, ---, ---, ---, ---, ---, ---, ---, ---, ---, 
[137.521s][info][gc,stats       ]     S: Universe Roots                19 us, workers (us):  19, ---, ---, ---, ---, ---, ---, ---, ---, ---, ---, ---, ---, ---, ---, ---, ---, ---, ---, ---, ---, ---, ---, ---, 
[137.521s][info][gc,stats       ]     S: JNI Handles Roots              6 us, workers (us): ---,   6, ---, ---, ---, ---, ---, ---, ---, ---, ---, ---, ---, ---, ---, ---, ---, ---, ---, ---, ---, ---, ---, ---, 
[137.521s][info][gc,stats       ]     S: Synchronizer Roots             0 us, workers (us):   0, ---, ---, ---, ---, ---, ---, ---, ---, ---, ---, ---, ---, ---, ---, ---, ---, ---, ---, ---, ---, ---, ---, ---, 
[137.521s][info][gc,stats       ]     S: Management Roots               2 us, workers (us):   2, ---, ---, ---, ---, ---, ---, ---, ---, ---, ---, ---, ---, ---, ---, ---, ---, ---, ---, ---, ---, ---, ---, ---, 
[137.521s][info][gc,stats       ]     S: System Dict Roots             28 us, workers (us):  28, ---, ---, ---, ---, ---, ---, ---, ---, ---, ---, ---, ---, ---, ---, ---, ---, ---, ---, ---, ---, ---, ---, ---, 
[137.521s][info][gc,stats       ]     S: CLDG Roots                   601 us, workers (us): 601, ---, ---, ---, ---, ---, ---, ---, ---, ---, ---, ---, ---, ---, ---, ---, ---, ---, ---, ---, ---, ---, ---, ---, 
[137.521s][info][gc,stats       ]     S: JVMTI Roots                    1 us, workers (us): ---,   1, ---, ---, ---, ---, ---, ---, ---, ---, ---, ---, ---, ---, ---, ---, ---, ---, ---, ---, ---, ---, ---, ---, 
[137.521s][info][gc,stats       ]   Resize TLABs                        4 us
[137.521s][info][gc,stats       ]   Finish Queues                   18924 us
[137.521s][info][gc,stats       ]   Weak References                  1210 us
[137.521s][info][gc,stats       ]     Process                        1198 us
[137.521s][info][gc,stats       ]   System Purge                      313 us
[137.521s][info][gc,stats       ]     Unload Classes                  258 us
[137.521s][info][gc,stats       ]     Cleanup                        1723 us, parallelism: 2.56x
[137.521s][info][gc,stats       ]       CU: <total>                  4420 us
[137.521s][info][gc,stats       ]       CU: Code Cache Roots            6 us, workers (us):   1,   2,   2, ---, ---, ---, ---, ---, ---, ---, ---, ---, ---, ---, ---, ---, ---, ---, ---, ---, ---, ---, ---, ---, 
[137.522s][info][gc,stats       ]       CU: Code Cache Cleaning         0 us, workers (us):   0,   0,   0, ---, ---, ---, ---, ---, ---, ---, ---, ---, ---, ---, ---, ---, ---, ---, ---, ---, ---, ---, ---, ---, 
[137.522s][info][gc,stats       ]       CU: String Table Roots       2573 us, workers (us): 881, 860, 832, ---, ---, ---, ---, ---, ---, ---, ---, ---, ---, ---, ---, ---, ---, ---, ---, ---, ---, ---, ---, ---, 
[137.522s][info][gc,stats       ]       CU: Resolved Table Roots       82 us, workers (us):  82,   0,   0, ---, ---, ---, ---, ---, ---, ---, ---, ---, ---, ---, ---, ---, ---, ---, ---, ---, ---, ---, ---, ---, 
[137.522s][info][gc,stats       ]       CU: CLDG Roots               1758 us, workers (us): 533, 614, 612, ---, ---, ---, ---, ---, ---, ---, ---, ---, ---, ---, ---, ---, ---, ---, ---, ---, ---, ---, ---, ---, 
[137.522s][info][gc,stats       ]     Weak Roots                      312 us
[137.522s][info][gc,stats       ]     CLDG                              1 us
[137.522s][info][gc,stats       ]   Update Region States                3 us
[137.522s][info][gc,stats       ]   Retire TLABs                        6 us
[137.522s][info][gc,stats       ]   Choose Collection Set              57 us
[137.522s][info][gc,stats       ]   Rebuild Free Set                    6 us
[137.522s][info][gc,stats       ]   Initial Evacuation                 16 us
[137.522s][info][gc,stats       ] Pause Degenerated GC (G)          70089 us
[137.522s][info][gc,stats       ] Pause Degenerated GC (N)          69661 us
[137.522s][info][gc,stats       ]   Pre Heap Dump                       1 us
[137.522s][info][gc,stats       ]   Prepare                          1309 us
[137.522s][info][gc,stats       ]     Update Roots                   1029 us, parallelism: 0.72x
[137.522s][info][gc,stats       ]       FU: <total>                   741 us
[137.522s][info][gc,stats       ]       FU: Thread Roots              111 us, workers (us):   1,  56,  54, ---, ---, ---, ---, ---, ---, ---, ---, ---, ---, ---, ---, ---, ---, ---, ---, ---, ---, ---, ---, ---, 
[137.522s][info][gc,stats       ]       FU: Code Cache Roots            2 us, workers (us):   0,   1,   1, ---, ---, ---, ---, ---, ---, ---, ---, ---, ---, ---, ---, ---, ---, ---, ---, ---, ---, ---, ---, ---, 
[137.522s][info][gc,stats       ]       FU: Universe Roots             13 us, workers (us):  13, ---, ---, ---, ---, ---, ---, ---, ---, ---, ---, ---, ---, ---, ---, ---, ---, ---, ---, ---, ---, ---, ---, ---, 
[137.522s][info][gc,stats       ]       FU: JNI Handles Roots           3 us, workers (us): ---,   3, ---, ---, ---, ---, ---, ---, ---, ---, ---, ---, ---, ---, ---, ---, ---, ---, ---, ---, ---, ---, ---, ---, 
[137.522s][info][gc,stats       ]       FU: Synchronizer Roots          1 us, workers (us): ---,   1, ---, ---, ---, ---, ---, ---, ---, ---, ---, ---, ---, ---, ---, ---, ---, ---, ---, ---, ---, ---, ---, ---, 
[137.522s][info][gc,stats       ]       FU: Management Roots            1 us, workers (us):   1, ---, ---, ---, ---, ---, ---, ---, ---, ---, ---, ---, ---, ---, ---, ---, ---, ---, ---, ---, ---, ---, ---, ---, 
[137.522s][info][gc,stats       ]       FU: System Dict Roots          26 us, workers (us):  26, ---, ---, ---, ---, ---, ---, ---, ---, ---, ---, ---, ---, ---, ---, ---, ---, ---, ---, ---, ---, ---, ---, ---, 
[137.522s][info][gc,stats       ]       FU: CLDG Roots                584 us, workers (us): 584, ---, ---, ---, ---, ---, ---, ---, ---, ---, ---, ---, ---, ---, ---, ---, ---, ---, ---, ---, ---, ---, ---, ---, 
[137.522s][info][gc,stats       ]       FU: JVMTI Roots                 1 us, workers (us): ---,   1, ---, ---, ---, ---, ---, ---, ---, ---, ---, ---, ---, ---, ---, ---, ---, ---, ---, ---, ---, ---, ---, ---, 
[137.522s][info][gc,stats       ]   Scan Roots                        405 us, parallelism: 1.24x
[137.522s][info][gc,stats       ]     FS: <total>                     501 us
[137.522s][info][gc,stats       ]     FS: Thread Roots                109 us, workers (us):  61,  48,   1, ---, ---, ---, ---, ---, ---, ---, ---, ---, ---, ---, ---, ---, ---, ---, ---, ---, ---, ---, ---, ---, 
[137.522s][info][gc,stats       ]     FS: Universe Roots               19 us, workers (us):  19, ---, ---, ---, ---, ---, ---, ---, ---, ---, ---, ---, ---, ---, ---, ---, ---, ---, ---, ---, ---, ---, ---, ---, 
[137.522s][info][gc,stats       ]     FS: JNI Handles Roots             4 us, workers (us): ---, ---,   4, ---, ---, ---, ---, ---, ---, ---, ---, ---, ---, ---, ---, ---, ---, ---, ---, ---, ---, ---, ---, ---, 
[137.522s][info][gc,stats       ]     FS: Synchronizer Roots            0 us, workers (us): ---,   0, ---, ---, ---, ---, ---, ---, ---, ---, ---, ---, ---, ---, ---, ---, ---, ---, ---, ---, ---, ---, ---, ---, 
[137.522s][info][gc,stats       ]     FS: Management Roots              1 us, workers (us): ---, ---,   1, ---, ---, ---, ---, ---, ---, ---, ---, ---, ---, ---, ---, ---, ---, ---, ---, ---, ---, ---, ---, ---, 
[137.522s][info][gc,stats       ]     FS: System Dict Roots            25 us, workers (us): ---,  25, ---, ---, ---, ---, ---, ---, ---, ---, ---, ---, ---, ---, ---, ---, ---, ---, ---, ---, ---, ---, ---, ---, 
[137.522s][info][gc,stats       ]     FS: CLDG Roots                  343 us, workers (us): ---, ---, 343, ---, ---, ---, ---, ---, ---, ---, ---, ---, ---, ---, ---, ---, ---, ---, ---, ---, ---, ---, ---, ---, 
[137.522s][info][gc,stats       ]     FS: JVMTI Roots                   0 us, workers (us): ---, ---,   0, ---, ---, ---, ---, ---, ---, ---, ---, ---, ---, ---, ---, ---, ---, ---, ---, ---, ---, ---, ---, ---, 
[137.522s][info][gc,stats       ]   Mark                            23089 us
[137.522s][info][gc,stats       ]     Finish Queues                 19122 us
[137.522s][info][gc,stats       ]     Weak References                 913 us
[137.522s][info][gc,stats       ]       Process                       901 us
[137.522s][info][gc,stats       ]     System Purge                    217 us
[137.522s][info][gc,stats       ]       Unload Classes                321 us
[137.522s][info][gc,stats       ]       Cleanup                      1856 us, parallelism: 2.42x
[137.522s][info][gc,stats       ]         CU: <total>                4495 us
[137.522s][info][gc,stats       ]         CU: Code Cache Roots          6 us, workers (us):   2,   2,   2, ---, ---, ---, ---, ---, ---, ---, ---, ---, ---, ---, ---, ---, ---, ---, ---, ---, ---, ---, ---, ---, 
[137.522s][info][gc,stats       ]         CU: Code Cache Cleaning        0 us, workers (us):   0,   0,   0, ---, ---, ---, ---, ---, ---, ---, ---, ---, ---, ---, ---, ---, ---, ---, ---, ---, ---, ---, ---, ---, 
[137.522s][info][gc,stats       ]         CU: String Table Roots     2622 us, workers (us): 910, 862, 851, ---, ---, ---, ---, ---, ---, ---, ---, ---, ---, ---, ---, ---, ---, ---, ---, ---, ---, ---, ---, ---, 
[137.522s][info][gc,stats       ]         CU: Resolved Table Roots       90 us, workers (us):  89,   0,   0, ---, ---, ---, ---, ---, ---, ---, ---, ---, ---, ---, ---, ---, ---, ---, ---, ---, ---, ---, ---, ---, 
[137.522s][info][gc,stats       ]         CU: CLDG Roots             1776 us, workers (us): 533, 620, 622, ---, ---, ---, ---, ---, ---, ---, ---, ---, ---, ---, ---, ---, ---, ---, ---, ---, ---, ---, ---, ---, 
[137.522s][info][gc,stats       ]       Weak Roots                    216 us
[137.522s][info][gc,stats       ]       CLDG                            1 us
[137.522s][info][gc,stats       ]   Calculate Addresses              5918 us
[137.522s][info][gc,stats       ]     Regular Objects                5909 us
[137.522s][info][gc,stats       ]     Humongous Objects                 1 us
[137.522s][info][gc,stats       ]   Adjust Pointers                  6658 us
[137.522s][info][gc,stats       ]     FA: <total>                     253 us
[137.522s][info][gc,stats       ]     FA: Thread Roots                 83 us, workers (us):   1,  42,  40, ---, ---, ---, ---, ---, ---, ---, ---, ---, ---, ---, ---, ---, ---, ---, ---, ---, ---, ---, ---, ---, 
[137.522s][info][gc,stats       ]     FA: Code Cache Roots              2 us, workers (us):   0,   1,   1, ---, ---, ---, ---, ---, ---, ---, ---, ---, ---, ---, ---, ---, ---, ---, ---, ---, ---, ---, ---, ---, 
[137.522s][info][gc,stats       ]     FA: Universe Roots                2 us, workers (us):   2, ---, ---, ---, ---, ---, ---, ---, ---, ---, ---, ---, ---, ---, ---, ---, ---, ---, ---, ---, ---, ---, ---, ---, 
[137.522s][info][gc,stats       ]     FA: JNI Handles Roots             1 us, workers (us):   1, ---, ---, ---, ---, ---, ---, ---, ---, ---, ---, ---, ---, ---, ---, ---, ---, ---, ---, ---, ---, ---, ---, ---, 
[137.522s][info][gc,stats       ]     FA: Synchronizer Roots            0 us, workers (us):   0, ---, ---, ---, ---, ---, ---, ---, ---, ---, ---, ---, ---, ---, ---, ---, ---, ---, ---, ---, ---, ---, ---, ---, 
[137.522s][info][gc,stats       ]     FA: Management Roots              1 us, workers (us):   1, ---, ---, ---, ---, ---, ---, ---, ---, ---, ---, ---, ---, ---, ---, ---, ---, ---, ---, ---, ---, ---, ---, ---, 
[137.522s][info][gc,stats       ]     FA: System Dict Roots             7 us, workers (us):   7, ---, ---, ---, ---, ---, ---, ---, ---, ---, ---, ---, ---, ---, ---, ---, ---, ---, ---, ---, ---, ---, ---, ---, 
[137.523s][info][gc,stats       ]     FA: CLDG Roots                  157 us, workers (us): 157, ---, ---, ---, ---, ---, ---, ---, ---, ---, ---, ---, ---, ---, ---, ---, ---, ---, ---, ---, ---, ---, ---, ---, 
[137.523s][info][gc,stats       ]     FA: JVMTI Roots                   0 us, workers (us):   0, ---, ---, ---, ---, ---, ---, ---, ---, ---, ---, ---, ---, ---, ---, ---, ---, ---, ---, ---, ---, ---, ---, ---, 
[137.523s][info][gc,stats       ]   Copy Objects                     5875 us
[137.523s][info][gc,stats       ]     Regular Objects                5391 us
[137.523s][info][gc,stats       ]     Humongous Objects                 1 us
[137.523s][info][gc,stats       ]     Reset Complete Bitmap           113 us
[137.523s][info][gc,stats       ]     Rebuild Region Sets             367 us
[137.523s][info][gc,stats       ]   Resize TLABs                        6 us
[137.523s][info][gc,stats       ]   Post Heap Dump                      1 us
[137.523s][info][gc,stats       ] 
[137.523s][info][gc,stats       ] Allocation pacing accrued:
[137.523s][info][gc,stats       ]       0 of  3024 ms (  0.0%): <total>
[137.523s][info][gc,stats       ]       0 of  3024 ms (  0.0%): <average total>
[137.523s][info][gc,stats       ] 
[137.523s][info][gc,metaspace   ] Metaspace: 14126K->14126K(1062912K)
[137.523s][info][gc,ergo        ] Pacer for Idle. Initial: 327K, Alloc Tax Rate: 1.0x
[137.524s][info][gc             ] Trigger: Average GC time (43.45 ms) is above the time for allocation rate (50603 KB/s) to deplete free headroom (0B)
[137.524s][info][gc,ergo        ] Free headroom: 1944K (free) - 819K (spike) - 3276K (penalties) = 0B
[137.524s][info][gc,ergo        ] Free: 1944K, Max: 256K regular, 1280K humongous, Frag: 0% external, 65% internal; Reserve: 1024K, Max: 256K
[137.524s][info][gc,start       ] GC(44) Concurrent reset
[137.524s][info][gc,task        ] GC(44) Using 2 of 24 workers for concurrent reset
[137.524s][info][gc,ergo        ] GC(44) Pacer for Reset. Non-Taxable: 16384K
[137.524s][info][gc             ] GC(44) Concurrent reset 0.204ms
[137.524s][info][gc,start       ] GC(44) Pause Init Mark
[137.524s][info][gc,task        ] GC(44) Using 2 of 24 workers for init marking
[137.525s][info][gc,ergo        ] GC(44) Pacer for Mark. Expected Live: 12717K, Free: 1944K, Non-Taxable: 194K, Alloc Tax Rate: 8.0x
[137.525s][info][gc             ] GC(44) Pause Init Mark 0.714ms
[137.525s][info][gc,start       ] GC(44) Concurrent marking
[137.525s][info][gc,task        ] GC(44) Using 2 of 24 workers for concurrent marking
[137.546s][info][gc             ] GC(44) Concurrent marking 20.884ms
[137.546s][info][gc,start       ] GC(44) Pause Final Mark
[137.546s][info][gc,task        ] GC(44) Using 2 of 24 workers for final marking
[137.547s][info][gc,ergo        ] GC(44) Adaptive CSet Selection. Target Free: 2321K, Actual Free: 4224K, Max CSet: 682K, Min Garbage: 0B
[137.547s][info][gc,ergo        ] GC(44) Collectable Garbage: 2947K (92%), Immediate: 1920K (59%), CSet: 1026K (32%)
[137.548s][info][gc,ergo        ] GC(44) Pacer for Evacuation. Used CSet: 1688K, Free: 7068K, Non-Taxable: 706K, Alloc Tax Rate: 1.1x
[137.548s][info][gc             ] GC(44) Pause Final Mark 1.878ms
[137.548s][info][gc,start       ] GC(44) Concurrent cleanup
[137.549s][info][gc             ] GC(44) Concurrent cleanup 9M->7M(16M) 0.615ms
[137.549s][info][gc,ergo        ] GC(44) Free: 7068K, Max: 256K regular, 1536K humongous, Frag: 70% external, 45% internal; Reserve: 896K, Max: 256K
[137.549s][info][gc,start       ] GC(44) Concurrent evacuation
[137.549s][info][gc,task        ] GC(44) Using 2 of 24 workers for concurrent evacuation
[137.553s][info][gc             ] GC(44) Concurrent evacuation 3.834ms
[137.553s][info][gc,start       ] GC(44) Pause Init Update Refs
[137.553s][info][gc,ergo        ] GC(44) Pacer for Update Refs. Used: 8894K, Free: 7068K, Non-Taxable: 706K, Alloc Tax Rate: 1.5x
[137.553s][info][gc             ] GC(44) Pause Init Update Refs 0.115ms
[137.553s][info][gc,start       ] GC(44) Concurrent update references
[137.553s][info][gc,task        ] GC(44) Using 2 of 24 workers for concurrent reference update
[137.569s][info][gc             ] GC(44) Concurrent update references 16.197ms
[137.570s][info][gc,start       ] GC(44) Pause Final Update Refs
[137.570s][info][gc,task        ] GC(44) Using 2 of 24 workers for final reference update
[137.570s][info][gc             ] GC(44) Pause Final Update Refs 0.145ms
[137.570s][info][gc,start       ] GC(44) Concurrent cleanup
[137.570s][info][gc             ] GC(44) Concurrent cleanup 8M->7M(16M) 0.419ms
[137.570s][info][gc             ] GC(44) Dat log --- cycle is complete
Current gc epoch: 39
heap: ______
capacity: 16777216
used: 7379600
committed: 16777216
bytes_allocated_since_gc_start: 0
hot_size: 44651
cold_size: 107069
num_regions: 64
hot_region_count: 18446744073709551549
cold_region_count: 85
histogram: Placeholder

[137.570s][info][gc             ] GC(44) Obj count ac histogram
[137.570s][info][gc             ] GC(44) 	0: 7679
[137.570s][info][gc             ] GC(44) 	1: 0
[137.570s][info][gc             ] GC(44) 	2: 0
[137.570s][info][gc             ] GC(44) 	3: 0
[137.570s][info][gc             ] GC(44) 	4: 0
[137.570s][info][gc             ] GC(44) 	5: 0
[137.570s][info][gc             ] GC(44) 	6: 0
[137.570s][info][gc             ] GC(44) 	7: 0
[137.570s][info][gc             ] GC(44) 	8: 0
[137.570s][info][gc             ] GC(44) 	9: 0
[137.570s][info][gc             ] GC(44) 	10: 0
[137.570s][info][gc             ] GC(44) 	11: 0
[137.570s][info][gc             ] GC(44) 	12: 0
[137.570s][info][gc             ] GC(44) 	13: 3689
[137.570s][info][gc             ] GC(44) 	14: 8
[137.570s][info][gc             ] GC(44) 	15: 0
[137.570s][info][gc             ] GC(44) 	16: 0
[137.570s][info][gc             ] GC(44) 	17: 0
[137.570s][info][gc             ] GC(44) 	18: 0
[137.570s][info][gc             ] GC(44) 	19: 0
[137.570s][info][gc             ] GC(44) Obj size ac histogram
[137.570s][info][gc             ] GC(44) 	0: 100673
[137.570s][info][gc             ] GC(44) 	1: 0
[137.570s][info][gc             ] GC(44) 	2: 0
[137.570s][info][gc             ] GC(44) 	3: 0
[137.570s][info][gc             ] GC(44) 	4: 0
[137.570s][info][gc             ] GC(44) 	5: 0
[137.570s][info][gc             ] GC(44) 	6: 0
[137.570s][info][gc             ] GC(44) 	7: 0
[137.570s][info][gc             ] GC(44) 	8: 0
[137.570s][info][gc             ] GC(44) 	9: 0
[137.570s][info][gc             ] GC(44) 	10: 0
[137.571s][info][gc             ] GC(44) 	11: 0
[137.571s][info][gc             ] GC(44) 	12: 0
[137.571s][info][gc             ] GC(44) 	13: 43651
[137.571s][info][gc             ] GC(44) 	14: 44
[137.571s][info][gc             ] GC(44) 	15: 0
[137.571s][info][gc             ] GC(44) 	16: 0
[137.571s][info][gc             ] GC(44) 	17: 0
[137.571s][info][gc             ] GC(44) 	18: 0
[137.571s][info][gc             ] GC(44) 	19: 0
[137.571s][info][gc,ergo        ] Free: 8153K, Max: 256K regular, 2304K humongous, Frag: 63% external, 44% internal; Reserve: 1024K, Max: 256K
[137.571s][info][gc,stats       ] 
[137.571s][info][gc,stats       ] All times are wall-clock times, except per-root-class counters, that are sum over
[137.571s][info][gc,stats       ] all workers. Dividing the <total> over the root stage time estimates parallelism.
[137.571s][info][gc,stats       ] 
[137.571s][info][gc,stats       ] Concurrent Reset                    186 us
[137.571s][info][gc,stats       ] Pause Init Mark (G)                1010 us
[137.571s][info][gc,stats       ] Pause Init Mark (N)                 670 us
[137.571s][info][gc,stats       ]   Accumulate Stats                    3 us
[137.571s][info][gc,stats       ]   Make Parsable                       6 us
[137.571s][info][gc,stats       ]   Update Region States                2 us
[137.571s][info][gc,stats       ]   Scan Roots                        561 us, parallelism: 1.09x
[137.571s][info][gc,stats       ]     S: <total>                      610 us
[137.571s][info][gc,stats       ]     S: Thread Roots                 106 us, workers (us):   1, 106, ---, ---, ---, ---, ---, ---, ---, ---, ---, ---, ---, ---, ---, ---, ---, ---, ---, ---, ---, ---, ---, ---, 
[137.571s][info][gc,stats       ]     S: Universe Roots                 7 us, workers (us):   7, ---, ---, ---, ---, ---, ---, ---, ---, ---, ---, ---, ---, ---, ---, ---, ---, ---, ---, ---, ---, ---, ---, ---, 
[137.571s][info][gc,stats       ]     S: JNI Handles Roots              1 us, workers (us):   1, ---, ---, ---, ---, ---, ---, ---, ---, ---, ---, ---, ---, ---, ---, ---, ---, ---, ---, ---, ---, ---, ---, ---, 
[137.571s][info][gc,stats       ]     S: Synchronizer Roots             0 us, workers (us):   0, ---, ---, ---, ---, ---, ---, ---, ---, ---, ---, ---, ---, ---, ---, ---, ---, ---, ---, ---, ---, ---, ---, ---, 
[137.571s][info][gc,stats       ]     S: Management Roots               1 us, workers (us):   1, ---, ---, ---, ---, ---, ---, ---, ---, ---, ---, ---, ---, ---, ---, ---, ---, ---, ---, ---, ---, ---, ---, ---, 
[137.571s][info][gc,stats       ]     S: System Dict Roots             10 us, workers (us):  10, ---, ---, ---, ---, ---, ---, ---, ---, ---, ---, ---, ---, ---, ---, ---, ---, ---, ---, ---, ---, ---, ---, ---, 
[137.571s][info][gc,stats       ]     S: CLDG Roots                   485 us, workers (us): 485, ---, ---, ---, ---, ---, ---, ---, ---, ---, ---, ---, ---, ---, ---, ---, ---, ---, ---, ---, ---, ---, ---, ---, 
[137.571s][info][gc,stats       ]     S: JVMTI Roots                    0 us, workers (us):   0, ---, ---, ---, ---, ---, ---, ---, ---, ---, ---, ---, ---, ---, ---, ---, ---, ---, ---, ---, ---, ---, ---, ---, 
[137.571s][info][gc,stats       ]   Resize TLABs                        4 us
[137.571s][info][gc,stats       ] Concurrent Marking                20859 us
[137.571s][info][gc,stats       ] Pause Final Mark (G)               2047 us
[137.571s][info][gc,stats       ] Pause Final Mark (N)               1834 us
[137.571s][info][gc,stats       ]   Finish Queues                      96 us
[137.571s][info][gc,stats       ]   System Purge                      311 us
[137.571s][info][gc,stats       ]     Weak Roots                      310 us
[137.571s][info][gc,stats       ]   Update Region States                4 us
[137.571s][info][gc,stats       ]   Retire TLABs                        5 us
[137.571s][info][gc,stats       ]   Choose Collection Set              73 us
[137.571s][info][gc,stats       ]   Rebuild Free Set                    6 us
[137.571s][info][gc,stats       ]   Initial Evacuation               1299 us, parallelism: 0.65x
[137.571s][info][gc,stats       ]     E: <total>                      848 us
[137.571s][info][gc,stats       ]     E: Thread Roots                  61 us, workers (us):   1,  60, ---, ---, ---, ---, ---, ---, ---, ---, ---, ---, ---, ---, ---, ---, ---, ---, ---, ---, ---, ---, ---, ---, 
[137.571s][info][gc,stats       ]     E: Code Cache Roots               1 us, workers (us):   0,   1, ---, ---, ---, ---, ---, ---, ---, ---, ---, ---, ---, ---, ---, ---, ---, ---, ---, ---, ---, ---, ---, ---, 
[137.571s][info][gc,stats       ]     E: Universe Roots                 5 us, workers (us):   5, ---, ---, ---, ---, ---, ---, ---, ---, ---, ---, ---, ---, ---, ---, ---, ---, ---, ---, ---, ---, ---, ---, ---, 
[137.571s][info][gc,stats       ]     E: JNI Handles Roots              1 us, workers (us):   1, ---, ---, ---, ---, ---, ---, ---, ---, ---, ---, ---, ---, ---, ---, ---, ---, ---, ---, ---, ---, ---, ---, ---, 
[137.571s][info][gc,stats       ]     E: Synchronizer Roots             0 us, workers (us):   0, ---, ---, ---, ---, ---, ---, ---, ---, ---, ---, ---, ---, ---, ---, ---, ---, ---, ---, ---, ---, ---, ---, ---, 
[137.571s][info][gc,stats       ]     E: Management Roots               1 us, workers (us):   1, ---, ---, ---, ---, ---, ---, ---, ---, ---, ---, ---, ---, ---, ---, ---, ---, ---, ---, ---, ---, ---, ---, ---, 
[137.571s][info][gc,stats       ]     E: System Dict Roots             12 us, workers (us):  12, ---, ---, ---, ---, ---, ---, ---, ---, ---, ---, ---, ---, ---, ---, ---, ---, ---, ---, ---, ---, ---, ---, ---, 
[137.571s][info][gc,stats       ]     E: CLDG Roots                   764 us, workers (us): 764, ---, ---, ---, ---, ---, ---, ---, ---, ---, ---, ---, ---, ---, ---, ---, ---, ---, ---, ---, ---, ---, ---, ---, 
[137.571s][info][gc,stats       ]     E: JVMTI Roots                    1 us, workers (us):   1, ---, ---, ---, ---, ---, ---, ---, ---, ---, ---, ---, ---, ---, ---, ---, ---, ---, ---, ---, ---, ---, ---, ---, 
[137.571s][info][gc,stats       ] Concurrent Cleanup                  584 us
[137.571s][info][gc,stats       ] Concurrent Evacuation              3814 us
[137.571s][info][gc,stats       ] Pause Init  Update Refs (G)         409 us
[137.571s][info][gc,stats       ] Pause Init  Update Refs (N)          74 us
[137.571s][info][gc,stats       ]   Retire GCLABs                      50 us
[137.571s][info][gc,stats       ] Concurrent Update Refs            16167 us
[137.571s][info][gc,stats       ] Pause Final Update Refs (G)         445 us
[137.571s][info][gc,stats       ] Pause Final Update Refs (N)         101 us
[137.571s][info][gc,stats       ]   Update Roots                       66 us, parallelism: 0.46x
[137.571s][info][gc,stats       ]     UR: <total>                      30 us
[137.571s][info][gc,stats       ]     UR: Thread Roots                 30 us, workers (us):  30,   0, ---, ---, ---, ---, ---, ---, ---, ---, ---, ---, ---, ---, ---, ---, ---, ---, ---, ---, ---, ---, ---, ---, 
[137.571s][info][gc,stats       ]   Update Region States                3 us
[137.571s][info][gc,stats       ]   Trash Collection Set                4 us
[137.571s][info][gc,stats       ]   Rebuild Free Set                    6 us
[137.571s][info][gc,stats       ] Concurrent Cleanup                  394 us
[137.571s][info][gc,stats       ] 
[137.571s][info][gc,stats       ] Allocation pacing accrued:
[137.571s][info][gc,stats       ]       0 of    49 ms (  0.0%): <total>
[137.571s][info][gc,stats       ]       0 of    49 ms (  0.0%): <average total>
[137.571s][info][gc,stats       ] 
[137.572s][info][gc,metaspace   ] Metaspace: 14126K->14126K(1062912K)
[137.572s][info][gc,ergo        ] Pacer for Idle. Initial: 327K, Alloc Tax Rate: 1.0x
[150.527s][info][gc             ] Trigger: Average GC time (42.62 ms) is above the time for allocation rate (325 KB/s) to deplete free headroom (0B)
[150.527s][info][gc,ergo        ] Free headroom: 3929K (free) - 819K (spike) - 3112K (penalties) = 0B
[150.527s][info][gc,ergo        ] Free: 3929K, Max: 256K regular, 512K humongous, Frag: 82% external, 53% internal; Reserve: 1024K, Max: 256K
[150.527s][info][gc,start       ] GC(45) Concurrent reset
[150.527s][info][gc,task        ] GC(45) Using 2 of 24 workers for concurrent reset
[150.527s][info][gc,ergo        ] GC(45) Pacer for Reset. Non-Taxable: 16384K
[150.527s][info][gc             ] GC(45) Concurrent reset 0.221ms
[150.527s][info][gc,start       ] GC(45) Pause Init Mark (process weakrefs)
[150.527s][info][gc,task        ] GC(45) Using 2 of 24 workers for init marking
[150.529s][info][gc,ergo        ] GC(45) Pacer for Mark. Expected Live: 10259K, Free: 3929K, Non-Taxable: 392K, Alloc Tax Rate: 3.2x
[150.529s][info][gc             ] GC(45) Pause Init Mark (process weakrefs) 1.878ms
[150.529s][info][gc,start       ] GC(45) Concurrent marking (process weakrefs)
[150.529s][info][gc,task        ] GC(45) Using 2 of 24 workers for concurrent marking
[150.552s][info][gc             ] GC(45) Concurrent marking (process weakrefs) 22.614ms
[150.552s][info][gc,start       ] GC(45) Concurrent precleaning
[150.552s][info][gc,task        ] GC(45) Using 1 of 24 workers for concurrent preclean
[150.552s][info][gc,ergo        ] GC(45) Pacer for Precleaning. Non-Taxable: 16384K
[150.553s][info][gc             ] GC(45) Concurrent precleaning 1.157ms
[150.554s][info][gc,start       ] GC(45) Pause Final Mark (process weakrefs)
[150.554s][info][gc,task        ] GC(45) Using 2 of 24 workers for final marking
[150.555s][info][gc,ergo        ] GC(45) Adaptive CSet Selection. Target Free: 2321K, Actual Free: 3840K, Max CSet: 682K, Min Garbage: 0B
[150.555s][info][gc,ergo        ] GC(45) Collectable Garbage: 556K (96%), Immediate: 0B (0%), CSet: 556K (96%)
[150.556s][info][gc,ergo        ] GC(45) Pacer for Evacuation. Used CSet: 1218K, Free: 6409K, Non-Taxable: 640K, Alloc Tax Rate: 1.1x
[150.556s][info][gc             ] GC(45) Pause Final Mark (process weakrefs) 2.561ms
[150.556s][info][gc,start       ] GC(45) Concurrent cleanup
[150.556s][info][gc             ] GC(45) Concurrent cleanup 8M->8M(16M) 0.055ms
[150.556s][info][gc,ergo        ] GC(45) Free: 6409K, Max: 256K regular, 512K humongous, Frag: 82% external, 53% internal; Reserve: 889K, Max: 256K
[150.556s][info][gc,start       ] GC(45) Concurrent evacuation
[150.556s][info][gc,task        ] GC(45) Using 2 of 24 workers for concurrent evacuation
[150.563s][info][gc             ] GC(45) Concurrent evacuation 6.802ms
[150.563s][info][gc,start       ] GC(45) Pause Init Update Refs
[150.563s][info][gc,ergo        ] GC(45) Pacer for Update Refs. Used: 9913K, Free: 6409K, Non-Taxable: 640K, Alloc Tax Rate: 1.9x
[150.563s][info][gc             ] GC(45) Pause Init Update Refs 0.124ms
[150.563s][info][gc,start       ] GC(45) Concurrent update references
[150.563s][info][gc,task        ] GC(45) Using 2 of 24 workers for concurrent reference update
[150.573s][info][gc             ] GC(45) Concurrent update references 9.200ms
[150.573s][info][gc,start       ] GC(45) Pause Final Update Refs
[150.573s][info][gc,task        ] GC(45) Using 2 of 24 workers for final reference update
[150.573s][info][gc             ] GC(45) Pause Final Update Refs 0.203ms
[150.573s][info][gc,start       ] GC(45) Concurrent cleanup
[150.573s][info][gc             ] GC(45) Concurrent cleanup 9M->8M(16M) 0.197ms
[150.573s][info][gc             ] GC(45) Dat log --- cycle is complete
Current gc epoch: 40
heap: ______
capacity: 16777216
used: 8902736
committed: 16777216
bytes_allocated_since_gc_start: 0
hot_size: 42067
cold_size: 42707
num_regions: 64
hot_region_count: 18446744073709551548
cold_region_count: 87
histogram: Placeholder

[150.573s][info][gc             ] GC(45) Obj count ac histogram
[150.573s][info][gc             ] GC(45) 	0: 6448
[150.573s][info][gc             ] GC(45) 	1: 0
[150.573s][info][gc             ] GC(45) 	2: 0
[150.573s][info][gc             ] GC(45) 	3: 0
[150.573s][info][gc             ] GC(45) 	4: 0
[150.574s][info][gc             ] GC(45) 	5: 0
[150.574s][info][gc             ] GC(45) 	6: 0
[150.574s][info][gc             ] GC(45) 	7: 0
[150.574s][info][gc             ] GC(45) 	8: 0
[150.574s][info][gc             ] GC(45) 	9: 0
[150.574s][info][gc             ] GC(45) 	10: 0
[150.574s][info][gc             ] GC(45) 	11: 0
[150.574s][info][gc             ] GC(45) 	12: 0
[150.574s][info][gc             ] GC(45) 	13: 3485
[150.574s][info][gc             ] GC(45) 	14: 0
[150.574s][info][gc             ] GC(45) 	15: 0
[150.574s][info][gc             ] GC(45) 	16: 0
[150.574s][info][gc             ] GC(45) 	17: 0
[150.574s][info][gc             ] GC(45) 	18: 0
[150.574s][info][gc             ] GC(45) 	19: 0
[150.574s][info][gc             ] GC(45) Obj size ac histogram
[150.574s][info][gc             ] GC(45) 	0: 42557
[150.574s][info][gc             ] GC(45) 	1: 0
[150.574s][info][gc             ] GC(45) 	2: 0
[150.574s][info][gc             ] GC(45) 	3: 0
[150.574s][info][gc             ] GC(45) 	4: 0
[150.574s][info][gc             ] GC(45) 	5: 0
[150.574s][info][gc             ] GC(45) 	6: 0
[150.574s][info][gc             ] GC(45) 	7: 0
[150.574s][info][gc             ] GC(45) 	8: 0
[150.574s][info][gc             ] GC(45) 	9: 0
[150.574s][info][gc             ] GC(45) 	10: 0
[150.574s][info][gc             ] GC(45) 	11: 0
[150.574s][info][gc             ] GC(45) 	12: 0
[150.574s][info][gc             ] GC(45) 	13: 42067
[150.574s][info][gc             ] GC(45) 	14: 0
[150.574s][info][gc             ] GC(45) 	15: 0
[150.574s][info][gc             ] GC(45) 	16: 0
[150.574s][info][gc             ] GC(45) 	17: 0
[150.574s][info][gc             ] GC(45) 	18: 0
[150.574s][info][gc             ] GC(45) 	19: 0
[150.574s][info][gc,ergo        ] Free: 6665K, Max: 256K regular, 512K humongous, Frag: 84% external, 53% internal; Reserve: 1024K, Max: 256K
[150.574s][info][gc,stats       ] 
[150.574s][info][gc,stats       ] All times are wall-clock times, except per-root-class counters, that are sum over
[150.574s][info][gc,stats       ] all workers. Dividing the <total> over the root stage time estimates parallelism.
[150.574s][info][gc,stats       ] 
[150.574s][info][gc,stats       ] Concurrent Reset                    201 us
[150.574s][info][gc,stats       ] Pause Init Mark (G)                2274 us
[150.574s][info][gc,stats       ] Pause Init Mark (N)                1831 us
[150.574s][info][gc,stats       ]   Accumulate Stats                    5 us
[150.574s][info][gc,stats       ]   Make Parsable                      11 us
[150.574s][info][gc,stats       ]   Update Region States                2 us
[150.574s][info][gc,stats       ]   Scan Roots                       1686 us, parallelism: 1.04x
[150.574s][info][gc,stats       ]     S: <total>                     1760 us
[150.574s][info][gc,stats       ]     S: Thread Roots                 165 us, workers (us):   2, 163, ---, ---, ---, ---, ---, ---, ---, ---, ---, ---, ---, ---, ---, ---, ---, ---, ---, ---, ---, ---, ---, ---, 
[150.574s][info][gc,stats       ]     S: Universe Roots                32 us, workers (us):  32, ---, ---, ---, ---, ---, ---, ---, ---, ---, ---, ---, ---, ---, ---, ---, ---, ---, ---, ---, ---, ---, ---, ---, 
[150.574s][info][gc,stats       ]     S: JNI Handles Roots              5 us, workers (us):   5, ---, ---, ---, ---, ---, ---, ---, ---, ---, ---, ---, ---, ---, ---, ---, ---, ---, ---, ---, ---, ---, ---, ---, 
[150.574s][info][gc,stats       ]     S: Synchronizer Roots             1 us, workers (us): ---,   1, ---, ---, ---, ---, ---, ---, ---, ---, ---, ---, ---, ---, ---, ---, ---, ---, ---, ---, ---, ---, ---, ---, 
[150.574s][info][gc,stats       ]     S: Management Roots               3 us, workers (us): ---,   3, ---, ---, ---, ---, ---, ---, ---, ---, ---, ---, ---, ---, ---, ---, ---, ---, ---, ---, ---, ---, ---, ---, 
[150.574s][info][gc,stats       ]     S: System Dict Roots             48 us, workers (us): ---,  48, ---, ---, ---, ---, ---, ---, ---, ---, ---, ---, ---, ---, ---, ---, ---, ---, ---, ---, ---, ---, ---, ---, 
[150.574s][info][gc,stats       ]     S: CLDG Roots                  1507 us, workers (us): 1507, ---, ---, ---, ---, ---, ---, ---, ---, ---, ---, ---, ---, ---, ---, ---, ---, ---, ---, ---, ---, ---, ---, ---, 
[150.574s][info][gc,stats       ]     S: JVMTI Roots                    1 us, workers (us):   1, ---, ---, ---, ---, ---, ---, ---, ---, ---, ---, ---, ---, ---, ---, ---, ---, ---, ---, ---, ---, ---, ---, ---, 
[150.574s][info][gc,stats       ]   Resize TLABs                        6 us
[150.574s][info][gc,stats       ] Concurrent Marking                22560 us
[150.574s][info][gc,stats       ] Concurrent Precleaning             1137 us
[150.574s][info][gc,stats       ] Pause Final Mark (G)               2950 us
[150.574s][info][gc,stats       ] Pause Final Mark (N)               2516 us
[150.574s][info][gc,stats       ]   Finish Queues                     116 us
[150.574s][info][gc,stats       ]   Weak References                   412 us
[150.574s][info][gc,stats       ]     Process                         404 us
[150.574s][info][gc,stats       ]   System Purge                      586 us
[150.574s][info][gc,stats       ]     Weak Roots                      585 us
[150.574s][info][gc,stats       ]   Update Region States                4 us
[150.574s][info][gc,stats       ]   Retire TLABs                        6 us
[150.574s][info][gc,stats       ]   Choose Collection Set              62 us
[150.574s][info][gc,stats       ]   Rebuild Free Set                    6 us
[150.574s][info][gc,stats       ]   Initial Evacuation               1299 us, parallelism: 0.69x
[150.574s][info][gc,stats       ]     E: <total>                      902 us
[150.574s][info][gc,stats       ]     E: Thread Roots                  68 us, workers (us):   1,  67, ---, ---, ---, ---, ---, ---, ---, ---, ---, ---, ---, ---, ---, ---, ---, ---, ---, ---, ---, ---, ---, ---, 
[150.574s][info][gc,stats       ]     E: Code Cache Roots               1 us, workers (us):   0,   1, ---, ---, ---, ---, ---, ---, ---, ---, ---, ---, ---, ---, ---, ---, ---, ---, ---, ---, ---, ---, ---, ---, 
[150.574s][info][gc,stats       ]     E: Universe Roots                16 us, workers (us):  16, ---, ---, ---, ---, ---, ---, ---, ---, ---, ---, ---, ---, ---, ---, ---, ---, ---, ---, ---, ---, ---, ---, ---, 
[150.574s][info][gc,stats       ]     E: JNI Handles Roots              1 us, workers (us):   1, ---, ---, ---, ---, ---, ---, ---, ---, ---, ---, ---, ---, ---, ---, ---, ---, ---, ---, ---, ---, ---, ---, ---, 
[150.574s][info][gc,stats       ]     E: Synchronizer Roots             0 us, workers (us):   0, ---, ---, ---, ---, ---, ---, ---, ---, ---, ---, ---, ---, ---, ---, ---, ---, ---, ---, ---, ---, ---, ---, ---, 
[150.575s][info][gc,stats       ]     E: Management Roots               1 us, workers (us):   1, ---, ---, ---, ---, ---, ---, ---, ---, ---, ---, ---, ---, ---, ---, ---, ---, ---, ---, ---, ---, ---, ---, ---, 
[150.575s][info][gc,stats       ]     E: System Dict Roots             14 us, workers (us):  14, ---, ---, ---, ---, ---, ---, ---, ---, ---, ---, ---, ---, ---, ---, ---, ---, ---, ---, ---, ---, ---, ---, ---, 
[150.575s][info][gc,stats       ]     E: CLDG Roots                   799 us, workers (us): 799, ---, ---, ---, ---, ---, ---, ---, ---, ---, ---, ---, ---, ---, ---, ---, ---, ---, ---, ---, ---, ---, ---, ---, 
[150.575s][info][gc,stats       ]     E: JVMTI Roots                    1 us, workers (us):   1, ---, ---, ---, ---, ---, ---, ---, ---, ---, ---, ---, ---, ---, ---, ---, ---, ---, ---, ---, ---, ---, ---, ---, 
[150.575s][info][gc,stats       ] Concurrent Cleanup                    6 us
[150.575s][info][gc,stats       ] Concurrent Evacuation              6783 us
[150.575s][info][gc,stats       ] Pause Init  Update Refs (G)         330 us
[150.575s][info][gc,stats       ] Pause Init  Update Refs (N)          81 us
[150.575s][info][gc,stats       ]   Retire GCLABs                      58 us
[150.575s][info][gc,stats       ] Concurrent Update Refs             9170 us
[150.575s][info][gc,stats       ] Pause Final Update Refs (G)         500 us
[150.575s][info][gc,stats       ] Pause Final Update Refs (N)         158 us
[150.575s][info][gc,stats       ]   Update Roots                      124 us, parallelism: 0.71x
[150.575s][info][gc,stats       ]     UR: <total>                      88 us
[150.575s][info][gc,stats       ]     UR: Thread Roots                 88 us, workers (us):  66,  22, ---, ---, ---, ---, ---, ---, ---, ---, ---, ---, ---, ---, ---, ---, ---, ---, ---, ---, ---, ---, ---, ---, 
[150.575s][info][gc,stats       ]   Update Region States                3 us
[150.575s][info][gc,stats       ]   Trash Collection Set                3 us
[150.575s][info][gc,stats       ]   Rebuild Free Set                    6 us
[150.575s][info][gc,stats       ] Concurrent Cleanup                  170 us
[150.575s][info][gc,stats       ] 
[150.575s][info][gc,stats       ] Allocation pacing accrued:
[150.575s][info][gc,stats       ]       0 of 13003 ms (  0.0%): <total>
[150.575s][info][gc,stats       ]       0 of 13003 ms (  0.0%): <average total>
[150.575s][info][gc,stats       ] 
[150.575s][info][gc,metaspace   ] Metaspace: 14126K->14126K(1062912K)
[150.575s][info][gc,ergo        ] Pacer for Idle. Initial: 327K, Alloc Tax Rate: 1.0x
[153.528s][info][gc             ] Trigger: Average GC time (42.73 ms) is above the time for allocation rate (1103 KB/s) to deplete free headroom (0B)
[153.528s][info][gc,ergo        ] Free headroom: 3356K (free) - 819K (spike) - 2949K (penalties) = 0B
[153.529s][info][gc,ergo        ] Free: 3356K, Max: 256K regular, 512K humongous, Frag: 78% external, 57% internal; Reserve: 1024K, Max: 256K
[153.529s][info][gc,start       ] GC(46) Concurrent reset
[153.529s][info][gc,task        ] GC(46) Using 2 of 24 workers for concurrent reset
[153.529s][info][gc,ergo        ] GC(46) Pacer for Reset. Non-Taxable: 16384K
[153.529s][info][gc             ] GC(46) Concurrent reset 0.190ms
[153.529s][info][gc,start       ] GC(46) Pause Init Mark
[153.529s][info][gc,task        ] GC(46) Using 2 of 24 workers for init marking
[153.531s][info][gc,ergo        ] GC(46) Pacer for Mark. Expected Live: 10592K, Free: 3356K, Non-Taxable: 335K, Alloc Tax Rate: 3.9x
[153.531s][info][gc             ] GC(46) Pause Init Mark 1.812ms
[153.531s][info][gc,start       ] GC(46) Concurrent marking
[153.531s][info][gc,task        ] GC(46) Using 2 of 24 workers for concurrent marking
[153.555s][info][gc             ] GC(46) Concurrent marking 23.704ms
[153.555s][info][gc,start       ] GC(46) Pause Final Mark
[153.555s][info][gc,task        ] GC(46) Using 2 of 24 workers for final marking
[153.555s][info][gc,ergo        ] GC(46) Adaptive CSet Selection. Target Free: 2321K, Actual Free: 4608K, Max CSet: 682K, Min Garbage: 0B
[153.556s][info][gc,ergo        ] GC(46) Collectable Garbage: 2020K (95%), Immediate: 1280K (60%), CSet: 740K (35%)
[153.556s][info][gc,ergo        ] GC(46) Pacer for Evacuation. Used CSet: 1399K, Free: 7364K, Non-Taxable: 736K, Alloc Tax Rate: 1.1x
[153.556s][info][gc             ] GC(46) Pause Final Mark 1.369ms
[153.556s][info][gc,start       ] GC(46) Concurrent cleanup
[153.557s][info][gc             ] GC(46) Concurrent cleanup 8M->7M(16M) 0.443ms
[153.557s][info][gc,ergo        ] GC(46) Free: 7364K, Max: 256K regular, 1024K humongous, Frag: 79% external, 43% internal; Reserve: 1024K, Max: 256K
[153.557s][info][gc,start       ] GC(46) Concurrent evacuation
[153.557s][info][gc,task        ] GC(46) Using 2 of 24 workers for concurrent evacuation
[153.560s][info][gc             ] GC(46) Concurrent evacuation 2.879ms
[153.560s][info][gc,start       ] GC(46) Pause Init Update Refs
[153.560s][info][gc,ergo        ] GC(46) Pacer for Update Refs. Used: 8885K, Free: 7108K, Non-Taxable: 710K, Alloc Tax Rate: 1.5x
[153.560s][info][gc             ] GC(46) Pause Init Update Refs 0.123ms
[153.560s][info][gc,start       ] GC(46) Concurrent update references
[153.560s][info][gc,task        ] GC(46) Using 2 of 24 workers for concurrent reference update
[153.585s][info][gc             ] GC(46) Concurrent update references 25.034ms
[153.585s][info][gc,start       ] GC(46) Pause Final Update Refs
[153.585s][info][gc,task        ] GC(46) Using 2 of 24 workers for final reference update
[153.586s][info][gc             ] GC(46) Pause Final Update Refs 0.225ms
[153.586s][info][gc,start       ] GC(46) Concurrent cleanup
[153.586s][info][gc             ] GC(46) Concurrent cleanup 8M->7M(16M) 0.229ms
[153.586s][info][gc             ] GC(46) Dat log --- cycle is complete
Current gc epoch: 41
heap: ______
capacity: 16777216
used: 7665208
committed: 16777216
bytes_allocated_since_gc_start: 0
hot_size: 28820
cold_size: 55593
num_regions: 64
hot_region_count: 18446744073709551545
cold_region_count: 90
histogram: Placeholder

[153.586s][info][gc             ] GC(46) Obj count ac histogram
[153.586s][info][gc             ] GC(46) 	0: 4883
[153.586s][info][gc             ] GC(46) 	1: 0
[153.586s][info][gc             ] GC(46) 	2: 0
[153.586s][info][gc             ] GC(46) 	3: 0
[153.586s][info][gc             ] GC(46) 	4: 0
[153.586s][info][gc             ] GC(46) 	5: 0
[153.586s][info][gc             ] GC(46) 	6: 0
[153.586s][info][gc             ] GC(46) 	7: 0
[153.586s][info][gc             ] GC(46) 	8: 0
[153.586s][info][gc             ] GC(46) 	9: 0
[153.586s][info][gc             ] GC(46) 	10: 0
[153.586s][info][gc             ] GC(46) 	11: 0
[153.586s][info][gc             ] GC(46) 	12: 0
[153.586s][info][gc             ] GC(46) 	13: 3070
[153.586s][info][gc             ] GC(46) 	14: 0
[153.586s][info][gc             ] GC(46) 	15: 0
[153.586s][info][gc             ] GC(46) 	16: 0
[153.586s][info][gc             ] GC(46) 	17: 0
[153.586s][info][gc             ] GC(46) 	18: 0
[153.586s][info][gc             ] GC(46) 	19: 0
[153.586s][info][gc             ] GC(46) Obj size ac histogram
[153.586s][info][gc             ] GC(46) 	0: 54224
[153.586s][info][gc             ] GC(46) 	1: 0
[153.586s][info][gc             ] GC(46) 	2: 0
[153.586s][info][gc             ] GC(46) 	3: 0
[153.586s][info][gc             ] GC(46) 	4: 0
[153.586s][info][gc             ] GC(46) 	5: 0
[153.586s][info][gc             ] GC(46) 	6: 0
[153.586s][info][gc             ] GC(46) 	7: 0
[153.586s][info][gc             ] GC(46) 	8: 0
[153.586s][info][gc             ] GC(46) 	9: 0
[153.586s][info][gc             ] GC(46) 	10: 0
[153.586s][info][gc             ] GC(46) 	11: 0
[153.586s][info][gc             ] GC(46) 	12: 0
[153.586s][info][gc             ] GC(46) 	13: 28820
[153.586s][info][gc             ] GC(46) 	14: 0
[153.586s][info][gc             ] GC(46) 	15: 0
[153.586s][info][gc             ] GC(46) 	16: 0
[153.586s][info][gc             ] GC(46) 	17: 0
[153.586s][info][gc             ] GC(46) 	18: 0
[153.586s][info][gc             ] GC(46) 	19: 0
[153.586s][info][gc,ergo        ] Free: 7874K, Max: 256K regular, 1792K humongous, Frag: 65% external, 41% internal; Reserve: 1024K, Max: 256K
[153.586s][info][gc,stats       ] 
[153.587s][info][gc,stats       ] All times are wall-clock times, except per-root-class counters, that are sum over
[153.587s][info][gc,stats       ] all workers. Dividing the <total> over the root stage time estimates parallelism.
[153.587s][info][gc,stats       ] 
[153.587s][info][gc,stats       ] Concurrent Reset                    169 us
[153.587s][info][gc,stats       ] Pause Init Mark (G)                2208 us
[153.587s][info][gc,stats       ] Pause Init Mark (N)                1766 us
[153.587s][info][gc,stats       ]   Accumulate Stats                    5 us
[153.587s][info][gc,stats       ]   Make Parsable                      17 us
[153.587s][info][gc,stats       ]   Update Region States                2 us
[153.587s][info][gc,stats       ]   Scan Roots                       1612 us, parallelism: 0.98x
[153.587s][info][gc,stats       ]     S: <total>                     1585 us
[153.587s][info][gc,stats       ]     S: Thread Roots                  98 us, workers (us):  96,   2, ---, ---, ---, ---, ---, ---, ---, ---, ---, ---, ---, ---, ---, ---, ---, ---, ---, ---, ---, ---, ---, ---, 
[153.587s][info][gc,stats       ]     S: Universe Roots                18 us, workers (us):  18, ---, ---, ---, ---, ---, ---, ---, ---, ---, ---, ---, ---, ---, ---, ---, ---, ---, ---, ---, ---, ---, ---, ---, 
[153.587s][info][gc,stats       ]     S: JNI Handles Roots              6 us, workers (us): ---,   6, ---, ---, ---, ---, ---, ---, ---, ---, ---, ---, ---, ---, ---, ---, ---, ---, ---, ---, ---, ---, ---, ---, 
[153.587s][info][gc,stats       ]     S: Synchronizer Roots             0 us, workers (us):   0, ---, ---, ---, ---, ---, ---, ---, ---, ---, ---, ---, ---, ---, ---, ---, ---, ---, ---, ---, ---, ---, ---, ---, 
[153.587s][info][gc,stats       ]     S: Management Roots               1 us, workers (us):   1, ---, ---, ---, ---, ---, ---, ---, ---, ---, ---, ---, ---, ---, ---, ---, ---, ---, ---, ---, ---, ---, ---, ---, 
[153.587s][info][gc,stats       ]     S: System Dict Roots             28 us, workers (us):  28, ---, ---, ---, ---, ---, ---, ---, ---, ---, ---, ---, ---, ---, ---, ---, ---, ---, ---, ---, ---, ---, ---, ---, 
[153.587s][info][gc,stats       ]     S: CLDG Roots                  1431 us, workers (us): ---, 1431, ---, ---, ---, ---, ---, ---, ---, ---, ---, ---, ---, ---, ---, ---, ---, ---, ---, ---, ---, ---, ---, ---, 
[153.587s][info][gc,stats       ]     S: JVMTI Roots                    1 us, workers (us): ---,   1, ---, ---, ---, ---, ---, ---, ---, ---, ---, ---, ---, ---, ---, ---, ---, ---, ---, ---, ---, ---, ---, ---, 
[153.587s][info][gc,stats       ]   Resize TLABs                        6 us
[153.587s][info][gc,stats       ] Concurrent Marking                23651 us
[153.587s][info][gc,stats       ] Pause Final Mark (G)               1527 us
[153.587s][info][gc,stats       ] Pause Final Mark (N)               1325 us
[153.587s][info][gc,stats       ]   Finish Queues                      97 us
[153.587s][info][gc,stats       ]   System Purge                      447 us
[153.587s][info][gc,stats       ]     Weak Roots                      446 us
[153.587s][info][gc,stats       ]   Update Region States                4 us
[153.587s][info][gc,stats       ]   Retire TLABs                        6 us
[153.587s][info][gc,stats       ]   Choose Collection Set              67 us
[153.587s][info][gc,stats       ]   Rebuild Free Set                    7 us
[153.587s][info][gc,stats       ]   Initial Evacuation                673 us, parallelism: 0.59x
[153.587s][info][gc,stats       ]     E: <total>                      395 us
[153.587s][info][gc,stats       ]     E: Thread Roots                  62 us, workers (us):   2,  61, ---, ---, ---, ---, ---, ---, ---, ---, ---, ---, ---, ---, ---, ---, ---, ---, ---, ---, ---, ---, ---, ---, 
[153.587s][info][gc,stats       ]     E: Code Cache Roots               1 us, workers (us):   0,   1, ---, ---, ---, ---, ---, ---, ---, ---, ---, ---, ---, ---, ---, ---, ---, ---, ---, ---, ---, ---, ---, ---, 
[153.587s][info][gc,stats       ]     E: Universe Roots                 5 us, workers (us):   5, ---, ---, ---, ---, ---, ---, ---, ---, ---, ---, ---, ---, ---, ---, ---, ---, ---, ---, ---, ---, ---, ---, ---, 
[153.587s][info][gc,stats       ]     E: JNI Handles Roots              1 us, workers (us):   1, ---, ---, ---, ---, ---, ---, ---, ---, ---, ---, ---, ---, ---, ---, ---, ---, ---, ---, ---, ---, ---, ---, ---, 
[153.587s][info][gc,stats       ]     E: Synchronizer Roots             0 us, workers (us):   0, ---, ---, ---, ---, ---, ---, ---, ---, ---, ---, ---, ---, ---, ---, ---, ---, ---, ---, ---, ---, ---, ---, ---, 
[153.587s][info][gc,stats       ]     E: Management Roots               1 us, workers (us):   1, ---, ---, ---, ---, ---, ---, ---, ---, ---, ---, ---, ---, ---, ---, ---, ---, ---, ---, ---, ---, ---, ---, ---, 
[153.587s][info][gc,stats       ]     E: System Dict Roots             14 us, workers (us):  14, ---, ---, ---, ---, ---, ---, ---, ---, ---, ---, ---, ---, ---, ---, ---, ---, ---, ---, ---, ---, ---, ---, ---, 
[153.587s][info][gc,stats       ]     E: CLDG Roots                   309 us, workers (us): 309, ---, ---, ---, ---, ---, ---, ---, ---, ---, ---, ---, ---, ---, ---, ---, ---, ---, ---, ---, ---, ---, ---, ---, 
[153.587s][info][gc,stats       ]     E: JVMTI Roots                    1 us, workers (us):   1, ---, ---, ---, ---, ---, ---, ---, ---, ---, ---, ---, ---, ---, ---, ---, ---, ---, ---, ---, ---, ---, ---, ---, 
[153.587s][info][gc,stats       ] Concurrent Cleanup                  416 us
[153.587s][info][gc,stats       ] Concurrent Evacuation              2860 us
[153.587s][info][gc,stats       ] Pause Init  Update Refs (G)         437 us
[153.587s][info][gc,stats       ] Pause Init  Update Refs (N)          80 us
[153.587s][info][gc,stats       ]   Retire GCLABs                      57 us
[153.587s][info][gc,stats       ] Concurrent Update Refs            25005 us
[153.587s][info][gc,stats       ] Pause Final Update Refs (G)         546 us
[153.587s][info][gc,stats       ] Pause Final Update Refs (N)         181 us
[153.587s][info][gc,stats       ]   Update Roots                      146 us, parallelism: 0.63x
[153.587s][info][gc,stats       ]     UR: <total>                      92 us
[153.587s][info][gc,stats       ]     UR: Thread Roots                 92 us, workers (us):  52,  41, ---, ---, ---, ---, ---, ---, ---, ---, ---, ---, ---, ---, ---, ---, ---, ---, ---, ---, ---, ---, ---, ---, 
[153.587s][info][gc,stats       ]   Update Region States                3 us
[153.587s][info][gc,stats       ]   Trash Collection Set                3 us
[153.587s][info][gc,stats       ]   Rebuild Free Set                    7 us
[153.587s][info][gc,stats       ] Concurrent Cleanup                  205 us
[153.587s][info][gc,stats       ] 
[153.587s][info][gc,stats       ] Allocation pacing accrued:
[153.587s][info][gc,stats       ]       0 of  3013 ms (  0.0%): <total>
[153.587s][info][gc,stats       ]       0 of  3013 ms (  0.0%): <average total>
[153.587s][info][gc,stats       ] 
[153.587s][info][gc,metaspace   ] Metaspace: 14126K->14126K(1062912K)
[153.587s][info][gc,ergo        ] Pacer for Idle. Initial: 327K, Alloc Tax Rate: 1.0x
[163.531s][info][gc             ] Trigger: Average GC time (49.44 ms) is above the time for allocation rate (460 KB/s) to deplete free headroom (0B)
[163.531s][info][gc,ergo        ] Free headroom: 3274K (free) - 819K (spike) - 2785K (penalties) = 0B
[163.531s][info][gc,ergo        ] Free: 3274K, Max: 256K regular, 1536K humongous, Frag: 40% external, 48% internal; Reserve: 1024K, Max: 256K
[163.531s][info][gc,start       ] GC(47) Concurrent reset
[163.531s][info][gc,task        ] GC(47) Using 2 of 24 workers for concurrent reset
[163.531s][info][gc,ergo        ] GC(47) Pacer for Reset. Non-Taxable: 16384K
[163.531s][info][gc             ] GC(47) Concurrent reset 0.206ms
[163.531s][info][gc,start       ] GC(47) Pause Init Mark
[163.531s][info][gc,task        ] GC(47) Using 2 of 24 workers for init marking
[163.533s][info][gc,ergo        ] GC(47) Pacer for Mark. Expected Live: 10182K, Free: 3274K, Non-Taxable: 327K, Alloc Tax Rate: 3.8x
[163.533s][info][gc             ] GC(47) Pause Init Mark 1.839ms
[163.533s][info][gc,start       ] GC(47) Concurrent marking
[163.533s][info][gc,task        ] GC(47) Using 2 of 24 workers for concurrent marking
[163.556s][info][gc             ] GC(47) Concurrent marking 22.269ms
[163.556s][info][gc,start       ] GC(47) Pause Final Mark
[163.556s][info][gc,task        ] GC(47) Using 2 of 24 workers for final marking
[163.557s][info][gc,ergo        ] GC(47) Adaptive CSet Selection. Target Free: 2321K, Actual Free: 3584K, Max CSet: 682K, Min Garbage: 0B
[163.557s][info][gc,ergo        ] GC(47) Collectable Garbage: 436K (86%), Immediate: 0B (0%), CSet: 436K (86%)
[163.558s][info][gc,ergo        ] GC(47) Pacer for Evacuation. Used CSet: 946K, Free: 6460K, Non-Taxable: 646K, Alloc Tax Rate: 1.1x
[163.558s][info][gc             ] GC(47) Pause Final Mark 1.990ms
[163.558s][info][gc,start       ] GC(47) Concurrent cleanup
[163.558s][info][gc             ] GC(47) Concurrent cleanup 8M->8M(16M) 0.055ms
[163.558s][info][gc,ergo        ] GC(47) Free: 6460K, Max: 256K regular, 1536K humongous, Frag: 40% external, 51% internal; Reserve: 896K, Max: 256K
[163.558s][info][gc,start       ] GC(47) Concurrent evacuation
[163.558s][info][gc,task        ] GC(47) Using 2 of 24 workers for concurrent evacuation
[163.561s][info][gc             ] GC(47) Concurrent evacuation 2.836ms
[163.561s][info][gc,start       ] GC(47) Pause Init Update Refs
[163.561s][info][gc,ergo        ] GC(47) Pacer for Update Refs. Used: 9463K, Free: 6460K, Non-Taxable: 646K, Alloc Tax Rate: 1.8x
[163.561s][info][gc             ] GC(47) Pause Init Update Refs 0.109ms
[163.561s][info][gc,start       ] GC(47) Concurrent update references
[163.561s][info][gc,task        ] GC(47) Using 2 of 24 workers for concurrent reference update
[163.578s][info][gc             ] GC(47) Concurrent update references 16.356ms
[163.578s][info][gc,start       ] GC(47) Pause Final Update Refs
[163.578s][info][gc,task        ] GC(47) Using 2 of 24 workers for final reference update
[163.578s][info][gc             ] GC(47) Pause Final Update Refs 0.134ms
[163.578s][info][gc,start       ] GC(47) Concurrent cleanup
[163.578s][info][gc             ] GC(47) Concurrent cleanup 9M->8M(16M) 0.159ms
[163.578s][info][gc             ] GC(47) Dat log --- cycle is complete
Current gc epoch: 42
heap: ______
capacity: 16777216
used: 8721408
committed: 16777216
bytes_allocated_since_gc_start: 0
hot_size: 23863
cold_size: 41416
num_regions: 64
hot_region_count: 18446744073709551543
cold_region_count: 92
histogram: Placeholder

[163.578s][info][gc             ] GC(47) Obj count ac histogram
[163.578s][info][gc             ] GC(47) 	0: 3833
[163.578s][info][gc             ] GC(47) 	1: 0
[163.578s][info][gc             ] GC(47) 	2: 0
[163.578s][info][gc             ] GC(47) 	3: 0
[163.578s][info][gc             ] GC(47) 	4: 0
[163.578s][info][gc             ] GC(47) 	5: 0
[163.578s][info][gc             ] GC(47) 	6: 0
[163.578s][info][gc             ] GC(47) 	7: 0
[163.578s][info][gc             ] GC(47) 	8: 0
[163.578s][info][gc             ] GC(47) 	9: 0
[163.578s][info][gc             ] GC(47) 	10: 0
[163.578s][info][gc             ] GC(47) 	11: 0
[163.578s][info][gc             ] GC(47) 	12: 0
[163.578s][info][gc             ] GC(47) 	13: 1786
[163.578s][info][gc             ] GC(47) 	14: 0
[163.578s][info][gc             ] GC(47) 	15: 0
[163.578s][info][gc             ] GC(47) 	16: 0
[163.578s][info][gc             ] GC(47) 	17: 0
[163.578s][info][gc             ] GC(47) 	18: 0
[163.578s][info][gc             ] GC(47) 	19: 0
[163.578s][info][gc             ] GC(47) Obj size ac histogram
[163.578s][info][gc             ] GC(47) 	0: 41378
[163.578s][info][gc             ] GC(47) 	1: 0
[163.578s][info][gc             ] GC(47) 	2: 0
[163.578s][info][gc             ] GC(47) 	3: 0
[163.578s][info][gc             ] GC(47) 	4: 0
[163.579s][info][gc             ] GC(47) 	5: 0
[163.579s][info][gc             ] GC(47) 	6: 0
[163.579s][info][gc             ] GC(47) 	7: 0
[163.579s][info][gc             ] GC(47) 	8: 0
[163.579s][info][gc             ] GC(47) 	9: 0
[163.579s][info][gc             ] GC(47) 	10: 0
[163.579s][info][gc             ] GC(47) 	11: 0
[163.579s][info][gc             ] GC(47) 	12: 0
[163.579s][info][gc             ] GC(47) 	13: 23863
[163.579s][info][gc             ] GC(47) 	14: 0
[163.579s][info][gc             ] GC(47) 	15: 0
[163.579s][info][gc             ] GC(47) 	16: 0
[163.579s][info][gc             ] GC(47) 	17: 0
[163.579s][info][gc             ] GC(47) 	18: 0
[163.579s][info][gc             ] GC(47) 	19: 0
[163.579s][info][gc,ergo        ] Free: 6843K, Max: 256K regular, 1536K humongous, Frag: 46% external, 51% internal; Reserve: 1024K, Max: 256K
[163.579s][info][gc,stats       ] 
[163.579s][info][gc,stats       ] All times are wall-clock times, except per-root-class counters, that are sum over
[163.579s][info][gc,stats       ] all workers. Dividing the <total> over the root stage time estimates parallelism.
[163.579s][info][gc,stats       ] 
[163.579s][info][gc,stats       ] Concurrent Reset                    185 us
[163.579s][info][gc,stats       ] Pause Init Mark (G)                2248 us
[163.579s][info][gc,stats       ] Pause Init Mark (N)                1791 us
[163.579s][info][gc,stats       ]   Accumulate Stats                    5 us
[163.579s][info][gc,stats       ]   Make Parsable                      18 us
[163.579s][info][gc,stats       ]   Update Region States                2 us
[163.579s][info][gc,stats       ]   Scan Roots                       1638 us, parallelism: 0.98x
[163.579s][info][gc,stats       ]     S: <total>                     1607 us
[163.579s][info][gc,stats       ]     S: Thread Roots                 107 us, workers (us): 105,   2, ---, ---, ---, ---, ---, ---, ---, ---, ---, ---, ---, ---, ---, ---, ---, ---, ---, ---, ---, ---, ---, ---, 
[163.579s][info][gc,stats       ]     S: Universe Roots                19 us, workers (us):  19, ---, ---, ---, ---, ---, ---, ---, ---, ---, ---, ---, ---, ---, ---, ---, ---, ---, ---, ---, ---, ---, ---, ---, 
[163.579s][info][gc,stats       ]     S: JNI Handles Roots              3 us, workers (us):   3, ---, ---, ---, ---, ---, ---, ---, ---, ---, ---, ---, ---, ---, ---, ---, ---, ---, ---, ---, ---, ---, ---, ---, 
[163.579s][info][gc,stats       ]     S: Synchronizer Roots             0 us, workers (us):   0, ---, ---, ---, ---, ---, ---, ---, ---, ---, ---, ---, ---, ---, ---, ---, ---, ---, ---, ---, ---, ---, ---, ---, 
[163.579s][info][gc,stats       ]     S: Management Roots               2 us, workers (us):   2, ---, ---, ---, ---, ---, ---, ---, ---, ---, ---, ---, ---, ---, ---, ---, ---, ---, ---, ---, ---, ---, ---, ---, 
[163.579s][info][gc,stats       ]     S: System Dict Roots             28 us, workers (us):  28, ---, ---, ---, ---, ---, ---, ---, ---, ---, ---, ---, ---, ---, ---, ---, ---, ---, ---, ---, ---, ---, ---, ---, 
[163.579s][info][gc,stats       ]     S: CLDG Roots                  1446 us, workers (us): ---, 1446, ---, ---, ---, ---, ---, ---, ---, ---, ---, ---, ---, ---, ---, ---, ---, ---, ---, ---, ---, ---, ---, ---, 
[163.579s][info][gc,stats       ]     S: JVMTI Roots                    1 us, workers (us): ---,   1, ---, ---, ---, ---, ---, ---, ---, ---, ---, ---, ---, ---, ---, ---, ---, ---, ---, ---, ---, ---, ---, ---, 
[163.579s][info][gc,stats       ]   Resize TLABs                        6 us
[163.579s][info][gc,stats       ] Concurrent Marking                22215 us
[163.579s][info][gc,stats       ] Pause Final Mark (G)               2183 us
[163.579s][info][gc,stats       ] Pause Final Mark (N)               1946 us
[163.579s][info][gc,stats       ]   Finish Queues                     110 us
[163.579s][info][gc,stats       ]   System Purge                      620 us
[163.579s][info][gc,stats       ]     Weak Roots                      618 us
[163.579s][info][gc,stats       ]   Update Region States                4 us
[163.579s][info][gc,stats       ]   Retire TLABs                        5 us
[163.579s][info][gc,stats       ]   Choose Collection Set              58 us
[163.579s][info][gc,stats       ]   Rebuild Free Set                    6 us
[163.579s][info][gc,stats       ]   Initial Evacuation               1119 us, parallelism: 0.77x
[163.579s][info][gc,stats       ]     E: <total>                      860 us
[163.579s][info][gc,stats       ]     E: Thread Roots                  63 us, workers (us):   1,  62, ---, ---, ---, ---, ---, ---, ---, ---, ---, ---, ---, ---, ---, ---, ---, ---, ---, ---, ---, ---, ---, ---, 
[163.579s][info][gc,stats       ]     E: Code Cache Roots               1 us, workers (us):   0,   1, ---, ---, ---, ---, ---, ---, ---, ---, ---, ---, ---, ---, ---, ---, ---, ---, ---, ---, ---, ---, ---, ---, 
[163.579s][info][gc,stats       ]     E: Universe Roots                14 us, workers (us): ---,  14, ---, ---, ---, ---, ---, ---, ---, ---, ---, ---, ---, ---, ---, ---, ---, ---, ---, ---, ---, ---, ---, ---, 
[163.579s][info][gc,stats       ]     E: JNI Handles Roots              2 us, workers (us):   2, ---, ---, ---, ---, ---, ---, ---, ---, ---, ---, ---, ---, ---, ---, ---, ---, ---, ---, ---, ---, ---, ---, ---, 
[163.579s][info][gc,stats       ]     E: Synchronizer Roots             1 us, workers (us):   1, ---, ---, ---, ---, ---, ---, ---, ---, ---, ---, ---, ---, ---, ---, ---, ---, ---, ---, ---, ---, ---, ---, ---, 
[163.579s][info][gc,stats       ]     E: Management Roots               2 us, workers (us):   2, ---, ---, ---, ---, ---, ---, ---, ---, ---, ---, ---, ---, ---, ---, ---, ---, ---, ---, ---, ---, ---, ---, ---, 
[163.579s][info][gc,stats       ]     E: System Dict Roots             13 us, workers (us): ---,  13, ---, ---, ---, ---, ---, ---, ---, ---, ---, ---, ---, ---, ---, ---, ---, ---, ---, ---, ---, ---, ---, ---, 
[163.579s][info][gc,stats       ]     E: CLDG Roots                   764 us, workers (us): 764, ---, ---, ---, ---, ---, ---, ---, ---, ---, ---, ---, ---, ---, ---, ---, ---, ---, ---, ---, ---, ---, ---, ---, 
[163.579s][info][gc,stats       ]     E: JVMTI Roots                    1 us, workers (us):   1, ---, ---, ---, ---, ---, ---, ---, ---, ---, ---, ---, ---, ---, ---, ---, ---, ---, ---, ---, ---, ---, ---, ---, 
[163.579s][info][gc,stats       ] Concurrent Cleanup                    6 us
[163.579s][info][gc,stats       ] Concurrent Evacuation              2815 us
[163.579s][info][gc,stats       ] Pause Init  Update Refs (G)         405 us
[163.579s][info][gc,stats       ] Pause Init  Update Refs (N)          66 us
[163.579s][info][gc,stats       ]   Retire GCLABs                      26 us
[163.579s][info][gc,stats       ] Concurrent Update Refs            16325 us
[163.579s][info][gc,stats       ] Pause Final Update Refs (G)         387 us
[163.579s][info][gc,stats       ] Pause Final Update Refs (N)          91 us
[163.579s][info][gc,stats       ]   Update Roots                       58 us, parallelism: 0.47x
[163.579s][info][gc,stats       ]     UR: <total>                      27 us
[163.579s][info][gc,stats       ]     UR: Thread Roots                 27 us, workers (us):  27,   0, ---, ---, ---, ---, ---, ---, ---, ---, ---, ---, ---, ---, ---, ---, ---, ---, ---, ---, ---, ---, ---, ---, 
[163.579s][info][gc,stats       ]   Update Region States                3 us
[163.579s][info][gc,stats       ]   Trash Collection Set                3 us
[163.579s][info][gc,stats       ]   Rebuild Free Set                    6 us
[163.580s][info][gc,stats       ] Concurrent Cleanup                  134 us
[163.580s][info][gc,stats       ] 
[163.580s][info][gc,stats       ] Allocation pacing accrued:
[163.580s][info][gc,stats       ]       0 of  9992 ms (  0.0%): <total>
[163.580s][info][gc,stats       ]       0 of  9992 ms (  0.0%): <average total>
[163.580s][info][gc,stats       ] 
[163.580s][info][gc,metaspace   ] Metaspace: 14126K->14126K(1062912K)
[163.580s][info][gc,ergo        ] Pacer for Idle. Initial: 327K, Alloc Tax Rate: 1.0x
[165.532s][info][gc             ] Trigger: Average GC time (49.55 ms) is above the time for allocation rate (1848 KB/s) to deplete free headroom (0B)
[165.532s][info][gc,ergo        ] Free headroom: 3144K (free) - 819K (spike) - 2621K (penalties) = 0B
[165.532s][info][gc,ergo        ] Free: 3144K, Max: 256K regular, 1280K humongous, Frag: 45% external, 52% internal; Reserve: 1024K, Max: 256K
[165.532s][info][gc,start       ] GC(48) Concurrent reset
[165.532s][info][gc,task        ] GC(48) Using 2 of 24 workers for concurrent reset
[165.532s][info][gc,ergo        ] GC(48) Pacer for Reset. Non-Taxable: 16384K
[165.532s][info][gc             ] GC(48) Concurrent reset 0.196ms
[165.532s][info][gc,start       ] GC(48) Pause Init Mark
[165.533s][info][gc,task        ] GC(48) Using 2 of 24 workers for init marking
[165.534s][info][gc,ergo        ] GC(48) Pacer for Mark. Expected Live: 9952K, Free: 3144K, Non-Taxable: 314K, Alloc Tax Rate: 3.9x
[165.534s][info][gc             ] GC(48) Pause Init Mark 1.743ms
[165.534s][info][gc,start       ] GC(48) Concurrent marking
[165.534s][info][gc,task        ] GC(48) Using 2 of 24 workers for concurrent marking
[165.570s][info][gc             ] GC(48) Concurrent marking 36.067ms
[165.571s][info][gc,start       ] GC(48) Pause Final Mark
[165.571s][info][gc,task        ] GC(48) Using 2 of 24 workers for final marking
[165.571s][info][gc,ergo        ] GC(48) Adaptive CSet Selection. Target Free: 2321K, Actual Free: 3328K, Max CSet: 682K, Min Garbage: 0B
[165.571s][info][gc,ergo        ] GC(48) Collectable Garbage: 209K (83%), Immediate: 0B (0%), CSet: 209K (83%)
[165.573s][info][gc,ergo        ] GC(48) Pacer for Evacuation. Used CSet: 817K, Free: 6332K, Non-Taxable: 633K, Alloc Tax Rate: 1.1x
[165.573s][info][gc             ] GC(48) Pause Final Mark 1.994ms
[165.573s][info][gc,start       ] GC(48) Concurrent cleanup
[165.573s][info][gc             ] GC(48) Concurrent cleanup 8M->8M(16M) 0.055ms
[165.573s][info][gc,ergo        ] GC(48) Free: 6332K, Max: 256K regular, 1280K humongous, Frag: 45% external, 52% internal; Reserve: 896K, Max: 256K
[165.573s][info][gc,start       ] GC(48) Concurrent evacuation
[165.573s][info][gc,task        ] GC(48) Using 2 of 24 workers for concurrent evacuation
[165.577s][info][gc             ] GC(48) Concurrent evacuation 4.641ms
[165.578s][info][gc,start       ] GC(48) Pause Init Update Refs
[165.578s][info][gc,ergo        ] GC(48) Pacer for Update Refs. Used: 9584K, Free: 6332K, Non-Taxable: 633K, Alloc Tax Rate: 1.8x
[165.578s][info][gc             ] GC(48) Pause Init Update Refs 0.097ms
[165.578s][info][gc,start       ] GC(48) Concurrent update references
[165.578s][info][gc,task        ] GC(48) Using 2 of 24 workers for concurrent reference update
[165.593s][info][gc             ] GC(48) Concurrent update references 15.521ms
[165.594s][info][gc,start       ] GC(48) Pause Final Update Refs
[165.594s][info][gc,task        ] GC(48) Using 2 of 24 workers for final reference update
[165.594s][info][gc             ] GC(48) Pause Final Update Refs 0.218ms
[165.594s][info][gc,start       ] GC(48) Concurrent cleanup
[165.594s][info][gc             ] GC(48) Concurrent cleanup 9M->8M(16M) 0.085ms
[165.594s][info][gc             ] GC(48) Dat log --- cycle is complete
Current gc epoch: 43
heap: ______
capacity: 16777216
used: 8977376
committed: 16777216
bytes_allocated_since_gc_start: 0
hot_size: 52671
cold_size: 25246
num_regions: 64
hot_region_count: 18446744073709551542
cold_region_count: 93
histogram: Placeholder

[165.594s][info][gc             ] GC(48) Obj count ac histogram
[165.594s][info][gc             ] GC(48) 	0: 1358
[165.594s][info][gc             ] GC(48) 	1: 0
[165.594s][info][gc             ] GC(48) 	2: 0
[165.594s][info][gc             ] GC(48) 	3: 0
[165.594s][info][gc             ] GC(48) 	4: 0
[165.594s][info][gc             ] GC(48) 	5: 0
[165.594s][info][gc             ] GC(48) 	6: 0
[165.594s][info][gc             ] GC(48) 	7: 0
[165.594s][info][gc             ] GC(48) 	8: 0
[165.594s][info][gc             ] GC(48) 	9: 0
[165.594s][info][gc             ] GC(48) 	10: 0
[165.594s][info][gc             ] GC(48) 	11: 0
[165.594s][info][gc             ] GC(48) 	12: 0
[165.594s][info][gc             ] GC(48) 	13: 4814
[165.594s][info][gc             ] GC(48) 	14: 0
[165.594s][info][gc             ] GC(48) 	15: 0
[165.594s][info][gc             ] GC(48) 	16: 0
[165.594s][info][gc             ] GC(48) 	17: 0
[165.594s][info][gc             ] GC(48) 	18: 0
[165.594s][info][gc             ] GC(48) 	19: 0
[165.594s][info][gc             ] GC(48) Obj size ac histogram
[165.594s][info][gc             ] GC(48) 	0: 25246
[165.594s][info][gc             ] GC(48) 	1: 0
[165.594s][info][gc             ] GC(48) 	2: 0
[165.594s][info][gc             ] GC(48) 	3: 0
[165.594s][info][gc             ] GC(48) 	4: 0
[165.594s][info][gc             ] GC(48) 	5: 0
[165.594s][info][gc             ] GC(48) 	6: 0
[165.594s][info][gc             ] GC(48) 	7: 0
[165.594s][info][gc             ] GC(48) 	8: 0
[165.594s][info][gc             ] GC(48) 	9: 0
[165.594s][info][gc             ] GC(48) 	10: 0
[165.594s][info][gc             ] GC(48) 	11: 0
[165.594s][info][gc             ] GC(48) 	12: 0
[165.594s][info][gc             ] GC(48) 	13: 52293
[165.594s][info][gc             ] GC(48) 	14: 0
[165.594s][info][gc             ] GC(48) 	15: 0
[165.594s][info][gc             ] GC(48) 	16: 0
[165.594s][info][gc             ] GC(48) 	17: 0
[165.594s][info][gc             ] GC(48) 	18: 0
[165.594s][info][gc             ] GC(48) 	19: 0
[165.594s][info][gc,ergo        ] Free: 6593K, Max: 256K regular, 1280K humongous, Frag: 50% external, 53% internal; Reserve: 1024K, Max: 256K
[165.594s][info][gc,stats       ] 
[165.594s][info][gc,stats       ] All times are wall-clock times, except per-root-class counters, that are sum over
[165.594s][info][gc,stats       ] all workers. Dividing the <total> over the root stage time estimates parallelism.
[165.594s][info][gc,stats       ] 
[165.594s][info][gc,stats       ] Concurrent Reset                    175 us
[165.594s][info][gc,stats       ] Pause Init Mark (G)                2141 us
[165.594s][info][gc,stats       ] Pause Init Mark (N)                1696 us
[165.594s][info][gc,stats       ]   Accumulate Stats                    5 us
[165.594s][info][gc,stats       ]   Make Parsable                      15 us
[165.594s][info][gc,stats       ]   Update Region States                2 us
[165.594s][info][gc,stats       ]   Scan Roots                       1542 us, parallelism: 0.99x
[165.594s][info][gc,stats       ]     S: <total>                     1519 us
[165.594s][info][gc,stats       ]     S: Thread Roots                 103 us, workers (us): 101,   2, ---, ---, ---, ---, ---, ---, ---, ---, ---, ---, ---, ---, ---, ---, ---, ---, ---, ---, ---, ---, ---, ---, 
[165.594s][info][gc,stats       ]     S: Universe Roots                18 us, workers (us):  18, ---, ---, ---, ---, ---, ---, ---, ---, ---, ---, ---, ---, ---, ---, ---, ---, ---, ---, ---, ---, ---, ---, ---, 
[165.594s][info][gc,stats       ]     S: JNI Handles Roots              5 us, workers (us): ---,   5, ---, ---, ---, ---, ---, ---, ---, ---, ---, ---, ---, ---, ---, ---, ---, ---, ---, ---, ---, ---, ---, ---, 
[165.594s][info][gc,stats       ]     S: Synchronizer Roots             0 us, workers (us):   0, ---, ---, ---, ---, ---, ---, ---, ---, ---, ---, ---, ---, ---, ---, ---, ---, ---, ---, ---, ---, ---, ---, ---, 
[165.594s][info][gc,stats       ]     S: Management Roots               1 us, workers (us):   1, ---, ---, ---, ---, ---, ---, ---, ---, ---, ---, ---, ---, ---, ---, ---, ---, ---, ---, ---, ---, ---, ---, ---, 
[165.594s][info][gc,stats       ]     S: System Dict Roots             27 us, workers (us):  27, ---, ---, ---, ---, ---, ---, ---, ---, ---, ---, ---, ---, ---, ---, ---, ---, ---, ---, ---, ---, ---, ---, ---, 
[165.594s][info][gc,stats       ]     S: CLDG Roots                  1363 us, workers (us): ---, 1363, ---, ---, ---, ---, ---, ---, ---, ---, ---, ---, ---, ---, ---, ---, ---, ---, ---, ---, ---, ---, ---, ---, 
[165.594s][info][gc,stats       ]     S: JVMTI Roots                    1 us, workers (us): ---,   1, ---, ---, ---, ---, ---, ---, ---, ---, ---, ---, ---, ---, ---, ---, ---, ---, ---, ---, ---, ---, ---, ---, 
[165.594s][info][gc,stats       ]   Resize TLABs                        6 us
[165.594s][info][gc,stats       ] Concurrent Marking                35997 us
[165.594s][info][gc,stats       ] Pause Final Mark (G)               2211 us
[165.594s][info][gc,stats       ] Pause Final Mark (N)               1945 us
[165.594s][info][gc,stats       ]   Finish Queues                     129 us
[165.594s][info][gc,stats       ]   System Purge                      575 us
[165.594s][info][gc,stats       ]     Weak Roots                      574 us
[165.594s][info][gc,stats       ]   Update Region States                4 us
[165.594s][info][gc,stats       ]   Retire TLABs                        5 us
[165.594s][info][gc,stats       ]   Choose Collection Set              59 us
[165.594s][info][gc,stats       ]   Rebuild Free Set                    7 us
[165.594s][info][gc,stats       ]   Initial Evacuation               1143 us, parallelism: 0.67x
[165.594s][info][gc,stats       ]     E: <total>                      762 us
[165.594s][info][gc,stats       ]     E: Thread Roots                  70 us, workers (us):   1,  69, ---, ---, ---, ---, ---, ---, ---, ---, ---, ---, ---, ---, ---, ---, ---, ---, ---, ---, ---, ---, ---, ---, 
[165.594s][info][gc,stats       ]     E: Code Cache Roots               1 us, workers (us):   0,   1, ---, ---, ---, ---, ---, ---, ---, ---, ---, ---, ---, ---, ---, ---, ---, ---, ---, ---, ---, ---, ---, ---, 
[165.594s][info][gc,stats       ]     E: Universe Roots                 6 us, workers (us):   6, ---, ---, ---, ---, ---, ---, ---, ---, ---, ---, ---, ---, ---, ---, ---, ---, ---, ---, ---, ---, ---, ---, ---, 
[165.594s][info][gc,stats       ]     E: JNI Handles Roots              2 us, workers (us): ---,   2, ---, ---, ---, ---, ---, ---, ---, ---, ---, ---, ---, ---, ---, ---, ---, ---, ---, ---, ---, ---, ---, ---, 
[165.594s][info][gc,stats       ]     E: Synchronizer Roots             0 us, workers (us):   0, ---, ---, ---, ---, ---, ---, ---, ---, ---, ---, ---, ---, ---, ---, ---, ---, ---, ---, ---, ---, ---, ---, ---, 
[165.594s][info][gc,stats       ]     E: Management Roots               2 us, workers (us): ---,   2, ---, ---, ---, ---, ---, ---, ---, ---, ---, ---, ---, ---, ---, ---, ---, ---, ---, ---, ---, ---, ---, ---, 
[165.594s][info][gc,stats       ]     E: System Dict Roots             14 us, workers (us):  14, ---, ---, ---, ---, ---, ---, ---, ---, ---, ---, ---, ---, ---, ---, ---, ---, ---, ---, ---, ---, ---, ---, ---, 
[165.594s][info][gc,stats       ]     E: CLDG Roots                   667 us, workers (us): 667, ---, ---, ---, ---, ---, ---, ---, ---, ---, ---, ---, ---, ---, ---, ---, ---, ---, ---, ---, ---, ---, ---, ---, 
[165.594s][info][gc,stats       ]     E: JVMTI Roots                    1 us, workers (us): ---,   1, ---, ---, ---, ---, ---, ---, ---, ---, ---, ---, ---, ---, ---, ---, ---, ---, ---, ---, ---, ---, ---, ---, 
[165.594s][info][gc,stats       ] Concurrent Cleanup                    6 us
[165.594s][info][gc,stats       ] Concurrent Evacuation              4621 us
[165.594s][info][gc,stats       ] Pause Init  Update Refs (G)         411 us
[165.594s][info][gc,stats       ] Pause Init  Update Refs (N)          54 us
[165.594s][info][gc,stats       ]   Retire GCLABs                      32 us
[165.594s][info][gc,stats       ] Concurrent Update Refs            15495 us
[165.594s][info][gc,stats       ] Pause Final Update Refs (G)         517 us
[165.594s][info][gc,stats       ] Pause Final Update Refs (N)         171 us
[165.594s][info][gc,stats       ]   Update Roots                      137 us, parallelism: 0.61x
[165.594s][info][gc,stats       ]     UR: <total>                      84 us
[165.594s][info][gc,stats       ]     UR: Thread Roots                 84 us, workers (us):  47,  37, ---, ---, ---, ---, ---, ---, ---, ---, ---, ---, ---, ---, ---, ---, ---, ---, ---, ---, ---, ---, ---, ---, 
[165.594s][info][gc,stats       ]   Update Region States                3 us
[165.594s][info][gc,stats       ]   Trash Collection Set                3 us
[165.594s][info][gc,stats       ]   Rebuild Free Set                    6 us
[165.594s][info][gc,stats       ] Concurrent Cleanup                   76 us
[165.594s][info][gc,stats       ] 
[165.594s][info][gc,stats       ] Allocation pacing accrued:
[165.594s][info][gc,stats       ]       0 of  2015 ms (  0.0%): <total>
[165.594s][info][gc,stats       ]       0 of  2015 ms (  0.0%): <average total>
[165.594s][info][gc,stats       ] 
[165.594s][info][gc,metaspace   ] Metaspace: 14126K->14126K(1062912K)
[165.594s][info][gc,ergo        ] Pacer for Idle. Initial: 327K, Alloc Tax Rate: 1.0x
[167.533s][info][gc             ] Trigger: Average GC time (52.28 ms) is above the time for allocation rate (1912 KB/s) to deplete free headroom (0B)
[167.533s][info][gc,ergo        ] Free headroom: 2766K (free) - 819K (spike) - 2457K (penalties) = 0B
[167.533s][info][gc,ergo        ] Free: 2766K, Max: 256K regular, 1024K humongous, Frag: 50% external, 56% internal; Reserve: 1024K, Max: 256K
[167.533s][info][gc,start       ] GC(49) Concurrent reset
[167.533s][info][gc,task        ] GC(49) Using 2 of 24 workers for concurrent reset
[167.533s][info][gc,ergo        ] GC(49) Pacer for Reset. Non-Taxable: 16384K
[167.533s][info][gc             ] GC(49) Concurrent reset 0.188ms
[167.534s][info][gc,start       ] GC(49) Pause Init Mark
[167.534s][info][gc,task        ] GC(49) Using 2 of 24 workers for init marking
[167.535s][info][gc,ergo        ] GC(49) Pacer for Mark. Expected Live: 7776K, Free: 2766K, Non-Taxable: 276K, Alloc Tax Rate: 3.4x
[167.535s][info][gc             ] GC(49) Pause Init Mark 1.833ms
[167.536s][info][gc,start       ] GC(49) Concurrent marking
[167.536s][info][gc,task        ] GC(49) Using 2 of 24 workers for concurrent marking
[167.559s][info][gc             ] GC(49) Concurrent marking 23.161ms
[167.559s][info][gc,start       ] GC(49) Pause Final Mark
[167.559s][info][gc,task        ] GC(49) Using 2 of 24 workers for final marking
[167.560s][info][gc,ergo        ] GC(49) Adaptive CSet Selection. Target Free: 2321K, Actual Free: 3072K, Max CSet: 682K, Min Garbage: 0B
[167.560s][info][gc,ergo        ] GC(49) Collectable Garbage: 155K (73%), Immediate: 0B (0%), CSet: 155K (73%)
[167.561s][info][gc,ergo        ] GC(49) Pacer for Evacuation. Used CSet: 763K, Free: 6317K, Non-Taxable: 631K, Alloc Tax Rate: 1.1x
[167.561s][info][gc             ] GC(49) Pause Final Mark 1.927ms
[167.561s][info][gc,start       ] GC(49) Concurrent cleanup
[167.561s][info][gc             ] GC(49) Concurrent cleanup 8M->8M(16M) 0.034ms
[167.561s][info][gc,ergo        ] GC(49) Free: 6317K, Max: 256K regular, 1024K humongous, Frag: 50% external, 53% internal; Reserve: 896K, Max: 256K
[167.561s][info][gc,start       ] GC(49) Concurrent evacuation
[167.561s][info][gc,task        ] GC(49) Using 2 of 24 workers for concurrent evacuation
[167.564s][info][gc             ] GC(49) Concurrent evacuation 2.962ms
[167.564s][info][gc,start       ] GC(49) Pause Init Update Refs
[167.564s][info][gc,ergo        ] GC(49) Pacer for Update Refs. Used: 9802K, Free: 6317K, Non-Taxable: 631K, Alloc Tax Rate: 1.9x
[167.564s][info][gc             ] GC(49) Pause Init Update Refs 0.092ms
[167.564s][info][gc,start       ] GC(49) Concurrent update references
[167.564s][info][gc,task        ] GC(49) Using 2 of 24 workers for concurrent reference update
[167.582s][info][gc             ] GC(49) Concurrent update references 17.435ms
[167.582s][info][gc,start       ] GC(49) Pause Final Update Refs
[167.582s][info][gc,task        ] GC(49) Using 2 of 24 workers for final reference update
[167.582s][info][gc             ] GC(49) Pause Final Update Refs 0.135ms
[167.582s][info][gc,start       ] GC(49) Concurrent cleanup
[167.582s][info][gc             ] GC(49) Concurrent cleanup 9M->8M(16M) 0.115ms
[167.582s][info][gc             ] GC(49) Dat log --- cycle is complete
Current gc epoch: 44
heap: ______
capacity: 16777216
used: 9255112
committed: 16777216
bytes_allocated_since_gc_start: 0
hot_size: 52671
cold_size: 25246
num_regions: 64
hot_region_count: 18446744073709551541
cold_region_count: 94
histogram: Placeholder

[167.582s][info][gc             ] GC(49) Obj count ac histogram
[167.582s][info][gc             ] GC(49) 	0: 1358
[167.582s][info][gc             ] GC(49) 	1: 0
[167.582s][info][gc             ] GC(49) 	2: 0
[167.582s][info][gc             ] GC(49) 	3: 0
[167.582s][info][gc             ] GC(49) 	4: 0
[167.582s][info][gc             ] GC(49) 	5: 0
[167.582s][info][gc             ] GC(49) 	6: 0
[167.582s][info][gc             ] GC(49) 	7: 0
[167.582s][info][gc             ] GC(49) 	8: 0
[167.582s][info][gc             ] GC(49) 	9: 0
[167.582s][info][gc             ] GC(49) 	10: 0
[167.582s][info][gc             ] GC(49) 	11: 0
[167.582s][info][gc             ] GC(49) 	12: 0
[167.582s][info][gc             ] GC(49) 	13: 4717
[167.583s][info][gc             ] GC(49) 	14: 0
[167.583s][info][gc             ] GC(49) 	15: 0
[167.583s][info][gc             ] GC(49) 	16: 0
[167.583s][info][gc             ] GC(49) 	17: 0
[167.583s][info][gc             ] GC(49) 	18: 0
[167.583s][info][gc             ] GC(49) 	19: 0
[167.583s][info][gc             ] GC(49) Obj size ac histogram
[167.583s][info][gc             ] GC(49) 	0: 25246
[167.583s][info][gc             ] GC(49) 	1: 0
[167.583s][info][gc             ] GC(49) 	2: 0
[167.583s][info][gc             ] GC(49) 	3: 0
[167.583s][info][gc             ] GC(49) 	4: 0
[167.583s][info][gc             ] GC(49) 	5: 0
[167.583s][info][gc             ] GC(49) 	6: 0
[167.583s][info][gc             ] GC(49) 	7: 0
[167.583s][info][gc             ] GC(49) 	8: 0
[167.583s][info][gc             ] GC(49) 	9: 0
[167.583s][info][gc             ] GC(49) 	10: 0
[167.583s][info][gc             ] GC(49) 	11: 0
[167.583s][info][gc             ] GC(49) 	12: 0
[167.583s][info][gc             ] GC(49) 	13: 51753
[167.583s][info][gc             ] GC(49) 	14: 0
[167.583s][info][gc             ] GC(49) 	15: 0
[167.583s][info][gc             ] GC(49) 	16: 0
[167.583s][info][gc             ] GC(49) 	17: 0
[167.583s][info][gc             ] GC(49) 	18: 0
[167.583s][info][gc             ] GC(49) 	19: 0
[167.583s][info][gc,ergo        ] Free: 6321K, Max: 256K regular, 1024K humongous, Frag: 50% external, 55% internal; Reserve: 1024K, Max: 256K
[167.583s][info][gc,stats       ] 
[167.583s][info][gc,stats       ] All times are wall-clock times, except per-root-class counters, that are sum over
[167.583s][info][gc,stats       ] all workers. Dividing the <total> over the root stage time estimates parallelism.
[167.583s][info][gc,stats       ] 
[167.583s][info][gc,stats       ] Concurrent Reset                    167 us
[167.583s][info][gc,stats       ] Pause Init Mark (G)                2284 us
[167.583s][info][gc,stats       ] Pause Init Mark (N)                1786 us
[167.583s][info][gc,stats       ]   Accumulate Stats                    5 us
[167.583s][info][gc,stats       ]   Make Parsable                      10 us
[167.583s][info][gc,stats       ]   Update Region States                2 us
[167.583s][info][gc,stats       ]   Scan Roots                       1641 us, parallelism: 0.97x
[167.583s][info][gc,stats       ]     S: <total>                     1597 us
[167.583s][info][gc,stats       ]     S: Thread Roots                 107 us, workers (us):   2, 105, ---, ---, ---, ---, ---, ---, ---, ---, ---, ---, ---, ---, ---, ---, ---, ---, ---, ---, ---, ---, ---, ---, 
[167.583s][info][gc,stats       ]     S: Universe Roots                19 us, workers (us):  19, ---, ---, ---, ---, ---, ---, ---, ---, ---, ---, ---, ---, ---, ---, ---, ---, ---, ---, ---, ---, ---, ---, ---, 
[167.583s][info][gc,stats       ]     S: JNI Handles Roots              3 us, workers (us):   3, ---, ---, ---, ---, ---, ---, ---, ---, ---, ---, ---, ---, ---, ---, ---, ---, ---, ---, ---, ---, ---, ---, ---, 
[167.583s][info][gc,stats       ]     S: Synchronizer Roots             0 us, workers (us): ---,   0, ---, ---, ---, ---, ---, ---, ---, ---, ---, ---, ---, ---, ---, ---, ---, ---, ---, ---, ---, ---, ---, ---, 
[167.583s][info][gc,stats       ]     S: Management Roots               2 us, workers (us): ---,   2, ---, ---, ---, ---, ---, ---, ---, ---, ---, ---, ---, ---, ---, ---, ---, ---, ---, ---, ---, ---, ---, ---, 
[167.583s][info][gc,stats       ]     S: System Dict Roots             30 us, workers (us): ---,  30, ---, ---, ---, ---, ---, ---, ---, ---, ---, ---, ---, ---, ---, ---, ---, ---, ---, ---, ---, ---, ---, ---, 
[167.583s][info][gc,stats       ]     S: CLDG Roots                  1436 us, workers (us): 1436, ---, ---, ---, ---, ---, ---, ---, ---, ---, ---, ---, ---, ---, ---, ---, ---, ---, ---, ---, ---, ---, ---, ---, 
[167.583s][info][gc,stats       ]     S: JVMTI Roots                    1 us, workers (us):   1, ---, ---, ---, ---, ---, ---, ---, ---, ---, ---, ---, ---, ---, ---, ---, ---, ---, ---, ---, ---, ---, ---, ---, 
[167.583s][info][gc,stats       ]   Resize TLABs                        6 us
[167.583s][info][gc,stats       ] Concurrent Marking                23107 us
[167.583s][info][gc,stats       ] Pause Final Mark (G)               2075 us
[167.583s][info][gc,stats       ] Pause Final Mark (N)               1883 us
[167.583s][info][gc,stats       ]   Finish Queues                     105 us
[167.583s][info][gc,stats       ]   System Purge                      608 us
[167.583s][info][gc,stats       ]     Weak Roots                      607 us
[167.583s][info][gc,stats       ]   Update Region States                4 us
[167.583s][info][gc,stats       ]   Retire TLABs                        5 us
[167.583s][info][gc,stats       ]   Choose Collection Set              55 us
[167.583s][info][gc,stats       ]   Rebuild Free Set                    6 us
[167.583s][info][gc,stats       ]   Initial Evacuation               1078 us, parallelism: 0.76x
[167.583s][info][gc,stats       ]     E: <total>                      818 us
[167.583s][info][gc,stats       ]     E: Thread Roots                  64 us, workers (us):  63,   1, ---, ---, ---, ---, ---, ---, ---, ---, ---, ---, ---, ---, ---, ---, ---, ---, ---, ---, ---, ---, ---, ---, 
[167.583s][info][gc,stats       ]     E: Code Cache Roots               1 us, workers (us):   1,   0, ---, ---, ---, ---, ---, ---, ---, ---, ---, ---, ---, ---, ---, ---, ---, ---, ---, ---, ---, ---, ---, ---, 
[167.583s][info][gc,stats       ]     E: Universe Roots                 5 us, workers (us):   5, ---, ---, ---, ---, ---, ---, ---, ---, ---, ---, ---, ---, ---, ---, ---, ---, ---, ---, ---, ---, ---, ---, ---, 
[167.583s][info][gc,stats       ]     E: JNI Handles Roots              1 us, workers (us):   1, ---, ---, ---, ---, ---, ---, ---, ---, ---, ---, ---, ---, ---, ---, ---, ---, ---, ---, ---, ---, ---, ---, ---, 
[167.583s][info][gc,stats       ]     E: Synchronizer Roots             0 us, workers (us):   0, ---, ---, ---, ---, ---, ---, ---, ---, ---, ---, ---, ---, ---, ---, ---, ---, ---, ---, ---, ---, ---, ---, ---, 
[167.583s][info][gc,stats       ]     E: Management Roots               1 us, workers (us):   1, ---, ---, ---, ---, ---, ---, ---, ---, ---, ---, ---, ---, ---, ---, ---, ---, ---, ---, ---, ---, ---, ---, ---, 
[167.583s][info][gc,stats       ]     E: System Dict Roots             13 us, workers (us):  13, ---, ---, ---, ---, ---, ---, ---, ---, ---, ---, ---, ---, ---, ---, ---, ---, ---, ---, ---, ---, ---, ---, ---, 
[167.583s][info][gc,stats       ]     E: CLDG Roots                   731 us, workers (us): ---, 731, ---, ---, ---, ---, ---, ---, ---, ---, ---, ---, ---, ---, ---, ---, ---, ---, ---, ---, ---, ---, ---, ---, 
[167.583s][info][gc,stats       ]     E: JVMTI Roots                    1 us, workers (us):   1, ---, ---, ---, ---, ---, ---, ---, ---, ---, ---, ---, ---, ---, ---, ---, ---, ---, ---, ---, ---, ---, ---, ---, 
[167.583s][info][gc,stats       ] Concurrent Cleanup                    6 us
[167.583s][info][gc,stats       ] Concurrent Evacuation              2943 us
[167.583s][info][gc,stats       ] Pause Init  Update Refs (G)         386 us
[167.583s][info][gc,stats       ] Pause Init  Update Refs (N)          51 us
[167.583s][info][gc,stats       ]   Retire GCLABs                      29 us
[167.584s][info][gc,stats       ] Concurrent Update Refs            17397 us
[167.584s][info][gc,stats       ] Pause Final Update Refs (G)         437 us
[167.584s][info][gc,stats       ] Pause Final Update Refs (N)          91 us
[167.584s][info][gc,stats       ]   Update Roots                       57 us, parallelism: 0.47x
[167.584s][info][gc,stats       ]     UR: <total>                      27 us
[167.584s][info][gc,stats       ]     UR: Thread Roots                 27 us, workers (us):  27,   0, ---, ---, ---, ---, ---, ---, ---, ---, ---, ---, ---, ---, ---, ---, ---, ---, ---, ---, ---, ---, ---, ---, 
[167.584s][info][gc,stats       ]   Update Region States                3 us
[167.584s][info][gc,stats       ]   Trash Collection Set                3 us
[167.584s][info][gc,stats       ]   Rebuild Free Set                    6 us
[167.584s][info][gc,stats       ] Concurrent Cleanup                   90 us
[167.584s][info][gc,stats       ] 
[167.584s][info][gc,stats       ] Allocation pacing accrued:
[167.584s][info][gc,stats       ]       0 of  1989 ms (  0.0%): <total>
[167.584s][info][gc,stats       ]       0 of  1989 ms (  0.0%): <average total>
[167.584s][info][gc,stats       ] 
[167.584s][info][gc,metaspace   ] Metaspace: 14126K->14126K(1062912K)
[167.584s][info][gc,ergo        ] Pacer for Idle. Initial: 327K, Alloc Tax Rate: 1.0x
[168.531s][info][gc             ] Trigger: Average GC time (52.88 ms) is above the time for allocation rate (3817 KB/s) to deplete free headroom (0B)
[168.531s][info][gc,ergo        ] Free headroom: 2510K (free) - 819K (spike) - 2293K (penalties) = 0B
[168.531s][info][gc,ergo        ] Free: 2510K, Max: 256K regular, 768K humongous, Frag: 58% external, 59% internal; Reserve: 1024K, Max: 256K
[168.532s][info][gc,start       ] GC(50) Concurrent reset
[168.532s][info][gc,task        ] GC(50) Using 2 of 24 workers for concurrent reset
[168.532s][info][gc,ergo        ] GC(50) Pacer for Reset. Non-Taxable: 16384K
[168.532s][info][gc             ] GC(50) Concurrent reset 0.166ms
[168.532s][info][gc,start       ] GC(50) Pause Init Mark (process weakrefs)
[168.532s][info][gc,task        ] GC(50) Using 2 of 24 workers for init marking
[168.533s][info][gc,ergo        ] GC(50) Pacer for Mark. Expected Live: 8212K, Free: 2510K, Non-Taxable: 251K, Alloc Tax Rate: 4.0x
[168.533s][info][gc             ] GC(50) Pause Init Mark (process weakrefs) 1.051ms
[168.533s][info][gc,start       ] GC(50) Concurrent marking (process weakrefs)
[168.533s][info][gc,task        ] GC(50) Using 2 of 24 workers for concurrent marking
[168.555s][info][gc             ] GC(50) Concurrent marking (process weakrefs) 22.115ms
[168.555s][info][gc,start       ] GC(50) Concurrent precleaning
[168.555s][info][gc,task        ] GC(50) Using 1 of 24 workers for concurrent preclean
[168.555s][info][gc,ergo        ] GC(50) Pacer for Precleaning. Non-Taxable: 16384K
[168.556s][info][gc             ] GC(50) Concurrent precleaning 0.981ms
[168.556s][info][gc,start       ] GC(50) Pause Final Mark (process weakrefs)
[168.556s][info][gc,task        ] GC(50) Using 2 of 24 workers for final marking
[168.557s][info][gc,ergo        ] GC(50) Adaptive CSet Selection. Target Free: 2321K, Actual Free: 2816K, Max CSet: 682K, Min Garbage: 0B
[168.557s][info][gc,ergo        ] GC(50) Collectable Garbage: 155K (69%), Immediate: 0B (0%), CSet: 155K (69%)
[168.558s][info][gc,ergo        ] GC(50) Pacer for Evacuation. Used CSet: 763K, Free: 6177K, Non-Taxable: 617K, Alloc Tax Rate: 1.1x
[168.558s][info][gc             ] GC(50) Pause Final Mark (process weakrefs) 1.849ms
[168.558s][info][gc,start       ] GC(50) Concurrent cleanup
[168.558s][info][gc             ] GC(50) Concurrent cleanup 9M->9M(16M) 0.025ms
[168.558s][info][gc,ergo        ] GC(50) Free: 6177K, Max: 256K regular, 768K humongous, Frag: 58% external, 54% internal; Reserve: 896K, Max: 256K
[168.558s][info][gc,start       ] GC(50) Concurrent evacuation
[168.558s][info][gc,task        ] GC(50) Using 2 of 24 workers for concurrent evacuation
[168.561s][info][gc             ] GC(50) Concurrent evacuation 2.632ms
[168.561s][info][gc,start       ] GC(50) Pause Init Update Refs
[168.561s][info][gc,ergo        ] GC(50) Pacer for Update Refs. Used: 9913K, Free: 6177K, Non-Taxable: 617K, Alloc Tax Rate: 2.0x
[168.561s][info][gc             ] GC(50) Pause Init Update Refs 0.088ms
[168.561s][info][gc,start       ] GC(50) Concurrent update references
[168.561s][info][gc,task        ] GC(50) Using 2 of 24 workers for concurrent reference update
[168.570s][info][gc             ] GC(50) Concurrent update references 8.366ms
[168.570s][info][gc,start       ] GC(50) Pause Final Update Refs
[168.570s][info][gc,task        ] GC(50) Using 2 of 24 workers for final reference update
[168.570s][info][gc             ] GC(50) Pause Final Update Refs 0.165ms
[168.570s][info][gc,start       ] GC(50) Concurrent cleanup
[168.570s][info][gc             ] GC(50) Concurrent cleanup 9M->8M(16M) 0.054ms
[168.570s][info][gc             ] GC(50) Dat log --- cycle is complete
Current gc epoch: 45
heap: ______
capacity: 16777216
used: 9369216
committed: 16777216
bytes_allocated_since_gc_start: 0
hot_size: 52695
cold_size: 25222
num_regions: 64
hot_region_count: 18446744073709551540
cold_region_count: 95
histogram: Placeholder

[168.570s][info][gc             ] GC(50) Obj count ac histogram
[168.570s][info][gc             ] GC(50) 	0: 1354
[168.570s][info][gc             ] GC(50) 	1: 0
[168.570s][info][gc             ] GC(50) 	2: 0
[168.570s][info][gc             ] GC(50) 	3: 0
[168.570s][info][gc             ] GC(50) 	4: 0
[168.570s][info][gc             ] GC(50) 	5: 0
[168.570s][info][gc             ] GC(50) 	6: 0
[168.570s][info][gc             ] GC(50) 	7: 0
[168.570s][info][gc             ] GC(50) 	8: 0
[168.570s][info][gc             ] GC(50) 	9: 0
[168.570s][info][gc             ] GC(50) 	10: 0
[168.570s][info][gc             ] GC(50) 	11: 0
[168.570s][info][gc             ] GC(50) 	12: 0
[168.570s][info][gc             ] GC(50) 	13: 4676
[168.570s][info][gc             ] GC(50) 	14: 0
[168.570s][info][gc             ] GC(50) 	15: 0
[168.570s][info][gc             ] GC(50) 	16: 0
[168.570s][info][gc             ] GC(50) 	17: 0
[168.570s][info][gc             ] GC(50) 	18: 0
[168.570s][info][gc             ] GC(50) 	19: 0
[168.570s][info][gc             ] GC(50) Obj size ac histogram
[168.570s][info][gc             ] GC(50) 	0: 25222
[168.570s][info][gc             ] GC(50) 	1: 0
[168.570s][info][gc             ] GC(50) 	2: 0
[168.570s][info][gc             ] GC(50) 	3: 0
[168.570s][info][gc             ] GC(50) 	4: 0
[168.570s][info][gc             ] GC(50) 	5: 0
[168.570s][info][gc             ] GC(50) 	6: 0
[168.570s][info][gc             ] GC(50) 	7: 0
[168.570s][info][gc             ] GC(50) 	8: 0
[168.570s][info][gc             ] GC(50) 	9: 0
[168.570s][info][gc             ] GC(50) 	10: 0
[168.570s][info][gc             ] GC(50) 	11: 0
[168.570s][info][gc             ] GC(50) 	12: 0
[168.570s][info][gc             ] GC(50) 	13: 51773
[168.570s][info][gc             ] GC(50) 	14: 0
[168.570s][info][gc             ] GC(50) 	15: 0
[168.570s][info][gc             ] GC(50) 	16: 0
[168.570s][info][gc             ] GC(50) 	17: 0
[168.570s][info][gc             ] GC(50) 	18: 0
[168.570s][info][gc             ] GC(50) 	19: 0
[168.570s][info][gc,ergo        ] Free: 6210K, Max: 256K regular, 768K humongous, Frag: 58% external, 55% internal; Reserve: 1024K, Max: 256K
[168.570s][info][gc,stats       ] 
[168.570s][info][gc,stats       ] All times are wall-clock times, except per-root-class counters, that are sum over
[168.570s][info][gc,stats       ] all workers. Dividing the <total> over the root stage time estimates parallelism.
[168.570s][info][gc,stats       ] 
[168.570s][info][gc,stats       ] Concurrent Reset                    146 us
[168.570s][info][gc,stats       ] Pause Init Mark (G)                1426 us
[168.570s][info][gc,stats       ] Pause Init Mark (N)                1008 us
[168.570s][info][gc,stats       ]   Accumulate Stats                    5 us
[168.570s][info][gc,stats       ]   Make Parsable                      10 us
[168.570s][info][gc,stats       ]   Update Region States                2 us
[168.570s][info][gc,stats       ]   Scan Roots                        891 us, parallelism: 1.00x
[168.570s][info][gc,stats       ]     S: <total>                      890 us
[168.570s][info][gc,stats       ]     S: Thread Roots                  56 us, workers (us):   1,  55, ---, ---, ---, ---, ---, ---, ---, ---, ---, ---, ---, ---, ---, ---, ---, ---, ---, ---, ---, ---, ---, ---, 
[168.570s][info][gc,stats       ]     S: Universe Roots                10 us, workers (us):  10, ---, ---, ---, ---, ---, ---, ---, ---, ---, ---, ---, ---, ---, ---, ---, ---, ---, ---, ---, ---, ---, ---, ---, 
[168.570s][info][gc,stats       ]     S: JNI Handles Roots              2 us, workers (us):   2, ---, ---, ---, ---, ---, ---, ---, ---, ---, ---, ---, ---, ---, ---, ---, ---, ---, ---, ---, ---, ---, ---, ---, 
[168.570s][info][gc,stats       ]     S: Synchronizer Roots             0 us, workers (us):   0, ---, ---, ---, ---, ---, ---, ---, ---, ---, ---, ---, ---, ---, ---, ---, ---, ---, ---, ---, ---, ---, ---, ---, 
[168.570s][info][gc,stats       ]     S: Management Roots               1 us, workers (us):   1, ---, ---, ---, ---, ---, ---, ---, ---, ---, ---, ---, ---, ---, ---, ---, ---, ---, ---, ---, ---, ---, ---, ---, 
[168.570s][info][gc,stats       ]     S: System Dict Roots             14 us, workers (us):  14, ---, ---, ---, ---, ---, ---, ---, ---, ---, ---, ---, ---, ---, ---, ---, ---, ---, ---, ---, ---, ---, ---, ---, 
[168.570s][info][gc,stats       ]     S: CLDG Roots                   806 us, workers (us): 806, ---, ---, ---, ---, ---, ---, ---, ---, ---, ---, ---, ---, ---, ---, ---, ---, ---, ---, ---, ---, ---, ---, ---, 
[168.570s][info][gc,stats       ]     S: JVMTI Roots                    0 us, workers (us):   0, ---, ---, ---, ---, ---, ---, ---, ---, ---, ---, ---, ---, ---, ---, ---, ---, ---, ---, ---, ---, ---, ---, ---, 
[168.570s][info][gc,stats       ]   Resize TLABs                        3 us
[168.570s][info][gc,stats       ] Concurrent Marking                22065 us
[168.570s][info][gc,stats       ] Concurrent Precleaning              976 us
[168.570s][info][gc,stats       ] Pause Final Mark (G)               2063 us
[168.570s][info][gc,stats       ] Pause Final Mark (N)               1807 us
[168.570s][info][gc,stats       ]   Finish Queues                     118 us
[168.570s][info][gc,stats       ]   Weak References                   390 us
[168.570s][info][gc,stats       ]     Process                         381 us
[168.570s][info][gc,stats       ]   System Purge                      494 us
[168.570s][info][gc,stats       ]     Weak Roots                      493 us
[168.571s][info][gc,stats       ]   Update Region States                4 us
[168.571s][info][gc,stats       ]   Retire TLABs                        5 us
[168.571s][info][gc,stats       ]   Choose Collection Set              59 us
[168.571s][info][gc,stats       ]   Rebuild Free Set                    6 us
[168.571s][info][gc,stats       ]   Initial Evacuation                706 us, parallelism: 0.65x
[168.571s][info][gc,stats       ]     E: <total>                      462 us
[168.571s][info][gc,stats       ]     E: Thread Roots                  62 us, workers (us):   1,  62, ---, ---, ---, ---, ---, ---, ---, ---, ---, ---, ---, ---, ---, ---, ---, ---, ---, ---, ---, ---, ---, ---, 
[168.571s][info][gc,stats       ]     E: Code Cache Roots               1 us, workers (us):   0,   1, ---, ---, ---, ---, ---, ---, ---, ---, ---, ---, ---, ---, ---, ---, ---, ---, ---, ---, ---, ---, ---, ---, 
[168.571s][info][gc,stats       ]     E: Universe Roots                 5 us, workers (us):   5, ---, ---, ---, ---, ---, ---, ---, ---, ---, ---, ---, ---, ---, ---, ---, ---, ---, ---, ---, ---, ---, ---, ---, 
[168.571s][info][gc,stats       ]     E: JNI Handles Roots              1 us, workers (us):   1, ---, ---, ---, ---, ---, ---, ---, ---, ---, ---, ---, ---, ---, ---, ---, ---, ---, ---, ---, ---, ---, ---, ---, 
[168.571s][info][gc,stats       ]     E: Synchronizer Roots             1 us, workers (us): ---,   1, ---, ---, ---, ---, ---, ---, ---, ---, ---, ---, ---, ---, ---, ---, ---, ---, ---, ---, ---, ---, ---, ---, 
[168.571s][info][gc,stats       ]     E: Management Roots               2 us, workers (us): ---,   2, ---, ---, ---, ---, ---, ---, ---, ---, ---, ---, ---, ---, ---, ---, ---, ---, ---, ---, ---, ---, ---, ---, 
[168.571s][info][gc,stats       ]     E: System Dict Roots             14 us, workers (us): ---,  14, ---, ---, ---, ---, ---, ---, ---, ---, ---, ---, ---, ---, ---, ---, ---, ---, ---, ---, ---, ---, ---, ---, 
[168.571s][info][gc,stats       ]     E: CLDG Roots                   375 us, workers (us): 375, ---, ---, ---, ---, ---, ---, ---, ---, ---, ---, ---, ---, ---, ---, ---, ---, ---, ---, ---, ---, ---, ---, ---, 
[168.571s][info][gc,stats       ]     E: JVMTI Roots                    1 us, workers (us):   1, ---, ---, ---, ---, ---, ---, ---, ---, ---, ---, ---, ---, ---, ---, ---, ---, ---, ---, ---, ---, ---, ---, ---, 
[168.571s][info][gc,stats       ] Concurrent Cleanup                    3 us
[168.571s][info][gc,stats       ] Concurrent Evacuation              2615 us
[168.571s][info][gc,stats       ] Pause Init  Update Refs (G)         324 us
[168.571s][info][gc,stats       ] Pause Init  Update Refs (N)          47 us
[168.571s][info][gc,stats       ]   Retire GCLABs                      25 us
[168.571s][info][gc,stats       ] Concurrent Update Refs             8353 us
[168.571s][info][gc,stats       ] Pause Final Update Refs (G)         452 us
[168.571s][info][gc,stats       ] Pause Final Update Refs (N)         123 us
[168.571s][info][gc,stats       ]   Update Roots                       92 us, parallelism: 0.83x
[168.571s][info][gc,stats       ]     UR: <total>                      76 us
[168.571s][info][gc,stats       ]     UR: Thread Roots                 76 us, workers (us):  53,  23, ---, ---, ---, ---, ---, ---, ---, ---, ---, ---, ---, ---, ---, ---, ---, ---, ---, ---, ---, ---, ---, ---, 
[168.571s][info][gc,stats       ]   Update Region States                3 us
[168.571s][info][gc,stats       ]   Trash Collection Set                3 us
[168.571s][info][gc,stats       ]   Rebuild Free Set                    6 us
[168.571s][info][gc,stats       ] Concurrent Cleanup                   46 us
[168.571s][info][gc,stats       ] 
[168.571s][info][gc,stats       ] Allocation pacing accrued:
[168.571s][info][gc,stats       ]       0 of   987 ms (  0.0%): <total>
[168.571s][info][gc,stats       ]       0 of   987 ms (  0.0%): <average total>
[168.571s][info][gc,stats       ] 
[168.571s][info][gc,metaspace   ] Metaspace: 14126K->14126K(1062912K)
[168.571s][info][gc,ergo        ] Pacer for Idle. Initial: 327K, Alloc Tax Rate: 1.0x
[169.532s][info][gc             ] Trigger: Average GC time (51.26 ms) is above the time for allocation rate (3924 KB/s) to deplete free headroom (0B)
[169.532s][info][gc,ergo        ] Free headroom: 2283K (free) - 819K (spike) - 2129K (penalties) = 0B
[169.532s][info][gc,ergo        ] Free: 2283K, Max: 256K regular, 512K humongous, Frag: 67% external, 61% internal; Reserve: 1024K, Max: 256K
[169.532s][info][gc,start       ] GC(51) Concurrent reset
[169.532s][info][gc,task        ] GC(51) Using 2 of 24 workers for concurrent reset
[169.532s][info][gc,ergo        ] GC(51) Pacer for Reset. Non-Taxable: 16384K
[169.533s][info][gc             ] GC(51) Concurrent reset 0.191ms
[169.533s][info][gc,start       ] GC(51) Pause Init Mark
[169.533s][info][gc,task        ] GC(51) Using 2 of 24 workers for init marking
[169.535s][info][gc,ergo        ] GC(51) Pacer for Mark. Expected Live: 8340K, Free: 2283K, Non-Taxable: 228K, Alloc Tax Rate: 4.5x
[169.535s][info][gc             ] GC(51) Pause Init Mark 1.799ms
[169.535s][info][gc,start       ] GC(51) Concurrent marking
[169.535s][info][gc,task        ] GC(51) Using 2 of 24 workers for concurrent marking
[169.557s][info][gc             ] GC(51) Concurrent marking 21.814ms
[169.557s][info][gc,start       ] GC(51) Pause Final Mark
[169.557s][info][gc,task        ] GC(51) Using 2 of 24 workers for final marking
[169.557s][info][gc,ergo        ] GC(51) Adaptive CSet Selection. Target Free: 2321K, Actual Free: 4618K, Max CSet: 682K, Min Garbage: 0B
[169.557s][info][gc,ergo        ] GC(51) Collectable Garbage: 2490K (99%), Immediate: 2058K (82%), CSet: 431K (17%)
[169.559s][info][gc,ergo        ] GC(51) Pacer for Evacuation. Used CSet: 1058K, Free: 7911K, Non-Taxable: 791K, Alloc Tax Rate: 1.1x
[169.559s][info][gc             ] GC(51) Pause Final Mark 1.869ms
[169.559s][info][gc,start       ] GC(51) Concurrent cleanup
[169.559s][info][gc             ] GC(51) Concurrent cleanup 9M->7M(16M) 0.675ms
[169.559s][info][gc,ergo        ] GC(51) Free: 7911K, Max: 256K regular, 2304K humongous, Frag: 61% external, 40% internal; Reserve: 896K, Max: 256K
[169.559s][info][gc,start       ] GC(51) Concurrent evacuation
[169.559s][info][gc,task        ] GC(51) Using 2 of 24 workers for concurrent evacuation
[169.561s][info][gc             ] GC(51) Concurrent evacuation 2.085ms
[169.562s][info][gc,start       ] GC(51) Pause Init Update Refs
[169.562s][info][gc,ergo        ] GC(51) Pacer for Update Refs. Used: 8132K, Free: 7911K, Non-Taxable: 791K, Alloc Tax Rate: 1.3x
[169.562s][info][gc             ] GC(51) Pause Init Update Refs 0.107ms
[169.562s][info][gc,start       ] GC(51) Concurrent update references
[169.562s][info][gc,task        ] GC(51) Using 2 of 24 workers for concurrent reference update
[169.578s][info][gc             ] GC(51) Concurrent update references 15.754ms
[169.578s][info][gc,start       ] GC(51) Pause Final Update Refs
[169.578s][info][gc,task        ] GC(51) Using 2 of 24 workers for final reference update
[169.578s][info][gc             ] GC(51) Pause Final Update Refs 0.232ms
[169.578s][info][gc,start       ] GC(51) Concurrent cleanup
[169.578s][info][gc             ] GC(51) Concurrent cleanup 7M->6M(16M) 0.211ms
[169.578s][info][gc             ] GC(51) Dat log --- cycle is complete
Current gc epoch: 46
heap: ______
capacity: 16777216
used: 7244256
committed: 16777216
bytes_allocated_since_gc_start: 0
hot_size: 23882
cold_size: 56303
num_regions: 64
hot_region_count: 18446744073709551536
cold_region_count: 98
histogram: Placeholder

[169.578s][info][gc             ] GC(51) Obj count ac histogram
[169.578s][info][gc             ] GC(51) 	0: 2696
[169.579s][info][gc             ] GC(51) 	1: 0
[169.579s][info][gc             ] GC(51) 	2: 0
[169.579s][info][gc             ] GC(51) 	3: 0
[169.579s][info][gc             ] GC(51) 	4: 0
[169.579s][info][gc             ] GC(51) 	5: 0
[169.579s][info][gc             ] GC(51) 	6: 0
[169.579s][info][gc             ] GC(51) 	7: 0
[169.579s][info][gc             ] GC(51) 	8: 0
[169.579s][info][gc             ] GC(51) 	9: 0
[169.579s][info][gc             ] GC(51) 	10: 0
[169.579s][info][gc             ] GC(51) 	11: 0
[169.579s][info][gc             ] GC(51) 	12: 0
[169.579s][info][gc             ] GC(51) 	13: 2038
[169.579s][info][gc             ] GC(51) 	14: 0
[169.579s][info][gc             ] GC(51) 	15: 0
[169.579s][info][gc             ] GC(51) 	16: 0
[169.579s][info][gc             ] GC(51) 	17: 0
[169.579s][info][gc             ] GC(51) 	18: 0
[169.579s][info][gc             ] GC(51) 	19: 0
[169.579s][info][gc             ] GC(51) Obj size ac histogram
[169.579s][info][gc             ] GC(51) 	0: 39888
[169.579s][info][gc             ] GC(51) 	1: 0
[169.579s][info][gc             ] GC(51) 	2: 0
[169.579s][info][gc             ] GC(51) 	3: 0
[169.579s][info][gc             ] GC(51) 	4: 0
[169.579s][info][gc             ] GC(51) 	5: 0
[169.579s][info][gc             ] GC(51) 	6: 0
[169.579s][info][gc             ] GC(51) 	7: 0
[169.579s][info][gc             ] GC(51) 	8: 0
[169.579s][info][gc             ] GC(51) 	9: 0
[169.579s][info][gc             ] GC(51) 	10: 0
[169.579s][info][gc             ] GC(51) 	11: 0
[169.579s][info][gc             ] GC(51) 	12: 0
[169.579s][info][gc             ] GC(51) 	13: 23882
[169.579s][info][gc             ] GC(51) 	14: 0
[169.579s][info][gc             ] GC(51) 	15: 0
[169.579s][info][gc             ] GC(51) 	16: 0
[169.579s][info][gc             ] GC(51) 	17: 0
[169.579s][info][gc             ] GC(51) 	18: 0
[169.579s][info][gc             ] GC(51) 	19: 0
[169.579s][info][gc,ergo        ] Free: 8285K, Max: 256K regular, 2560K humongous, Frag: 59% external, 40% internal; Reserve: 1024K, Max: 256K
[169.579s][info][gc,stats       ] 
[169.579s][info][gc,stats       ] All times are wall-clock times, except per-root-class counters, that are sum over
[169.579s][info][gc,stats       ] all workers. Dividing the <total> over the root stage time estimates parallelism.
[169.579s][info][gc,stats       ] 
[169.579s][info][gc,stats       ] Concurrent Reset                    171 us
[169.579s][info][gc,stats       ] Pause Init Mark (G)                2162 us
[169.579s][info][gc,stats       ] Pause Init Mark (N)                1754 us
[169.579s][info][gc,stats       ]   Accumulate Stats                    4 us
[169.579s][info][gc,stats       ]   Make Parsable                       9 us
[169.579s][info][gc,stats       ]   Update Region States                2 us
[169.579s][info][gc,stats       ]   Scan Roots                       1610 us, parallelism: 0.96x
[169.579s][info][gc,stats       ]     S: <total>                     1553 us
[169.579s][info][gc,stats       ]     S: Thread Roots                  92 us, workers (us):  90,   2, ---, ---, ---, ---, ---, ---, ---, ---, ---, ---, ---, ---, ---, ---, ---, ---, ---, ---, ---, ---, ---, ---, 
[169.579s][info][gc,stats       ]     S: Universe Roots                17 us, workers (us):  17, ---, ---, ---, ---, ---, ---, ---, ---, ---, ---, ---, ---, ---, ---, ---, ---, ---, ---, ---, ---, ---, ---, ---, 
[169.579s][info][gc,stats       ]     S: JNI Handles Roots              5 us, workers (us): ---,   5, ---, ---, ---, ---, ---, ---, ---, ---, ---, ---, ---, ---, ---, ---, ---, ---, ---, ---, ---, ---, ---, ---, 
[169.579s][info][gc,stats       ]     S: Synchronizer Roots             0 us, workers (us):   0, ---, ---, ---, ---, ---, ---, ---, ---, ---, ---, ---, ---, ---, ---, ---, ---, ---, ---, ---, ---, ---, ---, ---, 
[169.579s][info][gc,stats       ]     S: Management Roots               1 us, workers (us):   1, ---, ---, ---, ---, ---, ---, ---, ---, ---, ---, ---, ---, ---, ---, ---, ---, ---, ---, ---, ---, ---, ---, ---, 
[169.579s][info][gc,stats       ]     S: System Dict Roots             24 us, workers (us):  24, ---, ---, ---, ---, ---, ---, ---, ---, ---, ---, ---, ---, ---, ---, ---, ---, ---, ---, ---, ---, ---, ---, ---, 
[169.579s][info][gc,stats       ]     S: CLDG Roots                  1412 us, workers (us): ---, 1412, ---, ---, ---, ---, ---, ---, ---, ---, ---, ---, ---, ---, ---, ---, ---, ---, ---, ---, ---, ---, ---, ---, 
[169.579s][info][gc,stats       ]     S: JVMTI Roots                    1 us, workers (us): ---,   1, ---, ---, ---, ---, ---, ---, ---, ---, ---, ---, ---, ---, ---, ---, ---, ---, ---, ---, ---, ---, ---, ---, 
[169.579s][info][gc,stats       ]   Resize TLABs                        6 us
[169.579s][info][gc,stats       ] Concurrent Marking                21762 us
[169.579s][info][gc,stats       ] Pause Final Mark (G)               2036 us
[169.579s][info][gc,stats       ] Pause Final Mark (N)               1824 us
[169.579s][info][gc,stats       ]   Finish Queues                     111 us
[169.579s][info][gc,stats       ]   System Purge                      291 us
[169.579s][info][gc,stats       ]     Weak Roots                      290 us
[169.579s][info][gc,stats       ]   Update Region States                4 us
[169.579s][info][gc,stats       ]   Retire TLABs                        5 us
[169.579s][info][gc,stats       ]   Choose Collection Set              70 us
[169.579s][info][gc,stats       ]   Rebuild Free Set                    7 us
[169.579s][info][gc,stats       ]   Initial Evacuation               1313 us, parallelism: 0.72x
[169.579s][info][gc,stats       ]     E: <total>                      947 us
[169.579s][info][gc,stats       ]     E: Thread Roots                  62 us, workers (us):   1,  61, ---, ---, ---, ---, ---, ---, ---, ---, ---, ---, ---, ---, ---, ---, ---, ---, ---, ---, ---, ---, ---, ---, 
[169.579s][info][gc,stats       ]     E: Code Cache Roots               1 us, workers (us):   0,   1, ---, ---, ---, ---, ---, ---, ---, ---, ---, ---, ---, ---, ---, ---, ---, ---, ---, ---, ---, ---, ---, ---, 
[169.579s][info][gc,stats       ]     E: Universe Roots                 5 us, workers (us):   5, ---, ---, ---, ---, ---, ---, ---, ---, ---, ---, ---, ---, ---, ---, ---, ---, ---, ---, ---, ---, ---, ---, ---, 
[169.579s][info][gc,stats       ]     E: JNI Handles Roots              1 us, workers (us):   1, ---, ---, ---, ---, ---, ---, ---, ---, ---, ---, ---, ---, ---, ---, ---, ---, ---, ---, ---, ---, ---, ---, ---, 
[169.579s][info][gc,stats       ]     E: Synchronizer Roots             0 us, workers (us):   0, ---, ---, ---, ---, ---, ---, ---, ---, ---, ---, ---, ---, ---, ---, ---, ---, ---, ---, ---, ---, ---, ---, ---, 
[169.579s][info][gc,stats       ]     E: Management Roots               1 us, workers (us):   1, ---, ---, ---, ---, ---, ---, ---, ---, ---, ---, ---, ---, ---, ---, ---, ---, ---, ---, ---, ---, ---, ---, ---, 
[169.580s][info][gc,stats       ]     E: System Dict Roots             13 us, workers (us):  13, ---, ---, ---, ---, ---, ---, ---, ---, ---, ---, ---, ---, ---, ---, ---, ---, ---, ---, ---, ---, ---, ---, ---, 
[169.580s][info][gc,stats       ]     E: CLDG Roots                   862 us, workers (us): 862, ---, ---, ---, ---, ---, ---, ---, ---, ---, ---, ---, ---, ---, ---, ---, ---, ---, ---, ---, ---, ---, ---, ---, 
[169.580s][info][gc,stats       ]     E: JVMTI Roots                    1 us, workers (us):   1, ---, ---, ---, ---, ---, ---, ---, ---, ---, ---, ---, ---, ---, ---, ---, ---, ---, ---, ---, ---, ---, ---, ---, 
[169.580s][info][gc,stats       ] Concurrent Cleanup                  642 us
[169.580s][info][gc,stats       ] Concurrent Evacuation              2066 us
[169.580s][info][gc,stats       ] Pause Init  Update Refs (G)         405 us
[169.580s][info][gc,stats       ] Pause Init  Update Refs (N)          64 us
[169.580s][info][gc,stats       ]   Retire GCLABs                      41 us
[169.580s][info][gc,stats       ] Concurrent Update Refs            15724 us
[169.580s][info][gc,stats       ] Pause Final Update Refs (G)         535 us
[169.580s][info][gc,stats       ] Pause Final Update Refs (N)         173 us
[169.580s][info][gc,stats       ]   Update Roots                      140 us, parallelism: 0.62x
[169.580s][info][gc,stats       ]     UR: <total>                      87 us
[169.580s][info][gc,stats       ]     UR: Thread Roots                 87 us, workers (us):  56,  31, ---, ---, ---, ---, ---, ---, ---, ---, ---, ---, ---, ---, ---, ---, ---, ---, ---, ---, ---, ---, ---, ---, 
[169.580s][info][gc,stats       ]   Update Region States                3 us
[169.580s][info][gc,stats       ]   Trash Collection Set                3 us
[169.580s][info][gc,stats       ]   Rebuild Free Set                    6 us
[169.580s][info][gc,stats       ] Concurrent Cleanup                  186 us
[169.580s][info][gc,stats       ] 
[169.580s][info][gc,stats       ] Allocation pacing accrued:
[169.580s][info][gc,stats       ]       0 of  1009 ms (  0.0%): <total>
[169.580s][info][gc,stats       ]       0 of  1009 ms (  0.0%): <average total>
[169.580s][info][gc,stats       ] 
[169.580s][info][gc,metaspace   ] Metaspace: 14126K->14126K(1062912K)
[169.580s][info][gc,ergo        ] Pacer for Idle. Initial: 327K, Alloc Tax Rate: 1.0x
[185.155s][info][gc             ] Cancelling GC: Stopping VM
[185.155s][info][gc,heap,exit   ] Heap
[185.155s][info][gc,heap,exit   ] Shenandoah Heap
[185.155s][info][gc,heap,exit   ]  16384K max, 16384K soft max, 16384K committed, 9137K used
[185.155s][info][gc,heap,exit   ]  64 x 256K regions
[185.155s][info][gc,heap,exit   ] Status: cancelled
[185.155s][info][gc,heap,exit   ] Reserved region:
[185.155s][info][gc,heap,exit   ]  - [0x00000000ff000000, 0x0000000100000000) 
[185.155s][info][gc,heap,exit   ] Collection set:
[185.155s][info][gc,heap,exit   ]  - map (vanilla): 0x0000000000013fc0
[185.155s][info][gc,heap,exit   ]  - map (biased):  0x0000000000010000
[185.155s][info][gc,heap,exit   ] 
[185.155s][info][gc,heap,exit   ]  Metaspace       used 14127K, capacity 14542K, committed 14720K, reserved 1062912K
[185.155s][info][gc,heap,exit   ]   class space    used 1688K, capacity 1860K, committed 1920K, reserved 1048576K
[185.155s][info][gc,stats       ] 
[185.155s][info][gc,stats       ] GC STATISTICS:
[185.155s][info][gc,stats       ]   "(G)" (gross) pauses include VM time: time to notify and block threads, do the pre-
[185.155s][info][gc,stats       ]         and post-safepoint housekeeping. Use -XX:+PrintSafepointStatistics to dissect.
[185.155s][info][gc,stats       ]   "(N)" (net) pauses are the times spent in the actual GC code.
[185.155s][info][gc,stats       ]   "a" is average time for each phase, look at levels to see if average makes sense.
[185.155s][info][gc,stats       ]   "lvls" are quantiles: 0% (minimum), 25%, 50% (median), 75%, 100% (maximum).
[185.155s][info][gc,stats       ] 
[185.155s][info][gc,stats       ]   All times are wall-clock times, except per-root-class counters, that are sum over
[185.155s][info][gc,stats       ]   all workers. Dividing the <total> over the root stage time estimates parallelism.
[185.156s][info][gc,stats       ] 
[185.156s][info][gc,stats       ]   Pacing delays are measured from entering the pacing code till exiting it. Therefore,
[185.156s][info][gc,stats       ]   observed pacing delays may be higher than the threshold when paced thread spent more
[185.156s][info][gc,stats       ]   time in the pacing code. It usually happens when thread is de-scheduled while paced,
[185.156s][info][gc,stats       ]   OS takes longer to unblock the thread, or JVM experiences an STW pause.
[185.156s][info][gc,stats       ] 
[185.156s][info][gc,stats       ]   Higher delay would prevent application outpacing the GC, but it will hide the GC latencies
[185.156s][info][gc,stats       ]   from the STW pause times. Pacing affects the individual threads, and so it would also be
[185.156s][info][gc,stats       ]   invisible to the usual profiling tools, but would add up to end-to-end application latency.
[185.156s][info][gc,stats       ]   Raise max pacing delay with care.
[185.156s][info][gc,stats       ] 
[185.156s][info][gc,stats       ] Concurrent Reset               =    0.009 s (a =      194 us) (n =    48) (lvls, us =       95,      150,      172,      184,     1307)
[185.156s][info][gc,stats       ] Pause Init Mark (G)            =    0.096 s (a =     1998 us) (n =    48) (lvls, us =      996,     1426,     2129,     2207,     4249)
[185.156s][info][gc,stats       ] Pause Init Mark (N)            =    0.076 s (a =     1579 us) (n =    48) (lvls, us =      670,     1016,     1699,     1777,     3740)
[185.156s][info][gc,stats       ]   Accumulate Stats             =    0.000 s (a =        5 us) (n =    51) (lvls, us =        3,        4,        5,        5,        6)
[185.156s][info][gc,stats       ]   Make Parsable                =    0.001 s (a =       18 us) (n =    51) (lvls, us =        5,       10,       11,       18,       78)
[185.156s][info][gc,stats       ]   Update Region States         =    0.000 s (a =        2 us) (n =    51) (lvls, us =        1,        2,        2,        2,        2)
[185.156s][info][gc,stats       ]   Scan Roots                   =    0.070 s (a =     1372 us) (n =    51) (lvls, us =      299,      867,     1523,     1621,     3570)
[185.156s][info][gc,stats       ]     S: <total>                 =    0.081 s (a =     1592 us) (n =    51) (lvls, us =      586,      996,     1562,     1660,     4761)
[185.156s][info][gc,stats       ]     S: Thread Roots            =    0.023 s (a =      451 us) (n =    51) (lvls, us =       53,       98,      105,      367,     3447)
[185.156s][info][gc,stats       ]     S: Universe Roots          =    0.001 s (a =       17 us) (n =    51) (lvls, us =        7,       13,       18,       19,       50)
[185.156s][info][gc,stats       ]     S: JNI Handles Roots       =    0.000 s (a =        4 us) (n =    51) (lvls, us =        1,        3,        3,        6,       18)
[185.156s][info][gc,stats       ]     S: Synchronizer Roots      =    0.000 s (a =        0 us) (n =    51) (lvls, us =        0,        0,        0,        0,        1)
[185.156s][info][gc,stats       ]     S: Management Roots        =    0.000 s (a =        2 us) (n =    51) (lvls, us =        1,        1,        2,        2,        3)
[185.156s][info][gc,stats       ]     S: System Dict Roots       =    0.001 s (a =       27 us) (n =    51) (lvls, us =       10,       21,       28,       30,       95)
[185.156s][info][gc,stats       ]     S: CLDG Roots              =    0.056 s (a =     1088 us) (n =    51) (lvls, us =      332,      709,     1211,     1426,     1616)
[185.156s][info][gc,stats       ]     S: JVMTI Roots             =    0.000 s (a =        1 us) (n =    51) (lvls, us =        0,        0,        1,        1,       10)
[185.156s][info][gc,stats       ]   Resize TLABs                 =    0.000 s (a =        5 us) (n =    51) (lvls, us =        3,        4,        6,        6,        6)
[185.156s][info][gc,stats       ] Concurrent Marking             =    1.040 s (a =    21666 us) (n =    48) (lvls, us =     3008,    19727,    22266,    23633,    35997)
[185.156s][info][gc,stats       ] Concurrent Precleaning         =    0.011 s (a =      977 us) (n =    11) (lvls, us =      484,      516,      969,     1133,     1249)
[185.156s][info][gc,stats       ] Pause Final Mark (G)           =    0.098 s (a =     2042 us) (n =    48) (lvls, us =      891,     1367,     1992,     2402,     3794)
[185.156s][info][gc,stats       ] Pause Final Mark (N)           =    0.086 s (a =     1796 us) (n =    48) (lvls, us =      564,     1191,     1758,     2129,     3452)
[185.156s][info][gc,stats       ]   Finish Queues                =    0.049 s (a =      964 us) (n =    51) (lvls, us =       34,       96,      107,      115,    18924)
[185.156s][info][gc,stats       ]   Weak References              =    0.008 s (a =      589 us) (n =    14) (lvls, us =       41,      352,      438,      582,     1437)
[185.156s][info][gc,stats       ]     Process                    =    0.008 s (a =      579 us) (n =    14) (lvls, us =       33,      340,      422,      574,     1425)
[185.156s][info][gc,stats       ]   System Purge                 =    0.020 s (a =      398 us) (n =    51) (lvls, us =       85,      268,      334,      574,     1020)
[185.156s][info][gc,stats       ]     Unload Classes             =    0.002 s (a =      526 us) (n =     3) (lvls, us =      252,      252,      252,      258,     1068)
[185.156s][info][gc,stats       ]     Cleanup                    =    0.005 s (a =     1820 us) (n =     3) (lvls, us =     1719,     1719,     1719,     1777,     1944)
[185.156s][info][gc,stats       ]       CU: <total>              =    0.031 s (a =    10172 us) (n =     3) (lvls, us =     4414,     4414,     4414,     5840,    20253)
[185.156s][info][gc,stats       ]       CU: Code Cache Roots     =    0.000 s (a =       31 us) (n =     3) (lvls, us =        6,        6,        6,        8,       80)
[185.156s][info][gc,stats       ]       CU: Code Cache Cleaning  =    0.000 s (a =        1 us) (n =     3) (lvls, us =        0,        0,        0,        0,        2)
[185.156s][info][gc,stats       ]       CU: String Table Roots   =    0.010 s (a =     3365 us) (n =     3) (lvls, us =     2559,     2559,     2559,     3105,     4410)
[185.156s][info][gc,stats       ]       CU: Resolved Table Roots =    0.000 s (a =      126 us) (n =     3) (lvls, us =       82,       82,       82,      121,      174)
[185.156s][info][gc,stats       ]       CU: CLDG Roots           =    0.020 s (a =     6649 us) (n =     3) (lvls, us =     1758,     1758,     1758,     2539,    15639)
[185.156s][info][gc,stats       ]     Weak Roots                 =    0.020 s (a =      397 us) (n =    51) (lvls, us =       84,      268,      334,      572,     1019)
[185.156s][info][gc,stats       ]     CLDG                       =    0.001 s (a =      266 us) (n =     3) (lvls, us =        1,        1,        1,        1,      795)
[185.156s][info][gc,stats       ]   Update Region States         =    0.000 s (a =        3 us) (n =    51) (lvls, us =        1,        3,        4,        4,        4)
[185.156s][info][gc,stats       ]   Retire TLABs                 =    0.000 s (a =        9 us) (n =    51) (lvls, us =        3,        5,        5,        8,       43)
[185.156s][info][gc,stats       ]   Choose Collection Set        =    0.003 s (a =       60 us) (n =    51) (lvls, us =       23,       55,       59,       66,       90)
[185.156s][info][gc,stats       ]   Rebuild Free Set             =    0.000 s (a =        6 us) (n =    51) (lvls, us =        2,        6,        6,        7,       17)
[185.157s][info][gc,stats       ]   Initial Evacuation           =    0.053 s (a =     1050 us) (n =    50) (lvls, us =       16,      584,      947,     1309,     2909)
[185.157s][info][gc,stats       ]     E: <total>                 =    0.038 s (a =      804 us) (n =    47) (lvls, us =      203,      439,      705,      943,     3537)
[185.157s][info][gc,stats       ]     E: Thread Roots            =    0.011 s (a =      244 us) (n =    47) (lvls, us =       35,       62,       74,      193,     1952)
[185.157s][info][gc,stats       ]     E: Code Cache Roots        =    0.000 s (a =        1 us) (n =    47) (lvls, us =        0,        1,        1,        1,        6)
[185.157s][info][gc,stats       ]     E: Universe Roots          =    0.001 s (a =       14 us) (n =    47) (lvls, us =        2,        4,        5,       18,       89)
[185.157s][info][gc,stats       ]     E: JNI Handles Roots       =    0.000 s (a =        4 us) (n =    47) (lvls, us =        1,        1,        1,        2,       25)
[185.157s][info][gc,stats       ]     E: Synchronizer Roots      =    0.000 s (a =        1 us) (n =    47) (lvls, us =        0,        0,        0,        0,        8)
[185.157s][info][gc,stats       ]     E: Management Roots        =    0.000 s (a =        1 us) (n =    47) (lvls, us =        1,        1,        1,        2,        2)
[185.157s][info][gc,stats       ]     E: System Dict Roots       =    0.001 s (a =       20 us) (n =    47) (lvls, us =        4,       12,       14,       24,      105)
[185.157s][info][gc,stats       ]     E: CLDG Roots              =    0.024 s (a =      519 us) (n =    47) (lvls, us =      105,      213,      377,      730,     1379)
[185.157s][info][gc,stats       ]     E: JVMTI Roots             =    0.000 s (a =        1 us) (n =    47) (lvls, us =        0,        0,        1,        1,        1)
[185.157s][info][gc,stats       ] Concurrent Cleanup             =    0.005 s (a =      110 us) (n =    48) (lvls, us =        2,        6,        6,        6,      872)
[185.157s][info][gc,stats       ] Concurrent Evacuation          =    0.178 s (a =     3792 us) (n =    47) (lvls, us =     1797,     2598,     3574,     4766,     6783)
[185.157s][info][gc,stats       ] Pause Init  Update Refs (G)    =    0.019 s (a =      420 us) (n =    46) (lvls, us =      230,      348,      404,      418,     1908)
[185.157s][info][gc,stats       ] Pause Init  Update Refs (N)    =    0.003 s (a =       60 us) (n =    46) (lvls, us =       34,       50,       58,       65,       96)
[185.157s][info][gc,stats       ]   Retire GCLABs                =    0.002 s (a =       38 us) (n =    48) (lvls, us =       21,       28,       36,       44,       72)
[185.157s][info][gc,stats       ] Concurrent Update Refs         =    0.681 s (a =    14810 us) (n =    46) (lvls, us =     3828,    11133,    16016,    17188,    29189)
[185.157s][info][gc,stats       ] Pause Final Update Refs (G)    =    0.025 s (a =      545 us) (n =    46) (lvls, us =      344,      439,      488,      551,     1096)
[185.157s][info][gc,stats       ] Pause Final Update Refs (N)    =    0.010 s (a =      223 us) (n =    46) (lvls, us =       80,      123,      150,      207,      883)
[185.157s][info][gc,stats       ]   Finish Work                  =    0.008 s (a =     3998 us) (n =     2) (lvls, us =     2832,     2832,     2832,     2832,     5145)
[185.157s][info][gc,stats       ]   Update Roots                 =    0.009 s (a =      192 us) (n =    46) (lvls, us =       47,       91,      123,      182,      869)
[185.157s][info][gc,stats       ]     UR: <total>                =    0.008 s (a =      166 us) (n =    46) (lvls, us =       27,       55,       88,      152,      910)
[185.157s][info][gc,stats       ]     UR: Thread Roots           =    0.008 s (a =      166 us) (n =    46) (lvls, us =       27,       55,       88,      152,      910)
[185.157s][info][gc,stats       ]   Update Region States         =    0.000 s (a =        3 us) (n =    48) (lvls, us =        1,        3,        3,        3,        4)
[185.157s][info][gc,stats       ]   Trash Collection Set         =    0.000 s (a =        3 us) (n =    48) (lvls, us =        2,        3,        3,        4,        6)
[185.157s][info][gc,stats       ]   Rebuild Free Set             =    0.000 s (a =        6 us) (n =    48) (lvls, us =        2,        6,        6,        7,        7)
[185.157s][info][gc,stats       ] Concurrent Cleanup             =    0.018 s (a =      385 us) (n =    46) (lvls, us =       46,      127,      186,      520,     1598)
[185.157s][info][gc,stats       ] Pause Degenerated GC (G)       =    0.188 s (a =    46974 us) (n =     4) (lvls, us =    19922,    19922,    31445,    66211,    70089)
[185.157s][info][gc,stats       ] Pause Degenerated GC (N)       =    0.186 s (a =    46567 us) (n =     4) (lvls, us =    19531,    19531,    31055,    65820,    69661)
[185.157s][info][gc,stats       ]   Degen Update Roots           =    0.001 s (a =      452 us) (n =     2) (lvls, us =      320,      320,      320,      320,      583)
[185.157s][info][gc,stats       ]     DU: <total>                =    0.001 s (a =      563 us) (n =     2) (lvls, us =      551,      551,      551,      551,      575)
[185.157s][info][gc,stats       ]     DU: Thread Roots           =    0.000 s (a =      100 us) (n =     2) (lvls, us =       71,       71,       71,       71,      128)
[185.157s][info][gc,stats       ]     DU: Code Cache Roots       =    0.000 s (a =        2 us) (n =     2) (lvls, us =        2,        2,        2,        2,        3)
[185.157s][info][gc,stats       ]     DU: Universe Roots         =    0.000 s (a =        4 us) (n =     2) (lvls, us =        3,        3,        3,        3,        4)
[185.157s][info][gc,stats       ]     DU: JNI Handles Roots      =    0.000 s (a =        1 us) (n =     2) (lvls, us =        1,        1,        1,        1,        1)
[185.157s][info][gc,stats       ]     DU: Synchronizer Roots     =    0.000 s (a =        0 us) (n =     2) (lvls, us =        0,        0,        0,        0,        0)
[185.157s][info][gc,stats       ]     DU: Management Roots       =    0.000 s (a =        1 us) (n =     2) (lvls, us =        1,        1,        1,        1,        1)
[185.157s][info][gc,stats       ]     DU: System Dict Roots      =    0.000 s (a =        9 us) (n =     2) (lvls, us =        8,        8,        8,        8,       10)
[185.157s][info][gc,stats       ]     DU: CLDG Roots             =    0.001 s (a =      446 us) (n =     2) (lvls, us =      404,      404,      404,      404,      487)
[185.157s][info][gc,stats       ]     DU: JVMTI Roots            =    0.000 s (a =        0 us) (n =     2) (lvls, us =        0,        0,        0,        0,        0)
[185.157s][info][gc,stats       ]   Pre Heap Dump                =    0.000 s (a =        1 us) (n =     3) (lvls, us =        1,        1,        1,        1,        1)
[185.157s][info][gc,stats       ]   Prepare                      =    0.002 s (a =      779 us) (n =     3) (lvls, us =      256,      256,      256,      770,     1309)
[185.157s][info][gc,stats       ]     Update Roots               =    0.002 s (a =      786 us) (n =     2) (lvls, us =      541,      541,      541,      541,     1029)
[185.157s][info][gc,stats       ]       FU: <total>              =    0.001 s (a =      683 us) (n =     2) (lvls, us =      625,      625,      625,      625,      741)
[185.157s][info][gc,stats       ]       FU: Thread Roots         =    0.000 s (a =      115 us) (n =     2) (lvls, us =      109,      109,      109,      109,      119)
[185.157s][info][gc,stats       ]       FU: Code Cache Roots     =    0.000 s (a =        3 us) (n =     2) (lvls, us =        2,        2,        2,        2,        3)
[185.157s][info][gc,stats       ]       FU: Universe Roots       =    0.000 s (a =       11 us) (n =     2) (lvls, us =        9,        9,        9,        9,       13)
[185.157s][info][gc,stats       ]       FU: JNI Handles Roots    =    0.000 s (a =        2 us) (n =     2) (lvls, us =        1,        1,        1,        1,        3)
[185.157s][info][gc,stats       ]       FU: Synchronizer Roots   =    0.000 s (a =        0 us) (n =     2) (lvls, us =        0,        0,        0,        0,        1)
[185.157s][info][gc,stats       ]       FU: Management Roots     =    0.000 s (a =        1 us) (n =     2) (lvls, us =        1,        1,        1,        1,        1)
[185.157s][info][gc,stats       ]       FU: System Dict Roots    =    0.000 s (a =       21 us) (n =     2) (lvls, us =       16,       16,       16,       16,       26)
[185.158s][info][gc,stats       ]       FU: CLDG Roots           =    0.001 s (a =      530 us) (n =     2) (lvls, us =      475,      475,      475,      475,      584)
[185.158s][info][gc,stats       ]       FU: JVMTI Roots          =    0.000 s (a =        0 us) (n =     2) (lvls, us =        0,        0,        0,        0,        1)
[185.158s][info][gc,stats       ]   Scan Roots                   =    0.001 s (a =      327 us) (n =     3) (lvls, us =      285,      285,      285,      289,      405)
[185.158s][info][gc,stats       ]     FS: <total>                =    0.001 s (a =      439 us) (n =     3) (lvls, us =      367,      367,      367,      447,      501)
[185.158s][info][gc,stats       ]     FS: Thread Roots           =    0.000 s (a =      114 us) (n =     3) (lvls, us =      104,      104,      104,      107,      129)
[185.158s][info][gc,stats       ]     FS: Universe Roots         =    0.000 s (a =       21 us) (n =     3) (lvls, us =       15,       15,       15,       18,       29)
[185.158s][info][gc,stats       ]     FS: JNI Handles Roots      =    0.000 s (a =        4 us) (n =     3) (lvls, us =        1,        1,        1,        4,        6)
[185.158s][info][gc,stats       ]     FS: Synchronizer Roots     =    0.000 s (a =        0 us) (n =     3) (lvls, us =        0,        0,        0,        0,        0)
[185.158s][info][gc,stats       ]     FS: Management Roots       =    0.000 s (a =        1 us) (n =     3) (lvls, us =        1,        1,        1,        1,        1)
[185.158s][info][gc,stats       ]     FS: System Dict Roots      =    0.000 s (a =       21 us) (n =     3) (lvls, us =       12,       12,       12,       25,       26)
[185.158s][info][gc,stats       ]     FS: CLDG Roots             =    0.001 s (a =      277 us) (n =     3) (lvls, us =      232,      232,      232,      256,      343)
[185.158s][info][gc,stats       ]     FS: JVMTI Roots            =    0.000 s (a =        0 us) (n =     3) (lvls, us =        0,        0,        0,        0,        1)
[185.158s][info][gc,stats       ]   Mark                         =    0.053 s (a =    17580 us) (n =     3) (lvls, us =    14062,    14062,    14062,    15430,    23089)
[185.158s][info][gc,stats       ]     Finish Queues              =    0.042 s (a =    13925 us) (n =     3) (lvls, us =    10352,    10352,    10352,    12109,    19122)
[185.158s][info][gc,stats       ]     Weak References            =    0.003 s (a =      957 us) (n =     3) (lvls, us =      912,      912,      912,      971,      987)
[185.158s][info][gc,stats       ]       Process                  =    0.003 s (a =      945 us) (n =     3) (lvls, us =      900,      900,      900,      959,      974)
[185.158s][info][gc,stats       ]     System Purge               =    0.001 s (a =      245 us) (n =     3) (lvls, us =      215,      215,      215,      236,      282)
[185.158s][info][gc,stats       ]       Unload Classes           =    0.001 s (a =      301 us) (n =     3) (lvls, us =      244,      244,      244,      320,      335)
[185.158s][info][gc,stats       ]       Cleanup                  =    0.005 s (a =     1559 us) (n =     3) (lvls, us =     1328,     1328,     1328,     1465,     1856)
[185.158s][info][gc,stats       ]         CU: <total>            =    0.017 s (a =     5572 us) (n =     3) (lvls, us =     4258,     4258,     4258,     4492,     7958)
[185.158s][info][gc,stats       ]         CU: Code Cache Roots   =    0.000 s (a =       10 us) (n =     3) (lvls, us =        6,        6,        6,       10,       12)
[185.158s][info][gc,stats       ]         CU: Code Cache Cleaning =    0.000 s (a =        1 us) (n =     3) (lvls, us =        0,        0,        0,        0,        2)
[185.158s][info][gc,stats       ]         CU: String Table Roots =    0.008 s (a =     2706 us) (n =     3) (lvls, us =     2617,     2617,     2617,     2676,     2806)
[185.158s][info][gc,stats       ]         CU: Resolved Table Roots =    0.000 s (a =      108 us) (n =     3) (lvls, us =       90,       90,       90,      104,      129)
[185.158s][info][gc,stats       ]         CU: CLDG Roots         =    0.008 s (a =     2748 us) (n =     3) (lvls, us =     1445,     1445,     1445,     1758,     5010)
[185.158s][info][gc,stats       ]       Weak Roots               =    0.001 s (a =      244 us) (n =     3) (lvls, us =      215,      215,      215,      234,      281)
[185.158s][info][gc,stats       ]       CLDG                     =    0.000 s (a =        1 us) (n =     3) (lvls, us =        1,        1,        1,        1,        1)
[185.158s][info][gc,stats       ]   Calculate Addresses          =    0.019 s (a =     6376 us) (n =     3) (lvls, us =     5176,     5176,     5176,     5898,     8023)
[185.158s][info][gc,stats       ]     Regular Objects            =    0.019 s (a =     6368 us) (n =     3) (lvls, us =     5176,     5176,     5176,     5898,     8016)
[185.158s][info][gc,stats       ]     Humongous Objects          =    0.000 s (a =        1 us) (n =     3) (lvls, us =        1,        1,        1,        1,        1)
[185.158s][info][gc,stats       ]   Adjust Pointers              =    0.016 s (a =     5332 us) (n =     3) (lvls, us =     4219,     4219,     4219,     5098,     6658)
[185.158s][info][gc,stats       ]     FA: <total>                =    0.001 s (a =      408 us) (n =     3) (lvls, us =      252,      252,      252,      418,      552)
[185.158s][info][gc,stats       ]     FA: Thread Roots           =    0.000 s (a =       99 us) (n =     3) (lvls, us =       83,       83,       83,      105,      107)
[185.158s][info][gc,stats       ]     FA: Code Cache Roots       =    0.000 s (a =        2 us) (n =     3) (lvls, us =        2,        2,        2,        2,        3)
[185.158s][info][gc,stats       ]     FA: Universe Roots         =    0.000 s (a =        8 us) (n =     3) (lvls, us =        2,        2,        2,        4,       19)
[185.158s][info][gc,stats       ]     FA: JNI Handles Roots      =    0.000 s (a =        1 us) (n =     3) (lvls, us =        1,        1,        1,        1,        1)
[185.158s][info][gc,stats       ]     FA: Synchronizer Roots     =    0.000 s (a =        0 us) (n =     3) (lvls, us =        0,        0,        0,        0,        1)
[185.158s][info][gc,stats       ]     FA: Management Roots       =    0.000 s (a =        2 us) (n =     3) (lvls, us =        1,        1,        1,        2,        2)
[185.158s][info][gc,stats       ]     FA: System Dict Roots      =    0.000 s (a =       18 us) (n =     3) (lvls, us =        7,        7,        7,       21,       27)
[185.158s][info][gc,stats       ]     FA: CLDG Roots             =    0.001 s (a =      277 us) (n =     3) (lvls, us =      156,      156,      156,      260,      414)
[185.158s][info][gc,stats       ]     FA: JVMTI Roots            =    0.000 s (a =        0 us) (n =     3) (lvls, us =        0,        0,        0,        0,        0)
[185.158s][info][gc,stats       ]   Copy Objects                 =    0.014 s (a =     4782 us) (n =     3) (lvls, us =     4219,     4219,     4219,     4238,     5875)
[185.158s][info][gc,stats       ]     Regular Objects            =    0.013 s (a =     4299 us) (n =     3) (lvls, us =     3535,     3535,     3535,     3945,     5391)
[185.158s][info][gc,stats       ]     Humongous Objects          =    0.000 s (a =        1 us) (n =     3) (lvls, us =        1,        1,        1,        1,        1)
[185.158s][info][gc,stats       ]     Reset Complete Bitmap      =    0.000 s (a =      100 us) (n =     3) (lvls, us =       76,       76,       76,      107,      113)
[185.158s][info][gc,stats       ]     Rebuild Region Sets        =    0.001 s (a =      379 us) (n =     3) (lvls, us =      189,      189,      189,      365,      579)
[185.158s][info][gc,stats       ]   Resize TLABs                 =    0.000 s (a =        7 us) (n =     3) (lvls, us =        6,        6,        6,        7,        8)
[185.158s][info][gc,stats       ]   Post Heap Dump               =    0.000 s (a =        1 us) (n =     3) (lvls, us =        1,        1,        1,        1,        1)
[185.158s][info][gc,stats       ] Pacing                         =    0.223 s (a =     4287 us) (n =    52) (lvls, us =        0,        0,        0,        0,    30155)
[185.158s][info][gc,stats       ] 
[185.158s][info][gc,stats       ] 
[185.158s][info][gc,stats       ] Under allocation pressure, concurrent cycles may cancel, and either continue cycle
[185.158s][info][gc,stats       ] under stop-the-world pause or result in stop-the-world Full GC. Increase heap size,
[185.158s][info][gc,stats       ] tune GC heuristics, set more aggressive pacing delay, or lower allocation rate
[185.158s][info][gc,stats       ] to avoid Degenerated and Full GC cycles.
[185.158s][info][gc,stats       ] 
[185.159s][info][gc,stats       ]    47 successful concurrent GCs
[185.159s][info][gc,stats       ]       0 invoked explicitly
[185.159s][info][gc,stats       ]       0 invoked implicitly
[185.159s][info][gc,stats       ] 
[185.159s][info][gc,stats       ]     4 Degenerated GCs
[185.159s][info][gc,stats       ]       4 caused by allocation failure
[185.159s][info][gc,stats       ]         3 happened at Outside of Cycle
[185.159s][info][gc,stats       ]         1 happened at Evacuation
[185.159s][info][gc,stats       ]       3 upgraded to Full GC
[185.159s][info][gc,stats       ] 
[185.159s][info][gc,stats       ]     3 Full GCs
[185.159s][info][gc,stats       ]       0 invoked explicitly
[185.159s][info][gc,stats       ]       0 invoked implicitly
[185.159s][info][gc,stats       ]       0 caused by allocation failure
[185.159s][info][gc,stats       ]       3 upgraded from Degenerated GC
[185.159s][info][gc,stats       ] 
[185.159s][info][gc,stats       ] 
