[0.035s][info][gc,init] Regions: 64 x 256K
[0.035s][info][gc,init] Humongous object threshold: 256K
[0.035s][info][gc,init] Max TLAB size: 256K
[0.036s][info][gc,init] GC threads: 24 parallel, 12 concurrent
[0.036s][info][gc     ] Heuristics ergonomically sets -XX:+ExplicitGCInvokesConcurrent
[0.036s][info][gc     ] Heuristics ergonomically sets -XX:+ShenandoahImplicitGCInvokesConcurrent
[0.036s][info][gc,init] Shenandoah GC mode: Snapshot-At-The-Beginning (SATB)
[0.036s][info][gc,init] Shenandoah heuristics: Adaptive
[0.040s][info][gc,ergo] Pacer for Idle. Initial: 327K, Alloc Tax Rate: 1.0x
[0.040s][info][gc,init] Initialize Shenandoah heap: 2048K initial, 2048K min, 16384K max
[0.040s][info][gc,init] Safepointing mechanism: global-page poll
[0.040s][info][gc     ] Using Shenandoah
[0.040s][info][gc,heap,coops] Heap address: 0x00000000ff000000, size: 16 MB, Compressed Oops mode: 32-bit
[0.088s][info][gc,init      ] Reference processing: parallel discovery, parallel processing
[0.332s][info][gc           ] Trigger: Learning 1 of 5. Free (11264K) is below initial threshold (11468K)
[0.332s][info][gc,ergo      ] Free: 11264K, Max: 256K regular, 11264K humongous, Frag: 0% external, 0% internal; Reserve: 1024K, Max: 256K
[0.332s][info][gc,start     ] GC(0) Concurrent reset
[0.334s][info][gc,task      ] GC(0) Using 7 of 24 workers for concurrent reset
[0.334s][info][gc,ergo      ] GC(0) Pacer for Reset. Non-Taxable: 16384K
[0.334s][info][gc           ] GC(0) Concurrent reset 1.436ms
[0.334s][info][gc,start     ] GC(0) Pause Init Mark (process weakrefs)
[0.335s][info][gc,task      ] GC(0) Using 13 of 24 workers for init marking
[0.336s][info][gc,ergo      ] GC(0) Pacer for Mark. Expected Live: 1638K, Free: 11264K, Non-Taxable: 1126K, Alloc Tax Rate: 0.2x
[0.336s][info][gc           ] GC(0) Pause Init Mark (process weakrefs) 2.437ms
[0.336s][info][gc,start     ] GC(0) Concurrent marking (process weakrefs)
[0.337s][info][gc,task      ] GC(0) Using 7 of 24 workers for concurrent marking
[0.339s][info][gc           ] GC(0) Concurrent marking (process weakrefs) 2.864ms
[0.339s][info][gc,start     ] GC(0) Concurrent precleaning
[0.339s][info][gc,task      ] GC(0) Using 1 of 24 workers for concurrent preclean
[0.339s][info][gc,ergo      ] GC(0) Pacer for Precleaning. Non-Taxable: 16384K
[0.340s][info][gc           ] GC(0) Concurrent precleaning 0.605ms
[0.340s][info][gc,start     ] GC(0) Pause Final Mark (process weakrefs)
[0.340s][info][gc,task      ] GC(0) Using 13 of 24 workers for final marking
[0.341s][info][gc,ergo      ] GC(0) Adaptive CSet Selection. Target Free: 2321K, Actual Free: 12032K, Max CSet: 682K, Min Garbage: 0B
[0.341s][info][gc,ergo      ] GC(0) Collectable Garbage: 3298K (99%), Immediate: 0B (0%), CSet: 3298K (99%)
[0.342s][info][gc,ergo      ] GC(0) Pacer for Evacuation. Used CSet: 3840K, Free: 11008K, Non-Taxable: 1100K, Alloc Tax Rate: 1.1x
[0.342s][info][gc           ] GC(0) Pause Final Mark (process weakrefs) 1.938ms
[0.342s][info][gc,start     ] GC(0) Concurrent cleanup
[0.342s][info][gc           ] GC(0) Concurrent cleanup 4M->4M(5M) 0.030ms
[0.342s][info][gc,ergo      ] GC(0) Free: 10752K, Max: 256K regular, 10752K humongous, Frag: 0% external, 0% internal; Reserve: 887K, Max: 256K
[0.342s][info][gc,start     ] GC(0) Concurrent evacuation
[0.342s][info][gc,task      ] GC(0) Using 7 of 24 workers for concurrent evacuation
[0.344s][info][gc           ] GC(0) Concurrent evacuation 2.147ms
[0.345s][info][gc,start     ] GC(0) Pause Init Update Refs
[0.345s][info][gc,ergo      ] GC(0) Pacer for Update Refs. Used: 5347K, Free: 10752K, Non-Taxable: 1075K, Alloc Tax Rate: 1.1x
[0.345s][info][gc           ] GC(0) Pause Init Update Refs 0.083ms
[0.345s][info][gc,start     ] GC(0) Concurrent update references
[0.345s][info][gc,task      ] GC(0) Using 7 of 24 workers for concurrent reference update
[0.348s][info][gc           ] GC(0) Concurrent update references 3.333ms
[0.348s][info][gc,start     ] GC(0) Pause Final Update Refs
[0.348s][info][gc,task      ] GC(0) Using 13 of 24 workers for final reference update
[0.349s][info][gc           ] GC(0) Pause Final Update Refs 0.660ms
[0.349s][info][gc,start     ] GC(0) Concurrent cleanup
[0.350s][info][gc           ] GC(0) Concurrent cleanup 5M->1M(5M) 0.571ms
[0.350s][info][gc           ] GC(0) Dat log --- cycle is complete
Current gc epoch: 0
heap: ______
capacity: 5767168
used: 1543680
committed: 5767168
bytes_allocated_since_gc_start: 524288
hot_size: 32167
cold_size: 37171
num_regions: 64
hot_region_count: 2
cold_region_count: 2
histogram: Placeholder

[0.350s][info][gc           ] GC(0) Obj count ac histogram
[0.350s][info][gc           ] GC(0) 	0: 4654
[0.350s][info][gc           ] GC(0) 	1: 0
[0.350s][info][gc           ] GC(0) 	2: 0
[0.350s][info][gc           ] GC(0) 	3: 0
[0.350s][info][gc           ] GC(0) 	4: 0
[0.350s][info][gc           ] GC(0) 	5: 0
[0.350s][info][gc           ] GC(0) 	6: 0
[0.350s][info][gc           ] GC(0) 	7: 0
[0.350s][info][gc           ] GC(0) 	8: 0
[0.350s][info][gc           ] GC(0) 	9: 0
[0.350s][info][gc           ] GC(0) 	10: 0
[0.350s][info][gc           ] GC(0) 	11: 0
[0.350s][info][gc           ] GC(0) 	12: 0
[0.350s][info][gc           ] GC(0) 	13: 0
[0.350s][info][gc           ] GC(0) 	14: 3263
[0.350s][info][gc           ] GC(0) 	15: 0
[0.350s][info][gc           ] GC(0) 	16: 0
[0.350s][info][gc           ] GC(0) 	17: 0
[0.350s][info][gc           ] GC(0) 	18: 0
[0.350s][info][gc           ] GC(0) 	19: 0
[0.350s][info][gc           ] GC(0) Obj size ac histogram
[0.350s][info][gc           ] GC(0) 	0: 28682
[0.350s][info][gc           ] GC(0) 	1: 0
[0.350s][info][gc           ] GC(0) 	2: 0
[0.350s][info][gc           ] GC(0) 	3: 0
[0.350s][info][gc           ] GC(0) 	4: 0
[0.350s][info][gc           ] GC(0) 	5: 0
[0.350s][info][gc           ] GC(0) 	6: 0
[0.350s][info][gc           ] GC(0) 	7: 0
[0.350s][info][gc           ] GC(0) 	8: 0
[0.350s][info][gc           ] GC(0) 	9: 0
[0.350s][info][gc           ] GC(0) 	10: 0
[0.350s][info][gc           ] GC(0) 	11: 0
[0.350s][info][gc           ] GC(0) 	12: 0
[0.350s][info][gc           ] GC(0) 	13: 0
[0.350s][info][gc           ] GC(0) 	14: 29140
[0.350s][info][gc           ] GC(0) 	15: 0
[0.350s][info][gc           ] GC(0) 	16: 0
[0.350s][info][gc           ] GC(0) 	17: 0
[0.350s][info][gc           ] GC(0) 	18: 0
[0.350s][info][gc           ] GC(0) 	19: 0
[0.350s][info][gc,ergo      ] Free: 13852K, Max: 256K regular, 9728K humongous, Frag: 29% external, 1% internal; Reserve: 1024K, Max: 256K
[0.350s][info][gc,stats     ] 
[0.350s][info][gc,stats     ] All times are wall-clock times, except per-root-class counters, that are sum over
[0.350s][info][gc,stats     ] all workers. Dividing the <total> over the root stage time estimates parallelism.
[0.350s][info][gc,stats     ] 
[0.350s][info][gc,stats     ] Concurrent Reset                   1417 us
[0.350s][info][gc,stats     ] Pause Init Mark (G)                2748 us
[0.350s][info][gc,stats     ] Pause Init Mark (N)                2386 us
[0.350s][info][gc,stats     ]   Accumulate Stats                    5 us
[0.350s][info][gc,stats     ]   Make Parsable                      79 us
[0.350s][info][gc,stats     ]   Update Region States                2 us
[0.350s][info][gc,stats     ]   Scan Roots                       1290 us, parallelism: 2.34x
[0.350s][info][gc,stats     ]     S: <total>                     3023 us
[0.350s][info][gc,stats     ]     S: Thread Roots                1984 us, workers (us):   1,   2,   1,   2,   2,   1,   1, 1172, 184,  19, 273,  18, 307, ---, ---, ---, ---, ---, ---, ---, ---, ---, ---, ---, 
[0.350s][info][gc,stats     ]     S: Universe Roots                65 us, workers (us):  65, ---, ---, ---, ---, ---, ---, ---, ---, ---, ---, ---, ---, ---, ---, ---, ---, ---, ---, ---, ---, ---, ---, ---, 
[0.350s][info][gc,stats     ]     S: JNI Handles Roots              7 us, workers (us): ---, ---,   7, ---, ---, ---, ---, ---, ---, ---, ---, ---, ---, ---, ---, ---, ---, ---, ---, ---, ---, ---, ---, ---, 
[0.350s][info][gc,stats     ]     S: Synchronizer Roots             1 us, workers (us): ---,   1, ---, ---, ---, ---, ---, ---, ---, ---, ---, ---, ---, ---, ---, ---, ---, ---, ---, ---, ---, ---, ---, ---, 
[0.350s][info][gc,stats     ]     S: Management Roots               3 us, workers (us): ---,   3, ---, ---, ---, ---, ---, ---, ---, ---, ---, ---, ---, ---, ---, ---, ---, ---, ---, ---, ---, ---, ---, ---, 
[0.350s][info][gc,stats     ]     S: System Dict Roots            104 us, workers (us): ---, 104, ---, ---, ---, ---, ---, ---, ---, ---, ---, ---, ---, ---, ---, ---, ---, ---, ---, ---, ---, ---, ---, ---, 
[0.350s][info][gc,stats     ]     S: CLDG Roots                   844 us, workers (us):  54, ---,  82,  81, 509,  60,  58, ---, ---, ---, ---, ---, ---, ---, ---, ---, ---, ---, ---, ---, ---, ---, ---, ---, 
[0.350s][info][gc,stats     ]     S: JVMTI Roots                   15 us, workers (us): ---, ---,  15, ---, ---, ---, ---, ---, ---, ---, ---, ---, ---, ---, ---, ---, ---, ---, ---, ---, ---, ---, ---, ---, 
[0.350s][info][gc,stats     ]   Resize TLABs                        5 us
[0.350s][info][gc,stats     ] Concurrent Marking                 2829 us
[0.350s][info][gc,stats     ] Concurrent Precleaning              586 us
[0.350s][info][gc,stats     ] Pause Final Mark (G)               2134 us
[0.350s][info][gc,stats     ] Pause Final Mark (N)               1908 us
[0.350s][info][gc,stats     ]   Finish Queues                     319 us
[0.350s][info][gc,stats     ]   Weak References                   447 us
[0.350s][info][gc,stats     ]     Process                         430 us
[0.351s][info][gc,stats     ]   System Purge                       82 us
[0.351s][info][gc,stats     ]     Weak Roots                       81 us
[0.351s][info][gc,stats     ]   Update Region States                3 us
[0.351s][info][gc,stats     ]   Retire TLABs                       34 us
[0.351s][info][gc,stats     ]   Choose Collection Set              59 us
[0.351s][info][gc,stats     ]   Rebuild Free Set                    5 us
[0.351s][info][gc,stats     ]   Initial Evacuation                937 us, parallelism: 2.62x
[0.351s][info][gc,stats     ]     E: <total>                     2454 us
[0.351s][info][gc,stats     ]     E: Thread Roots                 756 us, workers (us):   1,   0,   1,   1,   1,   1,   1,   1,   1,  29,   1, 696,  21, ---, ---, ---, ---, ---, ---, ---, ---, ---, ---, ---, 
[0.351s][info][gc,stats     ]     E: Code Cache Roots               7 us, workers (us):   1,   0,   0,   0,   1,   0,   0,   0,   1,   1,   1,   1,   0, ---, ---, ---, ---, ---, ---, ---, ---, ---, ---, ---, 
[0.351s][info][gc,stats     ]     E: Universe Roots                83 us, workers (us):  83, ---, ---, ---, ---, ---, ---, ---, ---, ---, ---, ---, ---, ---, ---, ---, ---, ---, ---, ---, ---, ---, ---, ---, 
[0.351s][info][gc,stats     ]     E: JNI Handles Roots              2 us, workers (us): ---,   2, ---, ---, ---, ---, ---, ---, ---, ---, ---, ---, ---, ---, ---, ---, ---, ---, ---, ---, ---, ---, ---, ---, 
[0.351s][info][gc,stats     ]     E: Synchronizer Roots             0 us, workers (us): ---,   0, ---, ---, ---, ---, ---, ---, ---, ---, ---, ---, ---, ---, ---, ---, ---, ---, ---, ---, ---, ---, ---, ---, 
[0.351s][info][gc,stats     ]     E: Management Roots               2 us, workers (us): ---,   2, ---, ---, ---, ---, ---, ---, ---, ---, ---, ---, ---, ---, ---, ---, ---, ---, ---, ---, ---, ---, ---, ---, 
[0.351s][info][gc,stats     ]     E: System Dict Roots            158 us, workers (us): ---, ---, 158, ---, ---, ---, ---, ---, ---, ---, ---, ---, ---, ---, ---, ---, ---, ---, ---, ---, ---, ---, ---, ---, 
[0.351s][info][gc,stats     ]     E: CLDG Roots                  1444 us, workers (us): 178, ---, 667, ---, ---, 108, ---, ---, ---, ---, 213, 137, 141, ---, ---, ---, ---, ---, ---, ---, ---, ---, ---, ---, 
[0.351s][info][gc,stats     ]     E: JVMTI Roots                    1 us, workers (us): ---,   1, ---, ---, ---, ---, ---, ---, ---, ---, ---, ---, ---, ---, ---, ---, ---, ---, ---, ---, ---, ---, ---, ---, 
[0.351s][info][gc,stats     ] Concurrent Cleanup                    6 us
[0.351s][info][gc,stats     ] Concurrent Evacuation              2132 us
[0.351s][info][gc,stats     ] Pause Init  Update Refs (G)         275 us
[0.351s][info][gc,stats     ] Pause Init  Update Refs (N)          58 us
[0.351s][info][gc,stats     ]   Retire GCLABs                      41 us
[0.351s][info][gc,stats     ] Concurrent Update Refs             3309 us
[0.351s][info][gc,stats     ] Pause Final Update Refs (G)        1021 us
[0.351s][info][gc,stats     ] Pause Final Update Refs (N)         616 us
[0.351s][info][gc,stats     ]   Update Roots                      583 us, parallelism: 1.09x
[0.351s][info][gc,stats     ]     UR: <total>                     635 us
[0.351s][info][gc,stats     ]     UR: Thread Roots                635 us, workers (us): 546,  24,  22,  36,   3,   1,   0,   0,   0,   0,   0,   0,   2, ---, ---, ---, ---, ---, ---, ---, ---, ---, ---, ---, 
[0.351s][info][gc,stats     ]   Update Region States                3 us
[0.351s][info][gc,stats     ]   Trash Collection Set                4 us
[0.351s][info][gc,stats     ]   Rebuild Free Set                    6 us
[0.351s][info][gc,stats     ] Concurrent Cleanup                  543 us
[0.351s][info][gc,stats     ] Pacing                            11188 us
[0.351s][info][gc,stats     ] 
[0.351s][info][gc,stats     ] Allocation pacing accrued:
[0.351s][info][gc,stats     ]      11 of   311 ms (  3.6%): Finalizer
[0.351s][info][gc,stats     ]      11 of   311 ms (  3.6%): <total>
[0.351s][info][gc,stats     ]       2 of   311 ms (  0.6%): <average total>
[0.351s][info][gc,stats     ]      11 of   311 ms (  3.6%): <average non-zero>
[0.351s][info][gc,stats     ] 
[0.351s][info][gc,metaspace ] Metaspace: 5271K->5312K(1056768K)
[0.351s][info][gc,ergo      ] Pacer for Idle. Initial: 327K, Alloc Tax Rate: 1.0x
[0.449s][info][gc           ] Trigger: Learning 2 of 5. Free (11292K) is below initial threshold (11468K)
[0.449s][info][gc,ergo      ] Free: 11292K, Max: 256K regular, 9728K humongous, Frag: 12% external, 1% internal; Reserve: 1024K, Max: 256K
[0.449s][info][gc,start     ] GC(1) Concurrent reset
[0.449s][info][gc,task      ] GC(1) Using 4 of 24 workers for concurrent reset
[0.449s][info][gc,ergo      ] GC(1) Pacer for Reset. Non-Taxable: 16384K
[0.449s][info][gc           ] GC(1) Concurrent reset 0.138ms
[0.449s][info][gc,start     ] GC(1) Pause Init Mark
[0.449s][info][gc,task      ] GC(1) Using 7 of 24 workers for init marking
[0.450s][info][gc,ergo      ] GC(1) Pacer for Mark. Expected Live: 775K, Free: 11292K, Non-Taxable: 1129K, Alloc Tax Rate: 0.1x
[0.450s][info][gc           ] GC(1) Pause Init Mark 1.215ms
[0.450s][info][gc,start     ] GC(1) Concurrent marking
[0.450s][info][gc,task      ] GC(1) Using 4 of 24 workers for concurrent marking
[0.458s][info][gc           ] GC(1) Concurrent marking 7.427ms
[0.458s][info][gc,start     ] GC(1) Pause Final Mark
[0.458s][info][gc,task      ] GC(1) Using 7 of 24 workers for final marking
[0.458s][info][gc,ergo      ] GC(1) Adaptive CSet Selection. Target Free: 2321K, Actual Free: 11776K, Max CSet: 682K, Min Garbage: 0B
[0.458s][info][gc,ergo      ] GC(1) Collectable Garbage: 2737K (96%), Immediate: 0B (0%), CSet: 2737K (96%)
[0.459s][info][gc,ergo      ] GC(1) Pacer for Evacuation. Used CSet: 3299K, Free: 10777K, Non-Taxable: 1077K, Alloc Tax Rate: 1.1x
[0.459s][info][gc           ] GC(1) Pause Final Mark 1.380ms
[0.460s][info][gc,start     ] GC(1) Concurrent cleanup
[0.460s][info][gc           ] GC(1) Concurrent cleanup 4M->4M(6M) 0.054ms
[0.460s][info][gc,ergo      ] GC(1) Free: 10752K, Max: 256K regular, 9728K humongous, Frag: 10% external, 0% internal; Reserve: 989K, Max: 256K
[0.460s][info][gc,start     ] GC(1) Concurrent evacuation
[0.460s][info][gc,task      ] GC(1) Using 4 of 24 workers for concurrent evacuation
[0.463s][info][gc           ] GC(1) Concurrent evacuation 3.441ms
[0.463s][info][gc,start     ] GC(1) Pause Init Update Refs
[0.463s][info][gc,ergo      ] GC(1) Pacer for Update Refs. Used: 5488K, Free: 10265K, Non-Taxable: 1026K, Alloc Tax Rate: 1.1x
[0.463s][info][gc           ] GC(1) Pause Init Update Refs 0.120ms
[0.464s][info][gc,start     ] GC(1) Concurrent update references
[0.464s][info][gc,task      ] GC(1) Using 4 of 24 workers for concurrent reference update
[0.469s][info][gc           ] GC(1) Concurrent update references 5.838ms
[0.470s][info][gc,start     ] GC(1) Pause Final Update Refs
[0.470s][info][gc,task      ] GC(1) Using 7 of 24 workers for final reference update
[0.471s][info][gc           ] GC(1) Pause Final Update Refs 0.797ms
[0.471s][info][gc,start     ] GC(1) Concurrent cleanup
[0.471s][info][gc           ] GC(1) Concurrent cleanup 5M->2M(6M) 0.834ms
[0.471s][info][gc           ] GC(1) Dat log --- cycle is complete
Current gc epoch: 1
heap: ______
capacity: 7077888
used: 2478976
committed: 7077888
bytes_allocated_since_gc_start: 735552
hot_size: 26102
cold_size: 45854
num_regions: 64
hot_region_count: 2
cold_region_count: 5
histogram: Placeholder

[0.471s][info][gc           ] GC(1) Obj count ac histogram
[0.471s][info][gc           ] GC(1) 	0: 6442
[0.471s][info][gc           ] GC(1) 	1: 0
[0.471s][info][gc           ] GC(1) 	2: 0
[0.471s][info][gc           ] GC(1) 	3: 0
[0.471s][info][gc           ] GC(1) 	4: 0
[0.471s][info][gc           ] GC(1) 	5: 0
[0.471s][info][gc           ] GC(1) 	6: 0
[0.471s][info][gc           ] GC(1) 	7: 0
[0.472s][info][gc           ] GC(1) 	8: 0
[0.472s][info][gc           ] GC(1) 	9: 0
[0.472s][info][gc           ] GC(1) 	10: 0
[0.472s][info][gc           ] GC(1) 	11: 0
[0.472s][info][gc           ] GC(1) 	12: 0
[0.472s][info][gc           ] GC(1) 	13: 1224
[0.472s][info][gc           ] GC(1) 	14: 1718
[0.472s][info][gc           ] GC(1) 	15: 0
[0.472s][info][gc           ] GC(1) 	16: 0
[0.472s][info][gc           ] GC(1) 	17: 0
[0.472s][info][gc           ] GC(1) 	18: 0
[0.472s][info][gc           ] GC(1) 	19: 0
[0.472s][info][gc           ] GC(1) Obj size ac histogram
[0.472s][info][gc           ] GC(1) 	0: 40072
[0.472s][info][gc           ] GC(1) 	1: 0
[0.472s][info][gc           ] GC(1) 	2: 0
[0.472s][info][gc           ] GC(1) 	3: 0
[0.472s][info][gc           ] GC(1) 	4: 0
[0.472s][info][gc           ] GC(1) 	5: 0
[0.472s][info][gc           ] GC(1) 	6: 0
[0.472s][info][gc           ] GC(1) 	7: 0
[0.472s][info][gc           ] GC(1) 	8: 0
[0.472s][info][gc           ] GC(1) 	9: 0
[0.472s][info][gc           ] GC(1) 	10: 0
[0.472s][info][gc           ] GC(1) 	11: 0
[0.472s][info][gc           ] GC(1) 	12: 0
[0.472s][info][gc           ] GC(1) 	13: 9325
[0.472s][info][gc           ] GC(1) 	14: 15949
[0.472s][info][gc           ] GC(1) 	15: 0
[0.472s][info][gc           ] GC(1) 	16: 0
[0.472s][info][gc           ] GC(1) 	17: 0
[0.472s][info][gc           ] GC(1) 	18: 0
[0.472s][info][gc           ] GC(1) 	19: 0
[0.472s][info][gc,ergo      ] Free: 12939K, Max: 256K regular, 10240K humongous, Frag: 19% external, 4% internal; Reserve: 1024K, Max: 256K
[0.472s][info][gc,stats     ] 
[0.472s][info][gc,stats     ] All times are wall-clock times, except per-root-class counters, that are sum over
[0.472s][info][gc,stats     ] all workers. Dividing the <total> over the root stage time estimates parallelism.
[0.472s][info][gc,stats     ] 
[0.472s][info][gc,stats     ] Concurrent Reset                    122 us
[0.472s][info][gc,stats     ] Pause Init Mark (G)                1530 us
[0.472s][info][gc,stats     ] Pause Init Mark (N)                1171 us
[0.472s][info][gc,stats     ]   Accumulate Stats                    4 us
[0.472s][info][gc,stats     ]   Make Parsable                      39 us
[0.472s][info][gc,stats     ]   Update Region States                2 us
[0.472s][info][gc,stats     ]   Scan Roots                       1053 us, parallelism: 1.62x
[0.472s][info][gc,stats     ]     S: <total>                     1707 us
[0.472s][info][gc,stats     ]     S: Thread Roots                1057 us, workers (us): 953,   1,   2,   3,  36,  31,  30, ---, ---, ---, ---, ---, ---, ---, ---, ---, ---, ---, ---, ---, ---, ---, ---, ---, 
[0.472s][info][gc,stats     ]     S: Universe Roots                11 us, workers (us):  11, ---, ---, ---, ---, ---, ---, ---, ---, ---, ---, ---, ---, ---, ---, ---, ---, ---, ---, ---, ---, ---, ---, ---, 
[0.472s][info][gc,stats     ]     S: JNI Handles Roots              8 us, workers (us): ---,   8, ---, ---, ---, ---, ---, ---, ---, ---, ---, ---, ---, ---, ---, ---, ---, ---, ---, ---, ---, ---, ---, ---, 
[0.472s][info][gc,stats     ]     S: Synchronizer Roots             1 us, workers (us): ---,   1, ---, ---, ---, ---, ---, ---, ---, ---, ---, ---, ---, ---, ---, ---, ---, ---, ---, ---, ---, ---, ---, ---, 
[0.472s][info][gc,stats     ]     S: Management Roots               1 us, workers (us):   1, ---, ---, ---, ---, ---, ---, ---, ---, ---, ---, ---, ---, ---, ---, ---, ---, ---, ---, ---, ---, ---, ---, ---, 
[0.472s][info][gc,stats     ]     S: System Dict Roots             28 us, workers (us):  28, ---, ---, ---, ---, ---, ---, ---, ---, ---, ---, ---, ---, ---, ---, ---, ---, ---, ---, ---, ---, ---, ---, ---, 
[0.472s][info][gc,stats     ]     S: CLDG Roots                   599 us, workers (us): ---, 493,  62,  44, ---, ---, ---, ---, ---, ---, ---, ---, ---, ---, ---, ---, ---, ---, ---, ---, ---, ---, ---, ---, 
[0.472s][info][gc,stats     ]     S: JVMTI Roots                    1 us, workers (us): ---,   1, ---, ---, ---, ---, ---, ---, ---, ---, ---, ---, ---, ---, ---, ---, ---, ---, ---, ---, ---, ---, ---, ---, 
[0.472s][info][gc,stats     ]   Resize TLABs                        4 us
[0.472s][info][gc,stats     ] Concurrent Marking                 7400 us
[0.472s][info][gc,stats     ] Pause Final Mark (G)               1624 us
[0.472s][info][gc,stats     ] Pause Final Mark (N)               1339 us
[0.472s][info][gc,stats     ]   Finish Queues                     219 us
[0.472s][info][gc,stats     ]   System Purge                       82 us
[0.472s][info][gc,stats     ]     Weak Roots                       81 us
[0.472s][info][gc,stats     ]   Update Region States                4 us
[0.472s][info][gc,stats     ]   Retire TLABs                       15 us
[0.472s][info][gc,stats     ]   Choose Collection Set              59 us
[0.472s][info][gc,stats     ]   Rebuild Free Set                    6 us
[0.472s][info][gc,stats     ]   Initial Evacuation                930 us, parallelism: 1.34x
[0.472s][info][gc,stats     ]     E: <total>                     1242 us
[0.472s][info][gc,stats     ]     E: Thread Roots                 806 us, workers (us):   1,   1,   4, 752,  20,   1,  27, ---, ---, ---, ---, ---, ---, ---, ---, ---, ---, ---, ---, ---, ---, ---, ---, ---, 
[0.472s][info][gc,stats     ]     E: Code Cache Roots               3 us, workers (us):   0,   0,   0,   1,   0,   0,   1, ---, ---, ---, ---, ---, ---, ---, ---, ---, ---, ---, ---, ---, ---, ---, ---, ---, 
[0.472s][info][gc,stats     ]     E: Universe Roots                 7 us, workers (us):   7, ---, ---, ---, ---, ---, ---, ---, ---, ---, ---, ---, ---, ---, ---, ---, ---, ---, ---, ---, ---, ---, ---, ---, 
[0.472s][info][gc,stats     ]     E: JNI Handles Roots              2 us, workers (us): ---,   2, ---, ---, ---, ---, ---, ---, ---, ---, ---, ---, ---, ---, ---, ---, ---, ---, ---, ---, ---, ---, ---, ---, 
[0.472s][info][gc,stats     ]     E: Synchronizer Roots             1 us, workers (us): ---,   1, ---, ---, ---, ---, ---, ---, ---, ---, ---, ---, ---, ---, ---, ---, ---, ---, ---, ---, ---, ---, ---, ---, 
[0.472s][info][gc,stats     ]     E: Management Roots               2 us, workers (us): ---,   2, ---, ---, ---, ---, ---, ---, ---, ---, ---, ---, ---, ---, ---, ---, ---, ---, ---, ---, ---, ---, ---, ---, 
[0.472s][info][gc,stats     ]     E: System Dict Roots             85 us, workers (us):  85, ---, ---, ---, ---, ---, ---, ---, ---, ---, ---, ---, ---, ---, ---, ---, ---, ---, ---, ---, ---, ---, ---, ---, 
[0.472s][info][gc,stats     ]     E: CLDG Roots                   336 us, workers (us):  48, ---, ---, ---,  97, 192, ---, ---, ---, ---, ---, ---, ---, ---, ---, ---, ---, ---, ---, ---, ---, ---, ---, ---, 
[0.472s][info][gc,stats     ]     E: JVMTI Roots                    1 us, workers (us): ---, ---,   1, ---, ---, ---, ---, ---, ---, ---, ---, ---, ---, ---, ---, ---, ---, ---, ---, ---, ---, ---, ---, ---, 
[0.472s][info][gc,stats     ] Concurrent Cleanup                    6 us
[0.472s][info][gc,stats     ] Concurrent Evacuation              3421 us
[0.472s][info][gc,stats     ] Pause Init  Update Refs (G)         390 us
[0.472s][info][gc,stats     ] Pause Init  Update Refs (N)          78 us
[0.473s][info][gc,stats     ]   Retire GCLABs                      56 us
[0.473s][info][gc,stats     ] Concurrent Update Refs             5808 us
[0.473s][info][gc,stats     ] Pause Final Update Refs (G)        1162 us
[0.473s][info][gc,stats     ] Pause Final Update Refs (N)         753 us
[0.473s][info][gc,stats     ]   Update Roots                      718 us, parallelism: 1.07x
[0.473s][info][gc,stats     ]     UR: <total>                     767 us
[0.473s][info][gc,stats     ]     UR: Thread Roots                767 us, workers (us): 679,  22,  23,   7,   7,  29,   0, ---, ---, ---, ---, ---, ---, ---, ---, ---, ---, ---, ---, ---, ---, ---, ---, ---, 
[0.473s][info][gc,stats     ]   Update Region States                3 us
[0.473s][info][gc,stats     ]   Trash Collection Set                4 us
[0.473s][info][gc,stats     ]   Rebuild Free Set                    7 us
[0.473s][info][gc,stats     ] Concurrent Cleanup                  805 us
[0.473s][info][gc,stats     ] 
[0.473s][info][gc,stats     ] Allocation pacing accrued:
[0.473s][info][gc,stats     ]       0 of   122 ms (  0.0%): <total>
[0.473s][info][gc,stats     ]       0 of   122 ms (  0.0%): <average total>
[0.473s][info][gc,stats     ] 
[0.473s][info][gc,metaspace ] Metaspace: 5481K->5481K(1056768K)
[0.473s][info][gc,ergo      ] Pacer for Idle. Initial: 327K, Alloc Tax Rate: 1.0x
[0.551s][info][gc           ] Trigger: Learning 3 of 5. Free (11403K) is below initial threshold (11468K)
[0.551s][info][gc,ergo      ] Free: 11403K, Max: 256K regular, 10240K humongous, Frag: 7% external, 5% internal; Reserve: 1024K, Max: 256K
[0.551s][info][gc,start     ] GC(2) Concurrent reset
[0.551s][info][gc,task      ] GC(2) Using 3 of 24 workers for concurrent reset
[0.551s][info][gc,ergo      ] GC(2) Pacer for Reset. Non-Taxable: 16384K
[0.551s][info][gc           ] GC(2) Concurrent reset 0.150ms
[0.552s][info][gc,start     ] GC(2) Pause Init Mark
[0.552s][info][gc,task      ] GC(2) Using 4 of 24 workers for init marking
[0.552s][info][gc,ergo      ] GC(2) Pacer for Mark. Expected Live: 1001K, Free: 11403K, Non-Taxable: 1140K, Alloc Tax Rate: 0.1x
[0.552s][info][gc           ] GC(2) Pause Init Mark 0.649ms
[0.552s][info][gc,start     ] GC(2) Concurrent marking
[0.552s][info][gc,task      ] GC(2) Using 3 of 24 workers for concurrent marking
[0.560s][info][gc           ] GC(2) Concurrent marking 8.128ms
[0.561s][info][gc,start     ] GC(2) Pause Final Mark
[0.561s][info][gc,task      ] GC(2) Using 4 of 24 workers for final marking
[0.561s][info][gc,ergo      ] GC(2) Adaptive CSet Selection. Target Free: 2321K, Actual Free: 11776K, Max CSet: 682K, Min Garbage: 0B
[0.561s][info][gc,ergo      ] GC(2) Collectable Garbage: 2648K (95%), Immediate: 0B (0%), CSet: 2648K (95%)
[0.562s][info][gc,ergo      ] GC(2) Pacer for Evacuation. Used CSet: 3178K, Free: 11008K, Non-Taxable: 1100K, Alloc Tax Rate: 1.1x
[0.562s][info][gc           ] GC(2) Pause Final Mark 1.566ms
[0.562s][info][gc,start     ] GC(2) Concurrent cleanup
[0.562s][info][gc           ] GC(2) Concurrent cleanup 4M->4M(6M) 0.054ms
[0.562s][info][gc,ergo      ] GC(2) Free: 10973K, Max: 256K regular, 10240K humongous, Frag: 5% external, 0% internal; Reserve: 987K, Max: 256K
[0.562s][info][gc,start     ] GC(2) Concurrent evacuation
[0.562s][info][gc,task      ] GC(2) Using 3 of 24 workers for concurrent evacuation
[0.566s][info][gc           ] GC(2) Concurrent evacuation 3.791ms
[0.567s][info][gc,start     ] GC(2) Pause Init Update Refs
[0.567s][info][gc,ergo      ] GC(2) Pacer for Update Refs. Used: 5225K, Free: 10753K, Non-Taxable: 1075K, Alloc Tax Rate: 1.1x
[0.567s][info][gc           ] GC(2) Pause Init Update Refs 0.106ms
[0.567s][info][gc,start     ] GC(2) Concurrent update references
[0.567s][info][gc,task      ] GC(2) Using 3 of 24 workers for concurrent reference update
[0.573s][info][gc           ] GC(2) Concurrent update references 5.828ms
[0.573s][info][gc,start     ] GC(2) Pause Final Update Refs
[0.573s][info][gc,task      ] GC(2) Using 4 of 24 workers for final reference update
[0.574s][info][gc           ] GC(2) Pause Final Update Refs 0.649ms
[0.574s][info][gc,start     ] GC(2) Concurrent cleanup
[0.574s][info][gc           ] GC(2) Concurrent cleanup 5M->1M(7M) 0.640ms
[0.574s][info][gc           ] GC(2) Dat log --- cycle is complete
Current gc epoch: 2
heap: ______
capacity: 7340032
used: 2095192
committed: 7340032
bytes_allocated_since_gc_start: 512664
hot_size: 26788
cold_size: 41060
num_regions: 64
hot_region_count: 18446744073709551615
cold_region_count: 7
histogram: Placeholder

[0.574s][info][gc           ] GC(2) Obj count ac histogram
[0.574s][info][gc           ] GC(2) 	0: 5708
[0.574s][info][gc           ] GC(2) 	1: 0
[0.574s][info][gc           ] GC(2) 	2: 0
[0.574s][info][gc           ] GC(2) 	3: 0
[0.574s][info][gc           ] GC(2) 	4: 0
[0.574s][info][gc           ] GC(2) 	5: 0
[0.574s][info][gc           ] GC(2) 	6: 0
[0.574s][info][gc           ] GC(2) 	7: 0
[0.574s][info][gc           ] GC(2) 	8: 0
[0.574s][info][gc           ] GC(2) 	9: 0
[0.574s][info][gc           ] GC(2) 	10: 0
[0.574s][info][gc           ] GC(2) 	11: 0
[0.574s][info][gc           ] GC(2) 	12: 0
[0.574s][info][gc           ] GC(2) 	13: 2268
[0.574s][info][gc           ] GC(2) 	14: 1395
[0.574s][info][gc           ] GC(2) 	15: 0
[0.574s][info][gc           ] GC(2) 	16: 0
[0.574s][info][gc           ] GC(2) 	17: 0
[0.574s][info][gc           ] GC(2) 	18: 0
[0.574s][info][gc           ] GC(2) 	19: 0
[0.574s][info][gc           ] GC(2) Obj size ac histogram
[0.574s][info][gc           ] GC(2) 	0: 36978
[0.574s][info][gc           ] GC(2) 	1: 0
[0.574s][info][gc           ] GC(2) 	2: 0
[0.574s][info][gc           ] GC(2) 	3: 0
[0.574s][info][gc           ] GC(2) 	4: 0
[0.575s][info][gc           ] GC(2) 	5: 0
[0.575s][info][gc           ] GC(2) 	6: 0
[0.575s][info][gc           ] GC(2) 	7: 0
[0.575s][info][gc           ] GC(2) 	8: 0
[0.575s][info][gc           ] GC(2) 	9: 0
[0.575s][info][gc           ] GC(2) 	10: 0
[0.575s][info][gc           ] GC(2) 	11: 0
[0.575s][info][gc           ] GC(2) 	12: 0
[0.575s][info][gc           ] GC(2) 	13: 16850
[0.575s][info][gc           ] GC(2) 	14: 9303
[0.575s][info][gc           ] GC(2) 	15: 0
[0.575s][info][gc           ] GC(2) 	16: 0
[0.575s][info][gc           ] GC(2) 	17: 0
[0.575s][info][gc           ] GC(2) 	18: 0
[0.575s][info][gc           ] GC(2) 	19: 0
[0.575s][info][gc,ergo      ] Free: 13313K, Max: 256K regular, 11264K humongous, Frag: 14% external, 1% internal; Reserve: 1024K, Max: 256K
[0.575s][info][gc,stats     ] 
[0.575s][info][gc,stats     ] All times are wall-clock times, except per-root-class counters, that are sum over
[0.575s][info][gc,stats     ] all workers. Dividing the <total> over the root stage time estimates parallelism.
[0.575s][info][gc,stats     ] 
[0.575s][info][gc,stats     ] Concurrent Reset                    134 us
[0.575s][info][gc,stats     ] Pause Init Mark (G)                 970 us
[0.575s][info][gc,stats     ] Pause Init Mark (N)                 605 us
[0.575s][info][gc,stats     ]   Accumulate Stats                    5 us
[0.575s][info][gc,stats     ]   Make Parsable                      32 us
[0.575s][info][gc,stats     ]   Update Region States                2 us
[0.575s][info][gc,stats     ]   Scan Roots                        494 us, parallelism: 1.61x
[0.575s][info][gc,stats     ]     S: <total>                      794 us
[0.575s][info][gc,stats     ]     S: Thread Roots                 435 us, workers (us):  35,  24,   1, 375, ---, ---, ---, ---, ---, ---, ---, ---, ---, ---, ---, ---, ---, ---, ---, ---, ---, ---, ---, ---, 
[0.575s][info][gc,stats     ]     S: Universe Roots                19 us, workers (us):  19, ---, ---, ---, ---, ---, ---, ---, ---, ---, ---, ---, ---, ---, ---, ---, ---, ---, ---, ---, ---, ---, ---, ---, 
[0.575s][info][gc,stats     ]     S: JNI Handles Roots              4 us, workers (us): ---, ---,   4, ---, ---, ---, ---, ---, ---, ---, ---, ---, ---, ---, ---, ---, ---, ---, ---, ---, ---, ---, ---, ---, 
[0.575s][info][gc,stats     ]     S: Synchronizer Roots             0 us, workers (us):   0, ---, ---, ---, ---, ---, ---, ---, ---, ---, ---, ---, ---, ---, ---, ---, ---, ---, ---, ---, ---, ---, ---, ---, 
[0.575s][info][gc,stats     ]     S: Management Roots               2 us, workers (us):   2, ---, ---, ---, ---, ---, ---, ---, ---, ---, ---, ---, ---, ---, ---, ---, ---, ---, ---, ---, ---, ---, ---, ---, 
[0.575s][info][gc,stats     ]     S: System Dict Roots             31 us, workers (us):  31, ---, ---, ---, ---, ---, ---, ---, ---, ---, ---, ---, ---, ---, ---, ---, ---, ---, ---, ---, ---, ---, ---, ---, 
[0.575s][info][gc,stats     ]     S: CLDG Roots                   303 us, workers (us): ---,  44, 259, ---, ---, ---, ---, ---, ---, ---, ---, ---, ---, ---, ---, ---, ---, ---, ---, ---, ---, ---, ---, ---, 
[0.575s][info][gc,stats     ]     S: JVMTI Roots                    0 us, workers (us): ---,   0, ---, ---, ---, ---, ---, ---, ---, ---, ---, ---, ---, ---, ---, ---, ---, ---, ---, ---, ---, ---, ---, ---, 
[0.575s][info][gc,stats     ]   Resize TLABs                        4 us
[0.575s][info][gc,stats     ] Concurrent Marking                 8103 us
[0.575s][info][gc,stats     ] Pause Final Mark (G)               1851 us
[0.575s][info][gc,stats     ] Pause Final Mark (N)               1533 us
[0.575s][info][gc,stats     ]   Finish Queues                     136 us
[0.575s][info][gc,stats     ]   System Purge                      119 us
[0.575s][info][gc,stats     ]     Weak Roots                      118 us
[0.575s][info][gc,stats     ]   Update Region States                3 us
[0.575s][info][gc,stats     ]   Retire TLABs                       31 us
[0.575s][info][gc,stats     ]   Choose Collection Set              53 us
[0.575s][info][gc,stats     ]   Rebuild Free Set                    6 us
[0.575s][info][gc,stats     ]   Initial Evacuation               1166 us, parallelism: 1.20x
[0.575s][info][gc,stats     ]     E: <total>                     1395 us
[0.575s][info][gc,stats     ]     E: Thread Roots                1000 us, workers (us):  29,  27, 944,   1, ---, ---, ---, ---, ---, ---, ---, ---, ---, ---, ---, ---, ---, ---, ---, ---, ---, ---, ---, ---, 
[0.575s][info][gc,stats     ]     E: Code Cache Roots               2 us, workers (us):   0,   1,   1,   0, ---, ---, ---, ---, ---, ---, ---, ---, ---, ---, ---, ---, ---, ---, ---, ---, ---, ---, ---, ---, 
[0.575s][info][gc,stats     ]     E: Universe Roots                 7 us, workers (us):   7, ---, ---, ---, ---, ---, ---, ---, ---, ---, ---, ---, ---, ---, ---, ---, ---, ---, ---, ---, ---, ---, ---, ---, 
[0.575s][info][gc,stats     ]     E: JNI Handles Roots              1 us, workers (us):   1, ---, ---, ---, ---, ---, ---, ---, ---, ---, ---, ---, ---, ---, ---, ---, ---, ---, ---, ---, ---, ---, ---, ---, 
[0.575s][info][gc,stats     ]     E: Synchronizer Roots             1 us, workers (us): ---,   1, ---, ---, ---, ---, ---, ---, ---, ---, ---, ---, ---, ---, ---, ---, ---, ---, ---, ---, ---, ---, ---, ---, 
[0.575s][info][gc,stats     ]     E: Management Roots               2 us, workers (us): ---,   2, ---, ---, ---, ---, ---, ---, ---, ---, ---, ---, ---, ---, ---, ---, ---, ---, ---, ---, ---, ---, ---, ---, 
[0.575s][info][gc,stats     ]     E: System Dict Roots             20 us, workers (us): ---, ---,  20, ---, ---, ---, ---, ---, ---, ---, ---, ---, ---, ---, ---, ---, ---, ---, ---, ---, ---, ---, ---, ---, 
[0.575s][info][gc,stats     ]     E: CLDG Roots                   361 us, workers (us):  82, ---, ---, 279, ---, ---, ---, ---, ---, ---, ---, ---, ---, ---, ---, ---, ---, ---, ---, ---, ---, ---, ---, ---, 
[0.575s][info][gc,stats     ]     E: JVMTI Roots                    1 us, workers (us): ---,   1, ---, ---, ---, ---, ---, ---, ---, ---, ---, ---, ---, ---, ---, ---, ---, ---, ---, ---, ---, ---, ---, ---, 
[0.575s][info][gc,stats     ] Concurrent Cleanup                    6 us
[0.575s][info][gc,stats     ] Concurrent Evacuation              3772 us
[0.575s][info][gc,stats     ] Pause Init  Update Refs (G)         432 us
[0.575s][info][gc,stats     ] Pause Init  Update Refs (N)          63 us
[0.575s][info][gc,stats     ]   Retire GCLABs                      41 us
[0.575s][info][gc,stats     ] Concurrent Update Refs             5782 us
[0.575s][info][gc,stats     ] Pause Final Update Refs (G)        1004 us
[0.575s][info][gc,stats     ] Pause Final Update Refs (N)         604 us
[0.575s][info][gc,stats     ]   Update Roots                      568 us, parallelism: 0.99x
[0.575s][info][gc,stats     ]     UR: <total>                     561 us
[0.575s][info][gc,stats     ]     UR: Thread Roots                561 us, workers (us): 527,  31,   2,   2, ---, ---, ---, ---, ---, ---, ---, ---, ---, ---, ---, ---, ---, ---, ---, ---, ---, ---, ---, ---, 
[0.575s][info][gc,stats     ]   Update Region States                4 us
[0.575s][info][gc,stats     ]   Trash Collection Set                5 us
[0.575s][info][gc,stats     ]   Rebuild Free Set                    6 us
[0.575s][info][gc,stats     ] Concurrent Cleanup                  611 us
[0.575s][info][gc,stats     ] 
[0.575s][info][gc,stats     ] Allocation pacing accrued:
[0.576s][info][gc,stats     ]       0 of   103 ms (  0.0%): <total>
[0.576s][info][gc,stats     ]       0 of   103 ms (  0.0%): <average total>
[0.576s][info][gc,stats     ] 
[0.576s][info][gc,metaspace ] Metaspace: 5609K->5952K(1056768K)
[0.576s][info][gc,ergo      ] Pacer for Idle. Initial: 327K, Alloc Tax Rate: 1.0x
[0.679s][info][gc           ] Trigger: Learning 4 of 5. Free (11251K) is below initial threshold (11468K)
[0.679s][info][gc,ergo      ] Free: 11251K, Max: 256K regular, 11008K humongous, Frag: 0% external, 2% internal; Reserve: 1024K, Max: 256K
[0.679s][info][gc,start     ] GC(3) Concurrent reset
[0.679s][info][gc,task      ] GC(3) Using 2 of 24 workers for concurrent reset
[0.680s][info][gc,ergo      ] GC(3) Pacer for Reset. Non-Taxable: 16384K
[0.680s][info][gc           ] GC(3) Concurrent reset 0.167ms
[0.680s][info][gc,start     ] GC(3) Pause Init Mark
[0.680s][info][gc,task      ] GC(3) Using 3 of 24 workers for init marking
[0.681s][info][gc,ergo      ] GC(3) Pacer for Mark. Expected Live: 1060K, Free: 11251K, Non-Taxable: 1125K, Alloc Tax Rate: 0.1x
[0.681s][info][gc           ] GC(3) Pause Init Mark 1.088ms
[0.681s][info][gc,start     ] GC(3) Concurrent marking
[0.681s][info][gc,task      ] GC(3) Using 2 of 24 workers for concurrent marking
[0.692s][info][gc           ] GC(3) Concurrent marking 10.270ms
[0.692s][info][gc,start     ] GC(3) Pause Final Mark
[0.692s][info][gc,task      ] GC(3) Using 3 of 24 workers for final marking
[0.692s][info][gc,ergo      ] GC(3) Adaptive CSet Selection. Target Free: 2321K, Actual Free: 11776K, Max CSet: 682K, Min Garbage: 0B
[0.692s][info][gc,ergo      ] GC(3) Collectable Garbage: 2415K (93%), Immediate: 0B (0%), CSet: 2415K (93%)
[0.693s][info][gc,ergo      ] GC(3) Pacer for Evacuation. Used CSet: 3067K, Free: 11007K, Non-Taxable: 1100K, Alloc Tax Rate: 1.1x
[0.693s][info][gc           ] GC(3) Pause Final Mark 1.701ms
[0.694s][info][gc,start     ] GC(3) Concurrent cleanup
[0.694s][info][gc           ] GC(3) Concurrent cleanup 4M->4M(7M) 0.053ms
[0.694s][info][gc,ergo      ] GC(3) Free: 10973K, Max: 256K regular, 10752K humongous, Frag: 0% external, 0% internal; Reserve: 910K, Max: 256K
[0.694s][info][gc,start     ] GC(3) Concurrent evacuation
[0.694s][info][gc,task      ] GC(3) Using 2 of 24 workers for concurrent evacuation
[0.696s][info][gc           ] GC(3) Concurrent evacuation 2.437ms
[0.697s][info][gc,start     ] GC(3) Pause Init Update Refs
[0.697s][info][gc,ergo      ] GC(3) Pacer for Update Refs. Used: 5692K, Free: 10495K, Non-Taxable: 1049K, Alloc Tax Rate: 1.1x
[0.697s][info][gc           ] GC(3) Pause Init Update Refs 0.123ms
[0.697s][info][gc,start     ] GC(3) Concurrent update references
[0.697s][info][gc,task      ] GC(3) Using 2 of 24 workers for concurrent reference update
[0.708s][info][gc           ] GC(3) Concurrent update references 10.872ms
[0.708s][info][gc,start     ] GC(3) Pause Final Update Refs
[0.708s][info][gc,task      ] GC(3) Using 3 of 24 workers for final reference update
[0.709s][info][gc           ] GC(3) Pause Final Update Refs 1.587ms
[0.710s][info][gc,start     ] GC(3) Concurrent cleanup
[0.710s][info][gc           ] GC(3) Concurrent cleanup 5M->2M(7M) 0.499ms
[0.710s][info][gc           ] GC(3) Dat log --- cycle is complete
Current gc epoch: 3
heap: ______
capacity: 7602176
used: 2688504
committed: 7602176
bytes_allocated_since_gc_start: 512040
hot_size: 29187
cold_size: 54265
num_regions: 64
hot_region_count: 18446744073709551615
cold_region_count: 10
histogram: Placeholder

[0.710s][info][gc           ] GC(3) Obj count ac histogram
[0.710s][info][gc           ] GC(3) 	0: 7128
[0.710s][info][gc           ] GC(3) 	1: 0
[0.710s][info][gc           ] GC(3) 	2: 0
[0.710s][info][gc           ] GC(3) 	3: 0
[0.710s][info][gc           ] GC(3) 	4: 0
[0.710s][info][gc           ] GC(3) 	5: 0
[0.710s][info][gc           ] GC(3) 	6: 0
[0.710s][info][gc           ] GC(3) 	7: 0
[0.710s][info][gc           ] GC(3) 	8: 0
[0.710s][info][gc           ] GC(3) 	9: 0
[0.710s][info][gc           ] GC(3) 	10: 0
[0.710s][info][gc           ] GC(3) 	11: 0
[0.710s][info][gc           ] GC(3) 	12: 0
[0.710s][info][gc           ] GC(3) 	13: 518
[0.710s][info][gc           ] GC(3) 	14: 2788
[0.710s][info][gc           ] GC(3) 	15: 0
[0.710s][info][gc           ] GC(3) 	16: 0
[0.710s][info][gc           ] GC(3) 	17: 0
[0.710s][info][gc           ] GC(3) 	18: 0
[0.710s][info][gc           ] GC(3) 	19: 0
[0.710s][info][gc           ] GC(3) Obj size ac histogram
[0.710s][info][gc           ] GC(3) 	0: 49802
[0.710s][info][gc           ] GC(3) 	1: 0
[0.710s][info][gc           ] GC(3) 	2: 0
[0.710s][info][gc           ] GC(3) 	3: 0
[0.710s][info][gc           ] GC(3) 	4: 0
[0.710s][info][gc           ] GC(3) 	5: 0
[0.710s][info][gc           ] GC(3) 	6: 0
[0.710s][info][gc           ] GC(3) 	7: 0
[0.710s][info][gc           ] GC(3) 	8: 0
[0.710s][info][gc           ] GC(3) 	9: 0
[0.710s][info][gc           ] GC(3) 	10: 0
[0.710s][info][gc           ] GC(3) 	11: 0
[0.710s][info][gc           ] GC(3) 	12: 0
[0.710s][info][gc           ] GC(3) 	13: 4527
[0.710s][info][gc           ] GC(3) 	14: 23587
[0.710s][info][gc           ] GC(3) 	15: 0
[0.710s][info][gc           ] GC(3) 	16: 0
[0.710s][info][gc           ] GC(3) 	17: 0
[0.710s][info][gc           ] GC(3) 	18: 0
[0.710s][info][gc           ] GC(3) 	19: 0
[0.711s][info][gc,ergo      ] Free: 12734K, Max: 256K regular, 9728K humongous, Frag: 21% external, 2% internal; Reserve: 1024K, Max: 256K
[0.711s][info][gc,stats     ] 
[0.711s][info][gc,stats     ] All times are wall-clock times, except per-root-class counters, that are sum over
[0.711s][info][gc,stats     ] all workers. Dividing the <total> over the root stage time estimates parallelism.
[0.711s][info][gc,stats     ] 
[0.711s][info][gc,stats     ] Concurrent Reset                    150 us
[0.711s][info][gc,stats     ] Pause Init Mark (G)                1639 us
[0.711s][info][gc,stats     ] Pause Init Mark (N)                1042 us
[0.711s][info][gc,stats     ]   Accumulate Stats                    5 us
[0.711s][info][gc,stats     ]   Make Parsable                      39 us
[0.711s][info][gc,stats     ]   Update Region States                2 us
[0.711s][info][gc,stats     ]   Scan Roots                        919 us, parallelism: 1.75x
[0.711s][info][gc,stats     ]     S: <total>                     1609 us
[0.711s][info][gc,stats     ]     S: Thread Roots                 872 us, workers (us):   1, 809,  62, ---, ---, ---, ---, ---, ---, ---, ---, ---, ---, ---, ---, ---, ---, ---, ---, ---, ---, ---, ---, ---, 
[0.711s][info][gc,stats     ]     S: Universe Roots                20 us, workers (us):  20, ---, ---, ---, ---, ---, ---, ---, ---, ---, ---, ---, ---, ---, ---, ---, ---, ---, ---, ---, ---, ---, ---, ---, 
[0.711s][info][gc,stats     ]     S: JNI Handles Roots              3 us, workers (us):   3, ---, ---, ---, ---, ---, ---, ---, ---, ---, ---, ---, ---, ---, ---, ---, ---, ---, ---, ---, ---, ---, ---, ---, 
[0.711s][info][gc,stats     ]     S: Synchronizer Roots             0 us, workers (us):   0, ---, ---, ---, ---, ---, ---, ---, ---, ---, ---, ---, ---, ---, ---, ---, ---, ---, ---, ---, ---, ---, ---, ---, 
[0.711s][info][gc,stats     ]     S: Management Roots               2 us, workers (us):   2, ---, ---, ---, ---, ---, ---, ---, ---, ---, ---, ---, ---, ---, ---, ---, ---, ---, ---, ---, ---, ---, ---, ---, 
[0.711s][info][gc,stats     ]     S: System Dict Roots             16 us, workers (us):  16, ---, ---, ---, ---, ---, ---, ---, ---, ---, ---, ---, ---, ---, ---, ---, ---, ---, ---, ---, ---, ---, ---, ---, 
[0.711s][info][gc,stats     ]     S: CLDG Roots                   694 us, workers (us): 694, ---, ---, ---, ---, ---, ---, ---, ---, ---, ---, ---, ---, ---, ---, ---, ---, ---, ---, ---, ---, ---, ---, ---, 
[0.711s][info][gc,stats     ]     S: JVMTI Roots                    1 us, workers (us):   1, ---, ---, ---, ---, ---, ---, ---, ---, ---, ---, ---, ---, ---, ---, ---, ---, ---, ---, ---, ---, ---, ---, ---, 
[0.711s][info][gc,stats     ]   Resize TLABs                        4 us
[0.711s][info][gc,stats     ] Concurrent Marking                10218 us
[0.711s][info][gc,stats     ] Pause Final Mark (G)               1952 us
[0.711s][info][gc,stats     ] Pause Final Mark (N)               1657 us
[0.711s][info][gc,stats     ]   Finish Queues                     134 us
[0.711s][info][gc,stats     ]   System Purge                      120 us
[0.711s][info][gc,stats     ]     Weak Roots                      119 us
[0.711s][info][gc,stats     ]   Update Region States                5 us
[0.711s][info][gc,stats     ]   Retire TLABs                       18 us
[0.711s][info][gc,stats     ]   Choose Collection Set              56 us
[0.711s][info][gc,stats     ]   Rebuild Free Set                    6 us
[0.711s][info][gc,stats     ]   Initial Evacuation               1295 us, parallelism: 1.09x
[0.711s][info][gc,stats     ]     E: <total>                     1408 us
[0.711s][info][gc,stats     ]     E: Thread Roots                 766 us, workers (us):   1,  37, 728, ---, ---, ---, ---, ---, ---, ---, ---, ---, ---, ---, ---, ---, ---, ---, ---, ---, ---, ---, ---, ---, 
[0.711s][info][gc,stats     ]     E: Code Cache Roots               2 us, workers (us):   0,   1,   1, ---, ---, ---, ---, ---, ---, ---, ---, ---, ---, ---, ---, ---, ---, ---, ---, ---, ---, ---, ---, ---, 
[0.711s][info][gc,stats     ]     E: Universe Roots                 7 us, workers (us):   7, ---, ---, ---, ---, ---, ---, ---, ---, ---, ---, ---, ---, ---, ---, ---, ---, ---, ---, ---, ---, ---, ---, ---, 
[0.711s][info][gc,stats     ]     E: JNI Handles Roots              1 us, workers (us):   1, ---, ---, ---, ---, ---, ---, ---, ---, ---, ---, ---, ---, ---, ---, ---, ---, ---, ---, ---, ---, ---, ---, ---, 
[0.711s][info][gc,stats     ]     E: Synchronizer Roots             0 us, workers (us):   0, ---, ---, ---, ---, ---, ---, ---, ---, ---, ---, ---, ---, ---, ---, ---, ---, ---, ---, ---, ---, ---, ---, ---, 
[0.711s][info][gc,stats     ]     E: Management Roots               1 us, workers (us):   1, ---, ---, ---, ---, ---, ---, ---, ---, ---, ---, ---, ---, ---, ---, ---, ---, ---, ---, ---, ---, ---, ---, ---, 
[0.711s][info][gc,stats     ]     E: System Dict Roots             27 us, workers (us):  27, ---, ---, ---, ---, ---, ---, ---, ---, ---, ---, ---, ---, ---, ---, ---, ---, ---, ---, ---, ---, ---, ---, ---, 
[0.711s][info][gc,stats     ]     E: CLDG Roots                   603 us, workers (us): 603, ---, ---, ---, ---, ---, ---, ---, ---, ---, ---, ---, ---, ---, ---, ---, ---, ---, ---, ---, ---, ---, ---, ---, 
[0.711s][info][gc,stats     ]     E: JVMTI Roots                    0 us, workers (us):   0, ---, ---, ---, ---, ---, ---, ---, ---, ---, ---, ---, ---, ---, ---, ---, ---, ---, ---, ---, ---, ---, ---, ---, 
[0.711s][info][gc,stats     ] Concurrent Cleanup                    6 us
[0.711s][info][gc,stats     ] Concurrent Evacuation              2417 us
[0.711s][info][gc,stats     ] Pause Init  Update Refs (G)         618 us
[0.711s][info][gc,stats     ] Pause Init  Update Refs (N)          80 us
[0.711s][info][gc,stats     ]   Retire GCLABs                      58 us
[0.711s][info][gc,stats     ] Concurrent Update Refs            10826 us
[0.711s][info][gc,stats     ] Pause Final Update Refs (G)        1921 us
[0.711s][info][gc,stats     ] Pause Final Update Refs (N)        1541 us
[0.711s][info][gc,stats     ]   Update Roots                     1505 us, parallelism: 0.99x
[0.711s][info][gc,stats     ]     UR: <total>                    1492 us
[0.711s][info][gc,stats     ]     UR: Thread Roots               1492 us, workers (us): 1417,  54,  21, ---, ---, ---, ---, ---, ---, ---, ---, ---, ---, ---, ---, ---, ---, ---, ---, ---, ---, ---, ---, ---, 
[0.711s][info][gc,stats     ]   Update Region States                3 us
[0.711s][info][gc,stats     ]   Trash Collection Set                4 us
[0.711s][info][gc,stats     ]   Rebuild Free Set                    6 us
[0.711s][info][gc,stats     ] Concurrent Cleanup                  450 us
[0.711s][info][gc,stats     ] 
[0.711s][info][gc,stats     ] Allocation pacing accrued:
[0.711s][info][gc,stats     ]       0 of   136 ms (  0.0%): <total>
[0.711s][info][gc,stats     ]       0 of   136 ms (  0.0%): <average total>
[0.711s][info][gc,stats     ] 
[0.711s][info][gc,metaspace ] Metaspace: 7300K->7589K(1056768K)
[0.711s][info][gc,ergo      ] Pacer for Idle. Initial: 327K, Alloc Tax Rate: 1.0x
[0.758s][info][gc           ] Trigger: Learning 5 of 5. Free (11454K) is below initial threshold (11468K)
[0.758s][info][gc,ergo      ] Free: 11454K, Max: 256K regular, 9728K humongous, Frag: 12% external, 2% internal; Reserve: 1024K, Max: 256K
[0.758s][info][gc,start     ] GC(4) Concurrent reset
[0.758s][info][gc,task      ] GC(4) Using 2 of 24 workers for concurrent reset
[0.758s][info][gc,ergo      ] GC(4) Pacer for Reset. Non-Taxable: 16384K
[0.758s][info][gc           ] GC(4) Concurrent reset 0.156ms
[0.759s][info][gc,start     ] GC(4) Pause Init Mark
[0.759s][info][gc,task      ] GC(4) Using 2 of 24 workers for init marking
[0.760s][info][gc,ergo      ] GC(4) Pacer for Mark. Expected Live: 1172K, Free: 11454K, Non-Taxable: 1145K, Alloc Tax Rate: 0.1x
[0.760s][info][gc           ] GC(4) Pause Init Mark 1.028ms
[0.760s][info][gc,start     ] GC(4) Concurrent marking
[0.760s][info][gc,task      ] GC(4) Using 2 of 24 workers for concurrent marking
[0.776s][info][gc           ] GC(4) Concurrent marking 16.163ms
[0.776s][info][gc,start     ] GC(4) Pause Final Mark
[0.776s][info][gc,task      ] GC(4) Using 2 of 24 workers for final marking
[0.776s][info][gc,ergo      ] GC(4) Adaptive CSet Selection. Target Free: 2321K, Actual Free: 11520K, Max CSet: 682K, Min Garbage: 0B
[0.777s][info][gc,ergo      ] GC(4) Collectable Garbage: 1710K (87%), Immediate: 0B (0%), CSet: 1710K (87%)
[0.778s][info][gc,ergo      ] GC(4) Pacer for Evacuation. Used CSet: 2277K, Free: 10761K, Non-Taxable: 1076K, Alloc Tax Rate: 1.1x
[0.778s][info][gc           ] GC(4) Pause Final Mark 1.396ms
[0.778s][info][gc,start     ] GC(4) Concurrent cleanup
[0.778s][info][gc           ] GC(4) Concurrent cleanup 4M->4M(7M) 0.054ms
[0.778s][info][gc,ergo      ] GC(4) Free: 10717K, Max: 256K regular, 9728K humongous, Frag: 8% external, 0% internal; Reserve: 977K, Max: 256K
[0.778s][info][gc,start     ] GC(4) Concurrent evacuation
[0.778s][info][gc,task      ] GC(4) Using 2 of 24 workers for concurrent evacuation
[0.782s][info][gc           ] GC(4) Concurrent evacuation 3.907ms
[0.782s][info][gc,start     ] GC(4) Pause Init Update Refs
[0.782s][info][gc,ergo      ] GC(4) Pacer for Update Refs. Used: 5222K, Free: 10505K, Non-Taxable: 1050K, Alloc Tax Rate: 1.1x
[0.782s][info][gc           ] GC(4) Pause Init Update Refs 0.083ms
[0.782s][info][gc,start     ] GC(4) Concurrent update references
[0.782s][info][gc,task      ] GC(4) Using 2 of 24 workers for concurrent reference update
[0.789s][info][gc           ] GC(4) Concurrent update references 6.487ms
[0.789s][info][gc,start     ] GC(4) Pause Final Update Refs
[0.789s][info][gc,task      ] GC(4) Using 2 of 24 workers for final reference update
[0.789s][info][gc           ] GC(4) Pause Final Update Refs 0.354ms
[0.789s][info][gc,start     ] GC(4) Concurrent cleanup
[0.790s][info][gc           ] GC(4) Concurrent cleanup 5M->3M(7M) 0.402ms
[0.790s][info][gc           ] GC(4) Dat log --- cycle is complete
Current gc epoch: 4
heap: ______
capacity: 8126464
used: 3180264
committed: 8126464
bytes_allocated_since_gc_start: 995752
hot_size: 11856
cold_size: 60777
num_regions: 64
hot_region_count: 18446744073709551613
cold_region_count: 13
histogram: Placeholder

[0.790s][info][gc           ] GC(4) Obj count ac histogram
[0.790s][info][gc           ] GC(4) 	0: 4213
[0.790s][info][gc           ] GC(4) 	1: 0
[0.790s][info][gc           ] GC(4) 	2: 0
[0.790s][info][gc           ] GC(4) 	3: 0
[0.790s][info][gc           ] GC(4) 	4: 0
[0.790s][info][gc           ] GC(4) 	5: 0
[0.790s][info][gc           ] GC(4) 	6: 0
[0.790s][info][gc           ] GC(4) 	7: 0
[0.790s][info][gc           ] GC(4) 	8: 0
[0.790s][info][gc           ] GC(4) 	9: 0
[0.790s][info][gc           ] GC(4) 	10: 0
[0.790s][info][gc           ] GC(4) 	11: 0
[0.790s][info][gc           ] GC(4) 	12: 0
[0.790s][info][gc           ] GC(4) 	13: 464
[0.790s][info][gc           ] GC(4) 	14: 1079
[0.790s][info][gc           ] GC(4) 	15: 0
[0.790s][info][gc           ] GC(4) 	16: 0
[0.790s][info][gc           ] GC(4) 	17: 0
[0.790s][info][gc           ] GC(4) 	18: 0
[0.790s][info][gc           ] GC(4) 	19: 0
[0.790s][info][gc           ] GC(4) Obj size ac histogram
[0.790s][info][gc           ] GC(4) 	0: 60623
[0.790s][info][gc           ] GC(4) 	1: 0
[0.790s][info][gc           ] GC(4) 	2: 0
[0.790s][info][gc           ] GC(4) 	3: 0
[0.790s][info][gc           ] GC(4) 	4: 0
[0.790s][info][gc           ] GC(4) 	5: 0
[0.790s][info][gc           ] GC(4) 	6: 0
[0.790s][info][gc           ] GC(4) 	7: 0
[0.790s][info][gc           ] GC(4) 	8: 0
[0.790s][info][gc           ] GC(4) 	9: 0
[0.790s][info][gc           ] GC(4) 	10: 0
[0.790s][info][gc           ] GC(4) 	11: 0
[0.790s][info][gc           ] GC(4) 	12: 0
[0.790s][info][gc           ] GC(4) 	13: 3726
[0.790s][info][gc           ] GC(4) 	14: 7905
[0.790s][info][gc           ] GC(4) 	15: 0
[0.790s][info][gc           ] GC(4) 	16: 0
[0.790s][info][gc           ] GC(4) 	17: 0
[0.790s][info][gc           ] GC(4) 	18: 0
[0.790s][info][gc           ] GC(4) 	19: 0
[0.790s][info][gc,ergo      ] Free: 12254K, Max: 256K regular, 10240K humongous, Frag: 12% external, 6% internal; Reserve: 1024K, Max: 256K
[0.790s][info][gc,stats     ] 
[0.790s][info][gc,stats     ] All times are wall-clock times, except per-root-class counters, that are sum over
[0.790s][info][gc,stats     ] all workers. Dividing the <total> over the root stage time estimates parallelism.
[0.790s][info][gc,stats     ] 
[0.790s][info][gc,stats     ] Concurrent Reset                    140 us
[0.790s][info][gc,stats     ] Pause Init Mark (G)                1451 us
[0.790s][info][gc,stats     ] Pause Init Mark (N)                 983 us
[0.790s][info][gc,stats     ]   Accumulate Stats                    4 us
[0.790s][info][gc,stats     ]   Make Parsable                      17 us
[0.790s][info][gc,stats     ]   Update Region States                2 us
[0.790s][info][gc,stats     ]   Scan Roots                        881 us, parallelism: 1.79x
[0.790s][info][gc,stats     ]     S: <total>                     1574 us
[0.790s][info][gc,stats     ]     S: Thread Roots                 801 us, workers (us):  35, 766, ---, ---, ---, ---, ---, ---, ---, ---, ---, ---, ---, ---, ---, ---, ---, ---, ---, ---, ---, ---, ---, ---, 
[0.790s][info][gc,stats     ]     S: Universe Roots                19 us, workers (us):  19, ---, ---, ---, ---, ---, ---, ---, ---, ---, ---, ---, ---, ---, ---, ---, ---, ---, ---, ---, ---, ---, ---, ---, 
[0.790s][info][gc,stats     ]     S: JNI Handles Roots              3 us, workers (us):   3, ---, ---, ---, ---, ---, ---, ---, ---, ---, ---, ---, ---, ---, ---, ---, ---, ---, ---, ---, ---, ---, ---, ---, 
[0.790s][info][gc,stats     ]     S: Synchronizer Roots             0 us, workers (us):   0, ---, ---, ---, ---, ---, ---, ---, ---, ---, ---, ---, ---, ---, ---, ---, ---, ---, ---, ---, ---, ---, ---, ---, 
[0.790s][info][gc,stats     ]     S: Management Roots               2 us, workers (us):   2, ---, ---, ---, ---, ---, ---, ---, ---, ---, ---, ---, ---, ---, ---, ---, ---, ---, ---, ---, ---, ---, ---, ---, 
[0.790s][info][gc,stats     ]     S: System Dict Roots             16 us, workers (us):  16, ---, ---, ---, ---, ---, ---, ---, ---, ---, ---, ---, ---, ---, ---, ---, ---, ---, ---, ---, ---, ---, ---, ---, 
[0.791s][info][gc,stats     ]     S: CLDG Roots                   733 us, workers (us): 733, ---, ---, ---, ---, ---, ---, ---, ---, ---, ---, ---, ---, ---, ---, ---, ---, ---, ---, ---, ---, ---, ---, ---, 
[0.791s][info][gc,stats     ]     S: JVMTI Roots                    1 us, workers (us):   1, ---, ---, ---, ---, ---, ---, ---, ---, ---, ---, ---, ---, ---, ---, ---, ---, ---, ---, ---, ---, ---, ---, ---, 
[0.791s][info][gc,stats     ]   Resize TLABs                        4 us
[0.791s][info][gc,stats     ] Concurrent Marking                16110 us
[0.791s][info][gc,stats     ] Pause Final Mark (G)               1640 us
[0.791s][info][gc,stats     ] Pause Final Mark (N)               1353 us
[0.791s][info][gc,stats     ]   Finish Queues                     103 us
[0.791s][info][gc,stats     ]   System Purge                      167 us
[0.791s][info][gc,stats     ]     Weak Roots                      166 us
[0.791s][info][gc,stats     ]   Update Region States                3 us
[0.791s][info][gc,stats     ]   Retire TLABs                       24 us
[0.791s][info][gc,stats     ]   Choose Collection Set              52 us
[0.791s][info][gc,stats     ]   Rebuild Free Set                    7 us
[0.791s][info][gc,stats     ]   Initial Evacuation                973 us, parallelism: 0.88x
[0.791s][info][gc,stats     ]     E: <total>                      860 us
[0.791s][info][gc,stats     ]     E: Thread Roots                 713 us, workers (us):  16, 697, ---, ---, ---, ---, ---, ---, ---, ---, ---, ---, ---, ---, ---, ---, ---, ---, ---, ---, ---, ---, ---, ---, 
[0.791s][info][gc,stats     ]     E: Code Cache Roots               1 us, workers (us):   0,   1, ---, ---, ---, ---, ---, ---, ---, ---, ---, ---, ---, ---, ---, ---, ---, ---, ---, ---, ---, ---, ---, ---, 
[0.791s][info][gc,stats     ]     E: Universe Roots                 3 us, workers (us):   3, ---, ---, ---, ---, ---, ---, ---, ---, ---, ---, ---, ---, ---, ---, ---, ---, ---, ---, ---, ---, ---, ---, ---, 
[0.791s][info][gc,stats     ]     E: JNI Handles Roots              1 us, workers (us):   1, ---, ---, ---, ---, ---, ---, ---, ---, ---, ---, ---, ---, ---, ---, ---, ---, ---, ---, ---, ---, ---, ---, ---, 
[0.791s][info][gc,stats     ]     E: Synchronizer Roots             0 us, workers (us):   0, ---, ---, ---, ---, ---, ---, ---, ---, ---, ---, ---, ---, ---, ---, ---, ---, ---, ---, ---, ---, ---, ---, ---, 
[0.791s][info][gc,stats     ]     E: Management Roots               1 us, workers (us):   1, ---, ---, ---, ---, ---, ---, ---, ---, ---, ---, ---, ---, ---, ---, ---, ---, ---, ---, ---, ---, ---, ---, ---, 
[0.791s][info][gc,stats     ]     E: System Dict Roots             10 us, workers (us):  10, ---, ---, ---, ---, ---, ---, ---, ---, ---, ---, ---, ---, ---, ---, ---, ---, ---, ---, ---, ---, ---, ---, ---, 
[0.791s][info][gc,stats     ]     E: CLDG Roots                   131 us, workers (us): 131, ---, ---, ---, ---, ---, ---, ---, ---, ---, ---, ---, ---, ---, ---, ---, ---, ---, ---, ---, ---, ---, ---, ---, 
[0.791s][info][gc,stats     ]     E: JVMTI Roots                    0 us, workers (us):   0, ---, ---, ---, ---, ---, ---, ---, ---, ---, ---, ---, ---, ---, ---, ---, ---, ---, ---, ---, ---, ---, ---, ---, 
[0.791s][info][gc,stats     ] Concurrent Cleanup                    6 us
[0.791s][info][gc,stats     ] Concurrent Evacuation              3887 us
[0.791s][info][gc,stats     ] Pause Init  Update Refs (G)         419 us
[0.791s][info][gc,stats     ] Pause Init  Update Refs (N)          40 us
[0.791s][info][gc,stats     ]   Retire GCLABs                      19 us
[0.791s][info][gc,stats     ] Concurrent Update Refs             6441 us
[0.791s][info][gc,stats     ] Pause Final Update Refs (G)         702 us
[0.791s][info][gc,stats     ] Pause Final Update Refs (N)         311 us
[0.791s][info][gc,stats     ]   Update Roots                      276 us, parallelism: 0.95x
[0.791s][info][gc,stats     ]     UR: <total>                     262 us
[0.791s][info][gc,stats     ]     UR: Thread Roots                262 us, workers (us): 233,  29, ---, ---, ---, ---, ---, ---, ---, ---, ---, ---, ---, ---, ---, ---, ---, ---, ---, ---, ---, ---, ---, ---, 
[0.791s][info][gc,stats     ]   Update Region States                3 us
[0.791s][info][gc,stats     ]   Trash Collection Set                4 us
[0.791s][info][gc,stats     ]   Rebuild Free Set                    7 us
[0.791s][info][gc,stats     ] Concurrent Cleanup                  374 us
[0.791s][info][gc,stats     ] 
[0.791s][info][gc,stats     ] Allocation pacing accrued:
[0.791s][info][gc,stats     ]       0 of    80 ms (  0.0%): <total>
[0.791s][info][gc,stats     ]       0 of    80 ms (  0.0%): <average total>
[0.791s][info][gc,stats     ] 
[0.791s][info][gc,metaspace ] Metaspace: 7972K->8399K(1056768K)
[0.791s][info][gc,ergo      ] Pacer for Idle. Initial: 327K, Alloc Tax Rate: 1.0x
[1.317s][info][gc           ] Trigger: Free (1619K) is below minimum threshold (1638K)
[1.317s][info][gc,ergo      ] Free: 1619K, Max: 256K regular, 1024K humongous, Frag: 0% external, 20% internal; Reserve: 1024K, Max: 256K
[1.318s][info][gc,start     ] GC(5) Concurrent reset
[1.318s][info][gc,task      ] GC(5) Using 2 of 24 workers for concurrent reset
[1.318s][info][gc,ergo      ] GC(5) Pacer for Reset. Non-Taxable: 16384K
[1.318s][info][gc           ] GC(5) Concurrent reset 0.323ms
[1.318s][info][gc,start     ] GC(5) Pause Init Mark (process weakrefs)
[1.318s][info][gc,task      ] GC(5) Using 2 of 24 workers for init marking
[1.322s][info][gc,ergo      ] GC(5) Pacer for Mark. Expected Live: 1317K, Free: 1619K, Non-Taxable: 161K, Alloc Tax Rate: 1.0x
[1.322s][info][gc           ] GC(5) Pause Init Mark (process weakrefs) 3.574ms
[1.322s][info][gc,start     ] GC(5) Concurrent marking (process weakrefs)
[1.322s][info][gc,task      ] GC(5) Using 2 of 24 workers for concurrent marking
[1.339s][info][gc           ] GC(5) Concurrent marking (process weakrefs) 16.475ms
[1.339s][info][gc,start     ] GC(5) Concurrent precleaning
[1.339s][info][gc,task      ] GC(5) Using 1 of 24 workers for concurrent preclean
[1.339s][info][gc,ergo      ] GC(5) Pacer for Precleaning. Non-Taxable: 16384K
[1.340s][info][gc           ] GC(5) Concurrent precleaning 1.062ms
[1.340s][info][gc,start     ] GC(5) Pause Final Mark (process weakrefs)
[1.340s][info][gc,task      ] GC(5) Using 2 of 24 workers for final marking
[1.341s][info][gc,ergo      ] GC(5) Adaptive CSet Selection. Target Free: 2321K, Actual Free: 1792K, Max CSet: 682K, Min Garbage: 529K
[1.341s][info][gc,ergo      ] GC(5) Collectable Garbage: 9192K (87%), Immediate: 0B (0%), CSet: 9192K (87%)
[1.342s][info][gc,ergo      ] GC(5) Pacer for Evacuation. Used CSet: 9850K, Free: 1465K, Non-Taxable: 146K, Alloc Tax Rate: 16.4x
[1.342s][info][gc           ] GC(5) Pause Final Mark (process weakrefs) 2.462ms
[1.343s][info][gc,start     ] GC(5) Concurrent cleanup
[1.343s][info][gc           ] GC(5) Concurrent cleanup 13M->13M(15M) 0.053ms
[1.343s][info][gc,ergo      ] GC(5) Free: 1465K, Max: 256K regular, 768K humongous, Frag: 0% external, 42% internal; Reserve: 749K, Max: 256K
[1.343s][info][gc,start     ] GC(5) Concurrent evacuation
[1.343s][info][gc,task      ] GC(5) Using 2 of 24 workers for concurrent evacuation
[1.348s][info][gc           ] GC(5) Concurrent evacuation 5.655ms
[1.349s][info][gc,start     ] GC(5) Pause Init Update Refs
[1.349s][info][gc,ergo      ] GC(5) Pacer for Update Refs. Used: 14937K, Free: 1122K, Non-Taxable: 112K, Alloc Tax Rate: 16.3x
[1.349s][info][gc           ] GC(5) Pause Init Update Refs 0.153ms
[1.349s][info][gc,start     ] GC(5) Concurrent update references
[1.349s][info][gc,task      ] GC(5) Using 2 of 24 workers for concurrent reference update
[1.364s][info][gc           ] GC(5) Concurrent update references 15.092ms
[1.364s][info][gc,start     ] GC(5) Pause Final Update Refs
[1.364s][info][gc,task      ] GC(5) Using 2 of 24 workers for final reference update
[1.365s][info][gc           ] GC(5) Pause Final Update Refs 0.346ms
[1.365s][info][gc,start     ] GC(5) Concurrent cleanup
[1.366s][info][gc           ] GC(5) Concurrent cleanup 14M->5M(15M) 1.579ms
[1.366s][info][gc           ] GC(5) Dat log --- cycle is complete
Current gc epoch: 5
heap: ______
capacity: 16515072
used: 5718136
committed: 16515072
bytes_allocated_since_gc_start: 845592
hot_size: 56784
cold_size: 27513
num_regions: 64
hot_region_count: 0
cold_region_count: 15
histogram: Placeholder

[1.366s][info][gc           ] GC(5) Obj count ac histogram
[1.366s][info][gc           ] GC(5) 	0: 4200
[1.366s][info][gc           ] GC(5) 	1: 0
[1.366s][info][gc           ] GC(5) 	2: 0
[1.366s][info][gc           ] GC(5) 	3: 0
[1.366s][info][gc           ] GC(5) 	4: 0
[1.366s][info][gc           ] GC(5) 	5: 0
[1.366s][info][gc           ] GC(5) 	6: 0
[1.366s][info][gc           ] GC(5) 	7: 0
[1.366s][info][gc           ] GC(5) 	8: 0
[1.366s][info][gc           ] GC(5) 	9: 0
[1.366s][info][gc           ] GC(5) 	10: 0
[1.366s][info][gc           ] GC(5) 	11: 0
[1.366s][info][gc           ] GC(5) 	12: 0
[1.366s][info][gc           ] GC(5) 	13: 347
[1.366s][info][gc           ] GC(5) 	14: 6485
[1.366s][info][gc           ] GC(5) 	15: 0
[1.366s][info][gc           ] GC(5) 	16: 0
[1.366s][info][gc           ] GC(5) 	17: 0
[1.366s][info][gc           ] GC(5) 	18: 0
[1.366s][info][gc           ] GC(5) 	19: 0
[1.366s][info][gc           ] GC(5) Obj size ac histogram
[1.366s][info][gc           ] GC(5) 	0: 27022
[1.366s][info][gc           ] GC(5) 	1: 0
[1.366s][info][gc           ] GC(5) 	2: 0
[1.366s][info][gc           ] GC(5) 	3: 0
[1.366s][info][gc           ] GC(5) 	4: 0
[1.366s][info][gc           ] GC(5) 	5: 0
[1.366s][info][gc           ] GC(5) 	6: 0
[1.366s][info][gc           ] GC(5) 	7: 0
[1.366s][info][gc           ] GC(5) 	8: 0
[1.366s][info][gc           ] GC(5) 	9: 0
[1.366s][info][gc           ] GC(5) 	10: 0
[1.366s][info][gc           ] GC(5) 	11: 0
[1.366s][info][gc           ] GC(5) 	12: 0
[1.366s][info][gc           ] GC(5) 	13: 2750
[1.366s][info][gc           ] GC(5) 	14: 52908
[1.367s][info][gc           ] GC(5) 	15: 0
[1.367s][info][gc           ] GC(5) 	16: 0
[1.367s][info][gc           ] GC(5) 	17: 0
[1.367s][info][gc           ] GC(5) 	18: 0
[1.367s][info][gc           ] GC(5) 	19: 0
[1.367s][info][gc,ergo      ] Free: 9775K, Max: 256K regular, 2560K humongous, Frag: 72% external, 9% internal; Reserve: 1024K, Max: 256K
[1.367s][info][gc,stats     ] 
[1.367s][info][gc,stats     ] All times are wall-clock times, except per-root-class counters, that are sum over
[1.367s][info][gc,stats     ] all workers. Dividing the <total> over the root stage time estimates parallelism.
[1.367s][info][gc,stats     ] 
[1.367s][info][gc,stats     ] Concurrent Reset                    283 us
[1.367s][info][gc,stats     ] Pause Init Mark (G)                4226 us
[1.367s][info][gc,stats     ] Pause Init Mark (N)                3520 us
[1.367s][info][gc,stats     ]   Accumulate Stats                    6 us
[1.367s][info][gc,stats     ]   Make Parsable                      35 us
[1.367s][info][gc,stats     ]   Update Region States                2 us
[1.367s][info][gc,stats     ]   Scan Roots                       3347 us, parallelism: 1.42x
[1.367s][info][gc,stats     ]     S: <total>                     4758 us
[1.367s][info][gc,stats     ]     S: Thread Roots                3191 us, workers (us):  99, 3091, ---, ---, ---, ---, ---, ---, ---, ---, ---, ---, ---, ---, ---, ---, ---, ---, ---, ---, ---, ---, ---, ---, 
[1.367s][info][gc,stats     ]     S: Universe Roots                24 us, workers (us):  24, ---, ---, ---, ---, ---, ---, ---, ---, ---, ---, ---, ---, ---, ---, ---, ---, ---, ---, ---, ---, ---, ---, ---, 
[1.367s][info][gc,stats     ]     S: JNI Handles Roots             22 us, workers (us):  22, ---, ---, ---, ---, ---, ---, ---, ---, ---, ---, ---, ---, ---, ---, ---, ---, ---, ---, ---, ---, ---, ---, ---, 
[1.367s][info][gc,stats     ]     S: Synchronizer Roots             1 us, workers (us): ---,   1, ---, ---, ---, ---, ---, ---, ---, ---, ---, ---, ---, ---, ---, ---, ---, ---, ---, ---, ---, ---, ---, ---, 
[1.367s][info][gc,stats     ]     S: Management Roots               2 us, workers (us): ---,   2, ---, ---, ---, ---, ---, ---, ---, ---, ---, ---, ---, ---, ---, ---, ---, ---, ---, ---, ---, ---, ---, ---, 
[1.367s][info][gc,stats     ]     S: System Dict Roots             61 us, workers (us): ---,  61, ---, ---, ---, ---, ---, ---, ---, ---, ---, ---, ---, ---, ---, ---, ---, ---, ---, ---, ---, ---, ---, ---, 
[1.367s][info][gc,stats     ]     S: CLDG Roots                  1455 us, workers (us): 1455, ---, ---, ---, ---, ---, ---, ---, ---, ---, ---, ---, ---, ---, ---, ---, ---, ---, ---, ---, ---, ---, ---, ---, 
[1.367s][info][gc,stats     ]     S: JVMTI Roots                    1 us, workers (us):   1, ---, ---, ---, ---, ---, ---, ---, ---, ---, ---, ---, ---, ---, ---, ---, ---, ---, ---, ---, ---, ---, ---, ---, 
[1.367s][info][gc,stats     ]   Resize TLABs                        6 us
[1.367s][info][gc,stats     ] Concurrent Marking                16424 us
[1.367s][info][gc,stats     ] Concurrent Precleaning             1018 us
[1.367s][info][gc,stats     ] Pause Final Mark (G)               2860 us
[1.367s][info][gc,stats     ] Pause Final Mark (N)               2419 us
[1.367s][info][gc,stats     ]   Finish Queues                     176 us
[1.367s][info][gc,stats     ]   Weak References                   654 us
[1.367s][info][gc,stats     ]     Process                         644 us
[1.367s][info][gc,stats     ]   System Purge                      426 us
[1.367s][info][gc,stats     ]     Weak Roots                      424 us
[1.367s][info][gc,stats     ]   Update Region States                4 us
[1.367s][info][gc,stats     ]   Retire TLABs                       33 us
[1.367s][info][gc,stats     ]   Choose Collection Set              69 us
[1.367s][info][gc,stats     ]   Rebuild Free Set                    6 us
[1.367s][info][gc,stats     ]   Initial Evacuation               1027 us, parallelism: 0.60x
[1.367s][info][gc,stats     ]     E: <total>                      616 us
[1.367s][info][gc,stats     ]     E: Thread Roots                 146 us, workers (us): 146,   1, ---, ---, ---, ---, ---, ---, ---, ---, ---, ---, ---, ---, ---, ---, ---, ---, ---, ---, ---, ---, ---, ---, 
[1.367s][info][gc,stats     ]     E: Code Cache Roots               1 us, workers (us):   0,   0, ---, ---, ---, ---, ---, ---, ---, ---, ---, ---, ---, ---, ---, ---, ---, ---, ---, ---, ---, ---, ---, ---, 
[1.367s][info][gc,stats     ]     E: Universe Roots                 4 us, workers (us):   4, ---, ---, ---, ---, ---, ---, ---, ---, ---, ---, ---, ---, ---, ---, ---, ---, ---, ---, ---, ---, ---, ---, ---, 
[1.367s][info][gc,stats     ]     E: JNI Handles Roots              1 us, workers (us): ---,   1, ---, ---, ---, ---, ---, ---, ---, ---, ---, ---, ---, ---, ---, ---, ---, ---, ---, ---, ---, ---, ---, ---, 
[1.367s][info][gc,stats     ]     E: Synchronizer Roots             0 us, workers (us):   0, ---, ---, ---, ---, ---, ---, ---, ---, ---, ---, ---, ---, ---, ---, ---, ---, ---, ---, ---, ---, ---, ---, ---, 
[1.367s][info][gc,stats     ]     E: Management Roots               1 us, workers (us):   1, ---, ---, ---, ---, ---, ---, ---, ---, ---, ---, ---, ---, ---, ---, ---, ---, ---, ---, ---, ---, ---, ---, ---, 
[1.367s][info][gc,stats     ]     E: System Dict Roots             22 us, workers (us):  22, ---, ---, ---, ---, ---, ---, ---, ---, ---, ---, ---, ---, ---, ---, ---, ---, ---, ---, ---, ---, ---, ---, ---, 
[1.367s][info][gc,stats     ]     E: CLDG Roots                   440 us, workers (us): ---, 440, ---, ---, ---, ---, ---, ---, ---, ---, ---, ---, ---, ---, ---, ---, ---, ---, ---, ---, ---, ---, ---, ---, 
[1.367s][info][gc,stats     ]     E: JVMTI Roots                    0 us, workers (us): ---,   0, ---, ---, ---, ---, ---, ---, ---, ---, ---, ---, ---, ---, ---, ---, ---, ---, ---, ---, ---, ---, ---, ---, 
[1.367s][info][gc,stats     ] Concurrent Cleanup                    6 us
[1.367s][info][gc,stats     ] Concurrent Evacuation              5631 us
[1.367s][info][gc,stats     ] Pause Init  Update Refs (G)         498 us
[1.367s][info][gc,stats     ] Pause Init  Update Refs (N)          90 us
[1.367s][info][gc,stats     ]   Retire GCLABs                      65 us
[1.367s][info][gc,stats     ] Concurrent Update Refs            15064 us
[1.367s][info][gc,stats     ] Pause Final Update Refs (G)         599 us
[1.367s][info][gc,stats     ] Pause Final Update Refs (N)         304 us
[1.367s][info][gc,stats     ]   Update Roots                      268 us, parallelism: 0.78x
[1.367s][info][gc,stats     ]     UR: <total>                     210 us
[1.367s][info][gc,stats     ]     UR: Thread Roots                210 us, workers (us): 176,  34, ---, ---, ---, ---, ---, ---, ---, ---, ---, ---, ---, ---, ---, ---, ---, ---, ---, ---, ---, ---, ---, ---, 
[1.367s][info][gc,stats     ]   Update Region States                3 us
[1.367s][info][gc,stats     ]   Trash Collection Set                6 us
[1.367s][info][gc,stats     ]   Rebuild Free Set                    7 us
[1.367s][info][gc,stats     ] Concurrent Cleanup                 1553 us
[1.367s][info][gc,stats     ] Pacing                            13474 us
[1.368s][info][gc,stats     ] 
[1.368s][info][gc,stats     ] Allocation pacing accrued:
[1.368s][info][gc,stats     ]      13 of   577 ms (  2.3%): main
[1.368s][info][gc,stats     ]      13 of   577 ms (  2.3%): <total>
[1.368s][info][gc,stats     ]       2 of   577 ms (  0.4%): <average total>
[1.368s][info][gc,stats     ]      13 of   577 ms (  2.3%): <average non-zero>
[1.368s][info][gc,stats     ] 
[1.368s][info][gc,metaspace ] Metaspace: 12562K->12562K(1060864K)
[1.368s][info][gc,ergo      ] Pacer for Idle. Initial: 327K, Alloc Tax Rate: 1.0x
[1.707s][info][gc           ] Trigger: Free (1584K) is below minimum threshold (1638K)
[1.707s][info][gc,ergo      ] Free: 1584K, Max: 256K regular, 768K humongous, Frag: 0% external, 38% internal; Reserve: 1024K, Max: 256K
[1.707s][info][gc,start     ] GC(6) Concurrent reset
[1.707s][info][gc,task      ] GC(6) Using 2 of 24 workers for concurrent reset
[1.707s][info][gc,ergo      ] GC(6) Pacer for Reset. Non-Taxable: 16384K
[1.707s][info][gc           ] GC(6) Concurrent reset 0.231ms
[1.707s][info][gc,start     ] GC(6) Pause Init Mark
[1.707s][info][gc,task      ] GC(6) Using 2 of 24 workers for init marking
[1.709s][info][gc,ergo      ] GC(6) Pacer for Mark. Expected Live: 1763K, Free: 1584K, Non-Taxable: 158K, Alloc Tax Rate: 1.4x
[1.709s][info][gc           ] GC(6) Pause Init Mark 1.612ms
[1.709s][info][gc,start     ] GC(6) Concurrent marking
[1.709s][info][gc,task      ] GC(6) Using 2 of 24 workers for concurrent marking
[1.724s][info][gc           ] GC(6) Concurrent marking 15.322ms
[1.724s][info][gc,start     ] GC(6) Pause Final Mark
[1.724s][info][gc,task      ] GC(6) Using 2 of 24 workers for final marking
[1.725s][info][gc,ergo      ] GC(6) Adaptive CSet Selection. Target Free: 2321K, Actual Free: 2048K, Max CSet: 682K, Min Garbage: 273K
[1.725s][info][gc,ergo      ] GC(6) Collectable Garbage: 10199K (95%), Immediate: 256K (2%), CSet: 9943K (93%)
[1.727s][info][gc,ergo      ] GC(6) Pacer for Evacuation. Used CSet: 10546K, Free: 1619K, Non-Taxable: 161K, Alloc Tax Rate: 15.9x
[1.727s][info][gc           ] GC(6) Pause Final Mark 2.841ms
[1.727s][info][gc,start     ] GC(6) Concurrent cleanup
[1.727s][info][gc           ] GC(6) Concurrent cleanup 13M->13M(16M) 0.093ms
[1.727s][info][gc,ergo      ] GC(6) Free: 1619K, Max: 256K regular, 768K humongous, Frag: 25% external, 20% internal; Reserve: 759K, Max: 256K
[1.727s][info][gc,start     ] GC(6) Concurrent evacuation
[1.727s][info][gc,task      ] GC(6) Using 2 of 24 workers for concurrent evacuation
[1.731s][info][gc           ] GC(6) Concurrent evacuation 3.475ms
[1.731s][info][gc,start     ] GC(6) Pause Init Update Refs
[1.731s][info][gc,ergo      ] GC(6) Pacer for Update Refs. Used: 14633K, Free: 1419K, Non-Taxable: 141K, Alloc Tax Rate: 12.6x
[1.731s][info][gc           ] GC(6) Pause Init Update Refs 0.106ms
[1.731s][info][gc,start     ] GC(6) Concurrent update references
[1.731s][info][gc,task      ] GC(6) Using 2 of 24 workers for concurrent reference update
[1.746s][info][gc           ] GC(6) Concurrent update references 14.169ms
[1.746s][info][gc,start     ] GC(6) Pause Final Update Refs
[1.746s][info][gc,task      ] GC(6) Using 2 of 24 workers for final reference update
[1.746s][info][gc           ] GC(6) Pause Final Update Refs 0.412ms
[1.746s][info][gc,start     ] GC(6) Concurrent cleanup
[1.748s][info][gc           ] GC(6) Concurrent cleanup 14M->4M(16M) 1.832ms
[1.748s][info][gc           ] GC(6) Dat log --- cycle is complete
Current gc epoch: 6
heap: ______
capacity: 16777216
used: 4447032
committed: 16777216
bytes_allocated_since_gc_start: 482408
hot_size: 47573
cold_size: 29625
num_regions: 64
hot_region_count: 18446744073709551615
cold_region_count: 17
histogram: Placeholder

[1.748s][info][gc           ] GC(6) Obj count ac histogram
[1.748s][info][gc           ] GC(6) 	0: 2844
[1.748s][info][gc           ] GC(6) 	1: 0
[1.748s][info][gc           ] GC(6) 	2: 0
[1.748s][info][gc           ] GC(6) 	3: 0
[1.748s][info][gc           ] GC(6) 	4: 0
[1.748s][info][gc           ] GC(6) 	5: 0
[1.748s][info][gc           ] GC(6) 	6: 0
[1.748s][info][gc           ] GC(6) 	7: 0
[1.748s][info][gc           ] GC(6) 	8: 0
[1.748s][info][gc           ] GC(6) 	9: 0
[1.748s][info][gc           ] GC(6) 	10: 0
[1.748s][info][gc           ] GC(6) 	11: 0
[1.748s][info][gc           ] GC(6) 	12: 0
[1.748s][info][gc           ] GC(6) 	13: 4691
[1.748s][info][gc           ] GC(6) 	14: 864
[1.748s][info][gc           ] GC(6) 	15: 0
[1.748s][info][gc           ] GC(6) 	16: 0
[1.748s][info][gc           ] GC(6) 	17: 0
[1.748s][info][gc           ] GC(6) 	18: 0
[1.748s][info][gc           ] GC(6) 	19: 0
[1.748s][info][gc           ] GC(6) Obj size ac histogram
[1.748s][info][gc           ] GC(6) 	0: 29230
[1.748s][info][gc           ] GC(6) 	1: 0
[1.748s][info][gc           ] GC(6) 	2: 0
[1.748s][info][gc           ] GC(6) 	3: 0
[1.748s][info][gc           ] GC(6) 	4: 0
[1.748s][info][gc           ] GC(6) 	5: 0
[1.748s][info][gc           ] GC(6) 	6: 0
[1.748s][info][gc           ] GC(6) 	7: 0
[1.748s][info][gc           ] GC(6) 	8: 0
[1.748s][info][gc           ] GC(6) 	9: 0
[1.748s][info][gc           ] GC(6) 	10: 0
[1.748s][info][gc           ] GC(6) 	11: 0
[1.748s][info][gc           ] GC(6) 	12: 0
[1.748s][info][gc           ] GC(6) 	13: 38582
[1.748s][info][gc           ] GC(6) 	14: 8372
[1.748s][info][gc           ] GC(6) 	15: 0
[1.748s][info][gc           ] GC(6) 	16: 0
[1.748s][info][gc           ] GC(6) 	17: 0
[1.749s][info][gc           ] GC(6) 	18: 0
[1.749s][info][gc           ] GC(6) 	19: 0
[1.749s][info][gc,ergo      ] Free: 11017K, Max: 256K regular, 4352K humongous, Frag: 58% external, 6% internal; Reserve: 1024K, Max: 256K
[1.749s][info][gc,stats     ] 
[1.749s][info][gc,stats     ] All times are wall-clock times, except per-root-class counters, that are sum over
[1.749s][info][gc,stats     ] all workers. Dividing the <total> over the root stage time estimates parallelism.
[1.749s][info][gc,stats     ] 
[1.749s][info][gc,stats     ] Concurrent Reset                    193 us
[1.749s][info][gc,stats     ] Pause Init Mark (G)                1980 us
[1.749s][info][gc,stats     ] Pause Init Mark (N)                1565 us
[1.749s][info][gc,stats     ]   Accumulate Stats                    4 us
[1.749s][info][gc,stats     ]   Make Parsable                      40 us
[1.749s][info][gc,stats     ]   Update Region States                2 us
[1.749s][info][gc,stats     ]   Scan Roots                       1396 us, parallelism: 1.08x
[1.749s][info][gc,stats     ]     S: <total>                     1504 us
[1.749s][info][gc,stats     ]     S: Thread Roots                 236 us, workers (us):   2, 234, ---, ---, ---, ---, ---, ---, ---, ---, ---, ---, ---, ---, ---, ---, ---, ---, ---, ---, ---, ---, ---, ---, 
[1.749s][info][gc,stats     ]     S: Universe Roots                21 us, workers (us):  21, ---, ---, ---, ---, ---, ---, ---, ---, ---, ---, ---, ---, ---, ---, ---, ---, ---, ---, ---, ---, ---, ---, ---, 
[1.749s][info][gc,stats     ]     S: JNI Handles Roots              7 us, workers (us): ---,   7, ---, ---, ---, ---, ---, ---, ---, ---, ---, ---, ---, ---, ---, ---, ---, ---, ---, ---, ---, ---, ---, ---, 
[1.749s][info][gc,stats     ]     S: Synchronizer Roots             0 us, workers (us):   0, ---, ---, ---, ---, ---, ---, ---, ---, ---, ---, ---, ---, ---, ---, ---, ---, ---, ---, ---, ---, ---, ---, ---, 
[1.749s][info][gc,stats     ]     S: Management Roots               2 us, workers (us):   2, ---, ---, ---, ---, ---, ---, ---, ---, ---, ---, ---, ---, ---, ---, ---, ---, ---, ---, ---, ---, ---, ---, ---, 
[1.749s][info][gc,stats     ]     S: System Dict Roots             25 us, workers (us):  25, ---, ---, ---, ---, ---, ---, ---, ---, ---, ---, ---, ---, ---, ---, ---, ---, ---, ---, ---, ---, ---, ---, ---, 
[1.749s][info][gc,stats     ]     S: CLDG Roots                  1212 us, workers (us): 1212, ---, ---, ---, ---, ---, ---, ---, ---, ---, ---, ---, ---, ---, ---, ---, ---, ---, ---, ---, ---, ---, ---, ---, 
[1.749s][info][gc,stats     ]     S: JVMTI Roots                    1 us, workers (us): ---,   1, ---, ---, ---, ---, ---, ---, ---, ---, ---, ---, ---, ---, ---, ---, ---, ---, ---, ---, ---, ---, ---, ---, 
[1.749s][info][gc,stats     ]   Resize TLABs                        6 us
[1.749s][info][gc,stats     ] Concurrent Marking                15270 us
[1.749s][info][gc,stats     ] Pause Final Mark (G)               3071 us
[1.749s][info][gc,stats     ] Pause Final Mark (N)               2799 us
[1.749s][info][gc,stats     ]   Finish Queues                     117 us
[1.749s][info][gc,stats     ]   System Purge                      274 us
[1.749s][info][gc,stats     ]     Weak Roots                      272 us
[1.749s][info][gc,stats     ]   Update Region States                4 us
[1.749s][info][gc,stats     ]   Retire TLABs                        6 us
[1.749s][info][gc,stats     ]   Choose Collection Set              67 us
[1.749s][info][gc,stats     ]   Rebuild Free Set                    6 us
[1.749s][info][gc,stats     ]   Initial Evacuation               2302 us, parallelism: 0.75x
[1.749s][info][gc,stats     ]     E: <total>                     1718 us
[1.749s][info][gc,stats     ]     E: Thread Roots                 392 us, workers (us): 391,   1, ---, ---, ---, ---, ---, ---, ---, ---, ---, ---, ---, ---, ---, ---, ---, ---, ---, ---, ---, ---, ---, ---, 
[1.749s][info][gc,stats     ]     E: Code Cache Roots               1 us, workers (us):   1,   1, ---, ---, ---, ---, ---, ---, ---, ---, ---, ---, ---, ---, ---, ---, ---, ---, ---, ---, ---, ---, ---, ---, 
[1.749s][info][gc,stats     ]     E: Universe Roots                 4 us, workers (us):   4, ---, ---, ---, ---, ---, ---, ---, ---, ---, ---, ---, ---, ---, ---, ---, ---, ---, ---, ---, ---, ---, ---, ---, 
[1.749s][info][gc,stats     ]     E: JNI Handles Roots              1 us, workers (us): ---,   1, ---, ---, ---, ---, ---, ---, ---, ---, ---, ---, ---, ---, ---, ---, ---, ---, ---, ---, ---, ---, ---, ---, 
[1.749s][info][gc,stats     ]     E: Synchronizer Roots             0 us, workers (us):   0, ---, ---, ---, ---, ---, ---, ---, ---, ---, ---, ---, ---, ---, ---, ---, ---, ---, ---, ---, ---, ---, ---, ---, 
[1.749s][info][gc,stats     ]     E: Management Roots               1 us, workers (us):   1, ---, ---, ---, ---, ---, ---, ---, ---, ---, ---, ---, ---, ---, ---, ---, ---, ---, ---, ---, ---, ---, ---, ---, 
[1.749s][info][gc,stats     ]     E: System Dict Roots            102 us, workers (us): 102, ---, ---, ---, ---, ---, ---, ---, ---, ---, ---, ---, ---, ---, ---, ---, ---, ---, ---, ---, ---, ---, ---, ---, 
[1.749s][info][gc,stats     ]     E: CLDG Roots                  1214 us, workers (us): ---, 1214, ---, ---, ---, ---, ---, ---, ---, ---, ---, ---, ---, ---, ---, ---, ---, ---, ---, ---, ---, ---, ---, ---, 
[1.749s][info][gc,stats     ]     E: JVMTI Roots                    0 us, workers (us): ---,   0, ---, ---, ---, ---, ---, ---, ---, ---, ---, ---, ---, ---, ---, ---, ---, ---, ---, ---, ---, ---, ---, ---, 
[1.749s][info][gc,stats     ] Concurrent Cleanup                   47 us
[1.749s][info][gc,stats     ] Concurrent Evacuation              3456 us
[1.749s][info][gc,stats     ] Pause Init  Update Refs (G)         370 us
[1.749s][info][gc,stats     ] Pause Init  Update Refs (N)          74 us
[1.749s][info][gc,stats     ]   Retire GCLABs                      55 us
[1.749s][info][gc,stats     ] Concurrent Update Refs            14140 us
[1.749s][info][gc,stats     ] Pause Final Update Refs (G)         727 us
[1.749s][info][gc,stats     ] Pause Final Update Refs (N)         369 us
[1.749s][info][gc,stats     ]   Update Roots                      333 us, parallelism: 0.86x
[1.749s][info][gc,stats     ]     UR: <total>                     284 us
[1.749s][info][gc,stats     ]     UR: Thread Roots                284 us, workers (us): 265,  19, ---, ---, ---, ---, ---, ---, ---, ---, ---, ---, ---, ---, ---, ---, ---, ---, ---, ---, ---, ---, ---, ---, 
[1.749s][info][gc,stats     ]   Update Region States                3 us
[1.749s][info][gc,stats     ]   Trash Collection Set                6 us
[1.749s][info][gc,stats     ]   Rebuild Free Set                    7 us
[1.749s][info][gc,stats     ] Concurrent Cleanup                 1804 us
[1.749s][info][gc,stats     ] Pacing                            19098 us
[1.749s][info][gc,stats     ] 
[1.749s][info][gc,stats     ] Allocation pacing accrued:
[1.749s][info][gc,stats     ]      19 of   382 ms (  5.0%): main
[1.749s][info][gc,stats     ]      19 of   382 ms (  5.0%): <total>
[1.749s][info][gc,stats     ]       3 of   382 ms (  0.8%): <average total>
[1.749s][info][gc,stats     ]      19 of   382 ms (  5.0%): <average non-zero>
[1.749s][info][gc,stats     ] 
[1.750s][info][gc,metaspace ] Metaspace: 12562K->12562K(1060864K)
[1.750s][info][gc,ergo      ] Pacer for Idle. Initial: 327K, Alloc Tax Rate: 1.0x
[2.148s][info][gc           ] Trigger: Free (1545K) is below minimum threshold (1638K)
[2.148s][info][gc,ergo      ] Free: 1545K, Max: 256K regular, 512K humongous, Frag: 34% external, 32% internal; Reserve: 1024K, Max: 256K
[2.148s][info][gc,start     ] GC(7) Concurrent reset
[2.148s][info][gc,task      ] GC(7) Using 2 of 24 workers for concurrent reset
[2.148s][info][gc,ergo      ] GC(7) Pacer for Reset. Non-Taxable: 16384K
[2.148s][info][gc           ] GC(7) Concurrent reset 0.258ms
[2.148s][info][gc,start     ] GC(7) Pause Init Mark
[2.148s][info][gc,task      ] GC(7) Using 2 of 24 workers for init marking
[2.150s][info][gc,ergo      ] GC(7) Pacer for Mark. Expected Live: 2138K, Free: 1545K, Non-Taxable: 154K, Alloc Tax Rate: 1.7x
[2.150s][info][gc           ] GC(7) Pause Init Mark 1.562ms
[2.150s][info][gc,start     ] GC(7) Concurrent marking
[2.150s][info][gc,task      ] GC(7) Using 2 of 24 workers for concurrent marking
[2.169s][info][gc           ] GC(7) Concurrent marking 18.591ms
[2.169s][info][gc,start     ] GC(7) Pause Final Mark
[2.169s][info][gc,task      ] GC(7) Using 2 of 24 workers for final marking
[2.169s][info][gc,ergo      ] GC(7) Adaptive CSet Selection. Target Free: 2321K, Actual Free: 1792K, Max CSet: 682K, Min Garbage: 529K
[2.169s][info][gc,ergo      ] GC(7) Collectable Garbage: 10096K (95%), Immediate: 0B (0%), CSet: 10096K (95%)
[2.171s][info][gc,ergo      ] GC(7) Pacer for Evacuation. Used CSet: 10626K, Free: 1363K, Non-Taxable: 136K, Alloc Tax Rate: 19.1x
[2.171s][info][gc           ] GC(7) Pause Final Mark 2.270ms
[2.171s][info][gc,start     ] GC(7) Concurrent cleanup
[2.171s][info][gc           ] GC(7) Concurrent cleanup 13M->13M(16M) 0.053ms
[2.171s][info][gc,ergo      ] GC(7) Free: 1363K, Max: 256K regular, 512K humongous, Frag: 34% external, 23% internal; Reserve: 765K, Max: 256K
[2.171s][info][gc,start     ] GC(7) Concurrent evacuation
[2.171s][info][gc,task      ] GC(7) Using 2 of 24 workers for concurrent evacuation
[2.173s][info][gc           ] GC(7) Concurrent evacuation 1.904ms
[2.174s][info][gc,start     ] GC(7) Pause Init Update Refs
[2.174s][info][gc,ergo      ] GC(7) Pacer for Update Refs. Used: 14766K, Free: 1363K, Non-Taxable: 136K, Alloc Tax Rate: 13.2x
[2.174s][info][gc           ] GC(7) Pause Init Update Refs 0.124ms
[2.174s][info][gc,start     ] GC(7) Concurrent update references
[2.174s][info][gc,task      ] GC(7) Using 2 of 24 workers for concurrent reference update
[2.183s][info][gc           ] GC(7) Concurrent update references 8.914ms
[2.183s][info][gc,start     ] GC(7) Pause Final Update Refs
[2.183s][info][gc,task      ] GC(7) Using 2 of 24 workers for final reference update
[2.183s][info][gc           ] GC(7) Pause Final Update Refs 0.218ms
[2.183s][info][gc,start     ] GC(7) Concurrent cleanup
[2.185s][info][gc           ] GC(7) Concurrent cleanup 14M->4M(16M) 1.635ms
[2.185s][info][gc           ] GC(7) Dat log --- cycle is complete
Current gc epoch: 7
heap: ______
capacity: 16777216
used: 4469744
committed: 16777216
bytes_allocated_since_gc_start: 287024
hot_size: 56953
cold_size: 10793
num_regions: 64
hot_region_count: 18446744073709551615
cold_region_count: 18
histogram: Placeholder

[2.185s][info][gc           ] GC(7) Obj count ac histogram
[2.185s][info][gc           ] GC(7) 	0: 1737
[2.185s][info][gc           ] GC(7) 	1: 0
[2.185s][info][gc           ] GC(7) 	2: 0
[2.185s][info][gc           ] GC(7) 	3: 0
[2.185s][info][gc           ] GC(7) 	4: 0
[2.185s][info][gc           ] GC(7) 	5: 0
[2.185s][info][gc           ] GC(7) 	6: 0
[2.185s][info][gc           ] GC(7) 	7: 0
[2.185s][info][gc           ] GC(7) 	8: 0
[2.185s][info][gc           ] GC(7) 	9: 0
[2.185s][info][gc           ] GC(7) 	10: 0
[2.185s][info][gc           ] GC(7) 	11: 0
[2.185s][info][gc           ] GC(7) 	12: 0
[2.185s][info][gc           ] GC(7) 	13: 5528
[2.185s][info][gc           ] GC(7) 	14: 977
[2.185s][info][gc           ] GC(7) 	15: 0
[2.185s][info][gc           ] GC(7) 	16: 0
[2.185s][info][gc           ] GC(7) 	17: 0
[2.185s][info][gc           ] GC(7) 	18: 0
[2.185s][info][gc           ] GC(7) 	19: 0
[2.185s][info][gc           ] GC(7) Obj size ac histogram
[2.185s][info][gc           ] GC(7) 	0: 10282
[2.185s][info][gc           ] GC(7) 	1: 0
[2.185s][info][gc           ] GC(7) 	2: 0
[2.185s][info][gc           ] GC(7) 	3: 0
[2.185s][info][gc           ] GC(7) 	4: 0
[2.185s][info][gc           ] GC(7) 	5: 0
[2.185s][info][gc           ] GC(7) 	6: 0
[2.185s][info][gc           ] GC(7) 	7: 0
[2.185s][info][gc           ] GC(7) 	8: 0
[2.185s][info][gc           ] GC(7) 	9: 0
[2.185s][info][gc           ] GC(7) 	10: 0
[2.185s][info][gc           ] GC(7) 	11: 0
[2.185s][info][gc           ] GC(7) 	12: 0
[2.185s][info][gc           ] GC(7) 	13: 45971
[2.185s][info][gc           ] GC(7) 	14: 10568
[2.185s][info][gc           ] GC(7) 	15: 0
[2.185s][info][gc           ] GC(7) 	16: 0
[2.185s][info][gc           ] GC(7) 	17: 0
[2.185s][info][gc           ] GC(7) 	18: 0
[2.185s][info][gc           ] GC(7) 	19: 0
[2.185s][info][gc,ergo      ] Free: 10995K, Max: 256K regular, 5376K humongous, Frag: 48% external, 6% internal; Reserve: 1024K, Max: 256K
[2.185s][info][gc,stats     ] 
[2.185s][info][gc,stats     ] All times are wall-clock times, except per-root-class counters, that are sum over
[2.185s][info][gc,stats     ] all workers. Dividing the <total> over the root stage time estimates parallelism.
[2.185s][info][gc,stats     ] 
[2.185s][info][gc,stats     ] Concurrent Reset                    237 us
[2.185s][info][gc,stats     ] Pause Init Mark (G)                2062 us
[2.185s][info][gc,stats     ] Pause Init Mark (N)                1514 us
[2.185s][info][gc,stats     ]   Accumulate Stats                    5 us
[2.185s][info][gc,stats     ]   Make Parsable                      36 us
[2.185s][info][gc,stats     ]   Update Region States                2 us
[2.185s][info][gc,stats     ]   Scan Roots                       1347 us, parallelism: 1.03x
[2.185s][info][gc,stats     ]     S: <total>                     1381 us
[2.185s][info][gc,stats     ]     S: Thread Roots                 190 us, workers (us):   2, 188, ---, ---, ---, ---, ---, ---, ---, ---, ---, ---, ---, ---, ---, ---, ---, ---, ---, ---, ---, ---, ---, ---, 
[2.185s][info][gc,stats     ]     S: Universe Roots                20 us, workers (us):  20, ---, ---, ---, ---, ---, ---, ---, ---, ---, ---, ---, ---, ---, ---, ---, ---, ---, ---, ---, ---, ---, ---, ---, 
[2.185s][info][gc,stats     ]     S: JNI Handles Roots              4 us, workers (us):   4, ---, ---, ---, ---, ---, ---, ---, ---, ---, ---, ---, ---, ---, ---, ---, ---, ---, ---, ---, ---, ---, ---, ---, 
[2.185s][info][gc,stats     ]     S: Synchronizer Roots            10 us, workers (us): ---,  10, ---, ---, ---, ---, ---, ---, ---, ---, ---, ---, ---, ---, ---, ---, ---, ---, ---, ---, ---, ---, ---, ---, 
[2.185s][info][gc,stats     ]     S: Management Roots               2 us, workers (us):   2, ---, ---, ---, ---, ---, ---, ---, ---, ---, ---, ---, ---, ---, ---, ---, ---, ---, ---, ---, ---, ---, ---, ---, 
[2.185s][info][gc,stats     ]     S: System Dict Roots             23 us, workers (us): ---,  23, ---, ---, ---, ---, ---, ---, ---, ---, ---, ---, ---, ---, ---, ---, ---, ---, ---, ---, ---, ---, ---, ---, 
[2.186s][info][gc,stats     ]     S: CLDG Roots                  1132 us, workers (us): 1132, ---, ---, ---, ---, ---, ---, ---, ---, ---, ---, ---, ---, ---, ---, ---, ---, ---, ---, ---, ---, ---, ---, ---, 
[2.186s][info][gc,stats     ]     S: JVMTI Roots                    1 us, workers (us):   1, ---, ---, ---, ---, ---, ---, ---, ---, ---, ---, ---, ---, ---, ---, ---, ---, ---, ---, ---, ---, ---, ---, ---, 
[2.186s][info][gc,stats     ]   Resize TLABs                        6 us
[2.186s][info][gc,stats     ] Concurrent Marking                18523 us
[2.186s][info][gc,stats     ] Pause Final Mark (G)               2479 us
[2.186s][info][gc,stats     ] Pause Final Mark (N)               2227 us
[2.186s][info][gc,stats     ]   Finish Queues                     107 us
[2.186s][info][gc,stats     ]   System Purge                      278 us
[2.186s][info][gc,stats     ]     Weak Roots                      277 us
[2.186s][info][gc,stats     ]   Update Region States                4 us
[2.186s][info][gc,stats     ]   Retire TLABs                        6 us
[2.186s][info][gc,stats     ]   Choose Collection Set              64 us
[2.186s][info][gc,stats     ]   Rebuild Free Set                    6 us
[2.186s][info][gc,stats     ]   Initial Evacuation               1738 us, parallelism: 0.60x
[2.186s][info][gc,stats     ]     E: <total>                     1047 us
[2.186s][info][gc,stats     ]     E: Thread Roots                 300 us, workers (us):   1, 299, ---, ---, ---, ---, ---, ---, ---, ---, ---, ---, ---, ---, ---, ---, ---, ---, ---, ---, ---, ---, ---, ---, 
[2.186s][info][gc,stats     ]     E: Code Cache Roots               1 us, workers (us):   0,   1, ---, ---, ---, ---, ---, ---, ---, ---, ---, ---, ---, ---, ---, ---, ---, ---, ---, ---, ---, ---, ---, ---, 
[2.186s][info][gc,stats     ]     E: Universe Roots                 4 us, workers (us):   4, ---, ---, ---, ---, ---, ---, ---, ---, ---, ---, ---, ---, ---, ---, ---, ---, ---, ---, ---, ---, ---, ---, ---, 
[2.186s][info][gc,stats     ]     E: JNI Handles Roots              1 us, workers (us):   1, ---, ---, ---, ---, ---, ---, ---, ---, ---, ---, ---, ---, ---, ---, ---, ---, ---, ---, ---, ---, ---, ---, ---, 
[2.186s][info][gc,stats     ]     E: Synchronizer Roots             0 us, workers (us):   0, ---, ---, ---, ---, ---, ---, ---, ---, ---, ---, ---, ---, ---, ---, ---, ---, ---, ---, ---, ---, ---, ---, ---, 
[2.186s][info][gc,stats     ]     E: Management Roots               1 us, workers (us):   1, ---, ---, ---, ---, ---, ---, ---, ---, ---, ---, ---, ---, ---, ---, ---, ---, ---, ---, ---, ---, ---, ---, ---, 
[2.186s][info][gc,stats     ]     E: System Dict Roots             33 us, workers (us):  33, ---, ---, ---, ---, ---, ---, ---, ---, ---, ---, ---, ---, ---, ---, ---, ---, ---, ---, ---, ---, ---, ---, ---, 
[2.186s][info][gc,stats     ]     E: CLDG Roots                   707 us, workers (us): 707, ---, ---, ---, ---, ---, ---, ---, ---, ---, ---, ---, ---, ---, ---, ---, ---, ---, ---, ---, ---, ---, ---, ---, 
[2.186s][info][gc,stats     ]     E: JVMTI Roots                    1 us, workers (us):   1, ---, ---, ---, ---, ---, ---, ---, ---, ---, ---, ---, ---, ---, ---, ---, ---, ---, ---, ---, ---, ---, ---, ---, 
[2.186s][info][gc,stats     ] Concurrent Cleanup                    6 us
[2.186s][info][gc,stats     ] Concurrent Evacuation              1886 us
[2.186s][info][gc,stats     ] Pause Init  Update Refs (G)         424 us
[2.186s][info][gc,stats     ] Pause Init  Update Refs (N)          82 us
[2.186s][info][gc,stats     ]   Retire GCLABs                      57 us
[2.186s][info][gc,stats     ] Concurrent Update Refs             8884 us
[2.186s][info][gc,stats     ] Pause Final Update Refs (G)         499 us
[2.186s][info][gc,stats     ] Pause Final Update Refs (N)         175 us
[2.186s][info][gc,stats     ]   Update Roots                      139 us, parallelism: 1.10x
[2.186s][info][gc,stats     ]     UR: <total>                     153 us
[2.186s][info][gc,stats     ]     UR: Thread Roots                153 us, workers (us): 109,  44, ---, ---, ---, ---, ---, ---, ---, ---, ---, ---, ---, ---, ---, ---, ---, ---, ---, ---, ---, ---, ---, ---, 
[2.186s][info][gc,stats     ]   Update Region States                3 us
[2.186s][info][gc,stats     ]   Trash Collection Set                6 us
[2.186s][info][gc,stats     ]   Rebuild Free Set                    7 us
[2.186s][info][gc,stats     ] Concurrent Cleanup                 1610 us
[2.186s][info][gc,stats     ] Pacing                            19817 us
[2.186s][info][gc,stats     ] 
[2.186s][info][gc,stats     ] Allocation pacing accrued:
[2.186s][info][gc,stats     ]      20 of   437 ms (  4.5%): main
[2.186s][info][gc,stats     ]      20 of   437 ms (  4.5%): <total>
[2.186s][info][gc,stats     ]       3 of   437 ms (  0.8%): <average total>
[2.186s][info][gc,stats     ]      20 of   437 ms (  4.5%): <average non-zero>
[2.186s][info][gc,stats     ] 
[2.186s][info][gc,metaspace ] Metaspace: 12562K->12562K(1060864K)
[2.186s][info][gc,ergo      ] Pacer for Idle. Initial: 327K, Alloc Tax Rate: 1.0x
[2.545s][info][gc           ] Trigger: Free (1554K) is below minimum threshold (1638K)
[2.545s][info][gc,ergo      ] Free: 1554K, Max: 256K regular, 512K humongous, Frag: 34% external, 39% internal; Reserve: 1024K, Max: 256K
[2.545s][info][gc,start     ] GC(8) Concurrent reset
[2.545s][info][gc,task      ] GC(8) Using 2 of 24 workers for concurrent reset
[2.545s][info][gc,ergo      ] GC(8) Pacer for Reset. Non-Taxable: 16384K
[2.545s][info][gc           ] GC(8) Concurrent reset 0.235ms
[2.546s][info][gc,start     ] GC(8) Pause Init Mark
[2.546s][info][gc,task      ] GC(8) Using 2 of 24 workers for init marking
[2.547s][info][gc,ergo      ] GC(8) Pacer for Mark. Expected Live: 2543K, Free: 1554K, Non-Taxable: 155K, Alloc Tax Rate: 2.0x
[2.547s][info][gc           ] GC(8) Pause Init Mark 1.559ms
[2.547s][info][gc,start     ] GC(8) Concurrent marking
[2.548s][info][gc,task      ] GC(8) Using 2 of 24 workers for concurrent marking
[2.567s][info][gc           ] GC(8) Concurrent marking 19.668ms
[2.567s][info][gc,start     ] GC(8) Pause Final Mark
[2.567s][info][gc,task      ] GC(8) Using 2 of 24 workers for final marking
[2.568s][info][gc,ergo      ] GC(8) Adaptive CSet Selection. Target Free: 2321K, Actual Free: 2048K, Max CSet: 682K, Min Garbage: 273K
[2.568s][info][gc,ergo      ] GC(8) Collectable Garbage: 9117K (91%), Immediate: 256K (2%), CSet: 8861K (88%)
[2.569s][info][gc,ergo      ] GC(8) Pacer for Evacuation. Used CSet: 9440K, Free: 1747K, Non-Taxable: 174K, Alloc Tax Rate: 13.2x
[2.569s][info][gc           ] GC(8) Pause Final Mark 1.526ms
[2.569s][info][gc,start     ] GC(8) Concurrent cleanup
[2.569s][info][gc           ] GC(8) Concurrent cleanup 13M->13M(16M) 0.054ms
[2.569s][info][gc,ergo      ] GC(8) Free: 1527K, Max: 256K regular, 512K humongous, Frag: 34% external, 33% internal; Reserve: 1011K, Max: 256K
[2.569s][info][gc,start     ] GC(8) Concurrent evacuation
[2.569s][info][gc,task      ] GC(8) Using 2 of 24 workers for concurrent evacuation
[2.574s][info][gc           ] GC(8) Concurrent evacuation 4.701ms
[2.574s][info][gc,start     ] GC(8) Pause Init Update Refs
[2.574s][info][gc,ergo      ] GC(8) Pacer for Update Refs. Used: 14568K, Free: 1527K, Non-Taxable: 152K, Alloc Tax Rate: 11.7x
[2.574s][info][gc           ] GC(8) Pause Init Update Refs 0.101ms
[2.574s][info][gc,start     ] GC(8) Concurrent update references
[2.574s][info][gc,task      ] GC(8) Using 2 of 24 workers for concurrent reference update
[2.592s][info][gc           ] GC(8) Concurrent update references 18.089ms
[2.592s][info][gc,start     ] GC(8) Pause Final Update Refs
[2.592s][info][gc,task      ] GC(8) Using 2 of 24 workers for final reference update
[2.593s][info][gc           ] GC(8) Pause Final Update Refs 0.521ms
[2.593s][info][gc,start     ] GC(8) Concurrent cleanup
[2.594s][info][gc           ] GC(8) Concurrent cleanup 14M->5M(16M) 1.482ms
[2.594s][info][gc           ] GC(8) Dat log --- cycle is complete
Current gc epoch: 8
heap: ______
capacity: 16777216
used: 5739008
committed: 16777216
bytes_allocated_since_gc_start: 744984
hot_size: 27752
cold_size: 46330
num_regions: 64
hot_region_count: 18446744073709551615
cold_region_count: 20
histogram: Placeholder

[2.595s][info][gc           ] GC(8) Obj count ac histogram
[2.595s][info][gc           ] GC(8) 	0: 7479
[2.595s][info][gc           ] GC(8) 	1: 0
[2.595s][info][gc           ] GC(8) 	2: 0
[2.595s][info][gc           ] GC(8) 	3: 0
[2.595s][info][gc           ] GC(8) 	4: 0
[2.595s][info][gc           ] GC(8) 	5: 0
[2.595s][info][gc           ] GC(8) 	6: 0
[2.595s][info][gc           ] GC(8) 	7: 0
[2.595s][info][gc           ] GC(8) 	8: 0
[2.595s][info][gc           ] GC(8) 	9: 0
[2.595s][info][gc           ] GC(8) 	10: 0
[2.595s][info][gc           ] GC(8) 	11: 0
[2.595s][info][gc           ] GC(8) 	12: 0
[2.595s][info][gc           ] GC(8) 	13: 327
[2.595s][info][gc           ] GC(8) 	14: 2591
[2.595s][info][gc           ] GC(8) 	15: 0
[2.595s][info][gc           ] GC(8) 	16: 0
[2.595s][info][gc           ] GC(8) 	17: 0
[2.595s][info][gc           ] GC(8) 	18: 0
[2.595s][info][gc           ] GC(8) 	19: 0
[2.595s][info][gc           ] GC(8) Obj size ac histogram
[2.595s][info][gc           ] GC(8) 	0: 44374
[2.595s][info][gc           ] GC(8) 	1: 0
[2.595s][info][gc           ] GC(8) 	2: 0
[2.595s][info][gc           ] GC(8) 	3: 0
[2.595s][info][gc           ] GC(8) 	4: 0
[2.595s][info][gc           ] GC(8) 	5: 0
[2.595s][info][gc           ] GC(8) 	6: 0
[2.595s][info][gc           ] GC(8) 	7: 0
[2.595s][info][gc           ] GC(8) 	8: 0
[2.595s][info][gc           ] GC(8) 	9: 0
[2.595s][info][gc           ] GC(8) 	10: 0
[2.595s][info][gc           ] GC(8) 	11: 0
[2.595s][info][gc           ] GC(8) 	12: 0
[2.595s][info][gc           ] GC(8) 	13: 2898
[2.595s][info][gc           ] GC(8) 	14: 24568
[2.595s][info][gc           ] GC(8) 	15: 0
[2.595s][info][gc           ] GC(8) 	16: 0
[2.595s][info][gc           ] GC(8) 	17: 0
[2.595s][info][gc           ] GC(8) 	18: 0
[2.595s][info][gc           ] GC(8) 	19: 0
[2.595s][info][gc,ergo      ] Free: 9755K, Max: 256K regular, 4096K humongous, Frag: 55% external, 9% internal; Reserve: 1024K, Max: 256K
[2.595s][info][gc,stats     ] 
[2.595s][info][gc,stats     ] All times are wall-clock times, except per-root-class counters, that are sum over
[2.595s][info][gc,stats     ] all workers. Dividing the <total> over the root stage time estimates parallelism.
[2.595s][info][gc,stats     ] 
[2.595s][info][gc,stats     ] Concurrent Reset                    217 us
[2.595s][info][gc,stats     ] Pause Init Mark (G)                1946 us
[2.595s][info][gc,stats     ] Pause Init Mark (N)                1513 us
[2.595s][info][gc,stats     ]   Accumulate Stats                    4 us
[2.595s][info][gc,stats     ]   Make Parsable                      34 us
[2.595s][info][gc,stats     ]   Update Region States                2 us
[2.595s][info][gc,stats     ]   Scan Roots                       1367 us, parallelism: 1.36x
[2.595s][info][gc,stats     ]     S: <total>                     1864 us
[2.595s][info][gc,stats     ]     S: Thread Roots                 599 us, workers (us):   2, 597, ---, ---, ---, ---, ---, ---, ---, ---, ---, ---, ---, ---, ---, ---, ---, ---, ---, ---, ---, ---, ---, ---, 
[2.595s][info][gc,stats     ]     S: Universe Roots                21 us, workers (us):  21, ---, ---, ---, ---, ---, ---, ---, ---, ---, ---, ---, ---, ---, ---, ---, ---, ---, ---, ---, ---, ---, ---, ---, 
[2.595s][info][gc,stats     ]     S: JNI Handles Roots              4 us, workers (us):   4, ---, ---, ---, ---, ---, ---, ---, ---, ---, ---, ---, ---, ---, ---, ---, ---, ---, ---, ---, ---, ---, ---, ---, 
[2.595s][info][gc,stats     ]     S: Synchronizer Roots             1 us, workers (us): ---,   1, ---, ---, ---, ---, ---, ---, ---, ---, ---, ---, ---, ---, ---, ---, ---, ---, ---, ---, ---, ---, ---, ---, 
[2.595s][info][gc,stats     ]     S: Management Roots               2 us, workers (us): ---,   2, ---, ---, ---, ---, ---, ---, ---, ---, ---, ---, ---, ---, ---, ---, ---, ---, ---, ---, ---, ---, ---, ---, 
[2.595s][info][gc,stats     ]     S: System Dict Roots             27 us, workers (us): ---,  27, ---, ---, ---, ---, ---, ---, ---, ---, ---, ---, ---, ---, ---, ---, ---, ---, ---, ---, ---, ---, ---, ---, 
[2.595s][info][gc,stats     ]     S: CLDG Roots                  1209 us, workers (us): 1209, ---, ---, ---, ---, ---, ---, ---, ---, ---, ---, ---, ---, ---, ---, ---, ---, ---, ---, ---, ---, ---, ---, ---, 
[2.595s][info][gc,stats     ]     S: JVMTI Roots                    1 us, workers (us):   1, ---, ---, ---, ---, ---, ---, ---, ---, ---, ---, ---, ---, ---, ---, ---, ---, ---, ---, ---, ---, ---, ---, ---, 
[2.595s][info][gc,stats     ]   Resize TLABs                        3 us
[2.595s][info][gc,stats     ] Concurrent Marking                19615 us
[2.595s][info][gc,stats     ] Pause Final Mark (G)               1731 us
[2.595s][info][gc,stats     ] Pause Final Mark (N)               1483 us
[2.595s][info][gc,stats     ]   Finish Queues                     134 us
[2.595s][info][gc,stats     ]   System Purge                      391 us
[2.595s][info][gc,stats     ]     Weak Roots                      389 us
[2.595s][info][gc,stats     ]   Update Region States                4 us
[2.595s][info][gc,stats     ]   Retire TLABs                        6 us
[2.595s][info][gc,stats     ]   Choose Collection Set              83 us
[2.595s][info][gc,stats     ]   Rebuild Free Set                    6 us
[2.595s][info][gc,stats     ]   Initial Evacuation                837 us, parallelism: 1.02x
[2.595s][info][gc,stats     ]     E: <total>                      851 us
[2.595s][info][gc,stats     ]     E: Thread Roots                 581 us, workers (us):  41, 541, ---, ---, ---, ---, ---, ---, ---, ---, ---, ---, ---, ---, ---, ---, ---, ---, ---, ---, ---, ---, ---, ---, 
[2.595s][info][gc,stats     ]     E: Code Cache Roots               1 us, workers (us):   0,   1, ---, ---, ---, ---, ---, ---, ---, ---, ---, ---, ---, ---, ---, ---, ---, ---, ---, ---, ---, ---, ---, ---, 
[2.595s][info][gc,stats     ]     E: Universe Roots                 7 us, workers (us):   7, ---, ---, ---, ---, ---, ---, ---, ---, ---, ---, ---, ---, ---, ---, ---, ---, ---, ---, ---, ---, ---, ---, ---, 
[2.595s][info][gc,stats     ]     E: JNI Handles Roots              1 us, workers (us):   1, ---, ---, ---, ---, ---, ---, ---, ---, ---, ---, ---, ---, ---, ---, ---, ---, ---, ---, ---, ---, ---, ---, ---, 
[2.595s][info][gc,stats     ]     E: Synchronizer Roots             0 us, workers (us):   0, ---, ---, ---, ---, ---, ---, ---, ---, ---, ---, ---, ---, ---, ---, ---, ---, ---, ---, ---, ---, ---, ---, ---, 
[2.595s][info][gc,stats     ]     E: Management Roots               2 us, workers (us):   2, ---, ---, ---, ---, ---, ---, ---, ---, ---, ---, ---, ---, ---, ---, ---, ---, ---, ---, ---, ---, ---, ---, ---, 
[2.595s][info][gc,stats     ]     E: System Dict Roots             14 us, workers (us):  14, ---, ---, ---, ---, ---, ---, ---, ---, ---, ---, ---, ---, ---, ---, ---, ---, ---, ---, ---, ---, ---, ---, ---, 
[2.596s][info][gc,stats     ]     E: CLDG Roots                   243 us, workers (us): 243, ---, ---, ---, ---, ---, ---, ---, ---, ---, ---, ---, ---, ---, ---, ---, ---, ---, ---, ---, ---, ---, ---, ---, 
[2.596s][info][gc,stats     ]     E: JVMTI Roots                    1 us, workers (us):   1, ---, ---, ---, ---, ---, ---, ---, ---, ---, ---, ---, ---, ---, ---, ---, ---, ---, ---, ---, ---, ---, ---, ---, 
[2.596s][info][gc,stats     ] Concurrent Cleanup                    6 us
[2.596s][info][gc,stats     ] Concurrent Evacuation              4682 us
[2.596s][info][gc,stats     ] Pause Init  Update Refs (G)         419 us
[2.596s][info][gc,stats     ] Pause Init  Update Refs (N)          59 us
[2.596s][info][gc,stats     ]   Retire GCLABs                      35 us
[2.596s][info][gc,stats     ] Concurrent Update Refs            18057 us
[2.596s][info][gc,stats     ] Pause Final Update Refs (G)         690 us
[2.596s][info][gc,stats     ] Pause Final Update Refs (N)         506 us
[2.596s][info][gc,stats     ]   Update Roots                      492 us, parallelism: 1.03x
[2.596s][info][gc,stats     ]     UR: <total>                     506 us
[2.596s][info][gc,stats     ]     UR: Thread Roots                506 us, workers (us): 460,  46, ---, ---, ---, ---, ---, ---, ---, ---, ---, ---, ---, ---, ---, ---, ---, ---, ---, ---, ---, ---, ---, ---, 
[2.596s][info][gc,stats     ]   Update Region States                1 us
[2.596s][info][gc,stats     ]   Trash Collection Set                3 us
[2.596s][info][gc,stats     ]   Rebuild Free Set                    3 us
[2.596s][info][gc,stats     ] Concurrent Cleanup                 1455 us
[2.596s][info][gc,stats     ] Pacing                            20460 us
[2.596s][info][gc,stats     ] 
[2.596s][info][gc,stats     ] Allocation pacing accrued:
[2.596s][info][gc,stats     ]      20 of   410 ms (  5.0%): main
[2.596s][info][gc,stats     ]      20 of   410 ms (  5.0%): <total>
[2.596s][info][gc,stats     ]       3 of   410 ms (  0.8%): <average total>
[2.596s][info][gc,stats     ]      20 of   410 ms (  5.0%): <average non-zero>
[2.596s][info][gc,stats     ] 
[2.596s][info][gc,metaspace ] Metaspace: 12562K->12631K(1060864K)
[2.596s][info][gc,ergo      ] Pacer for Idle. Initial: 327K, Alloc Tax Rate: 1.0x
[2.868s][info][gc           ] Trigger: Average GC time (41.97 ms) is above the time for allocation rate (26841 KB/s) to deplete free headroom (1000K)
[2.868s][info][gc,ergo      ] Free headroom: 1819K (free) - 819K (spike) - 0B (penalties) = 1000K
[2.868s][info][gc,ergo      ] Free: 1819K, Max: 256K regular, 512K humongous, Frag: 50% external, 35% internal; Reserve: 1024K, Max: 256K
[2.868s][info][gc,start     ] GC(9) Concurrent reset
[2.868s][info][gc,task      ] GC(9) Using 2 of 24 workers for concurrent reset
[2.868s][info][gc,ergo      ] GC(9) Pacer for Reset. Non-Taxable: 16384K
[2.868s][info][gc           ] GC(9) Concurrent reset 0.199ms
[2.869s][info][gc,start     ] GC(9) Pause Init Mark
[2.869s][info][gc,task      ] GC(9) Using 2 of 24 workers for init marking
[2.871s][info][gc,ergo      ] GC(9) Pacer for Mark. Expected Live: 3008K, Free: 1819K, Non-Taxable: 181K, Alloc Tax Rate: 2.0x
[2.871s][info][gc           ] GC(9) Pause Init Mark 2.627ms
[2.871s][info][gc,start     ] GC(9) Concurrent marking
[2.871s][info][gc,task      ] GC(9) Using 2 of 24 workers for concurrent marking
[2.898s][info][gc           ] GC(9) Concurrent marking 26.404ms
[2.898s][info][gc,start     ] GC(9) Pause Final Mark
[2.898s][info][gc,task      ] GC(9) Using 2 of 24 workers for final marking
[2.899s][info][gc,ergo      ] GC(9) Adaptive CSet Selection. Target Free: 2321K, Actual Free: 1792K, Max CSet: 682K, Min Garbage: 529K
[2.899s][info][gc,ergo      ] GC(9) Collectable Garbage: 4980K (61%), Immediate: 0B (0%), CSet: 4980K (61%)
[2.899s][info][gc,ergo      ] GC(9) Pacer for Evacuation. Used CSet: 5632K, Free: 1583K, Non-Taxable: 158K, Alloc Tax Rate: 8.7x
[2.899s][info][gc           ] GC(9) Pause Final Mark 1.421ms
[2.900s][info][gc,start     ] GC(9) Concurrent cleanup
[2.900s][info][gc           ] GC(9) Concurrent cleanup 13M->13M(16M) 0.054ms
[2.900s][info][gc,ergo      ] GC(9) Free: 1583K, Max: 256K regular, 512K humongous, Frag: 34% external, 38% internal; Reserve: 999K, Max: 256K
[2.900s][info][gc,start     ] GC(9) Concurrent evacuation
[2.900s][info][gc,task      ] GC(9) Using 2 of 24 workers for concurrent evacuation
[2.903s][info][gc           ] GC(9) Concurrent evacuation 2.993ms
[2.903s][info][gc,start     ] GC(9) Pause Init Update Refs
[2.903s][info][gc,ergo      ] GC(9) Pacer for Update Refs. Used: 14669K, Free: 1271K, Non-Taxable: 127K, Alloc Tax Rate: 14.1x
[2.903s][info][gc           ] GC(9) Pause Init Update Refs 0.100ms
[2.903s][info][gc,start     ] GC(9) Concurrent update references
[2.903s][info][gc,task      ] GC(9) Using 2 of 24 workers for concurrent reference update
[2.924s][info][gc           ] GC(9) Concurrent update references 20.890ms
[2.924s][info][gc,start     ] GC(9) Pause Final Update Refs
[2.924s][info][gc,task      ] GC(9) Using 2 of 24 workers for final reference update
[2.925s][info][gc           ] GC(9) Pause Final Update Refs 0.451ms
[2.925s][info][gc,start     ] GC(9) Concurrent cleanup
[2.926s][info][gc           ] GC(9) Concurrent cleanup 14M->9M(16M) 0.870ms
[2.926s][info][gc           ] GC(9) Dat log --- cycle is complete
Current gc epoch: 9
heap: ______
capacity: 16777216
used: 9778816
committed: 16777216
bytes_allocated_since_gc_start: 823368
hot_size: 32962
cold_size: 50381
num_regions: 64
hot_region_count: 1
cold_region_count: 23
histogram: Placeholder

[2.926s][info][gc           ] GC(9) Obj count ac histogram
[2.926s][info][gc           ] GC(9) 	0: 7104
[2.926s][info][gc           ] GC(9) 	1: 0
[2.926s][info][gc           ] GC(9) 	2: 0
[2.926s][info][gc           ] GC(9) 	3: 0
[2.926s][info][gc           ] GC(9) 	4: 0
[2.926s][info][gc           ] GC(9) 	5: 0
[2.926s][info][gc           ] GC(9) 	6: 0
[2.926s][info][gc           ] GC(9) 	7: 0
[2.926s][info][gc           ] GC(9) 	8: 0
[2.926s][info][gc           ] GC(9) 	9: 0
[2.926s][info][gc           ] GC(9) 	10: 0
[2.926s][info][gc           ] GC(9) 	11: 0
[2.926s][info][gc           ] GC(9) 	12: 0
[2.926s][info][gc           ] GC(9) 	13: 1
[2.926s][info][gc           ] GC(9) 	14: 2462
[2.926s][info][gc           ] GC(9) 	15: 0
[2.926s][info][gc           ] GC(9) 	16: 0
[2.926s][info][gc           ] GC(9) 	17: 0
[2.926s][info][gc           ] GC(9) 	18: 0
[2.926s][info][gc           ] GC(9) 	19: 0
[2.926s][info][gc           ] GC(9) Obj size ac histogram
[2.926s][info][gc           ] GC(9) 	0: 46580
[2.926s][info][gc           ] GC(9) 	1: 0
[2.926s][info][gc           ] GC(9) 	2: 0
[2.926s][info][gc           ] GC(9) 	3: 0
[2.926s][info][gc           ] GC(9) 	4: 0
[2.926s][info][gc           ] GC(9) 	5: 0
[2.926s][info][gc           ] GC(9) 	6: 0
[2.926s][info][gc           ] GC(9) 	7: 0
[2.926s][info][gc           ] GC(9) 	8: 0
[2.926s][info][gc           ] GC(9) 	9: 0
[2.926s][info][gc           ] GC(9) 	10: 0
[2.926s][info][gc           ] GC(9) 	11: 0
[2.926s][info][gc           ] GC(9) 	12: 0
[2.926s][info][gc           ] GC(9) 	13: 9
[2.926s][info][gc           ] GC(9) 	14: 32506
[2.926s][info][gc           ] GC(9) 	15: 0
[2.926s][info][gc           ] GC(9) 	16: 0
[2.926s][info][gc           ] GC(9) 	17: 0
[2.926s][info][gc           ] GC(9) 	18: 0
[2.926s][info][gc           ] GC(9) 	19: 0
[2.926s][info][gc,ergo      ] Free: 5610K, Max: 256K regular, 2560K humongous, Frag: 42% external, 15% internal; Reserve: 1024K, Max: 256K
[2.926s][info][gc,stats     ] 
[2.926s][info][gc,stats     ] All times are wall-clock times, except per-root-class counters, that are sum over
[2.926s][info][gc,stats     ] all workers. Dividing the <total> over the root stage time estimates parallelism.
[2.926s][info][gc,stats     ] 
[2.926s][info][gc,stats     ] Concurrent Reset                    182 us
[2.926s][info][gc,stats     ] Pause Init Mark (G)                3091 us
[2.926s][info][gc,stats     ] Pause Init Mark (N)                2583 us
[2.926s][info][gc,stats     ]   Accumulate Stats                    5 us
[2.926s][info][gc,stats     ]   Make Parsable                      37 us
[2.926s][info][gc,stats     ]   Update Region States                2 us
[2.926s][info][gc,stats     ]   Scan Roots                       2422 us, parallelism: 1.40x
[2.926s][info][gc,stats     ]     S: <total>                     3396 us
[2.926s][info][gc,stats     ]     S: Thread Roots                2276 us, workers (us):  53, 2224, ---, ---, ---, ---, ---, ---, ---, ---, ---, ---, ---, ---, ---, ---, ---, ---, ---, ---, ---, ---, ---, ---, 
[2.926s][info][gc,stats     ]     S: Universe Roots                19 us, workers (us):  19, ---, ---, ---, ---, ---, ---, ---, ---, ---, ---, ---, ---, ---, ---, ---, ---, ---, ---, ---, ---, ---, ---, ---, 
[2.926s][info][gc,stats     ]     S: JNI Handles Roots              3 us, workers (us):   3, ---, ---, ---, ---, ---, ---, ---, ---, ---, ---, ---, ---, ---, ---, ---, ---, ---, ---, ---, ---, ---, ---, ---, 
[2.926s][info][gc,stats     ]     S: Synchronizer Roots             1 us, workers (us): ---,   1, ---, ---, ---, ---, ---, ---, ---, ---, ---, ---, ---, ---, ---, ---, ---, ---, ---, ---, ---, ---, ---, ---, 
[2.926s][info][gc,stats     ]     S: Management Roots               2 us, workers (us): ---,   2, ---, ---, ---, ---, ---, ---, ---, ---, ---, ---, ---, ---, ---, ---, ---, ---, ---, ---, ---, ---, ---, ---, 
[2.926s][info][gc,stats     ]     S: System Dict Roots             20 us, workers (us): ---,  20, ---, ---, ---, ---, ---, ---, ---, ---, ---, ---, ---, ---, ---, ---, ---, ---, ---, ---, ---, ---, ---, ---, 
[2.926s][info][gc,stats     ]     S: CLDG Roots                  1075 us, workers (us): 1075, ---, ---, ---, ---, ---, ---, ---, ---, ---, ---, ---, ---, ---, ---, ---, ---, ---, ---, ---, ---, ---, ---, ---, 
[2.926s][info][gc,stats     ]     S: JVMTI Roots                    1 us, workers (us):   1, ---, ---, ---, ---, ---, ---, ---, ---, ---, ---, ---, ---, ---, ---, ---, ---, ---, ---, ---, ---, ---, ---, ---, 
[2.926s][info][gc,stats     ]   Resize TLABs                        5 us
[2.926s][info][gc,stats     ] Concurrent Marking                26346 us
[2.926s][info][gc,stats     ] Pause Final Mark (G)               1670 us
[2.927s][info][gc,stats     ] Pause Final Mark (N)               1379 us
[2.927s][info][gc,stats     ]   Finish Queues                     151 us
[2.927s][info][gc,stats     ]   System Purge                      413 us
[2.927s][info][gc,stats     ]     Weak Roots                      412 us
[2.927s][info][gc,stats     ]   Update Region States               16 us
[2.927s][info][gc,stats     ]   Retire TLABs                       39 us
[2.927s][info][gc,stats     ]   Choose Collection Set              59 us
[2.927s][info][gc,stats     ]   Rebuild Free Set                    6 us
[2.927s][info][gc,stats     ]   Initial Evacuation                674 us, parallelism: 0.95x
[2.927s][info][gc,stats     ]     E: <total>                      643 us
[2.927s][info][gc,stats     ]     E: Thread Roots                 419 us, workers (us):  25, 394, ---, ---, ---, ---, ---, ---, ---, ---, ---, ---, ---, ---, ---, ---, ---, ---, ---, ---, ---, ---, ---, ---, 
[2.927s][info][gc,stats     ]     E: Code Cache Roots               1 us, workers (us):   0,   1, ---, ---, ---, ---, ---, ---, ---, ---, ---, ---, ---, ---, ---, ---, ---, ---, ---, ---, ---, ---, ---, ---, 
[2.927s][info][gc,stats     ]     E: Universe Roots                 3 us, workers (us):   3, ---, ---, ---, ---, ---, ---, ---, ---, ---, ---, ---, ---, ---, ---, ---, ---, ---, ---, ---, ---, ---, ---, ---, 
[2.927s][info][gc,stats     ]     E: JNI Handles Roots              2 us, workers (us): ---,   2, ---, ---, ---, ---, ---, ---, ---, ---, ---, ---, ---, ---, ---, ---, ---, ---, ---, ---, ---, ---, ---, ---, 
[2.927s][info][gc,stats     ]     E: Synchronizer Roots             0 us, workers (us):   0, ---, ---, ---, ---, ---, ---, ---, ---, ---, ---, ---, ---, ---, ---, ---, ---, ---, ---, ---, ---, ---, ---, ---, 
[2.927s][info][gc,stats     ]     E: Management Roots               1 us, workers (us):   1, ---, ---, ---, ---, ---, ---, ---, ---, ---, ---, ---, ---, ---, ---, ---, ---, ---, ---, ---, ---, ---, ---, ---, 
[2.927s][info][gc,stats     ]     E: System Dict Roots             12 us, workers (us):  12, ---, ---, ---, ---, ---, ---, ---, ---, ---, ---, ---, ---, ---, ---, ---, ---, ---, ---, ---, ---, ---, ---, ---, 
[2.927s][info][gc,stats     ]     E: CLDG Roots                   204 us, workers (us): 204, ---, ---, ---, ---, ---, ---, ---, ---, ---, ---, ---, ---, ---, ---, ---, ---, ---, ---, ---, ---, ---, ---, ---, 
[2.927s][info][gc,stats     ]     E: JVMTI Roots                    1 us, workers (us): ---,   1, ---, ---, ---, ---, ---, ---, ---, ---, ---, ---, ---, ---, ---, ---, ---, ---, ---, ---, ---, ---, ---, ---, 
[2.927s][info][gc,stats     ] Concurrent Cleanup                    6 us
[2.927s][info][gc,stats     ] Concurrent Evacuation              2973 us
[2.927s][info][gc,stats     ] Pause Init  Update Refs (G)         410 us
[2.927s][info][gc,stats     ] Pause Init  Update Refs (N)          58 us
[2.927s][info][gc,stats     ]   Retire GCLABs                      34 us
[2.927s][info][gc,stats     ] Concurrent Update Refs            20860 us
[2.927s][info][gc,stats     ] Pause Final Update Refs (G)         805 us
[2.927s][info][gc,stats     ] Pause Final Update Refs (N)         408 us
[2.927s][info][gc,stats     ]   Update Roots                      373 us, parallelism: 0.86x
[2.927s][info][gc,stats     ]     UR: <total>                     320 us
[2.927s][info][gc,stats     ]     UR: Thread Roots                320 us, workers (us): 289,  31, ---, ---, ---, ---, ---, ---, ---, ---, ---, ---, ---, ---, ---, ---, ---, ---, ---, ---, ---, ---, ---, ---, 
[2.927s][info][gc,stats     ]   Update Region States                3 us
[2.927s][info][gc,stats     ]   Trash Collection Set                5 us
[2.927s][info][gc,stats     ]   Rebuild Free Set                    7 us
[2.927s][info][gc,stats     ] Concurrent Cleanup                  842 us
[2.927s][info][gc,stats     ] Pacing                            25675 us
[2.927s][info][gc,stats     ] 
[2.927s][info][gc,stats     ] Allocation pacing accrued:
[2.927s][info][gc,stats     ]      26 of   331 ms (  7.8%): main
[2.927s][info][gc,stats     ]      26 of   331 ms (  7.8%): <total>
[2.927s][info][gc,stats     ]       4 of   331 ms (  1.3%): <average total>
[2.927s][info][gc,stats     ]      26 of   331 ms (  7.8%): <average non-zero>
[2.927s][info][gc,stats     ] 
[2.927s][info][gc,metaspace ] Metaspace: 12961K->12961K(1060864K)
[2.927s][info][gc,ergo      ] Pacer for Idle. Initial: 327K, Alloc Tax Rate: 1.0x
[3.036s][info][gc           ] Trigger: Average GC time (47.17 ms) is above the time for allocation rate (27285 KB/s) to deplete free headroom (1207K)
[3.036s][info][gc,ergo      ] Free headroom: 2026K (free) - 819K (spike) - 0B (penalties) = 1207K
[3.036s][info][gc,ergo      ] Free: 2026K, Max: 256K regular, 768K humongous, Frag: 0% external, 34% internal; Reserve: 1024K, Max: 256K
[3.036s][info][gc,start     ] GC(10) Concurrent reset
[3.036s][info][gc,task      ] GC(10) Using 2 of 24 workers for concurrent reset
[3.036s][info][gc,ergo      ] GC(10) Pacer for Reset. Non-Taxable: 16384K
[3.036s][info][gc           ] GC(10) Concurrent reset 0.184ms
[3.037s][info][gc,start     ] GC(10) Pause Init Mark (process weakrefs)
[3.037s][info][gc,task      ] GC(10) Using 2 of 24 workers for init marking
[3.038s][info][gc,ergo      ] GC(10) Pacer for Mark. Expected Live: 3728K, Free: 2026K, Non-Taxable: 202K, Alloc Tax Rate: 2.2x
[3.038s][info][gc           ] GC(10) Pause Init Mark (process weakrefs) 1.571ms
[3.039s][info][gc,start     ] GC(10) Concurrent marking (process weakrefs)
[3.039s][info][gc,task      ] GC(10) Using 2 of 24 workers for concurrent marking
[3.066s][info][gc           ] GC(10) Concurrent marking (process weakrefs) 27.138ms
[3.066s][info][gc,start     ] GC(10) Concurrent precleaning
[3.066s][info][gc,task      ] GC(10) Using 1 of 24 workers for concurrent preclean
[3.066s][info][gc,ergo      ] GC(10) Pacer for Precleaning. Non-Taxable: 16384K
[3.067s][info][gc           ] GC(10) Concurrent precleaning 1.013ms
[3.067s][info][gc,start     ] GC(10) Pause Final Mark (process weakrefs)
[3.067s][info][gc,task      ] GC(10) Using 2 of 24 workers for final marking
[3.067s][info][gc,ergo      ] GC(10) Adaptive CSet Selection. Target Free: 2321K, Actual Free: 1536K, Max CSet: 682K, Min Garbage: 785K
[3.067s][info][gc,ergo      ] GC(10) Collectable Garbage: 4239K (58%), Immediate: 0B (0%), CSet: 4239K (58%)
[3.068s][info][gc,ergo      ] GC(10) Pacer for Evacuation. Used CSet: 4864K, Free: 1737K, Non-Taxable: 173K, Alloc Tax Rate: 6.8x
[3.068s][info][gc           ] GC(10) Pause Final Mark (process weakrefs) 1.032ms
[3.068s][info][gc,start     ] GC(10) Concurrent cleanup
[3.068s][info][gc           ] GC(10) Concurrent cleanup 13M->13M(16M) 0.053ms
[3.068s][info][gc,ergo      ] GC(10) Free: 1737K, Max: 256K regular, 512K humongous, Frag: 0% external, 38% internal; Reserve: 1015K, Max: 256K
[3.068s][info][gc,start     ] GC(10) Concurrent evacuation
[3.068s][info][gc,task      ] GC(10) Using 2 of 24 workers for concurrent evacuation
[3.073s][info][gc           ] GC(10) Concurrent evacuation 4.661ms
[3.073s][info][gc,start     ] GC(10) Pause Init Update Refs
[3.073s][info][gc,ergo      ] GC(10) Pacer for Update Refs. Used: 14520K, Free: 1737K, Non-Taxable: 173K, Alloc Tax Rate: 10.2x
[3.073s][info][gc           ] GC(10) Pause Init Update Refs 0.083ms
[3.073s][info][gc,start     ] GC(10) Concurrent update references
[3.073s][info][gc,task      ] GC(10) Using 2 of 24 workers for concurrent reference update
[3.086s][info][gc           ] GC(10) Concurrent update references 13.225ms
[3.087s][info][gc,start     ] GC(10) Pause Final Update Refs
[3.087s][info][gc,task      ] GC(10) Using 2 of 24 workers for final reference update
[3.087s][info][gc           ] GC(10) Pause Final Update Refs 0.370ms
[3.087s][info][gc,start     ] GC(10) Concurrent cleanup
[3.088s][info][gc           ] GC(10) Concurrent cleanup 14M->9M(16M) 0.732ms
[3.088s][info][gc           ] GC(10) Dat log --- cycle is complete
Current gc epoch: 10
heap: ______
capacity: 16777216
used: 10150008
committed: 16777216
bytes_allocated_since_gc_start: 557952
hot_size: 35848
cold_size: 44127
num_regions: 64
hot_region_count: 3
cold_region_count: 25
histogram: Placeholder

[3.088s][info][gc           ] GC(10) Obj count ac histogram
[3.088s][info][gc           ] GC(10) 	0: 6335
[3.088s][info][gc           ] GC(10) 	1: 0
[3.088s][info][gc           ] GC(10) 	2: 0
[3.088s][info][gc           ] GC(10) 	3: 0
[3.088s][info][gc           ] GC(10) 	4: 0
[3.088s][info][gc           ] GC(10) 	5: 0
[3.088s][info][gc           ] GC(10) 	6: 0
[3.088s][info][gc           ] GC(10) 	7: 0
[3.088s][info][gc           ] GC(10) 	8: 0
[3.088s][info][gc           ] GC(10) 	9: 0
[3.088s][info][gc           ] GC(10) 	10: 0
[3.088s][info][gc           ] GC(10) 	11: 0
[3.088s][info][gc           ] GC(10) 	12: 0
[3.088s][info][gc           ] GC(10) 	13: 409
[3.088s][info][gc           ] GC(10) 	14: 2163
[3.088s][info][gc           ] GC(10) 	15: 0
[3.088s][info][gc           ] GC(10) 	16: 0
[3.088s][info][gc           ] GC(10) 	17: 0
[3.088s][info][gc           ] GC(10) 	18: 0
[3.088s][info][gc           ] GC(10) 	19: 0
[3.088s][info][gc           ] GC(10) Obj size ac histogram
[3.088s][info][gc           ] GC(10) 	0: 42141
[3.088s][info][gc           ] GC(10) 	1: 0
[3.088s][info][gc           ] GC(10) 	2: 0
[3.088s][info][gc           ] GC(10) 	3: 0
[3.088s][info][gc           ] GC(10) 	4: 0
[3.088s][info][gc           ] GC(10) 	5: 0
[3.088s][info][gc           ] GC(10) 	6: 0
[3.088s][info][gc           ] GC(10) 	7: 0
[3.088s][info][gc           ] GC(10) 	8: 0
[3.088s][info][gc           ] GC(10) 	9: 0
[3.088s][info][gc           ] GC(10) 	10: 0
[3.088s][info][gc           ] GC(10) 	11: 0
[3.088s][info][gc           ] GC(10) 	12: 0
[3.088s][info][gc           ] GC(10) 	13: 5395
[3.088s][info][gc           ] GC(10) 	14: 30157
[3.088s][info][gc           ] GC(10) 	15: 0
[3.088s][info][gc           ] GC(10) 	16: 0
[3.088s][info][gc           ] GC(10) 	17: 0
[3.088s][info][gc           ] GC(10) 	18: 0
[3.088s][info][gc           ] GC(10) 	19: 0
[3.088s][info][gc,ergo      ] Free: 5447K, Max: 256K regular, 1536K humongous, Frag: 63% external, 18% internal; Reserve: 1024K, Max: 256K
[3.088s][info][gc,stats     ] 
[3.088s][info][gc,stats     ] All times are wall-clock times, except per-root-class counters, that are sum over
[3.088s][info][gc,stats     ] all workers. Dividing the <total> over the root stage time estimates parallelism.
[3.088s][info][gc,stats     ] 
[3.088s][info][gc,stats     ] Concurrent Reset                    168 us
[3.088s][info][gc,stats     ] Pause Init Mark (G)                2014 us
[3.088s][info][gc,stats     ] Pause Init Mark (N)                1528 us
[3.088s][info][gc,stats     ]   Accumulate Stats                    5 us
[3.088s][info][gc,stats     ]   Make Parsable                      32 us
[3.088s][info][gc,stats     ]   Update Region States                2 us
[3.088s][info][gc,stats     ]   Scan Roots                       1366 us, parallelism: 1.13x
[3.088s][info][gc,stats     ]     S: <total>                     1537 us
[3.088s][info][gc,stats     ]     S: Thread Roots                 232 us, workers (us):   2, 230, ---, ---, ---, ---, ---, ---, ---, ---, ---, ---, ---, ---, ---, ---, ---, ---, ---, ---, ---, ---, ---, ---, 
[3.088s][info][gc,stats     ]     S: Universe Roots                18 us, workers (us):  18, ---, ---, ---, ---, ---, ---, ---, ---, ---, ---, ---, ---, ---, ---, ---, ---, ---, ---, ---, ---, ---, ---, ---, 
[3.088s][info][gc,stats     ]     S: JNI Handles Roots             13 us, workers (us): ---,  13, ---, ---, ---, ---, ---, ---, ---, ---, ---, ---, ---, ---, ---, ---, ---, ---, ---, ---, ---, ---, ---, ---, 
[3.088s][info][gc,stats     ]     S: Synchronizer Roots             0 us, workers (us):   0, ---, ---, ---, ---, ---, ---, ---, ---, ---, ---, ---, ---, ---, ---, ---, ---, ---, ---, ---, ---, ---, ---, ---, 
[3.088s][info][gc,stats     ]     S: Management Roots               2 us, workers (us):   2, ---, ---, ---, ---, ---, ---, ---, ---, ---, ---, ---, ---, ---, ---, ---, ---, ---, ---, ---, ---, ---, ---, ---, 
[3.088s][info][gc,stats     ]     S: System Dict Roots             22 us, workers (us):  22, ---, ---, ---, ---, ---, ---, ---, ---, ---, ---, ---, ---, ---, ---, ---, ---, ---, ---, ---, ---, ---, ---, ---, 
[3.088s][info][gc,stats     ]     S: CLDG Roots                  1250 us, workers (us): 1250, ---, ---, ---, ---, ---, ---, ---, ---, ---, ---, ---, ---, ---, ---, ---, ---, ---, ---, ---, ---, ---, ---, ---, 
[3.088s][info][gc,stats     ]     S: JVMTI Roots                    0 us, workers (us): ---,   0, ---, ---, ---, ---, ---, ---, ---, ---, ---, ---, ---, ---, ---, ---, ---, ---, ---, ---, ---, ---, ---, ---, 
[3.088s][info][gc,stats     ]   Resize TLABs                        4 us
[3.088s][info][gc,stats     ] Concurrent Marking                27087 us
[3.088s][info][gc,stats     ] Concurrent Precleaning              994 us
[3.088s][info][gc,stats     ] Pause Final Mark (G)               1251 us
[3.088s][info][gc,stats     ] Pause Final Mark (N)               1018 us
[3.088s][info][gc,stats     ]   Finish Queues                     110 us
[3.088s][info][gc,stats     ]   Weak References                   187 us
[3.088s][info][gc,stats     ]     Process                         183 us
[3.088s][info][gc,stats     ]   System Purge                      243 us
[3.089s][info][gc,stats     ]     Weak Roots                      243 us
[3.089s][info][gc,stats     ]   Update Region States                2 us
[3.089s][info][gc,stats     ]   Retire TLABs                        3 us
[3.089s][info][gc,stats     ]   Choose Collection Set              24 us
[3.089s][info][gc,stats     ]   Rebuild Free Set                    2 us
[3.089s][info][gc,stats     ]   Initial Evacuation                440 us, parallelism: 1.13x
[3.089s][info][gc,stats     ]     E: <total>                      498 us
[3.089s][info][gc,stats     ]     E: Thread Roots                 209 us, workers (us): 208,   1, ---, ---, ---, ---, ---, ---, ---, ---, ---, ---, ---, ---, ---, ---, ---, ---, ---, ---, ---, ---, ---, ---, 
[3.089s][info][gc,stats     ]     E: Code Cache Roots               1 us, workers (us):   0,   0, ---, ---, ---, ---, ---, ---, ---, ---, ---, ---, ---, ---, ---, ---, ---, ---, ---, ---, ---, ---, ---, ---, 
[3.089s][info][gc,stats     ]     E: Universe Roots                 2 us, workers (us):   2, ---, ---, ---, ---, ---, ---, ---, ---, ---, ---, ---, ---, ---, ---, ---, ---, ---, ---, ---, ---, ---, ---, ---, 
[3.089s][info][gc,stats     ]     E: JNI Handles Roots              1 us, workers (us):   1, ---, ---, ---, ---, ---, ---, ---, ---, ---, ---, ---, ---, ---, ---, ---, ---, ---, ---, ---, ---, ---, ---, ---, 
[3.089s][info][gc,stats     ]     E: Synchronizer Roots             0 us, workers (us):   0, ---, ---, ---, ---, ---, ---, ---, ---, ---, ---, ---, ---, ---, ---, ---, ---, ---, ---, ---, ---, ---, ---, ---, 
[3.089s][info][gc,stats     ]     E: Management Roots               1 us, workers (us):   1, ---, ---, ---, ---, ---, ---, ---, ---, ---, ---, ---, ---, ---, ---, ---, ---, ---, ---, ---, ---, ---, ---, ---, 
[3.089s][info][gc,stats     ]     E: System Dict Roots              4 us, workers (us):   4, ---, ---, ---, ---, ---, ---, ---, ---, ---, ---, ---, ---, ---, ---, ---, ---, ---, ---, ---, ---, ---, ---, ---, 
[3.089s][info][gc,stats     ]     E: CLDG Roots                   280 us, workers (us): ---, 280, ---, ---, ---, ---, ---, ---, ---, ---, ---, ---, ---, ---, ---, ---, ---, ---, ---, ---, ---, ---, ---, ---, 
[3.089s][info][gc,stats     ]     E: JVMTI Roots                    0 us, workers (us):   0, ---, ---, ---, ---, ---, ---, ---, ---, ---, ---, ---, ---, ---, ---, ---, ---, ---, ---, ---, ---, ---, ---, ---, 
[3.089s][info][gc,stats     ] Concurrent Cleanup                    6 us
[3.089s][info][gc,stats     ] Concurrent Evacuation              4637 us
[3.089s][info][gc,stats     ] Pause Init  Update Refs (G)         276 us
[3.089s][info][gc,stats     ] Pause Init  Update Refs (N)          58 us
[3.089s][info][gc,stats     ]   Retire GCLABs                      43 us
[3.089s][info][gc,stats     ] Concurrent Update Refs            13195 us
[3.089s][info][gc,stats     ] Pause Final Update Refs (G)         576 us
[3.089s][info][gc,stats     ] Pause Final Update Refs (N)         353 us
[3.089s][info][gc,stats     ]   Update Roots                      336 us, parallelism: 0.92x
[3.089s][info][gc,stats     ]     UR: <total>                     309 us
[3.089s][info][gc,stats     ]     UR: Thread Roots                309 us, workers (us): 267,  42, ---, ---, ---, ---, ---, ---, ---, ---, ---, ---, ---, ---, ---, ---, ---, ---, ---, ---, ---, ---, ---, ---, 
[3.089s][info][gc,stats     ]   Update Region States                2 us
[3.089s][info][gc,stats     ]   Trash Collection Set                3 us
[3.089s][info][gc,stats     ]   Rebuild Free Set                    3 us
[3.089s][info][gc,stats     ] Concurrent Cleanup                  706 us
[3.089s][info][gc,stats     ] Pacing                            20756 us
[3.089s][info][gc,stats     ] 
[3.089s][info][gc,stats     ] Allocation pacing accrued:
[3.089s][info][gc,stats     ]      21 of   162 ms ( 12.8%): main
[3.089s][info][gc,stats     ]      21 of   162 ms ( 12.8%): <total>
[3.089s][info][gc,stats     ]       3 of   162 ms (  2.1%): <average total>
[3.089s][info][gc,stats     ]      21 of   162 ms ( 12.8%): <average non-zero>
[3.089s][info][gc,stats     ] 
[3.089s][info][gc,metaspace ] Metaspace: 12961K->12961K(1060864K)
[3.089s][info][gc,ergo      ] Pacer for Idle. Initial: 327K, Alloc Tax Rate: 1.0x
[3.230s][info][gc           ] Trigger: Average GC time (47.71 ms) is above the time for allocation rate (21926 KB/s) to deplete free headroom (928K)
[3.230s][info][gc,ergo      ] Free headroom: 1747K (free) - 819K (spike) - 0B (penalties) = 928K
[3.230s][info][gc,ergo      ] Free: 1747K, Max: 256K regular, 256K humongous, Frag: 0% external, 43% internal; Reserve: 1024K, Max: 256K
[3.230s][info][gc,start     ] GC(11) Concurrent reset
[3.230s][info][gc,task      ] GC(11) Using 2 of 24 workers for concurrent reset
[3.230s][info][gc,ergo      ] GC(11) Pacer for Reset. Non-Taxable: 16384K
[3.230s][info][gc           ] GC(11) Concurrent reset 0.224ms
[3.231s][info][gc,start     ] GC(11) Pause Init Mark
[3.231s][info][gc,task      ] GC(11) Using 2 of 24 workers for init marking
[3.232s][info][gc,ergo      ] GC(11) Pacer for Mark. Expected Live: 4334K, Free: 1747K, Non-Taxable: 174K, Alloc Tax Rate: 3.0x
[3.232s][info][gc           ] GC(11) Pause Init Mark 1.032ms
[3.232s][info][gc,start     ] GC(11) Concurrent marking
[3.232s][info][gc,task      ] GC(11) Using 2 of 24 workers for concurrent marking
[3.257s][info][gc           ] GC(11) Concurrent marking 24.851ms
[3.257s][info][gc,start     ] GC(11) Pause Final Mark
[3.257s][info][gc,task      ] GC(11) Using 2 of 24 workers for final marking
[3.257s][info][gc,ergo      ] GC(11) Adaptive CSet Selection. Target Free: 2321K, Actual Free: 1280K, Max CSet: 682K, Min Garbage: 1041K
[3.257s][info][gc,ergo      ] GC(11) Collectable Garbage: 3971K (55%), Immediate: 0B (0%), CSet: 3971K (55%)
[3.258s][info][gc,ergo      ] GC(11) Pacer for Evacuation. Used CSet: 4584K, Free: 1584K, Non-Taxable: 158K, Alloc Tax Rate: 7.1x
[3.258s][info][gc           ] GC(11) Pause Final Mark 1.030ms
[3.258s][info][gc,start     ] GC(11) Concurrent cleanup
[3.258s][info][gc           ] GC(11) Concurrent cleanup 13M->13M(16M) 0.033ms
[3.258s][info][gc,ergo      ] GC(11) Free: 1584K, Max: 256K regular, 256K humongous, Frag: 0% external, 38% internal; Reserve: 1007K, Max: 256K
[3.258s][info][gc,start     ] GC(11) Concurrent evacuation
[3.258s][info][gc,task      ] GC(11) Using 2 of 24 workers for concurrent evacuation
[3.261s][info][gc           ] GC(11) Concurrent evacuation 3.653ms
[3.262s][info][gc,start     ] GC(11) Pause Init Update Refs
[3.262s][info][gc,ergo      ] GC(11) Pacer for Update Refs. Used: 14769K, Free: 1475K, Non-Taxable: 147K, Alloc Tax Rate: 12.2x
[3.262s][info][gc           ] GC(11) Pause Init Update Refs 0.088ms
[3.262s][info][gc,start     ] GC(11) Concurrent update references
[3.262s][info][gc,task      ] GC(11) Using 2 of 24 workers for concurrent reference update
[3.275s][info][gc           ] Failed to allocate TLAB, 109K
[3.275s][info][gc           ] Cancelling GC: Allocation Failure
[3.276s][info][gc           ] GC(11) Concurrent update references 14.321ms
[3.276s][info][gc,ergo      ] Free: 1292K, Max: 253K regular, 0B humongous, Frag: 0% external, 36% internal; Reserve: 115K, Max: 115K
[3.276s][info][gc,stats     ] 
[3.276s][info][gc,stats     ] All times are wall-clock times, except per-root-class counters, that are sum over
[3.276s][info][gc,stats     ] all workers. Dividing the <total> over the root stage time estimates parallelism.
[3.276s][info][gc,stats     ] 
[3.276s][info][gc,stats     ] Concurrent Reset                    205 us
[3.276s][info][gc,stats     ] Pause Init Mark (G)                1390 us
[3.276s][info][gc,stats     ] Pause Init Mark (N)                1001 us
[3.276s][info][gc,stats     ]   Accumulate Stats                    4 us
[3.276s][info][gc,stats     ]   Make Parsable                      12 us
[3.276s][info][gc,stats     ]   Update Region States                1 us
[3.276s][info][gc,stats     ]   Scan Roots                        911 us, parallelism: 1.49x
[3.276s][info][gc,stats     ]     S: <total>                     1357 us
[3.276s][info][gc,stats     ]     S: Thread Roots                 545 us, workers (us): 543,   1, ---, ---, ---, ---, ---, ---, ---, ---, ---, ---, ---, ---, ---, ---, ---, ---, ---, ---, ---, ---, ---, ---, 
[3.276s][info][gc,stats     ]     S: Universe Roots                 9 us, workers (us):   9, ---, ---, ---, ---, ---, ---, ---, ---, ---, ---, ---, ---, ---, ---, ---, ---, ---, ---, ---, ---, ---, ---, ---, 
[3.277s][info][gc,stats     ]     S: JNI Handles Roots              5 us, workers (us): ---,   5, ---, ---, ---, ---, ---, ---, ---, ---, ---, ---, ---, ---, ---, ---, ---, ---, ---, ---, ---, ---, ---, ---, 
[3.277s][info][gc,stats     ]     S: Synchronizer Roots             0 us, workers (us):   0, ---, ---, ---, ---, ---, ---, ---, ---, ---, ---, ---, ---, ---, ---, ---, ---, ---, ---, ---, ---, ---, ---, ---, 
[3.277s][info][gc,stats     ]     S: Management Roots               1 us, workers (us):   1, ---, ---, ---, ---, ---, ---, ---, ---, ---, ---, ---, ---, ---, ---, ---, ---, ---, ---, ---, ---, ---, ---, ---, 
[3.277s][info][gc,stats     ]     S: System Dict Roots             11 us, workers (us):  11, ---, ---, ---, ---, ---, ---, ---, ---, ---, ---, ---, ---, ---, ---, ---, ---, ---, ---, ---, ---, ---, ---, ---, 
[3.277s][info][gc,stats     ]     S: CLDG Roots                   786 us, workers (us): ---, 786, ---, ---, ---, ---, ---, ---, ---, ---, ---, ---, ---, ---, ---, ---, ---, ---, ---, ---, ---, ---, ---, ---, 
[3.277s][info][gc,stats     ]     S: JVMTI Roots                    1 us, workers (us): ---,   1, ---, ---, ---, ---, ---, ---, ---, ---, ---, ---, ---, ---, ---, ---, ---, ---, ---, ---, ---, ---, ---, ---, 
[3.277s][info][gc,stats     ]   Resize TLABs                        3 us
[3.277s][info][gc,stats     ] Concurrent Marking                24800 us
[3.277s][info][gc,stats     ] Pause Final Mark (G)               1146 us
[3.277s][info][gc,stats     ] Pause Final Mark (N)               1001 us
[3.277s][info][gc,stats     ]   Finish Queues                      88 us
[3.277s][info][gc,stats     ]   System Purge                      313 us
[3.277s][info][gc,stats     ]     Weak Roots                      312 us
[3.277s][info][gc,stats     ]   Update Region States                2 us
[3.277s][info][gc,stats     ]   Retire TLABs                        5 us
[3.277s][info][gc,stats     ]   Choose Collection Set              43 us
[3.277s][info][gc,stats     ]   Rebuild Free Set                    5 us
[3.277s][info][gc,stats     ]   Initial Evacuation                530 us, parallelism: 0.79x
[3.277s][info][gc,stats     ]     E: <total>                      418 us
[3.277s][info][gc,stats     ]     E: Thread Roots                  63 us, workers (us):  62,   1, ---, ---, ---, ---, ---, ---, ---, ---, ---, ---, ---, ---, ---, ---, ---, ---, ---, ---, ---, ---, ---, ---, 
[3.277s][info][gc,stats     ]     E: Code Cache Roots               1 us, workers (us):   0,   1, ---, ---, ---, ---, ---, ---, ---, ---, ---, ---, ---, ---, ---, ---, ---, ---, ---, ---, ---, ---, ---, ---, 
[3.277s][info][gc,stats     ]     E: Universe Roots                 3 us, workers (us):   3, ---, ---, ---, ---, ---, ---, ---, ---, ---, ---, ---, ---, ---, ---, ---, ---, ---, ---, ---, ---, ---, ---, ---, 
[3.277s][info][gc,stats     ]     E: JNI Handles Roots              1 us, workers (us):   1, ---, ---, ---, ---, ---, ---, ---, ---, ---, ---, ---, ---, ---, ---, ---, ---, ---, ---, ---, ---, ---, ---, ---, 
[3.277s][info][gc,stats     ]     E: Synchronizer Roots             1 us, workers (us): ---,   1, ---, ---, ---, ---, ---, ---, ---, ---, ---, ---, ---, ---, ---, ---, ---, ---, ---, ---, ---, ---, ---, ---, 
[3.277s][info][gc,stats     ]     E: Management Roots               1 us, workers (us):   1, ---, ---, ---, ---, ---, ---, ---, ---, ---, ---, ---, ---, ---, ---, ---, ---, ---, ---, ---, ---, ---, ---, ---, 
[3.277s][info][gc,stats     ]     E: System Dict Roots             24 us, workers (us): ---,  24, ---, ---, ---, ---, ---, ---, ---, ---, ---, ---, ---, ---, ---, ---, ---, ---, ---, ---, ---, ---, ---, ---, 
[3.277s][info][gc,stats     ]     E: CLDG Roots                   325 us, workers (us): ---, 325, ---, ---, ---, ---, ---, ---, ---, ---, ---, ---, ---, ---, ---, ---, ---, ---, ---, ---, ---, ---, ---, ---, 
[3.277s][info][gc,stats     ]     E: JVMTI Roots                    0 us, workers (us):   0, ---, ---, ---, ---, ---, ---, ---, ---, ---, ---, ---, ---, ---, ---, ---, ---, ---, ---, ---, ---, ---, ---, ---, 
[3.277s][info][gc,stats     ] Concurrent Cleanup                    6 us
[3.277s][info][gc,stats     ] Concurrent Evacuation              3635 us
[3.277s][info][gc,stats     ] Pause Init  Update Refs (G)         373 us
[3.277s][info][gc,stats     ] Pause Init  Update Refs (N)          59 us
[3.277s][info][gc,stats     ]   Retire GCLABs                      43 us
[3.277s][info][gc,stats     ] Concurrent Update Refs            14292 us
[3.277s][info][gc,stats     ] Pacing                            22300 us
[3.277s][info][gc,stats     ] 
[3.277s][info][gc,stats     ] Allocation pacing accrued:
[3.277s][info][gc,stats     ]      22 of   188 ms ( 11.9%): main
[3.277s][info][gc,stats     ]      22 of   188 ms ( 11.9%): <total>
[3.277s][info][gc,stats     ]       4 of   188 ms (  2.0%): <average total>
[3.277s][info][gc,stats     ]      22 of   188 ms ( 11.9%): <average non-zero>
[3.277s][info][gc,stats     ] 
[3.277s][info][gc,metaspace ] Metaspace: 13122K->13122K(1060864K)
[3.277s][info][gc,ergo      ] Pacer for Idle. Initial: 327K, Alloc Tax Rate: 1.0x
[3.278s][info][gc           ] Trigger: Handle Allocation Failure
[3.278s][info][gc,ergo      ] Free: 1292K, Max: 253K regular, 0B humongous, Frag: 0% external, 36% internal; Reserve: 115K, Max: 115K
[3.279s][info][gc,start     ] GC(12) Pause Degenerated GC (Update Refs)
[3.279s][info][gc,task      ] GC(12) Using 13 of 24 workers for stw degenerated gc
[3.281s][info][gc,ergo      ] GC(12) Good progress for free space: 4992K, need 163K
[3.281s][info][gc,ergo      ] GC(12) Good progress for used space: 4584K, need 256K
[3.281s][info][gc           ] GC(12) Pause Degenerated GC (Update Refs) 14M->10M(16M) 2.944ms
[3.282s][info][gc,ergo      ] Free: 4992K, Max: 256K regular, 1536K humongous, Frag: 58% external, 15% internal; Reserve: 1024K, Max: 256K
[3.282s][info][gc,stats     ] 
[3.282s][info][gc,stats     ] All times are wall-clock times, except per-root-class counters, that are sum over
[3.282s][info][gc,stats     ] all workers. Dividing the <total> over the root stage time estimates parallelism.
[3.282s][info][gc,stats     ] 
[3.282s][info][gc,stats     ]   Finish Work                      1775 us
[3.282s][info][gc,stats     ]   Update Region States                3 us
[3.282s][info][gc,stats     ]   Trash Collection Set                4 us
[3.282s][info][gc,stats     ]   Rebuild Free Set                    5 us
[3.282s][info][gc,stats     ] Pause Degenerated GC (G)           3318 us
[3.282s][info][gc,stats     ] Pause Degenerated GC (N)           2909 us
[3.282s][info][gc,stats     ]   Degen Update Roots                491 us, parallelism: 1.96x
[3.282s][info][gc,stats     ]     DU: <total>                     963 us
[3.282s][info][gc,stats     ]     DU: Thread Roots                429 us, workers (us): 344,   3,   0,   2,   1,   1,   1,   1,  24,  21,  27,   2,   2, ---, ---, ---, ---, ---, ---, ---, ---, ---, ---, ---, 
[3.282s][info][gc,stats     ]     DU: Code Cache Roots              6 us, workers (us):   0,   0,   0,   1,   0,   0,   0,   0,   1,   1,   1,   1,   1, ---, ---, ---, ---, ---, ---, ---, ---, ---, ---, ---, 
[3.282s][info][gc,stats     ]     DU: Universe Roots                9 us, workers (us):   9, ---, ---, ---, ---, ---, ---, ---, ---, ---, ---, ---, ---, ---, ---, ---, ---, ---, ---, ---, ---, ---, ---, ---, 
[3.282s][info][gc,stats     ]     DU: JNI Handles Roots             1 us, workers (us): ---,   1, ---, ---, ---, ---, ---, ---, ---, ---, ---, ---, ---, ---, ---, ---, ---, ---, ---, ---, ---, ---, ---, ---, 
[3.282s][info][gc,stats     ]     DU: Synchronizer Roots            0 us, workers (us): ---,   0, ---, ---, ---, ---, ---, ---, ---, ---, ---, ---, ---, ---, ---, ---, ---, ---, ---, ---, ---, ---, ---, ---, 
[3.282s][info][gc,stats     ]     DU: Management Roots              1 us, workers (us): ---,   1, ---, ---, ---, ---, ---, ---, ---, ---, ---, ---, ---, ---, ---, ---, ---, ---, ---, ---, ---, ---, ---, ---, 
[3.282s][info][gc,stats     ]     DU: System Dict Roots             8 us, workers (us): ---, ---,   8, ---, ---, ---, ---, ---, ---, ---, ---, ---, ---, ---, ---, ---, ---, ---, ---, ---, ---, ---, ---, ---, 
[3.282s][info][gc,stats     ]     DU: CLDG Roots                  509 us, workers (us): ---, ---,  50,  51, 144,  48,  51, 165, ---, ---, ---, ---, ---, ---, ---, ---, ---, ---, ---, ---, ---, ---, ---, ---, 
[3.282s][info][gc,stats     ]     DU: JVMTI Roots                   0 us, workers (us): ---,   0, ---, ---, ---, ---, ---, ---, ---, ---, ---, ---, ---, ---, ---, ---, ---, ---, ---, ---, ---, ---, ---, ---, 
[3.282s][info][gc,stats     ] 
[3.282s][info][gc,stats     ] Allocation pacing accrued:
[3.282s][info][gc,stats     ]       0 of     5 ms (  0.0%): <total>
[3.282s][info][gc,stats     ]       0 of     5 ms (  0.0%): <average total>
[3.282s][info][gc,stats     ] 
[3.282s][info][gc,metaspace ] Metaspace: 13122K->13122K(1060864K)
[3.282s][info][gc,ergo      ] Pacer for Idle. Initial: 327K, Alloc Tax Rate: 1.0x
[3.361s][info][gc           ] Trigger: Average GC time (47.71 ms) is above the time for allocation rate (20003 KB/s) to deplete free headroom (887K)
[3.361s][info][gc,ergo      ] Free headroom: 3344K (free) - 819K (spike) - 1638K (penalties) = 887K
[3.361s][info][gc,ergo      ] Free: 3344K, Max: 256K regular, 1280K humongous, Frag: 29% external, 23% internal; Reserve: 1024K, Max: 256K
[3.361s][info][gc,start     ] GC(13) Concurrent reset
[3.361s][info][gc,task      ] GC(13) Using 2 of 24 workers for concurrent reset
[3.361s][info][gc,ergo      ] GC(13) Pacer for Reset. Non-Taxable: 16384K
[3.361s][info][gc           ] GC(13) Concurrent reset 0.164ms
[3.361s][info][gc,start     ] GC(13) Pause Init Mark
[3.361s][info][gc,task      ] GC(13) Using 2 of 24 workers for init marking
[3.365s][info][gc,ergo      ] GC(13) Pacer for Mark. Expected Live: 5008K, Free: 3344K, Non-Taxable: 334K, Alloc Tax Rate: 1.8x
[3.365s][info][gc           ] GC(13) Pause Init Mark 4.305ms
[3.366s][info][gc,start     ] GC(13) Concurrent marking
[3.366s][info][gc,task      ] GC(13) Using 2 of 24 workers for concurrent marking
[3.395s][info][gc           ] GC(13) Concurrent marking 29.640ms
[3.395s][info][gc,start     ] GC(13) Pause Final Mark
[3.395s][info][gc,task      ] GC(13) Using 2 of 24 workers for final marking
[3.396s][info][gc,ergo      ] GC(13) Adaptive CSet Selection. Target Free: 2321K, Actual Free: 2560K, Max CSet: 682K, Min Garbage: 0B
[3.396s][info][gc,ergo      ] GC(13) Collectable Garbage: 2674K (50%), Immediate: 0B (0%), CSet: 2674K (50%)
[3.397s][info][gc,ergo      ] GC(13) Pacer for Evacuation. Used CSet: 3328K, Free: 3000K, Non-Taxable: 300K, Alloc Tax Rate: 2.7x
[3.397s][info][gc           ] GC(13) Pause Final Mark 1.124ms
[3.397s][info][gc,start     ] GC(13) Concurrent cleanup
[3.397s][info][gc           ] GC(13) Concurrent cleanup 12M->12M(16M) 0.054ms
[3.397s][info][gc,ergo      ] GC(13) Free: 3000K, Max: 256K regular, 1280K humongous, Frag: 17% external, 26% internal; Reserve: 999K, Max: 256K
[3.397s][info][gc,start     ] GC(13) Concurrent evacuation
[3.397s][info][gc,task      ] GC(13) Using 2 of 24 workers for concurrent evacuation
[3.406s][info][gc           ] GC(13) Concurrent evacuation 8.873ms
[3.406s][info][gc,start     ] GC(13) Pause Init Update Refs
[3.406s][info][gc,ergo      ] GC(13) Pacer for Update Refs. Used: 13383K, Free: 2744K, Non-Taxable: 274K, Alloc Tax Rate: 6.0x
[3.406s][info][gc           ] GC(13) Pause Init Update Refs 0.092ms
[3.406s][info][gc,start     ] GC(13) Concurrent update references
[3.406s][info][gc,task      ] GC(13) Using 2 of 24 workers for concurrent reference update
[3.427s][info][gc           ] GC(13) Concurrent update references 20.597ms
[3.427s][info][gc,start     ] GC(13) Pause Final Update Refs
[3.427s][info][gc,task      ] GC(13) Using 2 of 24 workers for final reference update
[3.427s][info][gc           ] GC(13) Pause Final Update Refs 0.341ms
[3.427s][info][gc,start     ] GC(13) Concurrent cleanup
[3.428s][info][gc           ] GC(13) Concurrent cleanup 13M->10M(16M) 0.520ms
[3.428s][info][gc           ] GC(13) Dat log --- cycle is complete
Current gc epoch: 11
heap: ______
capacity: 16777216
used: 10923848
committed: 16777216
bytes_allocated_since_gc_start: 1241624
hot_size: 32362
cold_size: 129764
num_regions: 64
hot_region_count: 3
cold_region_count: 30
histogram: Placeholder

[3.428s][info][gc           ] GC(13) Obj count ac histogram
[3.428s][info][gc           ] GC(13) 	0: 17608
[3.428s][info][gc           ] GC(13) 	1: 0
[3.428s][info][gc           ] GC(13) 	2: 0
[3.428s][info][gc           ] GC(13) 	3: 0
[3.428s][info][gc           ] GC(13) 	4: 0
[3.428s][info][gc           ] GC(13) 	5: 0
[3.428s][info][gc           ] GC(13) 	6: 0
[3.428s][info][gc           ] GC(13) 	7: 0
[3.428s][info][gc           ] GC(13) 	8: 0
[3.428s][info][gc           ] GC(13) 	9: 0
[3.428s][info][gc           ] GC(13) 	10: 0
[3.428s][info][gc           ] GC(13) 	11: 0
[3.428s][info][gc           ] GC(13) 	12: 0
[3.428s][info][gc           ] GC(13) 	13: 1286
[3.428s][info][gc           ] GC(13) 	14: 1825
[3.428s][info][gc           ] GC(13) 	15: 0
[3.428s][info][gc           ] GC(13) 	16: 0
[3.428s][info][gc           ] GC(13) 	17: 0
[3.428s][info][gc           ] GC(13) 	18: 0
[3.428s][info][gc           ] GC(13) 	19: 0
[3.428s][info][gc           ] GC(13) Obj size ac histogram
[3.428s][info][gc           ] GC(13) 	0: 124757
[3.428s][info][gc           ] GC(13) 	1: 0
[3.428s][info][gc           ] GC(13) 	2: 0
[3.428s][info][gc           ] GC(13) 	3: 0
[3.428s][info][gc           ] GC(13) 	4: 0
[3.428s][info][gc           ] GC(13) 	5: 0
[3.428s][info][gc           ] GC(13) 	6: 0
[3.428s][info][gc           ] GC(13) 	7: 0
[3.428s][info][gc           ] GC(13) 	8: 0
[3.428s][info][gc           ] GC(13) 	9: 0
[3.428s][info][gc           ] GC(13) 	10: 0
[3.428s][info][gc           ] GC(13) 	11: 0
[3.428s][info][gc           ] GC(13) 	12: 0
[3.428s][info][gc           ] GC(13) 	13: 11910
[3.428s][info][gc           ] GC(13) 	14: 20398
[3.428s][info][gc           ] GC(13) 	15: 0
[3.428s][info][gc           ] GC(13) 	16: 0
[3.428s][info][gc           ] GC(13) 	17: 0
[3.428s][info][gc           ] GC(13) 	18: 0
[3.428s][info][gc           ] GC(13) 	19: 0
[3.428s][info][gc,ergo      ] Free: 4692K, Max: 256K regular, 1280K humongous, Frag: 59% external, 20% internal; Reserve: 1024K, Max: 256K
[3.428s][info][gc,stats     ] 
[3.428s][info][gc,stats     ] All times are wall-clock times, except per-root-class counters, that are sum over
[3.428s][info][gc,stats     ] all workers. Dividing the <total> over the root stage time estimates parallelism.
[3.428s][info][gc,stats     ] 
[3.428s][info][gc,stats     ] Concurrent Reset                    146 us
[3.428s][info][gc,stats     ] Pause Init Mark (G)                4751 us
[3.428s][info][gc,stats     ] Pause Init Mark (N)                4260 us
[3.428s][info][gc,stats     ]   Accumulate Stats                    5 us
[3.428s][info][gc,stats     ]   Make Parsable                      22 us
[3.428s][info][gc,stats     ]   Update Region States                2 us
[3.429s][info][gc,stats     ]   Scan Roots                       4109 us, parallelism: 1.31x
[3.429s][info][gc,stats     ]     S: <total>                     5379 us
[3.429s][info][gc,stats     ]     S: Thread Roots                4017 us, workers (us):  58, 3958, ---, ---, ---, ---, ---, ---, ---, ---, ---, ---, ---, ---, ---, ---, ---, ---, ---, ---, ---, ---, ---, ---, 
[3.429s][info][gc,stats     ]     S: Universe Roots                20 us, workers (us):  20, ---, ---, ---, ---, ---, ---, ---, ---, ---, ---, ---, ---, ---, ---, ---, ---, ---, ---, ---, ---, ---, ---, ---, 
[3.429s][info][gc,stats     ]     S: JNI Handles Roots              4 us, workers (us):   4, ---, ---, ---, ---, ---, ---, ---, ---, ---, ---, ---, ---, ---, ---, ---, ---, ---, ---, ---, ---, ---, ---, ---, 
[3.429s][info][gc,stats     ]     S: Synchronizer Roots             1 us, workers (us): ---,   1, ---, ---, ---, ---, ---, ---, ---, ---, ---, ---, ---, ---, ---, ---, ---, ---, ---, ---, ---, ---, ---, ---, 
[3.429s][info][gc,stats     ]     S: Management Roots               2 us, workers (us): ---,   2, ---, ---, ---, ---, ---, ---, ---, ---, ---, ---, ---, ---, ---, ---, ---, ---, ---, ---, ---, ---, ---, ---, 
[3.429s][info][gc,stats     ]     S: System Dict Roots             27 us, workers (us): ---,  27, ---, ---, ---, ---, ---, ---, ---, ---, ---, ---, ---, ---, ---, ---, ---, ---, ---, ---, ---, ---, ---, ---, 
[3.429s][info][gc,stats     ]     S: CLDG Roots                  1309 us, workers (us): 1309, ---, ---, ---, ---, ---, ---, ---, ---, ---, ---, ---, ---, ---, ---, ---, ---, ---, ---, ---, ---, ---, ---, ---, 
[3.429s][info][gc,stats     ]     S: JVMTI Roots                    1 us, workers (us):   1, ---, ---, ---, ---, ---, ---, ---, ---, ---, ---, ---, ---, ---, ---, ---, ---, ---, ---, ---, ---, ---, ---, ---, 
[3.429s][info][gc,stats     ]   Resize TLABs                        6 us
[3.429s][info][gc,stats     ] Concurrent Marking                29589 us
[3.429s][info][gc,stats     ] Pause Final Mark (G)               1333 us
[3.429s][info][gc,stats     ] Pause Final Mark (N)               1082 us
[3.429s][info][gc,stats     ]   Finish Queues                      71 us
[3.429s][info][gc,stats     ]   System Purge                      287 us
[3.429s][info][gc,stats     ]     Weak Roots                      286 us
[3.429s][info][gc,stats     ]   Update Region States                4 us
[3.429s][info][gc,stats     ]   Retire TLABs                        6 us
[3.429s][info][gc,stats     ]   Choose Collection Set              60 us
[3.429s][info][gc,stats     ]   Rebuild Free Set                    7 us
[3.429s][info][gc,stats     ]   Initial Evacuation                624 us, parallelism: 0.91x
[3.429s][info][gc,stats     ]     E: <total>                      569 us
[3.429s][info][gc,stats     ]     E: Thread Roots                 399 us, workers (us):  20, 379, ---, ---, ---, ---, ---, ---, ---, ---, ---, ---, ---, ---, ---, ---, ---, ---, ---, ---, ---, ---, ---, ---, 
[3.429s][info][gc,stats     ]     E: Code Cache Roots               1 us, workers (us):   0,   1, ---, ---, ---, ---, ---, ---, ---, ---, ---, ---, ---, ---, ---, ---, ---, ---, ---, ---, ---, ---, ---, ---, 
[3.429s][info][gc,stats     ]     E: Universe Roots                 2 us, workers (us):   2, ---, ---, ---, ---, ---, ---, ---, ---, ---, ---, ---, ---, ---, ---, ---, ---, ---, ---, ---, ---, ---, ---, ---, 
[3.429s][info][gc,stats     ]     E: JNI Handles Roots              2 us, workers (us): ---,   2, ---, ---, ---, ---, ---, ---, ---, ---, ---, ---, ---, ---, ---, ---, ---, ---, ---, ---, ---, ---, ---, ---, 
[3.429s][info][gc,stats     ]     E: Synchronizer Roots             0 us, workers (us): ---,   0, ---, ---, ---, ---, ---, ---, ---, ---, ---, ---, ---, ---, ---, ---, ---, ---, ---, ---, ---, ---, ---, ---, 
[3.429s][info][gc,stats     ]     E: Management Roots               2 us, workers (us): ---,   2, ---, ---, ---, ---, ---, ---, ---, ---, ---, ---, ---, ---, ---, ---, ---, ---, ---, ---, ---, ---, ---, ---, 
[3.429s][info][gc,stats     ]     E: System Dict Roots              4 us, workers (us):   4, ---, ---, ---, ---, ---, ---, ---, ---, ---, ---, ---, ---, ---, ---, ---, ---, ---, ---, ---, ---, ---, ---, ---, 
[3.429s][info][gc,stats     ]     E: CLDG Roots                   158 us, workers (us): 158, ---, ---, ---, ---, ---, ---, ---, ---, ---, ---, ---, ---, ---, ---, ---, ---, ---, ---, ---, ---, ---, ---, ---, 
[3.429s][info][gc,stats     ]     E: JVMTI Roots                    1 us, workers (us): ---,   1, ---, ---, ---, ---, ---, ---, ---, ---, ---, ---, ---, ---, ---, ---, ---, ---, ---, ---, ---, ---, ---, ---, 
[3.429s][info][gc,stats     ] Concurrent Cleanup                    6 us
[3.429s][info][gc,stats     ] Concurrent Evacuation              8853 us
[3.429s][info][gc,stats     ] Pause Init  Update Refs (G)         451 us
[3.429s][info][gc,stats     ] Pause Init  Update Refs (N)          49 us
[3.429s][info][gc,stats     ]   Retire GCLABs                      27 us
[3.429s][info][gc,stats     ] Concurrent Update Refs            20567 us
[3.429s][info][gc,stats     ] Pause Final Update Refs (G)         656 us
[3.429s][info][gc,stats     ] Pause Final Update Refs (N)         282 us
[3.429s][info][gc,stats     ]   Update Roots                      247 us, parallelism: 0.81x
[3.429s][info][gc,stats     ]     UR: <total>                     199 us
[3.429s][info][gc,stats     ]     UR: Thread Roots                199 us, workers (us): 167,  32, ---, ---, ---, ---, ---, ---, ---, ---, ---, ---, ---, ---, ---, ---, ---, ---, ---, ---, ---, ---, ---, ---, 
[3.429s][info][gc,stats     ]   Update Region States                3 us
[3.429s][info][gc,stats     ]   Trash Collection Set                4 us
[3.429s][info][gc,stats     ]   Rebuild Free Set                    7 us
[3.429s][info][gc,stats     ] Concurrent Cleanup                  492 us
[3.429s][info][gc,stats     ] Pacing                            21248 us
[3.429s][info][gc,stats     ] 
[3.429s][info][gc,stats     ] Allocation pacing accrued:
[3.429s][info][gc,stats     ]      21 of   147 ms ( 14.4%): main
[3.429s][info][gc,stats     ]      21 of   147 ms ( 14.4%): <total>
[3.429s][info][gc,stats     ]       4 of   147 ms (  2.4%): <average total>
[3.429s][info][gc,stats     ]      21 of   147 ms ( 14.4%): <average non-zero>
[3.429s][info][gc,stats     ] 
[3.429s][info][gc,metaspace ] Metaspace: 13253K->13253K(1060864K)
[3.429s][info][gc,ergo      ] Pacer for Idle. Initial: 327K, Alloc Tax Rate: 1.0x
[3.473s][info][gc           ] Trigger: Average GC time (52.86 ms) is above the time for allocation rate (22241 KB/s) to deplete free headroom (1118K)
[3.473s][info][gc,ergo      ] Free headroom: 3412K (free) - 819K (spike) - 1474K (penalties) = 1118K
[3.473s][info][gc,ergo      ] Free: 3412K, Max: 256K regular, 1280K humongous, Frag: 29% external, 25% internal; Reserve: 1024K, Max: 256K
[3.473s][info][gc,start     ] GC(14) Concurrent reset
[3.473s][info][gc,task      ] GC(14) Using 2 of 24 workers for concurrent reset
[3.473s][info][gc,ergo      ] GC(14) Pacer for Reset. Non-Taxable: 16384K
[3.473s][info][gc           ] GC(14) Concurrent reset 0.165ms
[3.473s][info][gc,start     ] GC(14) Pause Init Mark
[3.473s][info][gc,task      ] GC(14) Using 2 of 24 workers for init marking
[3.474s][info][gc,ergo      ] GC(14) Pacer for Mark. Expected Live: 5716K, Free: 3412K, Non-Taxable: 341K, Alloc Tax Rate: 2.0x
[3.474s][info][gc           ] GC(14) Pause Init Mark 1.098ms
[3.475s][info][gc,start     ] GC(14) Concurrent marking
[3.475s][info][gc,task      ] GC(14) Using 2 of 24 workers for concurrent marking
[3.505s][info][gc           ] GC(14) Concurrent marking 30.325ms
[3.505s][info][gc,start     ] GC(14) Pause Final Mark
[3.505s][info][gc,task      ] GC(14) Using 2 of 24 workers for final marking
[3.505s][info][gc,ergo      ] GC(14) Adaptive CSet Selection. Target Free: 2321K, Actual Free: 2560K, Max CSet: 682K, Min Garbage: 0B
[3.505s][info][gc,ergo      ] GC(14) Collectable Garbage: 2689K (54%), Immediate: 0B (0%), CSet: 2689K (54%)
[3.506s][info][gc,ergo      ] GC(14) Pacer for Evacuation. Used CSet: 3271K, Free: 3008K, Non-Taxable: 300K, Alloc Tax Rate: 2.7x
[3.506s][info][gc           ] GC(14) Pause Final Mark 0.998ms
[3.506s][info][gc,start     ] GC(14) Concurrent cleanup
[3.506s][info][gc           ] GC(14) Concurrent cleanup 12M->12M(16M) 0.070ms
[3.506s][info][gc,ergo      ] GC(14) Free: 3008K, Max: 256K regular, 1280K humongous, Frag: 17% external, 26% internal; Reserve: 1017K, Max: 256K
[3.506s][info][gc,start     ] GC(14) Concurrent evacuation
[3.506s][info][gc,task      ] GC(14) Using 2 of 24 workers for concurrent evacuation
[3.510s][info][gc           ] GC(14) Concurrent evacuation 4.175ms
[3.511s][info][gc,start     ] GC(14) Pause Init Update Refs
[3.511s][info][gc,ergo      ] GC(14) Pacer for Update Refs. Used: 13196K, Free: 2944K, Non-Taxable: 294K, Alloc Tax Rate: 5.5x
[3.511s][info][gc           ] GC(14) Pause Init Update Refs 0.127ms
[3.511s][info][gc,start     ] GC(14) Concurrent update references
[3.511s][info][gc,task      ] GC(14) Using 2 of 24 workers for concurrent reference update
[3.530s][info][gc           ] GC(14) Concurrent update references 18.786ms
[3.530s][info][gc,start     ] GC(14) Pause Final Update Refs
[3.530s][info][gc,task      ] GC(14) Using 2 of 24 workers for final reference update
[3.531s][info][gc           ] GC(14) Pause Final Update Refs 0.570ms
[3.531s][info][gc,start     ] GC(14) Concurrent cleanup
[3.531s][info][gc           ] GC(14) Concurrent cleanup 13M->10M(16M) 0.510ms
[3.531s][info][gc           ] GC(14) Dat log --- cycle is complete
Current gc epoch: 12
heap: ______
capacity: 16777216
used: 10523408
committed: 16777216
bytes_allocated_since_gc_start: 782384
hot_size: 22810
cold_size: 51708
num_regions: 64
hot_region_count: 3
cold_region_count: 33
histogram: Placeholder

[3.531s][info][gc           ] GC(14) Obj count ac histogram
[3.531s][info][gc           ] GC(14) 	0: 7713
[3.531s][info][gc           ] GC(14) 	1: 0
[3.531s][info][gc           ] GC(14) 	2: 0
[3.531s][info][gc           ] GC(14) 	3: 0
[3.531s][info][gc           ] GC(14) 	4: 0
[3.531s][info][gc           ] GC(14) 	5: 0
[3.531s][info][gc           ] GC(14) 	6: 0
[3.531s][info][gc           ] GC(14) 	7: 0
[3.531s][info][gc           ] GC(14) 	8: 0
[3.531s][info][gc           ] GC(14) 	9: 0
[3.531s][info][gc           ] GC(14) 	10: 0
[3.531s][info][gc           ] GC(14) 	11: 0
[3.531s][info][gc           ] GC(14) 	12: 0
[3.531s][info][gc           ] GC(14) 	13: 887
[3.531s][info][gc           ] GC(14) 	14: 723
[3.531s][info][gc           ] GC(14) 	15: 0
[3.531s][info][gc           ] GC(14) 	16: 0
[3.531s][info][gc           ] GC(14) 	17: 0
[3.531s][info][gc           ] GC(14) 	18: 0
[3.531s][info][gc           ] GC(14) 	19: 0
[3.531s][info][gc           ] GC(14) Obj size ac histogram
[3.531s][info][gc           ] GC(14) 	0: 49129
[3.531s][info][gc           ] GC(14) 	1: 0
[3.531s][info][gc           ] GC(14) 	2: 0
[3.531s][info][gc           ] GC(14) 	3: 0
[3.531s][info][gc           ] GC(14) 	4: 0
[3.531s][info][gc           ] GC(14) 	5: 0
[3.531s][info][gc           ] GC(14) 	6: 0
[3.531s][info][gc           ] GC(14) 	7: 0
[3.531s][info][gc           ] GC(14) 	8: 0
[3.531s][info][gc           ] GC(14) 	9: 0
[3.531s][info][gc           ] GC(14) 	10: 0
[3.531s][info][gc           ] GC(14) 	11: 0
[3.531s][info][gc           ] GC(14) 	12: 0
[3.531s][info][gc           ] GC(14) 	13: 12070
[3.531s][info][gc           ] GC(14) 	14: 10614
[3.531s][info][gc           ] GC(14) 	15: 0
[3.531s][info][gc           ] GC(14) 	16: 0
[3.531s][info][gc           ] GC(14) 	17: 0
[3.531s][info][gc           ] GC(14) 	18: 0
[3.531s][info][gc           ] GC(14) 	19: 0
[3.531s][info][gc,ergo      ] Free: 5083K, Max: 256K regular, 1024K humongous, Frag: 70% external, 20% internal; Reserve: 1024K, Max: 256K
[3.532s][info][gc,stats     ] 
[3.532s][info][gc,stats     ] All times are wall-clock times, except per-root-class counters, that are sum over
[3.532s][info][gc,stats     ] all workers. Dividing the <total> over the root stage time estimates parallelism.
[3.532s][info][gc,stats     ] 
[3.532s][info][gc,stats     ] Concurrent Reset                    148 us
[3.532s][info][gc,stats     ] Pause Init Mark (G)                1522 us
[3.532s][info][gc,stats     ] Pause Init Mark (N)                1055 us
[3.532s][info][gc,stats     ]   Accumulate Stats                    5 us
[3.532s][info][gc,stats     ]   Make Parsable                      16 us
[3.532s][info][gc,stats     ]   Update Region States                2 us
[3.532s][info][gc,stats     ]   Scan Roots                        927 us, parallelism: 1.68x
[3.532s][info][gc,stats     ]     S: <total>                     1561 us
[3.532s][info][gc,stats     ]     S: Thread Roots                 693 us, workers (us): 691,   1, ---, ---, ---, ---, ---, ---, ---, ---, ---, ---, ---, ---, ---, ---, ---, ---, ---, ---, ---, ---, ---, ---, 
[3.532s][info][gc,stats     ]     S: Universe Roots                19 us, workers (us):  19, ---, ---, ---, ---, ---, ---, ---, ---, ---, ---, ---, ---, ---, ---, ---, ---, ---, ---, ---, ---, ---, ---, ---, 
[3.532s][info][gc,stats     ]     S: JNI Handles Roots              4 us, workers (us): ---,   4, ---, ---, ---, ---, ---, ---, ---, ---, ---, ---, ---, ---, ---, ---, ---, ---, ---, ---, ---, ---, ---, ---, 
[3.532s][info][gc,stats     ]     S: Synchronizer Roots             0 us, workers (us):   0, ---, ---, ---, ---, ---, ---, ---, ---, ---, ---, ---, ---, ---, ---, ---, ---, ---, ---, ---, ---, ---, ---, ---, 
[3.532s][info][gc,stats     ]     S: Management Roots               2 us, workers (us):   2, ---, ---, ---, ---, ---, ---, ---, ---, ---, ---, ---, ---, ---, ---, ---, ---, ---, ---, ---, ---, ---, ---, ---, 
[3.532s][info][gc,stats     ]     S: System Dict Roots             24 us, workers (us):  24, ---, ---, ---, ---, ---, ---, ---, ---, ---, ---, ---, ---, ---, ---, ---, ---, ---, ---, ---, ---, ---, ---, ---, 
[3.532s][info][gc,stats     ]     S: CLDG Roots                   818 us, workers (us): ---, 818, ---, ---, ---, ---, ---, ---, ---, ---, ---, ---, ---, ---, ---, ---, ---, ---, ---, ---, ---, ---, ---, ---, 
[3.532s][info][gc,stats     ]     S: JVMTI Roots                    0 us, workers (us): ---,   0, ---, ---, ---, ---, ---, ---, ---, ---, ---, ---, ---, ---, ---, ---, ---, ---, ---, ---, ---, ---, ---, ---, 
[3.532s][info][gc,stats     ]   Resize TLABs                        4 us
[3.532s][info][gc,stats     ] Concurrent Marking                30272 us
[3.532s][info][gc,stats     ] Pause Final Mark (G)               1220 us
[3.532s][info][gc,stats     ] Pause Final Mark (N)                957 us
[3.532s][info][gc,stats     ]   Finish Queues                     101 us
[3.532s][info][gc,stats     ]   System Purge                      259 us
[3.532s][info][gc,stats     ]     Weak Roots                      258 us
[3.532s][info][gc,stats     ]   Update Region States                4 us
[3.532s][info][gc,stats     ]   Retire TLABs                        6 us
[3.532s][info][gc,stats     ]   Choose Collection Set              60 us
[3.532s][info][gc,stats     ]   Rebuild Free Set                    7 us
[3.532s][info][gc,stats     ]   Initial Evacuation                497 us, parallelism: 1.03x
[3.532s][info][gc,stats     ]     E: <total>                      513 us
[3.532s][info][gc,stats     ]     E: Thread Roots                 284 us, workers (us): 255,  29, ---, ---, ---, ---, ---, ---, ---, ---, ---, ---, ---, ---, ---, ---, ---, ---, ---, ---, ---, ---, ---, ---, 
[3.532s][info][gc,stats     ]     E: Code Cache Roots               1 us, workers (us):   0,   0, ---, ---, ---, ---, ---, ---, ---, ---, ---, ---, ---, ---, ---, ---, ---, ---, ---, ---, ---, ---, ---, ---, 
[3.532s][info][gc,stats     ]     E: Universe Roots                 3 us, workers (us):   3, ---, ---, ---, ---, ---, ---, ---, ---, ---, ---, ---, ---, ---, ---, ---, ---, ---, ---, ---, ---, ---, ---, ---, 
[3.532s][info][gc,stats     ]     E: JNI Handles Roots              1 us, workers (us): ---,   1, ---, ---, ---, ---, ---, ---, ---, ---, ---, ---, ---, ---, ---, ---, ---, ---, ---, ---, ---, ---, ---, ---, 
[3.532s][info][gc,stats     ]     E: Synchronizer Roots             0 us, workers (us):   0, ---, ---, ---, ---, ---, ---, ---, ---, ---, ---, ---, ---, ---, ---, ---, ---, ---, ---, ---, ---, ---, ---, ---, 
[3.532s][info][gc,stats     ]     E: Management Roots               1 us, workers (us):   1, ---, ---, ---, ---, ---, ---, ---, ---, ---, ---, ---, ---, ---, ---, ---, ---, ---, ---, ---, ---, ---, ---, ---, 
[3.532s][info][gc,stats     ]     E: System Dict Roots             14 us, workers (us):  14, ---, ---, ---, ---, ---, ---, ---, ---, ---, ---, ---, ---, ---, ---, ---, ---, ---, ---, ---, ---, ---, ---, ---, 
[3.532s][info][gc,stats     ]     E: CLDG Roots                   208 us, workers (us): ---, 208, ---, ---, ---, ---, ---, ---, ---, ---, ---, ---, ---, ---, ---, ---, ---, ---, ---, ---, ---, ---, ---, ---, 
[3.532s][info][gc,stats     ]     E: JVMTI Roots                    1 us, workers (us): ---,   1, ---, ---, ---, ---, ---, ---, ---, ---, ---, ---, ---, ---, ---, ---, ---, ---, ---, ---, ---, ---, ---, ---, 
[3.532s][info][gc,stats     ] Concurrent Cleanup                    6 us
[3.532s][info][gc,stats     ] Concurrent Evacuation              4156 us
[3.532s][info][gc,stats     ] Pause Init  Update Refs (G)         391 us
[3.532s][info][gc,stats     ] Pause Init  Update Refs (N)          85 us
[3.532s][info][gc,stats     ]   Retire GCLABs                      42 us
[3.532s][info][gc,stats     ] Concurrent Update Refs            18755 us
[3.532s][info][gc,stats     ] Pause Final Update Refs (G)         946 us
[3.532s][info][gc,stats     ] Pause Final Update Refs (N)         527 us
[3.532s][info][gc,stats     ]   Update Roots                      490 us, parallelism: 0.97x
[3.532s][info][gc,stats     ]     UR: <total>                     474 us
[3.532s][info][gc,stats     ]     UR: Thread Roots                474 us, workers (us): 444,  30, ---, ---, ---, ---, ---, ---, ---, ---, ---, ---, ---, ---, ---, ---, ---, ---, ---, ---, ---, ---, ---, ---, 
[3.532s][info][gc,stats     ]   Update Region States                4 us
[3.532s][info][gc,stats     ]   Trash Collection Set                5 us
[3.532s][info][gc,stats     ]   Rebuild Free Set                    7 us
[3.532s][info][gc,stats     ] Concurrent Cleanup                  483 us
[3.532s][info][gc,stats     ] Pacing                            15990 us
[3.532s][info][gc,stats     ] 
[3.532s][info][gc,stats     ] Allocation pacing accrued:
[3.532s][info][gc,stats     ]      16 of   103 ms ( 15.5%): main
[3.532s][info][gc,stats     ]      16 of   103 ms ( 15.5%): <total>
[3.532s][info][gc,stats     ]       3 of   103 ms (  2.6%): <average total>
[3.532s][info][gc,stats     ]      16 of   103 ms ( 15.5%): <average non-zero>
[3.532s][info][gc,stats     ] 
[3.532s][info][gc,metaspace ] Metaspace: 13253K->13253K(1060864K)
[3.532s][info][gc,ergo      ] Pacer for Idle. Initial: 327K, Alloc Tax Rate: 1.0x
[3.609s][info][gc           ] Trigger: Average GC time (57.12 ms) is above the time for allocation rate (19509 KB/s) to deplete free headroom (1065K)
[3.609s][info][gc,ergo      ] Free headroom: 3195K (free) - 819K (spike) - 1310K (penalties) = 1065K
[3.609s][info][gc,ergo      ] Free: 3195K, Max: 256K regular, 512K humongous, Frag: 60% external, 30% internal; Reserve: 1024K, Max: 256K
[3.609s][info][gc,start     ] GC(15) Concurrent reset
[3.609s][info][gc,task      ] GC(15) Using 2 of 24 workers for concurrent reset
[3.609s][info][gc,ergo      ] GC(15) Pacer for Reset. Non-Taxable: 16384K
[3.609s][info][gc           ] GC(15) Concurrent reset 0.189ms
[3.609s][info][gc,start     ] GC(15) Pause Init Mark (process weakrefs)
[3.609s][info][gc,task      ] GC(15) Using 2 of 24 workers for init marking
[3.612s][info][gc,ergo      ] GC(15) Pacer for Mark. Expected Live: 6352K, Free: 3195K, Non-Taxable: 319K, Alloc Tax Rate: 2.4x
[3.612s][info][gc           ] GC(15) Pause Init Mark (process weakrefs) 2.893ms
[3.612s][info][gc,start     ] GC(15) Concurrent marking (process weakrefs)
[3.612s][info][gc,task      ] GC(15) Using 2 of 24 workers for concurrent marking
[3.645s][info][gc           ] GC(15) Concurrent marking (process weakrefs) 32.367ms
[3.645s][info][gc,start     ] GC(15) Concurrent precleaning
[3.645s][info][gc,task      ] GC(15) Using 1 of 24 workers for concurrent preclean
[3.645s][info][gc,ergo      ] GC(15) Pacer for Precleaning. Non-Taxable: 16384K
[3.646s][info][gc           ] GC(15) Concurrent precleaning 1.089ms
[3.646s][info][gc,start     ] GC(15) Pause Final Mark (process weakrefs)
[3.646s][info][gc,task      ] GC(15) Using 2 of 24 workers for final marking
[3.647s][info][gc,ergo      ] GC(15) Adaptive CSet Selection. Target Free: 2321K, Actual Free: 2048K, Max CSet: 682K, Min Garbage: 273K
[3.647s][info][gc,ergo      ] GC(15) Collectable Garbage: 2464K (51%), Immediate: 0B (0%), CSet: 2464K (51%)
[3.648s][info][gc,ergo      ] GC(15) Pacer for Evacuation. Used CSet: 3072K, Free: 2846K, Non-Taxable: 284K, Alloc Tax Rate: 2.6x
[3.649s][info][gc           ] GC(15) Pause Final Mark (process weakrefs) 2.462ms
[3.649s][info][gc,start     ] GC(15) Concurrent cleanup
[3.649s][info][gc           ] GC(15) Concurrent cleanup 12M->12M(16M) 0.056ms
[3.649s][info][gc,ergo      ] GC(15) Free: 2846K, Max: 256K regular, 512K humongous, Frag: 50% external, 34% internal; Reserve: 1009K, Max: 256K
[3.649s][info][gc,start     ] GC(15) Concurrent evacuation
[3.649s][info][gc,task      ] GC(15) Using 2 of 24 workers for concurrent evacuation
[3.653s][info][gc           ] GC(15) Concurrent evacuation 4.537ms
[3.654s][info][gc,start     ] GC(15) Pause Init Update Refs
[3.654s][info][gc,ergo      ] GC(15) Pacer for Update Refs. Used: 13393K, Free: 2779K, Non-Taxable: 277K, Alloc Tax Rate: 5.9x
[3.654s][info][gc           ] GC(15) Pause Init Update Refs 0.103ms
[3.654s][info][gc,start     ] GC(15) Concurrent update references
[3.654s][info][gc,task      ] GC(15) Using 2 of 24 workers for concurrent reference update
[3.672s][info][gc           ] GC(15) Concurrent update references 17.886ms
[3.672s][info][gc,start     ] GC(15) Pause Final Update Refs
[3.672s][info][gc,task      ] GC(15) Using 2 of 24 workers for final reference update
[3.673s][info][gc           ] GC(15) Pause Final Update Refs 0.671ms
[3.673s][info][gc,start     ] GC(15) Concurrent cleanup
[3.673s][info][gc           ] GC(15) Concurrent cleanup 13M->10M(16M) 0.506ms
[3.673s][info][gc           ] GC(15) Dat log --- cycle is complete
Current gc epoch: 13
heap: ______
capacity: 16777216
used: 10777400
committed: 16777216
bytes_allocated_since_gc_start: 634400
hot_size: 18100
cold_size: 59645
num_regions: 64
hot_region_count: 2
cold_region_count: 36
histogram: Placeholder

[3.673s][info][gc           ] GC(15) Obj count ac histogram
[3.673s][info][gc           ] GC(15) 	0: 7785
[3.673s][info][gc           ] GC(15) 	1: 0
[3.673s][info][gc           ] GC(15) 	2: 0
[3.673s][info][gc           ] GC(15) 	3: 0
[3.673s][info][gc           ] GC(15) 	4: 0
[3.673s][info][gc           ] GC(15) 	5: 0
[3.673s][info][gc           ] GC(15) 	6: 0
[3.673s][info][gc           ] GC(15) 	7: 0
[3.673s][info][gc           ] GC(15) 	8: 0
[3.673s][info][gc           ] GC(15) 	9: 0
[3.673s][info][gc           ] GC(15) 	10: 0
[3.673s][info][gc           ] GC(15) 	11: 0
[3.673s][info][gc           ] GC(15) 	12: 0
[3.673s][info][gc           ] GC(15) 	13: 2047
[3.673s][info][gc           ] GC(15) 	14: 414
[3.673s][info][gc           ] GC(15) 	15: 0
[3.673s][info][gc           ] GC(15) 	16: 0
[3.673s][info][gc           ] GC(15) 	17: 0
[3.673s][info][gc           ] GC(15) 	18: 0
[3.673s][info][gc           ] GC(15) 	19: 0
[3.673s][info][gc           ] GC(15) Obj size ac histogram
[3.673s][info][gc           ] GC(15) 	0: 54142
[3.673s][info][gc           ] GC(15) 	1: 0
[3.673s][info][gc           ] GC(15) 	2: 0
[3.674s][info][gc           ] GC(15) 	3: 0
[3.674s][info][gc           ] GC(15) 	4: 0
[3.674s][info][gc           ] GC(15) 	5: 0
[3.674s][info][gc           ] GC(15) 	6: 0
[3.674s][info][gc           ] GC(15) 	7: 0
[3.674s][info][gc           ] GC(15) 	8: 0
[3.674s][info][gc           ] GC(15) 	9: 0
[3.674s][info][gc           ] GC(15) 	10: 0
[3.674s][info][gc           ] GC(15) 	11: 0
[3.674s][info][gc           ] GC(15) 	12: 0
[3.674s][info][gc           ] GC(15) 	13: 14647
[3.674s][info][gc           ] GC(15) 	14: 3327
[3.674s][info][gc           ] GC(15) 	15: 0
[3.674s][info][gc           ] GC(15) 	16: 0
[3.674s][info][gc           ] GC(15) 	17: 0
[3.674s][info][gc           ] GC(15) 	18: 0
[3.674s][info][gc           ] GC(15) 	19: 0
[3.674s][info][gc,ergo      ] Free: 4733K, Max: 256K regular, 768K humongous, Frag: 70% external, 28% internal; Reserve: 1024K, Max: 256K
[3.674s][info][gc,stats     ] 
[3.674s][info][gc,stats     ] All times are wall-clock times, except per-root-class counters, that are sum over
[3.674s][info][gc,stats     ] all workers. Dividing the <total> over the root stage time estimates parallelism.
[3.674s][info][gc,stats     ] 
[3.674s][info][gc,stats     ] Concurrent Reset                    173 us
[3.674s][info][gc,stats     ] Pause Init Mark (G)                3350 us
[3.674s][info][gc,stats     ] Pause Init Mark (N)                2847 us
[3.674s][info][gc,stats     ]   Accumulate Stats                    5 us
[3.674s][info][gc,stats     ]   Make Parsable                      17 us
[3.674s][info][gc,stats     ]   Update Region States                2 us
[3.674s][info][gc,stats     ]   Scan Roots                       2697 us, parallelism: 1.15x
[3.674s][info][gc,stats     ]     S: <total>                     3088 us
[3.674s][info][gc,stats     ]     S: Thread Roots                2553 us, workers (us): 2527,  26, ---, ---, ---, ---, ---, ---, ---, ---, ---, ---, ---, ---, ---, ---, ---, ---, ---, ---, ---, ---, ---, ---, 
[3.674s][info][gc,stats     ]     S: Universe Roots                20 us, workers (us):  20, ---, ---, ---, ---, ---, ---, ---, ---, ---, ---, ---, ---, ---, ---, ---, ---, ---, ---, ---, ---, ---, ---, ---, 
[3.674s][info][gc,stats     ]     S: JNI Handles Roots              3 us, workers (us): ---,   3, ---, ---, ---, ---, ---, ---, ---, ---, ---, ---, ---, ---, ---, ---, ---, ---, ---, ---, ---, ---, ---, ---, 
[3.674s][info][gc,stats     ]     S: Synchronizer Roots             0 us, workers (us):   0, ---, ---, ---, ---, ---, ---, ---, ---, ---, ---, ---, ---, ---, ---, ---, ---, ---, ---, ---, ---, ---, ---, ---, 
[3.674s][info][gc,stats     ]     S: Management Roots               2 us, workers (us):   2, ---, ---, ---, ---, ---, ---, ---, ---, ---, ---, ---, ---, ---, ---, ---, ---, ---, ---, ---, ---, ---, ---, ---, 
[3.674s][info][gc,stats     ]     S: System Dict Roots             24 us, workers (us):  24, ---, ---, ---, ---, ---, ---, ---, ---, ---, ---, ---, ---, ---, ---, ---, ---, ---, ---, ---, ---, ---, ---, ---, 
[3.674s][info][gc,stats     ]     S: CLDG Roots                   485 us, workers (us): ---, 485, ---, ---, ---, ---, ---, ---, ---, ---, ---, ---, ---, ---, ---, ---, ---, ---, ---, ---, ---, ---, ---, ---, 
[3.674s][info][gc,stats     ]     S: JVMTI Roots                    1 us, workers (us): ---,   1, ---, ---, ---, ---, ---, ---, ---, ---, ---, ---, ---, ---, ---, ---, ---, ---, ---, ---, ---, ---, ---, ---, 
[3.674s][info][gc,stats     ]   Resize TLABs                        6 us
[3.674s][info][gc,stats     ] Concurrent Marking                32315 us
[3.674s][info][gc,stats     ] Concurrent Precleaning             1068 us
[3.674s][info][gc,stats     ] Pause Final Mark (G)               2793 us
[3.674s][info][gc,stats     ] Pause Final Mark (N)               2417 us
[3.674s][info][gc,stats     ]   Finish Queues                     102 us
[3.674s][info][gc,stats     ]   Weak References                   457 us
[3.674s][info][gc,stats     ]     Process                         448 us
[3.674s][info][gc,stats     ]   System Purge                      385 us
[3.674s][info][gc,stats     ]     Weak Roots                      384 us
[3.674s][info][gc,stats     ]   Update Region States                5 us
[3.674s][info][gc,stats     ]   Retire TLABs                       13 us
[3.674s][info][gc,stats     ]   Choose Collection Set              84 us
[3.674s][info][gc,stats     ]   Rebuild Free Set                    7 us
[3.674s][info][gc,stats     ]   Initial Evacuation               1327 us, parallelism: 0.87x
[3.674s][info][gc,stats     ]     E: <total>                     1154 us
[3.674s][info][gc,stats     ]     E: Thread Roots                 927 us, workers (us): 899,  28, ---, ---, ---, ---, ---, ---, ---, ---, ---, ---, ---, ---, ---, ---, ---, ---, ---, ---, ---, ---, ---, ---, 
[3.674s][info][gc,stats     ]     E: Code Cache Roots               1 us, workers (us):   1,   0, ---, ---, ---, ---, ---, ---, ---, ---, ---, ---, ---, ---, ---, ---, ---, ---, ---, ---, ---, ---, ---, ---, 
[3.674s][info][gc,stats     ]     E: Universe Roots                 6 us, workers (us):   6, ---, ---, ---, ---, ---, ---, ---, ---, ---, ---, ---, ---, ---, ---, ---, ---, ---, ---, ---, ---, ---, ---, ---, 
[3.674s][info][gc,stats     ]     E: JNI Handles Roots              1 us, workers (us): ---,   1, ---, ---, ---, ---, ---, ---, ---, ---, ---, ---, ---, ---, ---, ---, ---, ---, ---, ---, ---, ---, ---, ---, 
[3.674s][info][gc,stats     ]     E: Synchronizer Roots             0 us, workers (us):   0, ---, ---, ---, ---, ---, ---, ---, ---, ---, ---, ---, ---, ---, ---, ---, ---, ---, ---, ---, ---, ---, ---, ---, 
[3.674s][info][gc,stats     ]     E: Management Roots               2 us, workers (us):   2, ---, ---, ---, ---, ---, ---, ---, ---, ---, ---, ---, ---, ---, ---, ---, ---, ---, ---, ---, ---, ---, ---, ---, 
[3.674s][info][gc,stats     ]     E: System Dict Roots             11 us, workers (us):  11, ---, ---, ---, ---, ---, ---, ---, ---, ---, ---, ---, ---, ---, ---, ---, ---, ---, ---, ---, ---, ---, ---, ---, 
[3.674s][info][gc,stats     ]     E: CLDG Roots                   205 us, workers (us): ---, 205, ---, ---, ---, ---, ---, ---, ---, ---, ---, ---, ---, ---, ---, ---, ---, ---, ---, ---, ---, ---, ---, ---, 
[3.674s][info][gc,stats     ]     E: JVMTI Roots                    1 us, workers (us): ---,   1, ---, ---, ---, ---, ---, ---, ---, ---, ---, ---, ---, ---, ---, ---, ---, ---, ---, ---, ---, ---, ---, ---, 
[3.674s][info][gc,stats     ] Concurrent Cleanup                    7 us
[3.674s][info][gc,stats     ] Concurrent Evacuation              4512 us
[3.674s][info][gc,stats     ] Pause Init  Update Refs (G)         450 us
[3.674s][info][gc,stats     ] Pause Init  Update Refs (N)          63 us
[3.674s][info][gc,stats     ]   Retire GCLABs                      41 us
[3.674s][info][gc,stats     ] Concurrent Update Refs            17855 us
[3.674s][info][gc,stats     ] Pause Final Update Refs (G)        1032 us
[3.674s][info][gc,stats     ] Pause Final Update Refs (N)         628 us
[3.674s][info][gc,stats     ]   Update Roots                      592 us, parallelism: 1.01x
[3.674s][info][gc,stats     ]     UR: <total>                     598 us
[3.675s][info][gc,stats     ]     UR: Thread Roots                598 us, workers (us): 559,  39, ---, ---, ---, ---, ---, ---, ---, ---, ---, ---, ---, ---, ---, ---, ---, ---, ---, ---, ---, ---, ---, ---, 
[3.675s][info][gc,stats     ]   Update Region States                4 us
[3.675s][info][gc,stats     ]   Trash Collection Set                5 us
[3.675s][info][gc,stats     ]   Rebuild Free Set                    8 us
[3.675s][info][gc,stats     ] Concurrent Cleanup                  478 us
[3.675s][info][gc,stats     ] Pacing                            17689 us
[3.675s][info][gc,stats     ] 
[3.675s][info][gc,stats     ] Allocation pacing accrued:
[3.675s][info][gc,stats     ]      18 of   142 ms ( 12.4%): main
[3.675s][info][gc,stats     ]      18 of   142 ms ( 12.4%): <total>
[3.675s][info][gc,stats     ]       3 of   142 ms (  2.1%): <average total>
[3.675s][info][gc,stats     ]      18 of   142 ms ( 12.4%): <average non-zero>
[3.675s][info][gc,stats     ] 
[3.675s][info][gc,metaspace ] Metaspace: 13354K->13621K(1060864K)
[3.675s][info][gc,ergo      ] Pacer for Idle. Initial: 327K, Alloc Tax Rate: 1.0x
[3.771s][info][gc           ] Trigger: Average GC time (60.17 ms) is above the time for allocation rate (16051 KB/s) to deplete free headroom (883K)
[3.771s][info][gc,ergo      ] Free headroom: 2849K (free) - 819K (spike) - 1146K (penalties) = 883K
[3.771s][info][gc,ergo      ] Free: 2849K, Max: 256K regular, 512K humongous, Frag: 34% external, 41% internal; Reserve: 1024K, Max: 256K
[3.771s][info][gc,start     ] GC(16) Concurrent reset
[3.771s][info][gc,task      ] GC(16) Using 2 of 24 workers for concurrent reset
[3.771s][info][gc,ergo      ] GC(16) Pacer for Reset. Non-Taxable: 16384K
[3.771s][info][gc           ] GC(16) Concurrent reset 0.184ms
[3.772s][info][gc,start     ] GC(16) Pause Init Mark
[3.772s][info][gc,task      ] GC(16) Using 2 of 24 workers for init marking
[3.775s][info][gc,ergo      ] GC(16) Pacer for Mark. Expected Live: 6733K, Free: 2849K, Non-Taxable: 284K, Alloc Tax Rate: 2.9x
[3.775s][info][gc           ] GC(16) Pause Init Mark 3.150ms
[3.775s][info][gc,start     ] GC(16) Concurrent marking
[3.775s][info][gc,task      ] GC(16) Using 2 of 24 workers for concurrent marking
[3.800s][info][gc           ] GC(16) Concurrent marking 24.910ms
[3.800s][info][gc,start     ] GC(16) Pause Final Mark
[3.800s][info][gc,task      ] GC(16) Using 2 of 24 workers for final marking
[3.800s][info][gc,ergo      ] GC(16) Adaptive CSet Selection. Target Free: 2321K, Actual Free: 1792K, Max CSet: 682K, Min Garbage: 529K
[3.800s][info][gc,ergo      ] GC(16) Collectable Garbage: 4711K (62%), Immediate: 256K (3%), CSet: 4455K (59%)
[3.802s][info][gc,ergo      ] GC(16) Pacer for Evacuation. Used CSet: 5067K, Free: 2734K, Non-Taxable: 273K, Alloc Tax Rate: 4.5x
[3.802s][info][gc           ] GC(16) Pause Final Mark 1.932ms
[3.802s][info][gc,start     ] GC(16) Concurrent cleanup
[3.802s][info][gc           ] GC(16) Concurrent cleanup 12M->12M(16M) 0.094ms
[3.802s][info][gc,ergo      ] GC(16) Free: 2637K, Max: 256K regular, 256K humongous, Frag: 50% external, 39% internal; Reserve: 971K, Max: 256K
[3.802s][info][gc,start     ] GC(16) Concurrent evacuation
[3.802s][info][gc,task      ] GC(16) Using 2 of 24 workers for concurrent evacuation
[3.805s][info][gc           ] GC(16) Concurrent evacuation 3.308ms
[3.805s][info][gc,start     ] GC(16) Pause Init Update Refs
[3.806s][info][gc,ergo      ] GC(16) Pacer for Update Refs. Used: 13541K, Free: 2637K, Non-Taxable: 263K, Alloc Tax Rate: 6.3x
[3.806s][info][gc           ] GC(16) Pause Init Update Refs 0.051ms
[3.806s][info][gc,start     ] GC(16) Concurrent update references
[3.806s][info][gc,task      ] GC(16) Using 2 of 24 workers for concurrent reference update
[3.820s][info][gc           ] GC(16) Concurrent update references 14.043ms
[3.820s][info][gc,start     ] GC(16) Pause Final Update Refs
[3.820s][info][gc,task      ] GC(16) Using 2 of 24 workers for final reference update
[3.820s][info][gc           ] GC(16) Pause Final Update Refs 0.295ms
[3.820s][info][gc,start     ] GC(16) Concurrent cleanup
[3.821s][info][gc           ] GC(16) Concurrent cleanup 13M->8M(16M) 0.796ms
[3.821s][info][gc           ] GC(16) Dat log --- cycle is complete
Current gc epoch: 14
heap: ______
capacity: 16777216
used: 8939176
committed: 16777216
bytes_allocated_since_gc_start: 687360
hot_size: 16731
cold_size: 61616
num_regions: 64
hot_region_count: 18446744073709551613
cold_region_count: 39
histogram: Placeholder

[3.821s][info][gc           ] GC(16) Obj count ac histogram
[3.821s][info][gc           ] GC(16) 	0: 8171
[3.821s][info][gc           ] GC(16) 	1: 0
[3.821s][info][gc           ] GC(16) 	2: 0
[3.821s][info][gc           ] GC(16) 	3: 0
[3.821s][info][gc           ] GC(16) 	4: 0
[3.821s][info][gc           ] GC(16) 	5: 0
[3.821s][info][gc           ] GC(16) 	6: 0
[3.821s][info][gc           ] GC(16) 	7: 0
[3.821s][info][gc           ] GC(16) 	8: 0
[3.821s][info][gc           ] GC(16) 	9: 0
[3.821s][info][gc           ] GC(16) 	10: 0
[3.821s][info][gc           ] GC(16) 	11: 0
[3.821s][info][gc           ] GC(16) 	12: 0
[3.821s][info][gc           ] GC(16) 	13: 768
[3.821s][info][gc           ] GC(16) 	14: 1029
[3.821s][info][gc           ] GC(16) 	15: 0
[3.821s][info][gc           ] GC(16) 	16: 0
[3.821s][info][gc           ] GC(16) 	17: 0
[3.821s][info][gc           ] GC(16) 	18: 0
[3.821s][info][gc           ] GC(16) 	19: 0
[3.821s][info][gc           ] GC(16) Obj size ac histogram
[3.821s][info][gc           ] GC(16) 	0: 58033
[3.821s][info][gc           ] GC(16) 	1: 0
[3.821s][info][gc           ] GC(16) 	2: 0
[3.821s][info][gc           ] GC(16) 	3: 0
[3.821s][info][gc           ] GC(16) 	4: 0
[3.821s][info][gc           ] GC(16) 	5: 0
[3.821s][info][gc           ] GC(16) 	6: 0
[3.821s][info][gc           ] GC(16) 	7: 0
[3.821s][info][gc           ] GC(16) 	8: 0
[3.821s][info][gc           ] GC(16) 	9: 0
[3.821s][info][gc           ] GC(16) 	10: 0
[3.821s][info][gc           ] GC(16) 	11: 0
[3.821s][info][gc           ] GC(16) 	12: 0
[3.821s][info][gc           ] GC(16) 	13: 6561
[3.821s][info][gc           ] GC(16) 	14: 10096
[3.821s][info][gc           ] GC(16) 	15: 0
[3.821s][info][gc           ] GC(16) 	16: 0
[3.821s][info][gc           ] GC(16) 	17: 0
[3.821s][info][gc           ] GC(16) 	18: 0
[3.821s][info][gc           ] GC(16) 	19: 0
[3.821s][info][gc,ergo      ] Free: 6630K, Max: 256K regular, 1536K humongous, Frag: 65% external, 23% internal; Reserve: 1024K, Max: 256K
[3.821s][info][gc,stats     ] 
[3.821s][info][gc,stats     ] All times are wall-clock times, except per-root-class counters, that are sum over
[3.821s][info][gc,stats     ] all workers. Dividing the <total> over the root stage time estimates parallelism.
[3.821s][info][gc,stats     ] 
[3.821s][info][gc,stats     ] Concurrent Reset                    167 us
[3.821s][info][gc,stats     ] Pause Init Mark (G)                3448 us
[3.822s][info][gc,stats     ] Pause Init Mark (N)                3104 us
[3.822s][info][gc,stats     ]   Accumulate Stats                    5 us
[3.822s][info][gc,stats     ]   Make Parsable                      24 us
[3.822s][info][gc,stats     ]   Update Region States                2 us
[3.822s][info][gc,stats     ]   Scan Roots                       2931 us, parallelism: 1.27x
[3.822s][info][gc,stats     ]     S: <total>                     3720 us
[3.822s][info][gc,stats     ]     S: Thread Roots                2788 us, workers (us):   3, 2786, ---, ---, ---, ---, ---, ---, ---, ---, ---, ---, ---, ---, ---, ---, ---, ---, ---, ---, ---, ---, ---, ---, 
[3.822s][info][gc,stats     ]     S: Universe Roots                13 us, workers (us):  13, ---, ---, ---, ---, ---, ---, ---, ---, ---, ---, ---, ---, ---, ---, ---, ---, ---, ---, ---, ---, ---, ---, ---, 
[3.822s][info][gc,stats     ]     S: JNI Handles Roots              3 us, workers (us):   3, ---, ---, ---, ---, ---, ---, ---, ---, ---, ---, ---, ---, ---, ---, ---, ---, ---, ---, ---, ---, ---, ---, ---, 
[3.822s][info][gc,stats     ]     S: Synchronizer Roots             0 us, workers (us):   0, ---, ---, ---, ---, ---, ---, ---, ---, ---, ---, ---, ---, ---, ---, ---, ---, ---, ---, ---, ---, ---, ---, ---, 
[3.822s][info][gc,stats     ]     S: Management Roots               1 us, workers (us):   1, ---, ---, ---, ---, ---, ---, ---, ---, ---, ---, ---, ---, ---, ---, ---, ---, ---, ---, ---, ---, ---, ---, ---, 
[3.822s][info][gc,stats     ]     S: System Dict Roots             18 us, workers (us):  18, ---, ---, ---, ---, ---, ---, ---, ---, ---, ---, ---, ---, ---, ---, ---, ---, ---, ---, ---, ---, ---, ---, ---, 
[3.822s][info][gc,stats     ]     S: CLDG Roots                   897 us, workers (us): 897, ---, ---, ---, ---, ---, ---, ---, ---, ---, ---, ---, ---, ---, ---, ---, ---, ---, ---, ---, ---, ---, ---, ---, 
[3.822s][info][gc,stats     ]     S: JVMTI Roots                    0 us, workers (us):   0, ---, ---, ---, ---, ---, ---, ---, ---, ---, ---, ---, ---, ---, ---, ---, ---, ---, ---, ---, ---, ---, ---, ---, 
[3.822s][info][gc,stats     ]   Resize TLABs                        6 us
[3.822s][info][gc,stats     ] Concurrent Marking                24859 us
[3.822s][info][gc,stats     ] Pause Final Mark (G)               2075 us
[3.822s][info][gc,stats     ] Pause Final Mark (N)               1917 us
[3.822s][info][gc,stats     ]   Finish Queues                      50 us
[3.822s][info][gc,stats     ]   System Purge                      215 us
[3.822s][info][gc,stats     ]     Weak Roots                      215 us
[3.822s][info][gc,stats     ]   Update Region States                2 us
[3.822s][info][gc,stats     ]   Retire TLABs                        8 us
[3.822s][info][gc,stats     ]   Choose Collection Set              24 us
[3.822s][info][gc,stats     ]   Rebuild Free Set                    3 us
[3.822s][info][gc,stats     ]   Initial Evacuation               1608 us, parallelism: 0.94x
[3.822s][info][gc,stats     ]     E: <total>                     1510 us
[3.822s][info][gc,stats     ]     E: Thread Roots                1225 us, workers (us):   2, 1223, ---, ---, ---, ---, ---, ---, ---, ---, ---, ---, ---, ---, ---, ---, ---, ---, ---, ---, ---, ---, ---, ---, 
[3.822s][info][gc,stats     ]     E: Code Cache Roots               1 us, workers (us):   0,   1, ---, ---, ---, ---, ---, ---, ---, ---, ---, ---, ---, ---, ---, ---, ---, ---, ---, ---, ---, ---, ---, ---, 
[3.822s][info][gc,stats     ]     E: Universe Roots                 5 us, workers (us):   5, ---, ---, ---, ---, ---, ---, ---, ---, ---, ---, ---, ---, ---, ---, ---, ---, ---, ---, ---, ---, ---, ---, ---, 
[3.822s][info][gc,stats     ]     E: JNI Handles Roots              1 us, workers (us):   1, ---, ---, ---, ---, ---, ---, ---, ---, ---, ---, ---, ---, ---, ---, ---, ---, ---, ---, ---, ---, ---, ---, ---, 
[3.822s][info][gc,stats     ]     E: Synchronizer Roots             0 us, workers (us): ---,   0, ---, ---, ---, ---, ---, ---, ---, ---, ---, ---, ---, ---, ---, ---, ---, ---, ---, ---, ---, ---, ---, ---, 
[3.822s][info][gc,stats     ]     E: Management Roots               2 us, workers (us): ---,   2, ---, ---, ---, ---, ---, ---, ---, ---, ---, ---, ---, ---, ---, ---, ---, ---, ---, ---, ---, ---, ---, ---, 
[3.822s][info][gc,stats     ]     E: System Dict Roots             12 us, workers (us): ---,  12, ---, ---, ---, ---, ---, ---, ---, ---, ---, ---, ---, ---, ---, ---, ---, ---, ---, ---, ---, ---, ---, ---, 
[3.822s][info][gc,stats     ]     E: CLDG Roots                   262 us, workers (us): 262, ---, ---, ---, ---, ---, ---, ---, ---, ---, ---, ---, ---, ---, ---, ---, ---, ---, ---, ---, ---, ---, ---, ---, 
[3.822s][info][gc,stats     ]     E: JVMTI Roots                    0 us, workers (us):   0, ---, ---, ---, ---, ---, ---, ---, ---, ---, ---, ---, ---, ---, ---, ---, ---, ---, ---, ---, ---, ---, ---, ---, 
[3.822s][info][gc,stats     ] Concurrent Cleanup                   47 us
[3.822s][info][gc,stats     ] Concurrent Evacuation              3289 us
[3.822s][info][gc,stats     ] Pause Init  Update Refs (G)         242 us
[3.822s][info][gc,stats     ] Pause Init  Update Refs (N)          38 us
[3.822s][info][gc,stats     ]   Retire GCLABs                      31 us
[3.822s][info][gc,stats     ] Concurrent Update Refs            14014 us
[3.822s][info][gc,stats     ] Pause Final Update Refs (G)         484 us
[3.822s][info][gc,stats     ] Pause Final Update Refs (N)         281 us
[3.822s][info][gc,stats     ]   Update Roots                      268 us, parallelism: 0.94x
[3.822s][info][gc,stats     ]     UR: <total>                     253 us
[3.822s][info][gc,stats     ]     UR: Thread Roots                253 us, workers (us): 251,   2, ---, ---, ---, ---, ---, ---, ---, ---, ---, ---, ---, ---, ---, ---, ---, ---, ---, ---, ---, ---, ---, ---, 
[3.822s][info][gc,stats     ]   Update Region States                1 us
[3.822s][info][gc,stats     ]   Trash Collection Set                2 us
[3.822s][info][gc,stats     ]   Rebuild Free Set                    3 us
[3.822s][info][gc,stats     ] Concurrent Cleanup                  772 us
[3.822s][info][gc,stats     ] Pacing                            11168 us
[3.822s][info][gc,stats     ] 
[3.822s][info][gc,stats     ] Allocation pacing accrued:
[3.822s][info][gc,stats     ]      11 of   148 ms (  7.6%): Thread-0
[3.822s][info][gc,stats     ]      11 of   148 ms (  7.6%): <total>
[3.822s][info][gc,stats     ]       2 of   148 ms (  1.1%): <average total>
[3.822s][info][gc,stats     ]      11 of   148 ms (  7.6%): <average non-zero>
[3.822s][info][gc,stats     ] 
[3.822s][info][gc,metaspace ] Metaspace: 14017K->14054K(1062912K)
[3.822s][info][gc,ergo      ] Pacer for Idle. Initial: 327K, Alloc Tax Rate: 1.0x
[8.244s][info][gc           ] Failed to allocate Shared, 128K
[8.244s][info][gc           ] Cancelling GC: Allocation Failure
[8.245s][info][gc           ] Trigger: Handle Allocation Failure
[8.245s][info][gc,ergo      ] Free: 1959K, Max: 253K regular, 0B humongous, Frag: 0% external, 48% internal; Reserve: 1024K, Max: 256K
[8.245s][info][gc,start     ] GC(17) Pause Degenerated GC (Outside of Cycle)
[8.245s][info][gc,task      ] GC(17) Using 7 of 24 workers for stw degenerated gc
[8.245s][info][gc,ergo      ] GC(17) Pacer for Reset. Non-Taxable: 16384K
[8.246s][info][gc,ergo      ] GC(17) Pacer for Mark. Expected Live: 6522K, Free: 1959K, Non-Taxable: 195K, Alloc Tax Rate: 4.1x
[8.264s][info][gc,stringtable] GC(17) Cleaned string and symbol table, strings: 5463 processed, 0 removed, symbols: 48584 processed, 8 removed
[8.265s][info][gc,ergo       ] GC(17) Adaptive CSet Selection. Target Free: 2321K, Actual Free: 1024K, Max CSet: 682K, Min Garbage: 1297K
[8.265s][info][gc,ergo       ] GC(17) Collectable Garbage: 4139K (59%), Immediate: 0B (0%), CSet: 4139K (59%)
[8.265s][info][gc,ergo       ] GC(17) Pacer for Evacuation. Used CSet: 4802K, Free: 2886K, Non-Taxable: 288K, Alloc Tax Rate: 4.1x
[8.268s][info][gc,ergo       ] GC(17) Pacer for Update Refs. Used: 13407K, Free: 2886K, Non-Taxable: 288K, Alloc Tax Rate: 5.7x
[8.274s][info][gc,ergo       ] GC(17) Good progress for free space: 6755K, need 163K
[8.274s][info][gc,ergo       ] GC(17) Good progress for used space: 3807K, need 256K
[8.274s][info][gc            ] GC(17) Pause Degenerated GC (Outside of Cycle) 12M->8M(16M) 28.769ms
[8.274s][info][gc,ergo       ] Free: 6755K, Max: 256K regular, 2304K humongous, Frag: 40% external, 34% internal; Reserve: 1024K, Max: 256K
[8.274s][info][gc,stats      ] 
[8.274s][info][gc,stats      ] All times are wall-clock times, except per-root-class counters, that are sum over
[8.274s][info][gc,stats      ] all workers. Dividing the <total> over the root stage time estimates parallelism.
[8.274s][info][gc,stats      ] 
[8.274s][info][gc,stats      ]   Accumulate Stats                    7 us
[8.274s][info][gc,stats      ]   Make Parsable                      39 us
[8.274s][info][gc,stats      ]   Update Region States                1 us
[8.274s][info][gc,stats      ]   Scan Roots                        794 us, parallelism: 1.57x
[8.274s][info][gc,stats      ]     S: <total>                     1244 us
[8.274s][info][gc,stats      ]     S: Thread Roots                 445 us, workers (us):   2,  26,  29, 205,  14,  43, 126, ---, ---, ---, ---, ---, ---, ---, ---, ---, ---, ---, ---, ---, ---, ---, ---, ---, 
[8.274s][info][gc,stats      ]     S: Universe Roots                21 us, workers (us):  21, ---, ---, ---, ---, ---, ---, ---, ---, ---, ---, ---, ---, ---, ---, ---, ---, ---, ---, ---, ---, ---, ---, ---, 
[8.274s][info][gc,stats      ]     S: JNI Handles Roots             15 us, workers (us): ---, ---,  15, ---, ---, ---, ---, ---, ---, ---, ---, ---, ---, ---, ---, ---, ---, ---, ---, ---, ---, ---, ---, ---, 
[8.274s][info][gc,stats      ]     S: Synchronizer Roots             1 us, workers (us): ---,   1, ---, ---, ---, ---, ---, ---, ---, ---, ---, ---, ---, ---, ---, ---, ---, ---, ---, ---, ---, ---, ---, ---, 
[8.274s][info][gc,stats      ]     S: Management Roots               3 us, workers (us): ---, ---,   3, ---, ---, ---, ---, ---, ---, ---, ---, ---, ---, ---, ---, ---, ---, ---, ---, ---, ---, ---, ---, ---, 
[8.274s][info][gc,stats      ]     S: System Dict Roots             33 us, workers (us): ---,  33, ---, ---, ---, ---, ---, ---, ---, ---, ---, ---, ---, ---, ---, ---, ---, ---, ---, ---, ---, ---, ---, ---, 
[8.274s][info][gc,stats      ]     S: CLDG Roots                   727 us, workers (us): 678, ---,  25, ---,  24, ---, ---, ---, ---, ---, ---, ---, ---, ---, ---, ---, ---, ---, ---, ---, ---, ---, ---, ---, 
[8.274s][info][gc,stats      ]     S: JVMTI Roots                    1 us, workers (us):   1, ---, ---, ---, ---, ---, ---, ---, ---, ---, ---, ---, ---, ---, ---, ---, ---, ---, ---, ---, ---, ---, ---, ---, 
[8.274s][info][gc,stats      ]   Resize TLABs                        5 us
[8.275s][info][gc,stats      ]   Finish Queues                   13636 us
[8.275s][info][gc,stats      ]   Weak References                  1597 us
[8.275s][info][gc,stats      ]     Process                        1583 us
[8.275s][info][gc,stats      ]   System Purge                      197 us
[8.275s][info][gc,stats      ]     Unload Classes                 1071 us
[8.275s][info][gc,stats      ]     Cleanup                        1496 us, parallelism: 5.31x
[8.275s][info][gc,stats      ]       CU: <total>                  7943 us
[8.275s][info][gc,stats      ]       CU: Code Cache Roots           15 us, workers (us):   2,   2,   1,   2,   2,   2,   3, ---, ---, ---, ---, ---, ---, ---, ---, ---, ---, ---, ---, ---, ---, ---, ---, ---, 
[8.275s][info][gc,stats      ]       CU: Code Cache Cleaning         1 us, workers (us):   0,   0,   0,   0,   0,   0,   0, ---, ---, ---, ---, ---, ---, ---, ---, ---, ---, ---, ---, ---, ---, ---, ---, ---, 
[8.275s][info][gc,stats      ]       CU: String Table Roots       2803 us, workers (us): 437, 438, 396, 393, 393, 373, 373, ---, ---, ---, ---, ---, ---, ---, ---, ---, ---, ---, ---, ---, ---, ---, ---, ---, 
[8.275s][info][gc,stats      ]       CU: Resolved Table Roots       93 us, workers (us):   0,   0,   0,   0,  92,   0,   0, ---, ---, ---, ---, ---, ---, ---, ---, ---, ---, ---, ---, ---, ---, ---, ---, ---, 
[8.275s][info][gc,stats      ]       CU: CLDG Roots               5032 us, workers (us): 733, 730, 732, 733, 641, 732, 730, ---, ---, ---, ---, ---, ---, ---, ---, ---, ---, ---, ---, ---, ---, ---, ---, ---, 
[8.275s][info][gc,stats      ]     Weak Roots                      197 us
[8.275s][info][gc,stats      ]     CLDG                            765 us
[8.275s][info][gc,stats      ]   Update Region States                3 us
[8.275s][info][gc,stats      ]   Retire TLABs                        9 us
[8.275s][info][gc,stats      ]   Choose Collection Set              73 us
[8.275s][info][gc,stats      ]   Rebuild Free Set                    7 us
[8.275s][info][gc,stats      ]   Initial Evacuation                 16 us
[8.275s][info][gc,stats      ]   Retire GCLABs                      53 us
[8.275s][info][gc,stats      ]   Finish Work                      4872 us
[8.275s][info][gc,stats      ]   Update Region States                3 us
[8.275s][info][gc,stats      ]   Trash Collection Set                5 us
[8.275s][info][gc,stats      ]   Rebuild Free Set                    7 us
[8.275s][info][gc,stats      ] Pause Degenerated GC (G)          29163 us
[8.275s][info][gc,stats      ] Pause Degenerated GC (N)          28720 us
[8.275s][info][gc,stats      ]   Degen Update Roots                361 us, parallelism: 1.36x
[8.275s][info][gc,stats      ]     DU: <total>                     492 us
[8.275s][info][gc,stats      ]     DU: Thread Roots                 97 us, workers (us):   1,   1,  30,  24,   1,  29,  12, ---, ---, ---, ---, ---, ---, ---, ---, ---, ---, ---, ---, ---, ---, ---, ---, ---, 
[8.275s][info][gc,stats      ]     DU: Code Cache Roots              3 us, workers (us):   0,   0,   1,   1,   0,   1,   0, ---, ---, ---, ---, ---, ---, ---, ---, ---, ---, ---, ---, ---, ---, ---, ---, ---, 
[8.275s][info][gc,stats      ]     DU: Universe Roots                5 us, workers (us):   5, ---, ---, ---, ---, ---, ---, ---, ---, ---, ---, ---, ---, ---, ---, ---, ---, ---, ---, ---, ---, ---, ---, ---, 
[8.275s][info][gc,stats      ]     DU: JNI Handles Roots             1 us, workers (us):   1, ---, ---, ---, ---, ---, ---, ---, ---, ---, ---, ---, ---, ---, ---, ---, ---, ---, ---, ---, ---, ---, ---, ---, 
[8.275s][info][gc,stats      ]     DU: Synchronizer Roots            0 us, workers (us): ---,   0, ---, ---, ---, ---, ---, ---, ---, ---, ---, ---, ---, ---, ---, ---, ---, ---, ---, ---, ---, ---, ---, ---, 
[8.275s][info][gc,stats      ]     DU: Management Roots              1 us, workers (us):   1, ---, ---, ---, ---, ---, ---, ---, ---, ---, ---, ---, ---, ---, ---, ---, ---, ---, ---, ---, ---, ---, ---, ---, 
[8.275s][info][gc,stats      ]     DU: System Dict Roots            11 us, workers (us): ---,  11, ---, ---, ---, ---, ---, ---, ---, ---, ---, ---, ---, ---, ---, ---, ---, ---, ---, ---, ---, ---, ---, ---, 
[8.275s][info][gc,stats      ]     DU: CLDG Roots                  373 us, workers (us):  63, 164, ---, ---, 146, ---, ---, ---, ---, ---, ---, ---, ---, ---, ---, ---, ---, ---, ---, ---, ---, ---, ---, ---, 
[8.275s][info][gc,stats      ]     DU: JVMTI Roots                   0 us, workers (us):   0, ---, ---, ---, ---, ---, ---, ---, ---, ---, ---, ---, ---, ---, ---, ---, ---, ---, ---, ---, ---, ---, ---, ---, 
[8.275s][info][gc,stats      ] 
[8.275s][info][gc,stats      ] Allocation pacing accrued:
[8.275s][info][gc,stats      ]       0 of  4453 ms (  0.0%): <total>
[8.275s][info][gc,stats      ]       0 of  4453 ms (  0.0%): <average total>
[8.275s][info][gc,stats      ] 
[8.275s][info][gc,metaspace  ] Metaspace: 14239K->14126K(1062912K)
[8.275s][info][gc,ergo       ] Pacer for Idle. Initial: 327K, Alloc Tax Rate: 1.0x
[11.029s][info][gc            ] Cancelling GC: Stopping VM
[11.029s][info][gc,heap,exit  ] Heap
[11.029s][info][gc,heap,exit  ] Shenandoah Heap
[11.029s][info][gc,heap,exit  ]  16384K max, 16384K soft max, 16384K committed, 9628K used
[11.029s][info][gc,heap,exit  ]  64 x 256K regions
[11.029s][info][gc,heap,exit  ] Status: cancelled
[11.029s][info][gc,heap,exit  ] Reserved region:
[11.029s][info][gc,heap,exit  ]  - [0x00000000ff000000, 0x0000000100000000) 
[11.029s][info][gc,heap,exit  ] Collection set:
[11.029s][info][gc,heap,exit  ]  - map (vanilla): 0x0000000000013fc0
[11.029s][info][gc,heap,exit  ]  - map (biased):  0x0000000000010000
[11.029s][info][gc,heap,exit  ] 
[11.029s][info][gc,heap,exit  ]  Metaspace       used 14127K, capacity 14542K, committed 14720K, reserved 1062912K
[11.029s][info][gc,heap,exit  ]   class space    used 1688K, capacity 1860K, committed 1920K, reserved 1048576K
[11.029s][info][gc,stats      ] 
[11.029s][info][gc,stats      ] GC STATISTICS:
[11.029s][info][gc,stats      ]   "(G)" (gross) pauses include VM time: time to notify and block threads, do the pre-
[11.029s][info][gc,stats      ]         and post-safepoint housekeeping. Use -XX:+PrintSafepointStatistics to dissect.
[11.029s][info][gc,stats      ]   "(N)" (net) pauses are the times spent in the actual GC code.
[11.029s][info][gc,stats      ]   "a" is average time for each phase, look at levels to see if average makes sense.
[11.029s][info][gc,stats      ]   "lvls" are quantiles: 0% (minimum), 25%, 50% (median), 75%, 100% (maximum).
[11.029s][info][gc,stats      ] 
[11.029s][info][gc,stats      ]   All times are wall-clock times, except per-root-class counters, that are sum over
[11.029s][info][gc,stats      ]   all workers. Dividing the <total> over the root stage time estimates parallelism.
[11.029s][info][gc,stats      ] 
[11.029s][info][gc,stats      ]   Pacing delays are measured from entering the pacing code till exiting it. Therefore,
[11.029s][info][gc,stats      ]   observed pacing delays may be higher than the threshold when paced thread spent more
[11.029s][info][gc,stats      ]   time in the pacing code. It usually happens when thread is de-scheduled while paced,
[11.030s][info][gc,stats      ]   OS takes longer to unblock the thread, or JVM experiences an STW pause.
[11.030s][info][gc,stats      ] 
[11.030s][info][gc,stats      ]   Higher delay would prevent application outpacing the GC, but it will hide the GC latencies
[11.030s][info][gc,stats      ]   from the STW pause times. Pacing affects the individual threads, and so it would also be
[11.030s][info][gc,stats      ]   invisible to the usual profiling tools, but would add up to end-to-end application latency.
[11.030s][info][gc,stats      ]   Raise max pacing delay with care.
[11.030s][info][gc,stats      ] 
[11.030s][info][gc,stats      ] Concurrent Reset               =    0.004 s (a =      255 us) (n =    16) (lvls, us =      121,      145,      166,      203,     1417)
[11.030s][info][gc,stats      ] Pause Init Mark (G)            =    0.038 s (a =     2382 us) (n =    16) (lvls, us =      969,     1504,     1973,     3086,     4751)
[11.030s][info][gc,stats      ] Pause Init Mark (N)            =    0.031 s (a =     1917 us) (n =    16) (lvls, us =      604,     1035,     1504,     2578,     4260)
[11.030s][info][gc,stats      ]   Accumulate Stats             =    0.000 s (a =        5 us) (n =    17) (lvls, us =        4,        4,        5,        5,        7)
[11.030s][info][gc,stats      ]   Make Parsable                =    0.001 s (a =       32 us) (n =    17) (lvls, us =       12,       17,       32,       37,       79)
[11.030s][info][gc,stats      ]   Update Region States         =    0.000 s (a =        2 us) (n =    17) (lvls, us =        1,        2,        2,        2,        2)
[11.030s][info][gc,stats      ]   Scan Roots                   =    0.028 s (a =     1662 us) (n =    17) (lvls, us =      494,      910,     1289,     1387,     4109)
[11.030s][info][gc,stats      ]     S: <total>                 =    0.039 s (a =     2323 us) (n =    17) (lvls, us =      793,     1367,     1562,     3008,     5379)
[11.030s][info][gc,stats      ]     S: Thread Roots            =    0.023 s (a =     1348 us) (n =    17) (lvls, us =      189,      434,      691,     1973,     4017)
[11.030s][info][gc,stats      ]     S: Universe Roots          =    0.000 s (a =       21 us) (n =    17) (lvls, us =        9,       18,       19,       20,       65)
[11.030s][info][gc,stats      ]     S: JNI Handles Roots       =    0.000 s (a =        7 us) (n =    17) (lvls, us =        3,        3,        4,        7,       22)
[11.030s][info][gc,stats      ]     S: Synchronizer Roots      =    0.000 s (a =        1 us) (n =    17) (lvls, us =        0,        0,        0,        1,       10)
[11.030s][info][gc,stats      ]     S: Management Roots        =    0.000 s (a =        2 us) (n =    17) (lvls, us =        1,        2,        2,        2,        3)
[11.030s][info][gc,stats      ]     S: System Dict Roots       =    0.001 s (a =       30 us) (n =    17) (lvls, us =       11,       18,       24,       27,      104)
[11.030s][info][gc,stats      ]     S: CLDG Roots              =    0.016 s (a =      913 us) (n =    17) (lvls, us =      301,      693,      816,     1113,     1455)
[11.030s][info][gc,stats      ]     S: JVMTI Roots             =    0.000 s (a =        2 us) (n =    17) (lvls, us =        0,        0,        1,        1,       15)
[11.030s][info][gc,stats      ]   Resize TLABs                 =    0.000 s (a =        5 us) (n =    17) (lvls, us =        3,        4,        4,        6,        6)
[11.030s][info][gc,stats      ] Concurrent Marking             =    0.310 s (a =    19360 us) (n =    16) (lvls, us =     2812,    10156,    18359,    26172,    32315)
[11.030s][info][gc,stats      ] Concurrent Precleaning         =    0.004 s (a =      916 us) (n =     4) (lvls, us =      584,      584,      992,     1016,     1068)
[11.030s][info][gc,stats      ] Pause Final Mark (G)           =    0.031 s (a =     1927 us) (n =    16) (lvls, us =     1133,     1328,     1719,     2129,     3071)
[11.030s][info][gc,stats      ] Pause Final Mark (N)           =    0.026 s (a =     1656 us) (n =    16) (lvls, us =      955,     1074,     1465,     1914,     2799)
[11.030s][info][gc,stats      ]   Finish Queues                =    0.016 s (a =      927 us) (n =    17) (lvls, us =       50,      100,      109,      135,    13636)
[11.030s][info][gc,stats      ]   Weak References              =    0.003 s (a =      668 us) (n =     5) (lvls, us =      186,      186,      445,      455,     1597)
[11.030s][info][gc,stats      ]     Process                    =    0.003 s (a =      658 us) (n =     5) (lvls, us =      182,      182,      430,      447,     1583)
[11.030s][info][gc,stats      ]   System Purge                 =    0.004 s (a =      250 us) (n =    17) (lvls, us =       82,      119,      242,      287,      426)
[11.030s][info][gc,stats      ]     Unload Classes             =    0.001 s (a =     1071 us) (n =     1) (lvls, us =     1055,     1055,     1055,     1055,     1071)
[11.030s][info][gc,stats      ]     Cleanup                    =    0.001 s (a =     1496 us) (n =     1) (lvls, us =     1484,     1484,     1484,     1484,     1496)
[11.030s][info][gc,stats      ]       CU: <total>              =    0.008 s (a =     7943 us) (n =     1) (lvls, us =     7930,     7930,     7930,     7930,     7943)
[11.030s][info][gc,stats      ]       CU: Code Cache Roots     =    0.000 s (a =       15 us) (n =     1) (lvls, us =       15,       15,       15,       15,       15)
[11.030s][info][gc,stats      ]       CU: Code Cache Cleaning  =    0.000 s (a =        1 us) (n =     1) (lvls, us =        1,        1,        1,        1,        1)
[11.030s][info][gc,stats      ]       CU: String Table Roots   =    0.003 s (a =     2803 us) (n =     1) (lvls, us =     2793,     2793,     2793,     2793,     2803)
[11.030s][info][gc,stats      ]       CU: Resolved Table Roots =    0.000 s (a =       93 us) (n =     1) (lvls, us =       93,       93,       93,       93,       93)
[11.030s][info][gc,stats      ]       CU: CLDG Roots           =    0.005 s (a =     5032 us) (n =     1) (lvls, us =     5020,     5020,     5020,     5020,     5032)
[11.030s][info][gc,stats      ]     Weak Roots                 =    0.004 s (a =      249 us) (n =    17) (lvls, us =       81,      117,      242,      285,      424)
[11.030s][info][gc,stats      ]     CLDG                       =    0.001 s (a =      765 us) (n =     1) (lvls, us =      764,      764,      764,      764,      765)
[11.030s][info][gc,stats      ]   Update Region States         =    0.000 s (a =        4 us) (n =    17) (lvls, us =        2,        3,        4,        4,       16)
[11.030s][info][gc,stats      ]   Retire TLABs                 =    0.000 s (a =       15 us) (n =    17) (lvls, us =        3,        6,        8,       17,       39)
[11.030s][info][gc,stats      ]   Choose Collection Set        =    0.001 s (a =       58 us) (n =    17) (lvls, us =       24,       52,       59,       64,       84)
[11.030s][info][gc,stats      ]   Rebuild Free Set             =    0.000 s (a =        6 us) (n =    17) (lvls, us =        2,        5,        6,        6,        7)
[11.030s][info][gc,stats      ]   Initial Evacuation           =    0.017 s (a =      995 us) (n =    17) (lvls, us =       16,      529,      930,     1152,     2302)
[11.030s][info][gc,stats      ]     E: <total>                 =    0.017 s (a =     1056 us) (n =    16) (lvls, us =      418,      568,      859,     1387,     2454)
[11.030s][info][gc,stats      ]     E: Thread Roots            =    0.009 s (a =      562 us) (n =    16) (lvls, us =       63,      283,      418,      766,     1225)
[11.030s][info][gc,stats      ]     E: Code Cache Roots        =    0.000 s (a =        2 us) (n =    16) (lvls, us =        1,        1,        1,        1,        7)
[11.030s][info][gc,stats      ]     E: Universe Roots          =    0.000 s (a =        9 us) (n =    16) (lvls, us =        2,        3,        4,        7,       83)
[11.031s][info][gc,stats      ]     E: JNI Handles Roots       =    0.000 s (a =        1 us) (n =    16) (lvls, us =        1,        1,        1,        1,        2)
[11.031s][info][gc,stats      ]     E: Synchronizer Roots      =    0.000 s (a =        0 us) (n =    16) (lvls, us =        0,        0,        0,        0,        1)
[11.031s][info][gc,stats      ]     E: Management Roots        =    0.000 s (a =        1 us) (n =    16) (lvls, us =        1,        1,        1,        2,        2)
[11.031s][info][gc,stats      ]     E: System Dict Roots       =    0.001 s (a =       35 us) (n =    16) (lvls, us =        4,       11,       14,       27,      158)
[11.031s][info][gc,stats      ]     E: CLDG Roots              =    0.007 s (a =      445 us) (n =    16) (lvls, us =      131,      203,      279,      439,     1444)
[11.031s][info][gc,stats      ]     E: JVMTI Roots             =    0.000 s (a =        1 us) (n =    16) (lvls, us =        0,        0,        1,        1,        1)
[11.031s][info][gc,stats      ] Concurrent Cleanup             =    0.000 s (a =       11 us) (n =    16) (lvls, us =        6,        6,        6,        6,       47)
[11.031s][info][gc,stats      ] Concurrent Evacuation          =    0.063 s (a =     3959 us) (n =    16) (lvls, us =     1875,     2969,     3633,     4512,     8853)
[11.031s][info][gc,stats      ] Pause Init  Update Refs (G)    =    0.006 s (a =      402 us) (n =    16) (lvls, us =      240,      369,      408,      432,      618)
[11.031s][info][gc,stats      ] Pause Init  Update Refs (N)    =    0.001 s (a =       65 us) (n =    16) (lvls, us =       38,       57,       59,       78,       90)
[11.031s][info][gc,stats      ]   Retire GCLABs                =    0.001 s (a =       44 us) (n =    17) (lvls, us =       19,       33,       41,       53,       65)
[11.031s][info][gc,stats      ] Concurrent Update Refs         =    0.208 s (a =    12991 us) (n =    16) (lvls, us =     3301,     6426,    13867,    17773,    20860)
[11.031s][info][gc,stats      ] Pause Final Update Refs (G)    =    0.013 s (a =      855 us) (n =    15) (lvls, us =      482,      574,      701,      996,     1921)
[11.031s][info][gc,stats      ] Pause Final Update Refs (N)    =    0.008 s (a =      510 us) (n =    15) (lvls, us =      174,      281,      367,      604,     1541)
[11.031s][info][gc,stats      ]   Finish Work                  =    0.007 s (a =     3323 us) (n =     2) (lvls, us =     1758,     1758,     1758,     1758,     4872)
[11.031s][info][gc,stats      ]   Update Roots                 =    0.007 s (a =      479 us) (n =    15) (lvls, us =      139,      268,      336,      566,     1505)
[11.031s][info][gc,stats      ]     UR: <total>                =    0.007 s (a =      468 us) (n =    15) (lvls, us =      152,      209,      309,      561,     1492)
[11.031s][info][gc,stats      ]     UR: Thread Roots           =    0.007 s (a =      468 us) (n =    15) (lvls, us =      152,      209,      309,      561,     1492)
[11.031s][info][gc,stats      ]   Update Region States         =    0.000 s (a =        3 us) (n =    17) (lvls, us =        1,        2,        3,        3,        4)
[11.031s][info][gc,stats      ]   Trash Collection Set         =    0.000 s (a =        4 us) (n =    17) (lvls, us =        2,        4,        4,        5,        6)
[11.031s][info][gc,stats      ]   Rebuild Free Set             =    0.000 s (a =        6 us) (n =    17) (lvls, us =        3,        5,        6,        7,        8)
[11.031s][info][gc,stats      ] Concurrent Cleanup             =    0.013 s (a =      865 us) (n =    15) (lvls, us =      373,      477,      609,      842,     1804)
[11.031s][info][gc,stats      ] Pause Degenerated GC (G)       =    0.032 s (a =    16241 us) (n =     2) (lvls, us =     3301,     3301,     3301,     3301,    29163)
[11.031s][info][gc,stats      ] Pause Degenerated GC (N)       =    0.032 s (a =    15814 us) (n =     2) (lvls, us =     2891,     2891,     2891,     2891,    28720)
[11.031s][info][gc,stats      ]   Degen Update Roots           =    0.001 s (a =      426 us) (n =     2) (lvls, us =      359,      359,      359,      359,      491)
[11.031s][info][gc,stats      ]     DU: <total>                =    0.001 s (a =      727 us) (n =     2) (lvls, us =      490,      490,      490,      490,      963)
[11.031s][info][gc,stats      ]     DU: Thread Roots           =    0.001 s (a =      263 us) (n =     2) (lvls, us =       97,       97,       97,       97,      429)
[11.031s][info][gc,stats      ]     DU: Code Cache Roots       =    0.000 s (a =        5 us) (n =     2) (lvls, us =        3,        3,        3,        3,        6)
[11.031s][info][gc,stats      ]     DU: Universe Roots         =    0.000 s (a =        7 us) (n =     2) (lvls, us =        5,        5,        5,        5,        9)
[11.031s][info][gc,stats      ]     DU: JNI Handles Roots      =    0.000 s (a =        1 us) (n =     2) (lvls, us =        1,        1,        1,        1,        1)
[11.031s][info][gc,stats      ]     DU: Synchronizer Roots     =    0.000 s (a =        0 us) (n =     2) (lvls, us =        0,        0,        0,        0,        0)
[11.031s][info][gc,stats      ]     DU: Management Roots       =    0.000 s (a =        1 us) (n =     2) (lvls, us =        1,        1,        1,        1,        1)
[11.031s][info][gc,stats      ]     DU: System Dict Roots      =    0.000 s (a =        9 us) (n =     2) (lvls, us =        8,        8,        8,        8,       11)
[11.031s][info][gc,stats      ]     DU: CLDG Roots             =    0.001 s (a =      441 us) (n =     2) (lvls, us =      371,      371,      371,      371,      509)
[11.031s][info][gc,stats      ]     DU: JVMTI Roots            =    0.000 s (a =        0 us) (n =     2) (lvls, us =        0,        0,        0,        0,        0)
[11.031s][info][gc,stats      ] Pacing                         =    0.219 s (a =    12159 us) (n =    18) (lvls, us =        0,        0,    13281,    19727,    25675)
[11.031s][info][gc,stats      ] 
[11.031s][info][gc,stats      ] 
[11.031s][info][gc,stats      ] Under allocation pressure, concurrent cycles may cancel, and either continue cycle
[11.031s][info][gc,stats      ] under stop-the-world pause or result in stop-the-world Full GC. Increase heap size,
[11.031s][info][gc,stats      ] tune GC heuristics, set more aggressive pacing delay, or lower allocation rate
[11.031s][info][gc,stats      ] to avoid Degenerated and Full GC cycles.
[11.031s][info][gc,stats      ] 
[11.031s][info][gc,stats      ]    15 successful concurrent GCs
[11.031s][info][gc,stats      ]       0 invoked explicitly
[11.031s][info][gc,stats      ]       0 invoked implicitly
[11.031s][info][gc,stats      ] 
[11.031s][info][gc,stats      ]     2 Degenerated GCs
[11.031s][info][gc,stats      ]       2 caused by allocation failure
[11.031s][info][gc,stats      ]         1 happened at Outside of Cycle
[11.031s][info][gc,stats      ]         1 happened at Update Refs
[11.031s][info][gc,stats      ]       0 upgraded to Full GC
[11.031s][info][gc,stats      ] 
[11.031s][info][gc,stats      ]     0 Full GCs
[11.031s][info][gc,stats      ]       0 invoked explicitly
[11.031s][info][gc,stats      ]       0 invoked implicitly
[11.031s][info][gc,stats      ]       0 caused by allocation failure
[11.031s][info][gc,stats      ]       0 upgraded from Degenerated GC
[11.031s][info][gc,stats      ] 
[11.031s][info][gc,stats      ] 
